Starting makeall uavp 
C:\Users\gke\Desktop\Google UAVX\stats.c:80:Warning [2054] suspicious pointer conversion
C:\Users\gke\Desktop\Google UAVX\stats.c:84:Warning [2054] suspicious pointer conversion
C:\Users\gke\Desktop\Google UAVX\stats.c:87:Warning [2054] suspicious pointer conversion
C:\Users\gke\Desktop\Google UAVX\stats.c:88:Warning [2054] suspicious pointer conversion
C:\Users\gke\Desktop\Google UAVX\stats.c:89:Warning [2054] suspicious pointer conversion
C:\Users\gke\Desktop\Google UAVX\stats.c:90:Warning [2054] suspicious pointer conversion
C:\Users\gke\Desktop\Google UAVX\stats.c:91:Warning [2054] suspicious pointer conversion
C:\Users\gke\Desktop\Google UAVX\stats.c:92:Warning [2054] suspicious pointer conversion
C:\Users\gke\Desktop\Google UAVX\stats.c:93:Warning [2054] suspicious pointer conversion
C:\Users\gke\Desktop\Google UAVX\stats.c:96:Warning [2054] suspicious pointer conversion
C:\Users\gke\Desktop\Google UAVX\stats.c:98:Warning [2054] suspicious pointer conversion
C:\Users\gke\Desktop\Google UAVX\stats.c:99:Warning [2054] suspicious pointer conversion
C:\Users\gke\Desktop\Google UAVX\stats.c:101:Warning [2054] suspicious pointer conversion
C:\Users\gke\Desktop\Google UAVX\stats.c:102:Warning [2054] suspicious pointer conversion
C:\Users\gke\Desktop\Google UAVX\stats.c:102:Warning [2054] suspicious pointer conversion
C:\Users\gke\Desktop\Google UAVX\stats.c:105:Warning [2054] suspicious pointer conversion
C:\Users\gke\Desktop\Google UAVX\stats.c:106:Warning [2054] suspicious pointer conversion
C:\Users\gke\Desktop\Google UAVX\stats.c:111:Warning [2054] suspicious pointer conversion
C:\Users\gke\Desktop\Google UAVX\stats.c:112:Warning [2054] suspicious pointer conversion
C:\Users\gke\Desktop\Google UAVX\stats.c:115:Warning [2054] suspicious pointer conversion
C:\Users\gke\Desktop\Google UAVX\stats.c:116:Warning [2054] suspicious pointer conversion
C:\Users\gke\Desktop\Google UAVX\stats.c:116:Warning [2054] suspicious pointer conversion
C:\Users\gke\Desktop\Google UAVX\stats.c:123:Warning [2054] suspicious pointer conversion
C:\Users\gke\Desktop\Google UAVX\stats.c:129:Warning [2054] suspicious pointer conversion
C:\Users\gke\Desktop\Google UAVX\stats.c:134:Warning [2054] suspicious pointer conversion
C:\Users\gke\Desktop\Google UAVX\stats.c:136:Warning [2054] suspicious pointer conversion
C:\Users\gke\Desktop\Google UAVX\params.c:206:Warning [2054] suspicious pointer conversion
C:\Users\gke\Desktop\Google UAVX\params.c:207:Warning [2054] suspicious pointer conversion
C:\Users\gke\Desktop\Google UAVX\accel.c:61:Warning [2054] suspicious pointer conversion
C:\Users\gke\Desktop\Google UAVX\accel.c:64:Warning [2054] suspicious pointer conversion
C:\Users\gke\Desktop\Google UAVX\accel.c:67:Warning [2054] suspicious pointer conversion
C:\Users\gke\Desktop\Google UAVX\accel.c:70:Warning [2054] suspicious pointer conversion
C:\Users\gke\Desktop\Google UAVX\accel.c:244:Warning [2054] suspicious pointer conversion
C:\Users\gke\Desktop\Google UAVX\irq.c:264:Message [3004] comparison of a signed integer to an unsigned integer detected
C:\Users\gke\Desktop\Google UAVX\menu.c:76:Warning [2054] suspicious pointer conversion
C:\Users\gke\Desktop\Google UAVX\menu.c:83:Warning [2054] suspicious pointer conversion
C:\Users\gke\Desktop\Google UAVX\menu.c:85:Warning [2054] suspicious pointer conversion
C:\Users\gke\Desktop\Google UAVX\menu.c:87:Warning [2054] suspicious pointer conversion
C:\Users\gke\Desktop\Google UAVX\menu.c:105:Warning [2054] suspicious pointer conversion
C:\Users\gke\Desktop\Google UAVX\menu.c:110:Warning [2054] suspicious pointer conversion
C:\Users\gke\Desktop\Google UAVX\menu.c:112:Warning [2054] suspicious pointer conversion
C:\Users\gke\Desktop\Google UAVX\menu.c:113:Warning [2054] suspicious pointer conversion
C:\Users\gke\Desktop\Google UAVX\menu.c:114:Warning [2054] suspicious pointer conversion
C:\Users\gke\Desktop\Google UAVX\menu.c:115:Warning [2054] suspicious pointer conversion
C:\Users\gke\Desktop\Google UAVX\menu.c:116:Warning [2054] suspicious pointer conversion
C:\Users\gke\Desktop\Google UAVX\menu.c:117:Warning [2054] suspicious pointer conversion
C:\Users\gke\Desktop\Google UAVX\menu.c:118:Warning [2054] suspicious pointer conversion
C:\Users\gke\Desktop\Google UAVX\menu.c:119:Warning [2054] suspicious pointer conversion
C:\Users\gke\Desktop\Google UAVX\menu.c:125:Warning [2054] suspicious pointer conversion
C:\Users\gke\Desktop\Google UAVX\menu.c:127:Warning [2054] suspicious pointer conversion
C:\Users\gke\Desktop\Google UAVX\menu.c:130:Warning [2054] suspicious pointer conversion
C:\Users\gke\Desktop\Google UAVX\menu.c:134:Warning [2054] suspicious pointer conversion
C:\Users\gke\Desktop\Google UAVX\menu.c:136:Warning [2054] suspicious pointer conversion
C:\Users\gke\Desktop\Google UAVX\menu.c:139:Warning [2054] suspicious pointer conversion
C:\Users\gke\Desktop\Google UAVX\menu.c:142:Warning [2054] suspicious pointer conversion
C:\Users\gke\Desktop\Google UAVX\menu.c:144:Warning [2054] suspicious pointer conversion
C:\Users\gke\Desktop\Google UAVX\menu.c:146:Warning [2054] suspicious pointer conversion
C:\Users\gke\Desktop\Google UAVX\menu.c:150:Warning [2054] suspicious pointer conversion
C:\Users\gke\Desktop\Google UAVX\menu.c:152:Warning [2054] suspicious pointer conversion
C:\Users\gke\Desktop\Google UAVX\menu.c:153:Warning [2054] suspicious pointer conversion
C:\Users\gke\Desktop\Google UAVX\menu.c:154:Warning [2054] suspicious pointer conversion
C:\Users\gke\Desktop\Google UAVX\menu.c:155:Warning [2054] suspicious pointer conversion
C:\Users\gke\Desktop\Google UAVX\menu.c:156:Warning [2054] suspicious pointer conversion
C:\Users\gke\Desktop\Google UAVX\menu.c:163:Warning [2054] suspicious pointer conversion
C:\Users\gke\Desktop\Google UAVX\menu.c:165:Warning [2054] suspicious pointer conversion
C:\Users\gke\Desktop\Google UAVX\menu.c:166:Warning [2054] suspicious pointer conversion
C:\Users\gke\Desktop\Google UAVX\menu.c:170:Warning [2054] suspicious pointer conversion
C:\Users\gke\Desktop\Google UAVX\menu.c:173:Warning [2054] suspicious pointer conversion
C:\Users\gke\Desktop\Google UAVX\menu.c:175:Warning [2054] suspicious pointer conversion
C:\Users\gke\Desktop\Google UAVX\menu.c:178:Warning [2054] suspicious pointer conversion
C:\Users\gke\Desktop\Google UAVX\menu.c:182:Warning [2054] suspicious pointer conversion
C:\Users\gke\Desktop\Google UAVX\menu.c:184:Warning [2054] suspicious pointer conversion
C:\Users\gke\Desktop\Google UAVX\menu.c:186:Warning [2054] suspicious pointer conversion
C:\Users\gke\Desktop\Google UAVX\menu.c:189:Warning [2054] suspicious pointer conversion
C:\Users\gke\Desktop\Google UAVX\menu.c:191:Warning [2054] suspicious pointer conversion
C:\Users\gke\Desktop\Google UAVX\menu.c:194:Warning [2054] suspicious pointer conversion
C:\Users\gke\Desktop\Google UAVX\menu.c:196:Warning [2054] suspicious pointer conversion
C:\Users\gke\Desktop\Google UAVX\menu.c:198:Warning [2054] suspicious pointer conversion
C:\Users\gke\Desktop\Google UAVX\menu.c:201:Warning [2054] suspicious pointer conversion
C:\Users\gke\Desktop\Google UAVX\menu.c:206:Warning [2054] suspicious pointer conversion
C:\Users\gke\Desktop\Google UAVX\menu.c:213:Warning [2054] suspicious pointer conversion
C:\Users\gke\Desktop\Google UAVX\menu.c:216:Warning [2054] suspicious pointer conversion
C:\Users\gke\Desktop\Google UAVX\menu.c:218:Warning [2054] suspicious pointer conversion
C:\Users\gke\Desktop\Google UAVX\menu.c:221:Warning [2054] suspicious pointer conversion
C:\Users\gke\Desktop\Google UAVX\menu.c:224:Warning [2054] suspicious pointer conversion
C:\Users\gke\Desktop\Google UAVX\menu.c:227:Warning [2054] suspicious pointer conversion
C:\Users\gke\Desktop\Google UAVX\menu.c:230:Warning [2054] suspicious pointer conversion
C:\Users\gke\Desktop\Google UAVX\menu.c:233:Warning [2054] suspicious pointer conversion
C:\Users\gke\Desktop\Google UAVX\menu.c:235:Warning [2054] suspicious pointer conversion
C:\Users\gke\Desktop\Google UAVX\menu.c:238:Warning [2054] suspicious pointer conversion
C:\Users\gke\Desktop\Google UAVX\menu.c:241:Warning [2054] suspicious pointer conversion
C:\Users\gke\Desktop\Google UAVX\menu.c:258:Warning [2058] call of function without prototype
C:\Users\gke\Desktop\Google UAVX\menu.c:259:Warning [2058] call of function without prototype
C:\Users\gke\Desktop\Google UAVX\menu.c:273:Warning [2054] suspicious pointer conversion
C:\Users\gke\Desktop\Google UAVX\menu.c:278:Warning [2054] suspicious pointer conversion
C:\Users\gke\Desktop\Google UAVX\menu.c:280:Warning [2054] suspicious pointer conversion
C:\Users\gke\Desktop\Google UAVX\menu.c:288:Warning [2054] suspicious pointer conversion
C:\Users\gke\Desktop\Google UAVX\menu.c:297:Warning [2054] suspicious pointer conversion
C:\Users\gke\Desktop\Google UAVX\menu.c:320:Warning [2054] suspicious pointer conversion
C:\Users\gke\Desktop\Google UAVX\menu.c:323:Warning [2054] suspicious pointer conversion
C:\Users\gke\Desktop\Google UAVX\menu.c:326:Warning [2054] suspicious pointer conversion
C:\Users\gke\Desktop\Google UAVX\menu.c:344:Warning [2054] suspicious pointer conversion
C:\Users\gke\Desktop\Google UAVX\menu.c:345:Warning [2054] suspicious pointer conversion
C:\Users\gke\Desktop\Google UAVX\menu.c:346:Warning [2054] suspicious pointer conversion
C:\Users\gke\Desktop\Google UAVX\menu.c:347:Warning [2054] suspicious pointer conversion
C:\Users\gke\Desktop\Google UAVX\menu.c:348:Warning [2054] suspicious pointer conversion
C:\Users\gke\Desktop\Google UAVX\menu.c:349:Warning [2054] suspicious pointer conversion
C:\Users\gke\Desktop\Google UAVX\menu.c:350:Warning [2054] suspicious pointer conversion
C:\Users\gke\Desktop\Google UAVX\menu.c:351:Warning [2054] suspicious pointer conversion
C:\Users\gke\Desktop\Google UAVX\menu.c:352:Warning [2054] suspicious pointer conversion
C:\Users\gke\Desktop\Google UAVX\compass.c:196:Warning [2054] suspicious pointer conversion
C:\Users\gke\Desktop\Google UAVX\baro.c:534:Warning [2054] suspicious pointer conversion
C:\Users\gke\Desktop\Google UAVX\baro.c:535:Warning [2054] suspicious pointer conversion
C:\Users\gke\Desktop\Google UAVX\baro.c:536:Warning [2054] suspicious pointer conversion
C:\Users\gke\Desktop\Google UAVX\baro.c:537:Warning [2054] suspicious pointer conversion
C:\Users\gke\Desktop\Google UAVX\gyro.c:145:Warning [2054] suspicious pointer conversion
C:\Users\gke\Desktop\Google UAVX\gyro.c:148:Warning [2054] suspicious pointer conversion
C:\Users\gke\Desktop\Google UAVX\gyro.c:151:Warning [2054] suspicious pointer conversion
C:\Users\gke\Desktop\Google UAVX\gyro.c:154:Warning [2054] suspicious pointer conversion
C:\Users\gke\Desktop\Google UAVX\gyro.c:157:Warning [2054] suspicious pointer conversion
C:\Users\gke\Desktop\Google UAVX\gyro.c:160:Warning [2054] suspicious pointer conversion
C:\Users\gke\Desktop\Google UAVX\gyro.c:163:Warning [2054] suspicious pointer conversion
C:\Users\gke\Desktop\Google UAVX\gyro.c:166:Warning [2054] suspicious pointer conversion
C:\Users\gke\Desktop\Google UAVX\gyro.c:169:Warning [2054] suspicious pointer conversion
C:\Users\gke\Desktop\Google UAVX\tests.c:187:Warning [2054] suspicious pointer conversion
C:\Users\gke\Desktop\Google UAVX\tests.c:191:Warning [2054] suspicious pointer conversion
C:\Users\gke\Desktop\Google UAVX\tests.c:193:Warning [2054] suspicious pointer conversion
