Starting makeall uavp 
C:\Flight\Code\UAVX-GKE\stats.c:79:Warning [2054] suspicious pointer conversion
C:\Flight\Code\UAVX-GKE\stats.c:83:Warning [2054] suspicious pointer conversion
C:\Flight\Code\UAVX-GKE\stats.c:86:Warning [2054] suspicious pointer conversion
C:\Flight\Code\UAVX-GKE\stats.c:87:Warning [2054] suspicious pointer conversion
C:\Flight\Code\UAVX-GKE\stats.c:88:Warning [2054] suspicious pointer conversion
C:\Flight\Code\UAVX-GKE\stats.c:89:Warning [2054] suspicious pointer conversion
C:\Flight\Code\UAVX-GKE\stats.c:90:Warning [2054] suspicious pointer conversion
C:\Flight\Code\UAVX-GKE\stats.c:91:Warning [2054] suspicious pointer conversion
C:\Flight\Code\UAVX-GKE\stats.c:92:Warning [2054] suspicious pointer conversion
C:\Flight\Code\UAVX-GKE\stats.c:95:Warning [2054] suspicious pointer conversion
C:\Flight\Code\UAVX-GKE\stats.c:97:Warning [2054] suspicious pointer conversion
C:\Flight\Code\UAVX-GKE\stats.c:98:Warning [2054] suspicious pointer conversion
C:\Flight\Code\UAVX-GKE\stats.c:100:Warning [2054] suspicious pointer conversion
C:\Flight\Code\UAVX-GKE\stats.c:101:Warning [2054] suspicious pointer conversion
C:\Flight\Code\UAVX-GKE\stats.c:101:Warning [2054] suspicious pointer conversion
C:\Flight\Code\UAVX-GKE\stats.c:104:Warning [2054] suspicious pointer conversion
C:\Flight\Code\UAVX-GKE\stats.c:105:Warning [2054] suspicious pointer conversion
C:\Flight\Code\UAVX-GKE\stats.c:110:Warning [2054] suspicious pointer conversion
C:\Flight\Code\UAVX-GKE\stats.c:111:Warning [2054] suspicious pointer conversion
C:\Flight\Code\UAVX-GKE\stats.c:114:Warning [2054] suspicious pointer conversion
C:\Flight\Code\UAVX-GKE\stats.c:115:Warning [2054] suspicious pointer conversion
C:\Flight\Code\UAVX-GKE\stats.c:115:Warning [2054] suspicious pointer conversion
C:\Flight\Code\UAVX-GKE\stats.c:117:Warning [2054] suspicious pointer conversion
C:\Flight\Code\UAVX-GKE\stats.c:117:Warning [2054] suspicious pointer conversion
C:\Flight\Code\UAVX-GKE\stats.c:122:Warning [2054] suspicious pointer conversion
C:\Flight\Code\UAVX-GKE\stats.c:128:Warning [2054] suspicious pointer conversion
C:\Flight\Code\UAVX-GKE\stats.c:133:Warning [2054] suspicious pointer conversion
C:\Flight\Code\UAVX-GKE\stats.c:135:Warning [2054] suspicious pointer conversion
C:\Flight\Code\UAVX-GKE\params.c:179:Warning [2054] suspicious pointer conversion
C:\Flight\Code\UAVX-GKE\params.c:180:Warning [2054] suspicious pointer conversion
C:\Flight\Code\UAVX-GKE\accel.c:55:Warning [2054] suspicious pointer conversion
C:\Flight\Code\UAVX-GKE\accel.c:58:Warning [2054] suspicious pointer conversion
C:\Flight\Code\UAVX-GKE\accel.c:61:Warning [2054] suspicious pointer conversion
C:\Flight\Code\UAVX-GKE\accel.c:205:Warning [2054] suspicious pointer conversion
C:\Flight\Code\UAVX-GKE\accel.c:431:Message [3004] comparison of a signed integer to an unsigned integer detected
C:\Flight\Code\UAVX-GKE\irq.c:259:Message [3004] comparison of a signed integer to an unsigned integer detected
C:\Flight\Code\UAVX-GKE\menu.c:78:Warning [2054] suspicious pointer conversion
C:\Flight\Code\UAVX-GKE\menu.c:85:Warning [2054] suspicious pointer conversion
C:\Flight\Code\UAVX-GKE\menu.c:87:Warning [2054] suspicious pointer conversion
C:\Flight\Code\UAVX-GKE\menu.c:89:Warning [2054] suspicious pointer conversion
C:\Flight\Code\UAVX-GKE\menu.c:107:Warning [2054] suspicious pointer conversion
C:\Flight\Code\UAVX-GKE\menu.c:112:Warning [2054] suspicious pointer conversion
C:\Flight\Code\UAVX-GKE\menu.c:114:Warning [2054] suspicious pointer conversion
C:\Flight\Code\UAVX-GKE\menu.c:115:Warning [2054] suspicious pointer conversion
C:\Flight\Code\UAVX-GKE\menu.c:116:Warning [2054] suspicious pointer conversion
C:\Flight\Code\UAVX-GKE\menu.c:117:Warning [2054] suspicious pointer conversion
C:\Flight\Code\UAVX-GKE\menu.c:118:Warning [2054] suspicious pointer conversion
C:\Flight\Code\UAVX-GKE\menu.c:119:Warning [2054] suspicious pointer conversion
C:\Flight\Code\UAVX-GKE\menu.c:120:Warning [2054] suspicious pointer conversion
C:\Flight\Code\UAVX-GKE\menu.c:121:Warning [2054] suspicious pointer conversion
C:\Flight\Code\UAVX-GKE\menu.c:127:Warning [2054] suspicious pointer conversion
C:\Flight\Code\UAVX-GKE\menu.c:129:Warning [2054] suspicious pointer conversion
C:\Flight\Code\UAVX-GKE\menu.c:132:Warning [2054] suspicious pointer conversion
C:\Flight\Code\UAVX-GKE\menu.c:136:Warning [2054] suspicious pointer conversion
C:\Flight\Code\UAVX-GKE\menu.c:138:Warning [2054] suspicious pointer conversion
C:\Flight\Code\UAVX-GKE\menu.c:141:Warning [2054] suspicious pointer conversion
C:\Flight\Code\UAVX-GKE\menu.c:144:Warning [2054] suspicious pointer conversion
C:\Flight\Code\UAVX-GKE\menu.c:146:Warning [2054] suspicious pointer conversion
C:\Flight\Code\UAVX-GKE\menu.c:148:Warning [2054] suspicious pointer conversion
C:\Flight\Code\UAVX-GKE\menu.c:152:Warning [2054] suspicious pointer conversion
C:\Flight\Code\UAVX-GKE\menu.c:154:Warning [2054] suspicious pointer conversion
C:\Flight\Code\UAVX-GKE\menu.c:155:Warning [2054] suspicious pointer conversion
C:\Flight\Code\UAVX-GKE\menu.c:156:Warning [2054] suspicious pointer conversion
C:\Flight\Code\UAVX-GKE\menu.c:157:Warning [2054] suspicious pointer conversion
C:\Flight\Code\UAVX-GKE\menu.c:164:Warning [2054] suspicious pointer conversion
C:\Flight\Code\UAVX-GKE\menu.c:166:Warning [2054] suspicious pointer conversion
C:\Flight\Code\UAVX-GKE\menu.c:167:Warning [2054] suspicious pointer conversion
C:\Flight\Code\UAVX-GKE\menu.c:177:Warning [2054] suspicious pointer conversion
C:\Flight\Code\UAVX-GKE\menu.c:180:Warning [2054] suspicious pointer conversion
C:\Flight\Code\UAVX-GKE\menu.c:181:Warning [2054] suspicious pointer conversion
C:\Flight\Code\UAVX-GKE\menu.c:182:Warning [2054] suspicious pointer conversion
C:\Flight\Code\UAVX-GKE\menu.c:183:Warning [2054] suspicious pointer conversion
C:\Flight\Code\UAVX-GKE\menu.c:184:Warning [2054] suspicious pointer conversion
C:\Flight\Code\UAVX-GKE\menu.c:185:Warning [2054] suspicious pointer conversion
C:\Flight\Code\UAVX-GKE\menu.c:186:Warning [2054] suspicious pointer conversion
C:\Flight\Code\UAVX-GKE\menu.c:187:Warning [2054] suspicious pointer conversion
C:\Flight\Code\UAVX-GKE\menu.c:188:Warning [2054] suspicious pointer conversion
C:\Flight\Code\UAVX-GKE\menu.c:189:Warning [2054] suspicious pointer conversion
C:\Flight\Code\UAVX-GKE\menu.c:190:Warning [2054] suspicious pointer conversion
C:\Flight\Code\UAVX-GKE\menu.c:191:Warning [2054] suspicious pointer conversion
C:\Flight\Code\UAVX-GKE\menu.c:192:Warning [2054] suspicious pointer conversion
C:\Flight\Code\UAVX-GKE\menu.c:193:Warning [2054] suspicious pointer conversion
C:\Flight\Code\UAVX-GKE\menu.c:194:Warning [2054] suspicious pointer conversion
C:\Flight\Code\UAVX-GKE\menu.c:195:Warning [2054] suspicious pointer conversion
C:\Flight\Code\UAVX-GKE\menu.c:196:Warning [2054] suspicious pointer conversion
C:\Flight\Code\UAVX-GKE\menu.c:210:Warning [2054] suspicious pointer conversion
C:\Flight\Code\UAVX-GKE\menu.c:220:Warning [2054] suspicious pointer conversion
C:\Flight\Code\UAVX-GKE\menu.c:222:Warning [2054] suspicious pointer conversion
C:\Flight\Code\UAVX-GKE\menu.c:224:Warning [2054] suspicious pointer conversion
C:\Flight\Code\UAVX-GKE\menu.c:227:Warning [2054] suspicious pointer conversion
C:\Flight\Code\UAVX-GKE\menu.c:231:Warning [2054] suspicious pointer conversion
C:\Flight\Code\UAVX-GKE\menu.c:233:Warning [2054] suspicious pointer conversion
C:\Flight\Code\UAVX-GKE\menu.c:235:Warning [2054] suspicious pointer conversion
C:\Flight\Code\UAVX-GKE\menu.c:238:Warning [2054] suspicious pointer conversion
C:\Flight\Code\UAVX-GKE\menu.c:240:Warning [2054] suspicious pointer conversion
C:\Flight\Code\UAVX-GKE\menu.c:243:Warning [2054] suspicious pointer conversion
C:\Flight\Code\UAVX-GKE\menu.c:245:Warning [2054] suspicious pointer conversion
C:\Flight\Code\UAVX-GKE\menu.c:247:Warning [2054] suspicious pointer conversion
C:\Flight\Code\UAVX-GKE\menu.c:249:Warning [2054] suspicious pointer conversion
C:\Flight\Code\UAVX-GKE\menu.c:255:Warning [2054] suspicious pointer conversion
C:\Flight\Code\UAVX-GKE\menu.c:258:Warning [2054] suspicious pointer conversion
C:\Flight\Code\UAVX-GKE\menu.c:260:Warning [2054] suspicious pointer conversion
C:\Flight\Code\UAVX-GKE\menu.c:263:Warning [2054] suspicious pointer conversion
C:\Flight\Code\UAVX-GKE\menu.c:266:Warning [2054] suspicious pointer conversion
C:\Flight\Code\UAVX-GKE\menu.c:269:Warning [2054] suspicious pointer conversion
C:\Flight\Code\UAVX-GKE\menu.c:272:Warning [2054] suspicious pointer conversion
C:\Flight\Code\UAVX-GKE\menu.c:275:Warning [2054] suspicious pointer conversion
C:\Flight\Code\UAVX-GKE\menu.c:277:Warning [2054] suspicious pointer conversion
C:\Flight\Code\UAVX-GKE\menu.c:280:Warning [2054] suspicious pointer conversion
C:\Flight\Code\UAVX-GKE\menu.c:283:Warning [2054] suspicious pointer conversion
C:\Flight\Code\UAVX-GKE\menu.c:300:Warning [2058] call of function without prototype
C:\Flight\Code\UAVX-GKE\menu.c:301:Warning [2058] call of function without prototype
C:\Flight\Code\UAVX-GKE\menu.c:319:Warning [2054] suspicious pointer conversion
C:\Flight\Code\UAVX-GKE\menu.c:324:Warning [2054] suspicious pointer conversion
C:\Flight\Code\UAVX-GKE\menu.c:326:Warning [2054] suspicious pointer conversion
C:\Flight\Code\UAVX-GKE\menu.c:334:Warning [2054] suspicious pointer conversion
C:\Flight\Code\UAVX-GKE\menu.c:343:Warning [2054] suspicious pointer conversion
C:\Flight\Code\UAVX-GKE\menu.c:366:Warning [2054] suspicious pointer conversion
C:\Flight\Code\UAVX-GKE\menu.c:369:Warning [2054] suspicious pointer conversion
C:\Flight\Code\UAVX-GKE\menu.c:372:Warning [2054] suspicious pointer conversion
C:\Flight\Code\UAVX-GKE\menu.c:390:Warning [2054] suspicious pointer conversion
C:\Flight\Code\UAVX-GKE\menu.c:391:Warning [2054] suspicious pointer conversion
C:\Flight\Code\UAVX-GKE\menu.c:392:Warning [2054] suspicious pointer conversion
C:\Flight\Code\UAVX-GKE\menu.c:393:Warning [2054] suspicious pointer conversion
C:\Flight\Code\UAVX-GKE\menu.c:394:Warning [2054] suspicious pointer conversion
C:\Flight\Code\UAVX-GKE\menu.c:395:Warning [2054] suspicious pointer conversion
C:\Flight\Code\UAVX-GKE\menu.c:396:Warning [2054] suspicious pointer conversion
C:\Flight\Code\UAVX-GKE\baro.c:561:Warning [2054] suspicious pointer conversion
C:\Flight\Code\UAVX-GKE\baro.c:562:Warning [2054] suspicious pointer conversion
C:\Flight\Code\UAVX-GKE\baro.c:563:Warning [2054] suspicious pointer conversion
C:\Flight\Code\UAVX-GKE\baro.c:564:Warning [2054] suspicious pointer conversion
C:\Flight\Code\UAVX-GKE\gyro.c:134:Warning [2054] suspicious pointer conversion
C:\Flight\Code\UAVX-GKE\gyro.c:137:Warning [2054] suspicious pointer conversion
C:\Flight\Code\UAVX-GKE\gyro.c:140:Warning [2054] suspicious pointer conversion
C:\Flight\Code\UAVX-GKE\gyro.c:143:Warning [2054] suspicious pointer conversion
C:\Flight\Code\UAVX-GKE\gyro.c:146:Warning [2054] suspicious pointer conversion
C:\Flight\Code\UAVX-GKE\gyro.c:149:Warning [2054] suspicious pointer conversion
C:\Flight\Code\UAVX-GKE\gyro.c:152:Warning [2054] suspicious pointer conversion
C:\Flight\Code\UAVX-GKE\gyro.c:155:Warning [2054] suspicious pointer conversion
C:\Flight\Code\UAVX-GKE\tests.c:187:Warning [2054] suspicious pointer conversion
C:\Flight\Code\UAVX-GKE\tests.c:191:Warning [2054] suspicious pointer conversion
C:\Flight\Code\UAVX-GKE\tests.c:193:Warning [2054] suspicious pointer conversion
C:\Flight\Code\UAVX-GKE\outputs.c:344:Warning [2054] suspicious pointer conversion
MPLINK 4.37, Linker
Copyright (c) 1998-2010 Microchip Technology Inc.
Errors    : 0

MP2HEX 4.37, COFF to HEX File Converter
Copyright (c) 1998-2010 Microchip Technology Inc.
Errors    : 0

C:\Flight\Code\UAVX-GKE\stats.c:79:Warning [2054] suspicious pointer conversion
C:\Flight\Code\UAVX-GKE\stats.c:83:Warning [2054] suspicious pointer conversion
C:\Flight\Code\UAVX-GKE\stats.c:86:Warning [2054] suspicious pointer conversion
C:\Flight\Code\UAVX-GKE\stats.c:87:Warning [2054] suspicious pointer conversion
C:\Flight\Code\UAVX-GKE\stats.c:88:Warning [2054] suspicious pointer conversion
C:\Flight\Code\UAVX-GKE\stats.c:89:Warning [2054] suspicious pointer conversion
C:\Flight\Code\UAVX-GKE\stats.c:90:Warning [2054] suspicious pointer conversion
C:\Flight\Code\UAVX-GKE\stats.c:91:Warning [2054] suspicious pointer conversion
C:\Flight\Code\UAVX-GKE\stats.c:92:Warning [2054] suspicious pointer conversion
C:\Flight\Code\UAVX-GKE\stats.c:95:Warning [2054] suspicious pointer conversion
C:\Flight\Code\UAVX-GKE\stats.c:97:Warning [2054] suspicious pointer conversion
C:\Flight\Code\UAVX-GKE\stats.c:98:Warning [2054] suspicious pointer conversion
C:\Flight\Code\UAVX-GKE\stats.c:100:Warning [2054] suspicious pointer conversion
C:\Flight\Code\UAVX-GKE\stats.c:101:Warning [2054] suspicious pointer conversion
C:\Flight\Code\UAVX-GKE\stats.c:101:Warning [2054] suspicious pointer conversion
C:\Flight\Code\UAVX-GKE\stats.c:104:Warning [2054] suspicious pointer conversion
C:\Flight\Code\UAVX-GKE\stats.c:105:Warning [2054] suspicious pointer conversion
C:\Flight\Code\UAVX-GKE\stats.c:110:Warning [2054] suspicious pointer conversion
C:\Flight\Code\UAVX-GKE\stats.c:111:Warning [2054] suspicious pointer conversion
C:\Flight\Code\UAVX-GKE\stats.c:114:Warning [2054] suspicious pointer conversion
C:\Flight\Code\UAVX-GKE\stats.c:115:Warning [2054] suspicious pointer conversion
C:\Flight\Code\UAVX-GKE\stats.c:115:Warning [2054] suspicious pointer conversion
C:\Flight\Code\UAVX-GKE\stats.c:117:Warning [2054] suspicious pointer conversion
C:\Flight\Code\UAVX-GKE\stats.c:117:Warning [2054] suspicious pointer conversion
C:\Flight\Code\UAVX-GKE\stats.c:122:Warning [2054] suspicious pointer conversion
C:\Flight\Code\UAVX-GKE\stats.c:128:Warning [2054] suspicious pointer conversion
C:\Flight\Code\UAVX-GKE\stats.c:133:Warning [2054] suspicious pointer conversion
C:\Flight\Code\UAVX-GKE\stats.c:135:Warning [2054] suspicious pointer conversion
C:\Flight\Code\UAVX-GKE\params.c:179:Warning [2054] suspicious pointer conversion
C:\Flight\Code\UAVX-GKE\params.c:180:Warning [2054] suspicious pointer conversion
C:\Flight\Code\UAVX-GKE\accel.c:55:Warning [2054] suspicious pointer conversion
C:\Flight\Code\UAVX-GKE\accel.c:58:Warning [2054] suspicious pointer conversion
C:\Flight\Code\UAVX-GKE\accel.c:61:Warning [2054] suspicious pointer conversion
C:\Flight\Code\UAVX-GKE\accel.c:205:Warning [2054] suspicious pointer conversion
C:\Flight\Code\UAVX-GKE\accel.c:431:Message [3004] comparison of a signed integer to an unsigned integer detected
C:\Flight\Code\UAVX-GKE\irq.c:259:Message [3004] comparison of a signed integer to an unsigned integer detected
C:\Flight\Code\UAVX-GKE\menu.c:78:Warning [2054] suspicious pointer conversion
C:\Flight\Code\UAVX-GKE\menu.c:85:Warning [2054] suspicious pointer conversion
C:\Flight\Code\UAVX-GKE\menu.c:87:Warning [2054] suspicious pointer conversion
C:\Flight\Code\UAVX-GKE\menu.c:89:Warning [2054] suspicious pointer conversion
C:\Flight\Code\UAVX-GKE\menu.c:107:Warning [2054] suspicious pointer conversion
C:\Flight\Code\UAVX-GKE\menu.c:112:Warning [2054] suspicious pointer conversion
C:\Flight\Code\UAVX-GKE\menu.c:114:Warning [2054] suspicious pointer conversion
C:\Flight\Code\UAVX-GKE\menu.c:115:Warning [2054] suspicious pointer conversion
C:\Flight\Code\UAVX-GKE\menu.c:116:Warning [2054] suspicious pointer conversion
C:\Flight\Code\UAVX-GKE\menu.c:117:Warning [2054] suspicious pointer conversion
C:\Flight\Code\UAVX-GKE\menu.c:118:Warning [2054] suspicious pointer conversion
C:\Flight\Code\UAVX-GKE\menu.c:119:Warning [2054] suspicious pointer conversion
C:\Flight\Code\UAVX-GKE\menu.c:120:Warning [2054] suspicious pointer conversion
C:\Flight\Code\UAVX-GKE\menu.c:121:Warning [2054] suspicious pointer conversion
C:\Flight\Code\UAVX-GKE\menu.c:127:Warning [2054] suspicious pointer conversion
C:\Flight\Code\UAVX-GKE\menu.c:129:Warning [2054] suspicious pointer conversion
C:\Flight\Code\UAVX-GKE\menu.c:132:Warning [2054] suspicious pointer conversion
C:\Flight\Code\UAVX-GKE\menu.c:136:Warning [2054] suspicious pointer conversion
C:\Flight\Code\UAVX-GKE\menu.c:138:Warning [2054] suspicious pointer conversion
C:\Flight\Code\UAVX-GKE\menu.c:141:Warning [2054] suspicious pointer conversion
C:\Flight\Code\UAVX-GKE\menu.c:144:Warning [2054] suspicious pointer conversion
C:\Flight\Code\UAVX-GKE\menu.c:146:Warning [2054] suspicious pointer conversion
C:\Flight\Code\UAVX-GKE\menu.c:148:Warning [2054] suspicious pointer conversion
C:\Flight\Code\UAVX-GKE\menu.c:152:Warning [2054] suspicious pointer conversion
C:\Flight\Code\UAVX-GKE\menu.c:154:Warning [2054] suspicious pointer conversion
C:\Flight\Code\UAVX-GKE\menu.c:155:Warning [2054] suspicious pointer conversion
C:\Flight\Code\UAVX-GKE\menu.c:156:Warning [2054] suspicious pointer conversion
C:\Flight\Code\UAVX-GKE\menu.c:157:Warning [2054] suspicious pointer conversion
C:\Flight\Code\UAVX-GKE\menu.c:164:Warning [2054] suspicious pointer conversion
C:\Flight\Code\UAVX-GKE\menu.c:166:Warning [2054] suspicious pointer conversion
C:\Flight\Code\UAVX-GKE\menu.c:167:Warning [2054] suspicious pointer conversion
C:\Flight\Code\UAVX-GKE\menu.c:177:Warning [2054] suspicious pointer conversion
C:\Flight\Code\UAVX-GKE\menu.c:180:Warning [2054] suspicious pointer conversion
C:\Flight\Code\UAVX-GKE\menu.c:181:Warning [2054] suspicious pointer conversion
C:\Flight\Code\UAVX-GKE\menu.c:182:Warning [2054] suspicious pointer conversion
C:\Flight\Code\UAVX-GKE\menu.c:183:Warning [2054] suspicious pointer conversion
C:\Flight\Code\UAVX-GKE\menu.c:184:Warning [2054] suspicious pointer conversion
C:\Flight\Code\UAVX-GKE\menu.c:185:Warning [2054] suspicious pointer conversion
C:\Flight\Code\UAVX-GKE\menu.c:186:Warning [2054] suspicious pointer conversion
C:\Flight\Code\UAVX-GKE\menu.c:187:Warning [2054] suspicious pointer conversion
C:\Flight\Code\UAVX-GKE\menu.c:188:Warning [2054] suspicious pointer conversion
C:\Flight\Code\UAVX-GKE\menu.c:189:Warning [2054] suspicious pointer conversion
C:\Flight\Code\UAVX-GKE\menu.c:190:Warning [2054] suspicious pointer conversion
C:\Flight\Code\UAVX-GKE\menu.c:191:Warning [2054] suspicious pointer conversion
C:\Flight\Code\UAVX-GKE\menu.c:192:Warning [2054] suspicious pointer conversion
C:\Flight\Code\UAVX-GKE\menu.c:193:Warning [2054] suspicious pointer conversion
C:\Flight\Code\UAVX-GKE\menu.c:194:Warning [2054] suspicious pointer conversion
C:\Flight\Code\UAVX-GKE\menu.c:195:Warning [2054] suspicious pointer conversion
C:\Flight\Code\UAVX-GKE\menu.c:196:Warning [2054] suspicious pointer conversion
C:\Flight\Code\UAVX-GKE\menu.c:210:Warning [2054] suspicious pointer conversion
C:\Flight\Code\UAVX-GKE\menu.c:220:Warning [2054] suspicious pointer conversion
C:\Flight\Code\UAVX-GKE\menu.c:222:Warning [2054] suspicious pointer conversion
C:\Flight\Code\UAVX-GKE\menu.c:224:Warning [2054] suspicious pointer conversion
C:\Flight\Code\UAVX-GKE\menu.c:227:Warning [2054] suspicious pointer conversion
C:\Flight\Code\UAVX-GKE\menu.c:231:Warning [2054] suspicious pointer conversion
C:\Flight\Code\UAVX-GKE\menu.c:233:Warning [2054] suspicious pointer conversion
C:\Flight\Code\UAVX-GKE\menu.c:235:Warning [2054] suspicious pointer conversion
C:\Flight\Code\UAVX-GKE\menu.c:238:Warning [2054] suspicious pointer conversion
C:\Flight\Code\UAVX-GKE\menu.c:240:Warning [2054] suspicious pointer conversion
C:\Flight\Code\UAVX-GKE\menu.c:243:Warning [2054] suspicious pointer conversion
C:\Flight\Code\UAVX-GKE\menu.c:245:Warning [2054] suspicious pointer conversion
C:\Flight\Code\UAVX-GKE\menu.c:247:Warning [2054] suspicious pointer conversion
C:\Flight\Code\UAVX-GKE\menu.c:249:Warning [2054] suspicious pointer conversion
C:\Flight\Code\UAVX-GKE\menu.c:255:Warning [2054] suspicious pointer conversion
C:\Flight\Code\UAVX-GKE\menu.c:258:Warning [2054] suspicious pointer conversion
C:\Flight\Code\UAVX-GKE\menu.c:260:Warning [2054] suspicious pointer conversion
C:\Flight\Code\UAVX-GKE\menu.c:263:Warning [2054] suspicious pointer conversion
C:\Flight\Code\UAVX-GKE\menu.c:266:Warning [2054] suspicious pointer conversion
C:\Flight\Code\UAVX-GKE\menu.c:269:Warning [2054] suspicious pointer conversion
C:\Flight\Code\UAVX-GKE\menu.c:272:Warning [2054] suspicious pointer conversion
C:\Flight\Code\UAVX-GKE\menu.c:275:Warning [2054] suspicious pointer conversion
C:\Flight\Code\UAVX-GKE\menu.c:277:Warning [2054] suspicious pointer conversion
C:\Flight\Code\UAVX-GKE\menu.c:280:Warning [2054] suspicious pointer conversion
C:\Flight\Code\UAVX-GKE\menu.c:283:Warning [2054] suspicious pointer conversion
C:\Flight\Code\UAVX-GKE\menu.c:300:Warning [2058] call of function without prototype
C:\Flight\Code\UAVX-GKE\menu.c:301:Warning [2058] call of function without prototype
C:\Flight\Code\UAVX-GKE\menu.c:319:Warning [2054] suspicious pointer conversion
C:\Flight\Code\UAVX-GKE\menu.c:324:Warning [2054] suspicious pointer conversion
C:\Flight\Code\UAVX-GKE\menu.c:326:Warning [2054] suspicious pointer conversion
C:\Flight\Code\UAVX-GKE\menu.c:334:Warning [2054] suspicious pointer conversion
C:\Flight\Code\UAVX-GKE\menu.c:343:Warning [2054] suspicious pointer conversion
C:\Flight\Code\UAVX-GKE\menu.c:366:Warning [2054] suspicious pointer conversion
C:\Flight\Code\UAVX-GKE\menu.c:369:Warning [2054] suspicious pointer conversion
C:\Flight\Code\UAVX-GKE\menu.c:372:Warning [2054] suspicious pointer conversion
C:\Flight\Code\UAVX-GKE\menu.c:390:Warning [2054] suspicious pointer conversion
C:\Flight\Code\UAVX-GKE\menu.c:391:Warning [2054] suspicious pointer conversion
C:\Flight\Code\UAVX-GKE\menu.c:392:Warning [2054] suspicious pointer conversion
C:\Flight\Code\UAVX-GKE\menu.c:393:Warning [2054] suspicious pointer conversion
C:\Flight\Code\UAVX-GKE\menu.c:394:Warning [2054] suspicious pointer conversion
C:\Flight\Code\UAVX-GKE\menu.c:395:Warning [2054] suspicious pointer conversion
C:\Flight\Code\UAVX-GKE\menu.c:396:Warning [2054] suspicious pointer conversion
C:\Flight\Code\UAVX-GKE\baro.c:561:Warning [2054] suspicious pointer conversion
C:\Flight\Code\UAVX-GKE\baro.c:562:Warning [2054] suspicious pointer conversion
C:\Flight\Code\UAVX-GKE\baro.c:563:Warning [2054] suspicious pointer conversion
C:\Flight\Code\UAVX-GKE\baro.c:564:Warning [2054] suspicious pointer conversion
C:\Flight\Code\UAVX-GKE\gyro.c:134:Warning [2054] suspicious pointer conversion
C:\Flight\Code\UAVX-GKE\gyro.c:137:Warning [2054] suspicious pointer conversion
C:\Flight\Code\UAVX-GKE\gyro.c:140:Warning [2054] suspicious pointer conversion
C:\Flight\Code\UAVX-GKE\gyro.c:143:Warning [2054] suspicious pointer conversion
C:\Flight\Code\UAVX-GKE\gyro.c:146:Warning [2054] suspicious pointer conversion
C:\Flight\Code\UAVX-GKE\gyro.c:149:Warning [2054] suspicious pointer conversion
C:\Flight\Code\UAVX-GKE\gyro.c:152:Warning [2054] suspicious pointer conversion
C:\Flight\Code\UAVX-GKE\gyro.c:155:Warning [2054] suspicious pointer conversion
C:\Flight\Code\UAVX-GKE\tests.c:187:Warning [2054] suspicious pointer conversion
C:\Flight\Code\UAVX-GKE\tests.c:191:Warning [2054] suspicious pointer conversion
C:\Flight\Code\UAVX-GKE\tests.c:193:Warning [2054] suspicious pointer conversion
C:\Flight\Code\UAVX-GKE\outputs.c:344:Warning [2054] suspicious pointer conversion
MPLINK 4.37, Linker
Copyright (c) 1998-2010 Microchip Technology Inc.
Errors    : 0

MP2HEX 4.37, COFF to HEX File Converter
Copyright (c) 1998-2010 Microchip Technology Inc.
Errors    : 0

C:\Flight\Code\UAVX-GKE\stats.c:79:Warning [2054] suspicious pointer conversion
C:\Flight\Code\UAVX-GKE\stats.c:83:Warning [2054] suspicious pointer conversion
C:\Flight\Code\UAVX-GKE\stats.c:86:Warning [2054] suspicious pointer conversion
C:\Flight\Code\UAVX-GKE\stats.c:87:Warning [2054] suspicious pointer conversion
C:\Flight\Code\UAVX-GKE\stats.c:88:Warning [2054] suspicious pointer conversion
C:\Flight\Code\UAVX-GKE\stats.c:89:Warning [2054] suspicious pointer conversion
C:\Flight\Code\UAVX-GKE\stats.c:90:Warning [2054] suspicious pointer conversion
C:\Flight\Code\UAVX-GKE\stats.c:91:Warning [2054] suspicious pointer conversion
C:\Flight\Code\UAVX-GKE\stats.c:92:Warning [2054] suspicious pointer conversion
C:\Flight\Code\UAVX-GKE\stats.c:95:Warning [2054] suspicious pointer conversion
C:\Flight\Code\UAVX-GKE\stats.c:97:Warning [2054] suspicious pointer conversion
C:\Flight\Code\UAVX-GKE\stats.c:98:Warning [2054] suspicious pointer conversion
C:\Flight\Code\UAVX-GKE\stats.c:100:Warning [2054] suspicious pointer conversion
C:\Flight\Code\UAVX-GKE\stats.c:101:Warning [2054] suspicious pointer conversion
C:\Flight\Code\UAVX-GKE\stats.c:101:Warning [2054] suspicious pointer conversion
C:\Flight\Code\UAVX-GKE\stats.c:104:Warning [2054] suspicious pointer conversion
C:\Flight\Code\UAVX-GKE\stats.c:105:Warning [2054] suspicious pointer conversion
C:\Flight\Code\UAVX-GKE\stats.c:110:Warning [2054] suspicious pointer conversion
C:\Flight\Code\UAVX-GKE\stats.c:111:Warning [2054] suspicious pointer conversion
C:\Flight\Code\UAVX-GKE\stats.c:114:Warning [2054] suspicious pointer conversion
C:\Flight\Code\UAVX-GKE\stats.c:115:Warning [2054] suspicious pointer conversion
C:\Flight\Code\UAVX-GKE\stats.c:115:Warning [2054] suspicious pointer conversion
C:\Flight\Code\UAVX-GKE\stats.c:117:Warning [2054] suspicious pointer conversion
C:\Flight\Code\UAVX-GKE\stats.c:117:Warning [2054] suspicious pointer conversion
C:\Flight\Code\UAVX-GKE\stats.c:122:Warning [2054] suspicious pointer conversion
C:\Flight\Code\UAVX-GKE\stats.c:128:Warning [2054] suspicious pointer conversion
C:\Flight\Code\UAVX-GKE\stats.c:133:Warning [2054] suspicious pointer conversion
C:\Flight\Code\UAVX-GKE\stats.c:135:Warning [2054] suspicious pointer conversion
C:\Flight\Code\UAVX-GKE\params.c:179:Warning [2054] suspicious pointer conversion
C:\Flight\Code\UAVX-GKE\params.c:180:Warning [2054] suspicious pointer conversion
C:\Flight\Code\UAVX-GKE\accel.c:55:Warning [2054] suspicious pointer conversion
C:\Flight\Code\UAVX-GKE\accel.c:58:Warning [2054] suspicious pointer conversion
C:\Flight\Code\UAVX-GKE\accel.c:61:Warning [2054] suspicious pointer conversion
C:\Flight\Code\UAVX-GKE\accel.c:205:Warning [2054] suspicious pointer conversion
C:\Flight\Code\UAVX-GKE\accel.c:431:Message [3004] comparison of a signed integer to an unsigned integer detected
C:\Flight\Code\UAVX-GKE\irq.c:259:Message [3004] comparison of a signed integer to an unsigned integer detected
C:\Flight\Code\UAVX-GKE\menu.c:78:Warning [2054] suspicious pointer conversion
C:\Flight\Code\UAVX-GKE\menu.c:85:Warning [2054] suspicious pointer conversion
C:\Flight\Code\UAVX-GKE\menu.c:87:Warning [2054] suspicious pointer conversion
C:\Flight\Code\UAVX-GKE\menu.c:89:Warning [2054] suspicious pointer conversion
C:\Flight\Code\UAVX-GKE\menu.c:107:Warning [2054] suspicious pointer conversion
C:\Flight\Code\UAVX-GKE\menu.c:112:Warning [2054] suspicious pointer conversion
C:\Flight\Code\UAVX-GKE\menu.c:114:Warning [2054] suspicious pointer conversion
C:\Flight\Code\UAVX-GKE\menu.c:115:Warning [2054] suspicious pointer conversion
C:\Flight\Code\UAVX-GKE\menu.c:116:Warning [2054] suspicious pointer conversion
C:\Flight\Code\UAVX-GKE\menu.c:117:Warning [2054] suspicious pointer conversion
C:\Flight\Code\UAVX-GKE\menu.c:118:Warning [2054] suspicious pointer conversion
C:\Flight\Code\UAVX-GKE\menu.c:119:Warning [2054] suspicious pointer conversion
C:\Flight\Code\UAVX-GKE\menu.c:120:Warning [2054] suspicious pointer conversion
C:\Flight\Code\UAVX-GKE\menu.c:121:Warning [2054] suspicious pointer conversion
C:\Flight\Code\UAVX-GKE\menu.c:127:Warning [2054] suspicious pointer conversion
C:\Flight\Code\UAVX-GKE\menu.c:129:Warning [2054] suspicious pointer conversion
C:\Flight\Code\UAVX-GKE\menu.c:132:Warning [2054] suspicious pointer conversion
C:\Flight\Code\UAVX-GKE\menu.c:136:Warning [2054] suspicious pointer conversion
C:\Flight\Code\UAVX-GKE\menu.c:138:Warning [2054] suspicious pointer conversion
C:\Flight\Code\UAVX-GKE\menu.c:141:Warning [2054] suspicious pointer conversion
C:\Flight\Code\UAVX-GKE\menu.c:144:Warning [2054] suspicious pointer conversion
C:\Flight\Code\UAVX-GKE\menu.c:146:Warning [2054] suspicious pointer conversion
C:\Flight\Code\UAVX-GKE\menu.c:148:Warning [2054] suspicious pointer conversion
C:\Flight\Code\UAVX-GKE\menu.c:152:Warning [2054] suspicious pointer conversion
C:\Flight\Code\UAVX-GKE\menu.c:154:Warning [2054] suspicious pointer conversion
C:\Flight\Code\UAVX-GKE\menu.c:155:Warning [2054] suspicious pointer conversion
C:\Flight\Code\UAVX-GKE\menu.c:156:Warning [2054] suspicious pointer conversion
C:\Flight\Code\UAVX-GKE\menu.c:157:Warning [2054] suspicious pointer conversion
C:\Flight\Code\UAVX-GKE\menu.c:164:Warning [2054] suspicious pointer conversion
C:\Flight\Code\UAVX-GKE\menu.c:166:Warning [2054] suspicious pointer conversion
C:\Flight\Code\UAVX-GKE\menu.c:167:Warning [2054] suspicious pointer conversion
C:\Flight\Code\UAVX-GKE\menu.c:177:Warning [2054] suspicious pointer conversion
C:\Flight\Code\UAVX-GKE\menu.c:180:Warning [2054] suspicious pointer conversion
C:\Flight\Code\UAVX-GKE\menu.c:181:Warning [2054] suspicious pointer conversion
C:\Flight\Code\UAVX-GKE\menu.c:182:Warning [2054] suspicious pointer conversion
C:\Flight\Code\UAVX-GKE\menu.c:183:Warning [2054] suspicious pointer conversion
C:\Flight\Code\UAVX-GKE\menu.c:184:Warning [2054] suspicious pointer conversion
C:\Flight\Code\UAVX-GKE\menu.c:185:Warning [2054] suspicious pointer conversion
C:\Flight\Code\UAVX-GKE\menu.c:186:Warning [2054] suspicious pointer conversion
C:\Flight\Code\UAVX-GKE\menu.c:187:Warning [2054] suspicious pointer conversion
C:\Flight\Code\UAVX-GKE\menu.c:188:Warning [2054] suspicious pointer conversion
C:\Flight\Code\UAVX-GKE\menu.c:189:Warning [2054] suspicious pointer conversion
C:\Flight\Code\UAVX-GKE\menu.c:190:Warning [2054] suspicious pointer conversion
C:\Flight\Code\UAVX-GKE\menu.c:191:Warning [2054] suspicious pointer conversion
C:\Flight\Code\UAVX-GKE\menu.c:192:Warning [2054] suspicious pointer conversion
C:\Flight\Code\UAVX-GKE\menu.c:193:Warning [2054] suspicious pointer conversion
C:\Flight\Code\UAVX-GKE\menu.c:194:Warning [2054] suspicious pointer conversion
C:\Flight\Code\UAVX-GKE\menu.c:195:Warning [2054] suspicious pointer conversion
C:\Flight\Code\UAVX-GKE\menu.c:196:Warning [2054] suspicious pointer conversion
C:\Flight\Code\UAVX-GKE\menu.c:210:Warning [2054] suspicious pointer conversion
C:\Flight\Code\UAVX-GKE\menu.c:220:Warning [2054] suspicious pointer conversion
C:\Flight\Code\UAVX-GKE\menu.c:222:Warning [2054] suspicious pointer conversion
C:\Flight\Code\UAVX-GKE\menu.c:224:Warning [2054] suspicious pointer conversion
C:\Flight\Code\UAVX-GKE\menu.c:227:Warning [2054] suspicious pointer conversion
C:\Flight\Code\UAVX-GKE\menu.c:231:Warning [2054] suspicious pointer conversion
C:\Flight\Code\UAVX-GKE\menu.c:233:Warning [2054] suspicious pointer conversion
C:\Flight\Code\UAVX-GKE\menu.c:235:Warning [2054] suspicious pointer conversion
C:\Flight\Code\UAVX-GKE\menu.c:238:Warning [2054] suspicious pointer conversion
C:\Flight\Code\UAVX-GKE\menu.c:240:Warning [2054] suspicious pointer conversion
C:\Flight\Code\UAVX-GKE\menu.c:243:Warning [2054] suspicious pointer conversion
C:\Flight\Code\UAVX-GKE\menu.c:245:Warning [2054] suspicious pointer conversion
C:\Flight\Code\UAVX-GKE\menu.c:247:Warning [2054] suspicious pointer conversion
C:\Flight\Code\UAVX-GKE\menu.c:249:Warning [2054] suspicious pointer conversion
C:\Flight\Code\UAVX-GKE\menu.c:255:Warning [2054] suspicious pointer conversion
C:\Flight\Code\UAVX-GKE\menu.c:258:Warning [2054] suspicious pointer conversion
C:\Flight\Code\UAVX-GKE\menu.c:260:Warning [2054] suspicious pointer conversion
C:\Flight\Code\UAVX-GKE\menu.c:263:Warning [2054] suspicious pointer conversion
C:\Flight\Code\UAVX-GKE\menu.c:266:Warning [2054] suspicious pointer conversion
C:\Flight\Code\UAVX-GKE\menu.c:269:Warning [2054] suspicious pointer conversion
C:\Flight\Code\UAVX-GKE\menu.c:272:Warning [2054] suspicious pointer conversion
C:\Flight\Code\UAVX-GKE\menu.c:275:Warning [2054] suspicious pointer conversion
C:\Flight\Code\UAVX-GKE\menu.c:277:Warning [2054] suspicious pointer conversion
C:\Flight\Code\UAVX-GKE\menu.c:280:Warning [2054] suspicious pointer conversion
C:\Flight\Code\UAVX-GKE\menu.c:283:Warning [2054] suspicious pointer conversion
C:\Flight\Code\UAVX-GKE\menu.c:300:Warning [2058] call of function without prototype
C:\Flight\Code\UAVX-GKE\menu.c:301:Warning [2058] call of function without prototype
C:\Flight\Code\UAVX-GKE\menu.c:319:Warning [2054] suspicious pointer conversion
C:\Flight\Code\UAVX-GKE\menu.c:324:Warning [2054] suspicious pointer conversion
C:\Flight\Code\UAVX-GKE\menu.c:326:Warning [2054] suspicious pointer conversion
C:\Flight\Code\UAVX-GKE\menu.c:334:Warning [2054] suspicious pointer conversion
C:\Flight\Code\UAVX-GKE\menu.c:343:Warning [2054] suspicious pointer conversion
C:\Flight\Code\UAVX-GKE\menu.c:366:Warning [2054] suspicious pointer conversion
C:\Flight\Code\UAVX-GKE\menu.c:369:Warning [2054] suspicious pointer conversion
C:\Flight\Code\UAVX-GKE\menu.c:372:Warning [2054] suspicious pointer conversion
C:\Flight\Code\UAVX-GKE\menu.c:390:Warning [2054] suspicious pointer conversion
C:\Flight\Code\UAVX-GKE\menu.c:391:Warning [2054] suspicious pointer conversion
C:\Flight\Code\UAVX-GKE\menu.c:392:Warning [2054] suspicious pointer conversion
C:\Flight\Code\UAVX-GKE\menu.c:393:Warning [2054] suspicious pointer conversion
C:\Flight\Code\UAVX-GKE\menu.c:394:Warning [2054] suspicious pointer conversion
C:\Flight\Code\UAVX-GKE\menu.c:395:Warning [2054] suspicious pointer conversion
C:\Flight\Code\UAVX-GKE\menu.c:396:Warning [2054] suspicious pointer conversion
C:\Flight\Code\UAVX-GKE\baro.c:561:Warning [2054] suspicious pointer conversion
C:\Flight\Code\UAVX-GKE\baro.c:562:Warning [2054] suspicious pointer conversion
C:\Flight\Code\UAVX-GKE\baro.c:563:Warning [2054] suspicious pointer conversion
C:\Flight\Code\UAVX-GKE\baro.c:564:Warning [2054] suspicious pointer conversion
C:\Flight\Code\UAVX-GKE\gyro.c:134:Warning [2054] suspicious pointer conversion
C:\Flight\Code\UAVX-GKE\gyro.c:137:Warning [2054] suspicious pointer conversion
C:\Flight\Code\UAVX-GKE\gyro.c:140:Warning [2054] suspicious pointer conversion
C:\Flight\Code\UAVX-GKE\gyro.c:143:Warning [2054] suspicious pointer conversion
C:\Flight\Code\UAVX-GKE\gyro.c:146:Warning [2054] suspicious pointer conversion
C:\Flight\Code\UAVX-GKE\gyro.c:149:Warning [2054] suspicious pointer conversion
C:\Flight\Code\UAVX-GKE\gyro.c:152:Warning [2054] suspicious pointer conversion
C:\Flight\Code\UAVX-GKE\gyro.c:155:Warning [2054] suspicious pointer conversion
C:\Flight\Code\UAVX-GKE\tests.c:187:Warning [2054] suspicious pointer conversion
C:\Flight\Code\UAVX-GKE\tests.c:191:Warning [2054] suspicious pointer conversion
C:\Flight\Code\UAVX-GKE\tests.c:193:Warning [2054] suspicious pointer conversion
C:\Flight\Code\UAVX-GKE\outputs.c:344:Warning [2054] suspicious pointer conversion
MPLINK 4.37, Linker
Copyright (c) 1998-2010 Microchip Technology Inc.
Errors    : 0

MP2HEX 4.37, COFF to HEX File Converter
Copyright (c) 1998-2010 Microchip Technology Inc.
Errors    : 0

C:\Flight\Code\UAVX-GKE\stats.c:79:Warning [2054] suspicious pointer conversion
C:\Flight\Code\UAVX-GKE\stats.c:83:Warning [2054] suspicious pointer conversion
C:\Flight\Code\UAVX-GKE\stats.c:86:Warning [2054] suspicious pointer conversion
C:\Flight\Code\UAVX-GKE\stats.c:87:Warning [2054] suspicious pointer conversion
C:\Flight\Code\UAVX-GKE\stats.c:88:Warning [2054] suspicious pointer conversion
C:\Flight\Code\UAVX-GKE\stats.c:89:Warning [2054] suspicious pointer conversion
C:\Flight\Code\UAVX-GKE\stats.c:90:Warning [2054] suspicious pointer conversion
C:\Flight\Code\UAVX-GKE\stats.c:91:Warning [2054] suspicious pointer conversion
C:\Flight\Code\UAVX-GKE\stats.c:92:Warning [2054] suspicious pointer conversion
C:\Flight\Code\UAVX-GKE\stats.c:95:Warning [2054] suspicious pointer conversion
C:\Flight\Code\UAVX-GKE\stats.c:97:Warning [2054] suspicious pointer conversion
C:\Flight\Code\UAVX-GKE\stats.c:98:Warning [2054] suspicious pointer conversion
C:\Flight\Code\UAVX-GKE\stats.c:100:Warning [2054] suspicious pointer conversion
C:\Flight\Code\UAVX-GKE\stats.c:101:Warning [2054] suspicious pointer conversion
C:\Flight\Code\UAVX-GKE\stats.c:101:Warning [2054] suspicious pointer conversion
C:\Flight\Code\UAVX-GKE\stats.c:104:Warning [2054] suspicious pointer conversion
C:\Flight\Code\UAVX-GKE\stats.c:105:Warning [2054] suspicious pointer conversion
C:\Flight\Code\UAVX-GKE\stats.c:110:Warning [2054] suspicious pointer conversion
C:\Flight\Code\UAVX-GKE\stats.c:111:Warning [2054] suspicious pointer conversion
C:\Flight\Code\UAVX-GKE\stats.c:114:Warning [2054] suspicious pointer conversion
C:\Flight\Code\UAVX-GKE\stats.c:115:Warning [2054] suspicious pointer conversion
C:\Flight\Code\UAVX-GKE\stats.c:115:Warning [2054] suspicious pointer conversion
C:\Flight\Code\UAVX-GKE\stats.c:117:Warning [2054] suspicious pointer conversion
C:\Flight\Code\UAVX-GKE\stats.c:117:Warning [2054] suspicious pointer conversion
C:\Flight\Code\UAVX-GKE\stats.c:122:Warning [2054] suspicious pointer conversion
C:\Flight\Code\UAVX-GKE\stats.c:128:Warning [2054] suspicious pointer conversion
C:\Flight\Code\UAVX-GKE\stats.c:133:Warning [2054] suspicious pointer conversion
C:\Flight\Code\UAVX-GKE\stats.c:135:Warning [2054] suspicious pointer conversion
C:\Flight\Code\UAVX-GKE\params.c:179:Warning [2054] suspicious pointer conversion
C:\Flight\Code\UAVX-GKE\params.c:180:Warning [2054] suspicious pointer conversion
C:\Flight\Code\UAVX-GKE\accel.c:55:Warning [2054] suspicious pointer conversion
C:\Flight\Code\UAVX-GKE\accel.c:58:Warning [2054] suspicious pointer conversion
C:\Flight\Code\UAVX-GKE\accel.c:61:Warning [2054] suspicious pointer conversion
C:\Flight\Code\UAVX-GKE\accel.c:205:Warning [2054] suspicious pointer conversion
C:\Flight\Code\UAVX-GKE\accel.c:431:Message [3004] comparison of a signed integer to an unsigned integer detected
C:\Flight\Code\UAVX-GKE\irq.c:259:Message [3004] comparison of a signed integer to an unsigned integer detected
C:\Flight\Code\UAVX-GKE\menu.c:78:Warning [2054] suspicious pointer conversion
C:\Flight\Code\UAVX-GKE\menu.c:85:Warning [2054] suspicious pointer conversion
C:\Flight\Code\UAVX-GKE\menu.c:87:Warning [2054] suspicious pointer conversion
C:\Flight\Code\UAVX-GKE\menu.c:89:Warning [2054] suspicious pointer conversion
C:\Flight\Code\UAVX-GKE\menu.c:107:Warning [2054] suspicious pointer conversion
C:\Flight\Code\UAVX-GKE\menu.c:112:Warning [2054] suspicious pointer conversion
C:\Flight\Code\UAVX-GKE\menu.c:114:Warning [2054] suspicious pointer conversion
C:\Flight\Code\UAVX-GKE\menu.c:115:Warning [2054] suspicious pointer conversion
C:\Flight\Code\UAVX-GKE\menu.c:116:Warning [2054] suspicious pointer conversion
C:\Flight\Code\UAVX-GKE\menu.c:117:Warning [2054] suspicious pointer conversion
C:\Flight\Code\UAVX-GKE\menu.c:118:Warning [2054] suspicious pointer conversion
C:\Flight\Code\UAVX-GKE\menu.c:119:Warning [2054] suspicious pointer conversion
C:\Flight\Code\UAVX-GKE\menu.c:120:Warning [2054] suspicious pointer conversion
C:\Flight\Code\UAVX-GKE\menu.c:121:Warning [2054] suspicious pointer conversion
C:\Flight\Code\UAVX-GKE\menu.c:127:Warning [2054] suspicious pointer conversion
C:\Flight\Code\UAVX-GKE\menu.c:129:Warning [2054] suspicious pointer conversion
C:\Flight\Code\UAVX-GKE\menu.c:132:Warning [2054] suspicious pointer conversion
C:\Flight\Code\UAVX-GKE\menu.c:136:Warning [2054] suspicious pointer conversion
C:\Flight\Code\UAVX-GKE\menu.c:138:Warning [2054] suspicious pointer conversion
C:\Flight\Code\UAVX-GKE\menu.c:141:Warning [2054] suspicious pointer conversion
C:\Flight\Code\UAVX-GKE\menu.c:144:Warning [2054] suspicious pointer conversion
C:\Flight\Code\UAVX-GKE\menu.c:146:Warning [2054] suspicious pointer conversion
C:\Flight\Code\UAVX-GKE\menu.c:148:Warning [2054] suspicious pointer conversion
C:\Flight\Code\UAVX-GKE\menu.c:152:Warning [2054] suspicious pointer conversion
C:\Flight\Code\UAVX-GKE\menu.c:154:Warning [2054] suspicious pointer conversion
C:\Flight\Code\UAVX-GKE\menu.c:155:Warning [2054] suspicious pointer conversion
C:\Flight\Code\UAVX-GKE\menu.c:156:Warning [2054] suspicious pointer conversion
C:\Flight\Code\UAVX-GKE\menu.c:157:Warning [2054] suspicious pointer conversion
C:\Flight\Code\UAVX-GKE\menu.c:164:Warning [2054] suspicious pointer conversion
C:\Flight\Code\UAVX-GKE\menu.c:166:Warning [2054] suspicious pointer conversion
C:\Flight\Code\UAVX-GKE\menu.c:167:Warning [2054] suspicious pointer conversion
C:\Flight\Code\UAVX-GKE\menu.c:177:Warning [2054] suspicious pointer conversion
C:\Flight\Code\UAVX-GKE\menu.c:180:Warning [2054] suspicious pointer conversion
C:\Flight\Code\UAVX-GKE\menu.c:181:Warning [2054] suspicious pointer conversion
C:\Flight\Code\UAVX-GKE\menu.c:182:Warning [2054] suspicious pointer conversion
C:\Flight\Code\UAVX-GKE\menu.c:183:Warning [2054] suspicious pointer conversion
C:\Flight\Code\UAVX-GKE\menu.c:184:Warning [2054] suspicious pointer conversion
C:\Flight\Code\UAVX-GKE\menu.c:185:Warning [2054] suspicious pointer conversion
C:\Flight\Code\UAVX-GKE\menu.c:186:Warning [2054] suspicious pointer conversion
C:\Flight\Code\UAVX-GKE\menu.c:187:Warning [2054] suspicious pointer conversion
C:\Flight\Code\UAVX-GKE\menu.c:188:Warning [2054] suspicious pointer conversion
C:\Flight\Code\UAVX-GKE\menu.c:189:Warning [2054] suspicious pointer conversion
C:\Flight\Code\UAVX-GKE\menu.c:190:Warning [2054] suspicious pointer conversion
C:\Flight\Code\UAVX-GKE\menu.c:191:Warning [2054] suspicious pointer conversion
C:\Flight\Code\UAVX-GKE\menu.c:192:Warning [2054] suspicious pointer conversion
C:\Flight\Code\UAVX-GKE\menu.c:193:Warning [2054] suspicious pointer conversion
C:\Flight\Code\UAVX-GKE\menu.c:194:Warning [2054] suspicious pointer conversion
C:\Flight\Code\UAVX-GKE\menu.c:195:Warning [2054] suspicious pointer conversion
C:\Flight\Code\UAVX-GKE\menu.c:196:Warning [2054] suspicious pointer conversion
C:\Flight\Code\UAVX-GKE\menu.c:210:Warning [2054] suspicious pointer conversion
C:\Flight\Code\UAVX-GKE\menu.c:220:Warning [2054] suspicious pointer conversion
C:\Flight\Code\UAVX-GKE\menu.c:222:Warning [2054] suspicious pointer conversion
C:\Flight\Code\UAVX-GKE\menu.c:224:Warning [2054] suspicious pointer conversion
C:\Flight\Code\UAVX-GKE\menu.c:227:Warning [2054] suspicious pointer conversion
C:\Flight\Code\UAVX-GKE\menu.c:231:Warning [2054] suspicious pointer conversion
C:\Flight\Code\UAVX-GKE\menu.c:233:Warning [2054] suspicious pointer conversion
C:\Flight\Code\UAVX-GKE\menu.c:235:Warning [2054] suspicious pointer conversion
C:\Flight\Code\UAVX-GKE\menu.c:238:Warning [2054] suspicious pointer conversion
C:\Flight\Code\UAVX-GKE\menu.c:240:Warning [2054] suspicious pointer conversion
C:\Flight\Code\UAVX-GKE\menu.c:243:Warning [2054] suspicious pointer conversion
C:\Flight\Code\UAVX-GKE\menu.c:245:Warning [2054] suspicious pointer conversion
C:\Flight\Code\UAVX-GKE\menu.c:247:Warning [2054] suspicious pointer conversion
C:\Flight\Code\UAVX-GKE\menu.c:249:Warning [2054] suspicious pointer conversion
C:\Flight\Code\UAVX-GKE\menu.c:255:Warning [2054] suspicious pointer conversion
C:\Flight\Code\UAVX-GKE\menu.c:258:Warning [2054] suspicious pointer conversion
C:\Flight\Code\UAVX-GKE\menu.c:260:Warning [2054] suspicious pointer conversion
C:\Flight\Code\UAVX-GKE\menu.c:263:Warning [2054] suspicious pointer conversion
C:\Flight\Code\UAVX-GKE\menu.c:266:Warning [2054] suspicious pointer conversion
C:\Flight\Code\UAVX-GKE\menu.c:269:Warning [2054] suspicious pointer conversion
C:\Flight\Code\UAVX-GKE\menu.c:272:Warning [2054] suspicious pointer conversion
C:\Flight\Code\UAVX-GKE\menu.c:275:Warning [2054] suspicious pointer conversion
C:\Flight\Code\UAVX-GKE\menu.c:277:Warning [2054] suspicious pointer conversion
C:\Flight\Code\UAVX-GKE\menu.c:280:Warning [2054] suspicious pointer conversion
C:\Flight\Code\UAVX-GKE\menu.c:283:Warning [2054] suspicious pointer conversion
C:\Flight\Code\UAVX-GKE\menu.c:300:Warning [2058] call of function without prototype
C:\Flight\Code\UAVX-GKE\menu.c:301:Warning [2058] call of function without prototype
C:\Flight\Code\UAVX-GKE\menu.c:319:Warning [2054] suspicious pointer conversion
C:\Flight\Code\UAVX-GKE\menu.c:324:Warning [2054] suspicious pointer conversion
C:\Flight\Code\UAVX-GKE\menu.c:326:Warning [2054] suspicious pointer conversion
C:\Flight\Code\UAVX-GKE\menu.c:334:Warning [2054] suspicious pointer conversion
C:\Flight\Code\UAVX-GKE\menu.c:343:Warning [2054] suspicious pointer conversion
C:\Flight\Code\UAVX-GKE\menu.c:366:Warning [2054] suspicious pointer conversion
C:\Flight\Code\UAVX-GKE\menu.c:369:Warning [2054] suspicious pointer conversion
C:\Flight\Code\UAVX-GKE\menu.c:372:Warning [2054] suspicious pointer conversion
C:\Flight\Code\UAVX-GKE\menu.c:390:Warning [2054] suspicious pointer conversion
C:\Flight\Code\UAVX-GKE\menu.c:391:Warning [2054] suspicious pointer conversion
C:\Flight\Code\UAVX-GKE\menu.c:392:Warning [2054] suspicious pointer conversion
C:\Flight\Code\UAVX-GKE\menu.c:393:Warning [2054] suspicious pointer conversion
C:\Flight\Code\UAVX-GKE\menu.c:394:Warning [2054] suspicious pointer conversion
C:\Flight\Code\UAVX-GKE\menu.c:395:Warning [2054] suspicious pointer conversion
C:\Flight\Code\UAVX-GKE\menu.c:396:Warning [2054] suspicious pointer conversion
C:\Flight\Code\UAVX-GKE\baro.c:561:Warning [2054] suspicious pointer conversion
C:\Flight\Code\UAVX-GKE\baro.c:562:Warning [2054] suspicious pointer conversion
C:\Flight\Code\UAVX-GKE\baro.c:563:Warning [2054] suspicious pointer conversion
C:\Flight\Code\UAVX-GKE\baro.c:564:Warning [2054] suspicious pointer conversion
C:\Flight\Code\UAVX-GKE\gyro.c:134:Warning [2054] suspicious pointer conversion
C:\Flight\Code\UAVX-GKE\gyro.c:137:Warning [2054] suspicious pointer conversion
C:\Flight\Code\UAVX-GKE\gyro.c:140:Warning [2054] suspicious pointer conversion
C:\Flight\Code\UAVX-GKE\gyro.c:143:Warning [2054] suspicious pointer conversion
C:\Flight\Code\UAVX-GKE\gyro.c:146:Warning [2054] suspicious pointer conversion
C:\Flight\Code\UAVX-GKE\gyro.c:149:Warning [2054] suspicious pointer conversion
C:\Flight\Code\UAVX-GKE\gyro.c:152:Warning [2054] suspicious pointer conversion
C:\Flight\Code\UAVX-GKE\gyro.c:155:Warning [2054] suspicious pointer conversion
C:\Flight\Code\UAVX-GKE\tests.c:187:Warning [2054] suspicious pointer conversion
C:\Flight\Code\UAVX-GKE\tests.c:191:Warning [2054] suspicious pointer conversion
C:\Flight\Code\UAVX-GKE\tests.c:193:Warning [2054] suspicious pointer conversion
C:\Flight\Code\UAVX-GKE\outputs.c:256:Error [1020] unexpected input following '#endif'
MPLINK 4.37, Linker
Copyright (c) 1998-2010 Microchip Technology Inc.
Error - Error reading object file 'outputs.o'
Errors    : 1

C:\Flight\Code\UAVX-GKE\stats.c:79:Warning [2054] suspicious pointer conversion
C:\Flight\Code\UAVX-GKE\stats.c:83:Warning [2054] suspicious pointer conversion
C:\Flight\Code\UAVX-GKE\stats.c:86:Warning [2054] suspicious pointer conversion
C:\Flight\Code\UAVX-GKE\stats.c:87:Warning [2054] suspicious pointer conversion
C:\Flight\Code\UAVX-GKE\stats.c:88:Warning [2054] suspicious pointer conversion
C:\Flight\Code\UAVX-GKE\stats.c:89:Warning [2054] suspicious pointer conversion
C:\Flight\Code\UAVX-GKE\stats.c:90:Warning [2054] suspicious pointer conversion
C:\Flight\Code\UAVX-GKE\stats.c:91:Warning [2054] suspicious pointer conversion
C:\Flight\Code\UAVX-GKE\stats.c:92:Warning [2054] suspicious pointer conversion
C:\Flight\Code\UAVX-GKE\stats.c:95:Warning [2054] suspicious pointer conversion
C:\Flight\Code\UAVX-GKE\stats.c:97:Warning [2054] suspicious pointer conversion
C:\Flight\Code\UAVX-GKE\stats.c:98:Warning [2054] suspicious pointer conversion
C:\Flight\Code\UAVX-GKE\stats.c:100:Warning [2054] suspicious pointer conversion
C:\Flight\Code\UAVX-GKE\stats.c:101:Warning [2054] suspicious pointer conversion
C:\Flight\Code\UAVX-GKE\stats.c:101:Warning [2054] suspicious pointer conversion
C:\Flight\Code\UAVX-GKE\stats.c:104:Warning [2054] suspicious pointer conversion
C:\Flight\Code\UAVX-GKE\stats.c:105:Warning [2054] suspicious pointer conversion
C:\Flight\Code\UAVX-GKE\stats.c:110:Warning [2054] suspicious pointer conversion
C:\Flight\Code\UAVX-GKE\stats.c:111:Warning [2054] suspicious pointer conversion
C:\Flight\Code\UAVX-GKE\stats.c:114:Warning [2054] suspicious pointer conversion
C:\Flight\Code\UAVX-GKE\stats.c:115:Warning [2054] suspicious pointer conversion
C:\Flight\Code\UAVX-GKE\stats.c:115:Warning [2054] suspicious pointer conversion
C:\Flight\Code\UAVX-GKE\stats.c:117:Warning [2054] suspicious pointer conversion
C:\Flight\Code\UAVX-GKE\stats.c:117:Warning [2054] suspicious pointer conversion
C:\Flight\Code\UAVX-GKE\stats.c:122:Warning [2054] suspicious pointer conversion
C:\Flight\Code\UAVX-GKE\stats.c:128:Warning [2054] suspicious pointer conversion
C:\Flight\Code\UAVX-GKE\stats.c:133:Warning [2054] suspicious pointer conversion
C:\Flight\Code\UAVX-GKE\stats.c:135:Warning [2054] suspicious pointer conversion
C:\Flight\Code\UAVX-GKE\params.c:179:Warning [2054] suspicious pointer conversion
C:\Flight\Code\UAVX-GKE\params.c:180:Warning [2054] suspicious pointer conversion
C:\Flight\Code\UAVX-GKE\accel.c:55:Warning [2054] suspicious pointer conversion
C:\Flight\Code\UAVX-GKE\accel.c:58:Warning [2054] suspicious pointer conversion
C:\Flight\Code\UAVX-GKE\accel.c:61:Warning [2054] suspicious pointer conversion
C:\Flight\Code\UAVX-GKE\accel.c:205:Warning [2054] suspicious pointer conversion
C:\Flight\Code\UAVX-GKE\accel.c:431:Message [3004] comparison of a signed integer to an unsigned integer detected
C:\Flight\Code\UAVX-GKE\irq.c:259:Message [3004] comparison of a signed integer to an unsigned integer detected
C:\Flight\Code\UAVX-GKE\menu.c:78:Warning [2054] suspicious pointer conversion
C:\Flight\Code\UAVX-GKE\menu.c:85:Warning [2054] suspicious pointer conversion
C:\Flight\Code\UAVX-GKE\menu.c:87:Warning [2054] suspicious pointer conversion
C:\Flight\Code\UAVX-GKE\menu.c:89:Warning [2054] suspicious pointer conversion
C:\Flight\Code\UAVX-GKE\menu.c:107:Warning [2054] suspicious pointer conversion
C:\Flight\Code\UAVX-GKE\menu.c:112:Warning [2054] suspicious pointer conversion
C:\Flight\Code\UAVX-GKE\menu.c:114:Warning [2054] suspicious pointer conversion
C:\Flight\Code\UAVX-GKE\menu.c:115:Warning [2054] suspicious pointer conversion
C:\Flight\Code\UAVX-GKE\menu.c:116:Warning [2054] suspicious pointer conversion
C:\Flight\Code\UAVX-GKE\menu.c:117:Warning [2054] suspicious pointer conversion
C:\Flight\Code\UAVX-GKE\menu.c:118:Warning [2054] suspicious pointer conversion
C:\Flight\Code\UAVX-GKE\menu.c:119:Warning [2054] suspicious pointer conversion
C:\Flight\Code\UAVX-GKE\menu.c:120:Warning [2054] suspicious pointer conversion
C:\Flight\Code\UAVX-GKE\menu.c:121:Warning [2054] suspicious pointer conversion
C:\Flight\Code\UAVX-GKE\menu.c:127:Warning [2054] suspicious pointer conversion
C:\Flight\Code\UAVX-GKE\menu.c:129:Warning [2054] suspicious pointer conversion
C:\Flight\Code\UAVX-GKE\menu.c:132:Warning [2054] suspicious pointer conversion
C:\Flight\Code\UAVX-GKE\menu.c:136:Warning [2054] suspicious pointer conversion
C:\Flight\Code\UAVX-GKE\menu.c:138:Warning [2054] suspicious pointer conversion
C:\Flight\Code\UAVX-GKE\menu.c:141:Warning [2054] suspicious pointer conversion
C:\Flight\Code\UAVX-GKE\menu.c:144:Warning [2054] suspicious pointer conversion
C:\Flight\Code\UAVX-GKE\menu.c:146:Warning [2054] suspicious pointer conversion
C:\Flight\Code\UAVX-GKE\menu.c:148:Warning [2054] suspicious pointer conversion
C:\Flight\Code\UAVX-GKE\menu.c:152:Warning [2054] suspicious pointer conversion
C:\Flight\Code\UAVX-GKE\menu.c:154:Warning [2054] suspicious pointer conversion
C:\Flight\Code\UAVX-GKE\menu.c:155:Warning [2054] suspicious pointer conversion
C:\Flight\Code\UAVX-GKE\menu.c:156:Warning [2054] suspicious pointer conversion
C:\Flight\Code\UAVX-GKE\menu.c:157:Warning [2054] suspicious pointer conversion
C:\Flight\Code\UAVX-GKE\menu.c:164:Warning [2054] suspicious pointer conversion
C:\Flight\Code\UAVX-GKE\menu.c:166:Warning [2054] suspicious pointer conversion
C:\Flight\Code\UAVX-GKE\menu.c:167:Warning [2054] suspicious pointer conversion
C:\Flight\Code\UAVX-GKE\menu.c:172:Warning [2054] suspicious pointer conversion
C:\Flight\Code\UAVX-GKE\menu.c:177:Warning [2054] suspicious pointer conversion
C:\Flight\Code\UAVX-GKE\menu.c:180:Warning [2054] suspicious pointer conversion
C:\Flight\Code\UAVX-GKE\menu.c:181:Warning [2054] suspicious pointer conversion
C:\Flight\Code\UAVX-GKE\menu.c:182:Warning [2054] suspicious pointer conversion
C:\Flight\Code\UAVX-GKE\menu.c:183:Warning [2054] suspicious pointer conversion
C:\Flight\Code\UAVX-GKE\menu.c:184:Warning [2054] suspicious pointer conversion
C:\Flight\Code\UAVX-GKE\menu.c:185:Warning [2054] suspicious pointer conversion
C:\Flight\Code\UAVX-GKE\menu.c:186:Warning [2054] suspicious pointer conversion
C:\Flight\Code\UAVX-GKE\menu.c:187:Warning [2054] suspicious pointer conversion
C:\Flight\Code\UAVX-GKE\menu.c:188:Warning [2054] suspicious pointer conversion
C:\Flight\Code\UAVX-GKE\menu.c:189:Warning [2054] suspicious pointer conversion
C:\Flight\Code\UAVX-GKE\menu.c:190:Warning [2054] suspicious pointer conversion
C:\Flight\Code\UAVX-GKE\menu.c:191:Warning [2054] suspicious pointer conversion
C:\Flight\Code\UAVX-GKE\menu.c:192:Warning [2054] suspicious pointer conversion
C:\Flight\Code\UAVX-GKE\menu.c:193:Warning [2054] suspicious pointer conversion
C:\Flight\Code\UAVX-GKE\menu.c:194:Warning [2054] suspicious pointer conversion
C:\Flight\Code\UAVX-GKE\menu.c:195:Warning [2054] suspicious pointer conversion
C:\Flight\Code\UAVX-GKE\menu.c:196:Warning [2054] suspicious pointer conversion
C:\Flight\Code\UAVX-GKE\menu.c:210:Warning [2054] suspicious pointer conversion
C:\Flight\Code\UAVX-GKE\menu.c:220:Warning [2054] suspicious pointer conversion
C:\Flight\Code\UAVX-GKE\menu.c:222:Warning [2054] suspicious pointer conversion
C:\Flight\Code\UAVX-GKE\menu.c:224:Warning [2054] suspicious pointer conversion
C:\Flight\Code\UAVX-GKE\menu.c:227:Warning [2054] suspicious pointer conversion
C:\Flight\Code\UAVX-GKE\menu.c:231:Warning [2054] suspicious pointer conversion
C:\Flight\Code\UAVX-GKE\menu.c:233:Warning [2054] suspicious pointer conversion
C:\Flight\Code\UAVX-GKE\menu.c:235:Warning [2054] suspicious pointer conversion
C:\Flight\Code\UAVX-GKE\menu.c:238:Warning [2054] suspicious pointer conversion
C:\Flight\Code\UAVX-GKE\menu.c:240:Warning [2054] suspicious pointer conversion
C:\Flight\Code\UAVX-GKE\menu.c:243:Warning [2054] suspicious pointer conversion
C:\Flight\Code\UAVX-GKE\menu.c:245:Warning [2054] suspicious pointer conversion
C:\Flight\Code\UAVX-GKE\menu.c:247:Warning [2054] suspicious pointer conversion
C:\Flight\Code\UAVX-GKE\menu.c:249:Warning [2054] suspicious pointer conversion
C:\Flight\Code\UAVX-GKE\menu.c:255:Warning [2054] suspicious pointer conversion
C:\Flight\Code\UAVX-GKE\menu.c:258:Warning [2054] suspicious pointer conversion
C:\Flight\Code\UAVX-GKE\menu.c:260:Warning [2054] suspicious pointer conversion
C:\Flight\Code\UAVX-GKE\menu.c:263:Warning [2054] suspicious pointer conversion
C:\Flight\Code\UAVX-GKE\menu.c:266:Warning [2054] suspicious pointer conversion
C:\Flight\Code\UAVX-GKE\menu.c:269:Warning [2054] suspicious pointer conversion
C:\Flight\Code\UAVX-GKE\menu.c:272:Warning [2054] suspicious pointer conversion
C:\Flight\Code\UAVX-GKE\menu.c:275:Warning [2054] suspicious pointer conversion
C:\Flight\Code\UAVX-GKE\menu.c:277:Warning [2054] suspicious pointer conversion
C:\Flight\Code\UAVX-GKE\menu.c:280:Warning [2054] suspicious pointer conversion
C:\Flight\Code\UAVX-GKE\menu.c:283:Warning [2054] suspicious pointer conversion
C:\Flight\Code\UAVX-GKE\menu.c:300:Warning [2058] call of function without prototype
C:\Flight\Code\UAVX-GKE\menu.c:301:Warning [2058] call of function without prototype
C:\Flight\Code\UAVX-GKE\menu.c:319:Warning [2054] suspicious pointer conversion
C:\Flight\Code\UAVX-GKE\menu.c:324:Warning [2054] suspicious pointer conversion
C:\Flight\Code\UAVX-GKE\menu.c:326:Warning [2054] suspicious pointer conversion
C:\Flight\Code\UAVX-GKE\menu.c:334:Warning [2054] suspicious pointer conversion
C:\Flight\Code\UAVX-GKE\menu.c:343:Warning [2054] suspicious pointer conversion
C:\Flight\Code\UAVX-GKE\menu.c:366:Warning [2054] suspicious pointer conversion
C:\Flight\Code\UAVX-GKE\menu.c:369:Warning [2054] suspicious pointer conversion
C:\Flight\Code\UAVX-GKE\menu.c:372:Warning [2054] suspicious pointer conversion
C:\Flight\Code\UAVX-GKE\menu.c:390:Warning [2054] suspicious pointer conversion
C:\Flight\Code\UAVX-GKE\menu.c:391:Warning [2054] suspicious pointer conversion
C:\Flight\Code\UAVX-GKE\menu.c:392:Warning [2054] suspicious pointer conversion
C:\Flight\Code\UAVX-GKE\menu.c:393:Warning [2054] suspicious pointer conversion
C:\Flight\Code\UAVX-GKE\menu.c:394:Warning [2054] suspicious pointer conversion
C:\Flight\Code\UAVX-GKE\menu.c:395:Warning [2054] suspicious pointer conversion
C:\Flight\Code\UAVX-GKE\menu.c:396:Warning [2054] suspicious pointer conversion
C:\Flight\Code\UAVX-GKE\baro.c:561:Warning [2054] suspicious pointer conversion
C:\Flight\Code\UAVX-GKE\baro.c:562:Warning [2054] suspicious pointer conversion
C:\Flight\Code\UAVX-GKE\baro.c:563:Warning [2054] suspicious pointer conversion
C:\Flight\Code\UAVX-GKE\baro.c:564:Warning [2054] suspicious pointer conversion
C:\Flight\Code\UAVX-GKE\gyro.c:134:Warning [2054] suspicious pointer conversion
C:\Flight\Code\UAVX-GKE\gyro.c:137:Warning [2054] suspicious pointer conversion
C:\Flight\Code\UAVX-GKE\gyro.c:140:Warning [2054] suspicious pointer conversion
C:\Flight\Code\UAVX-GKE\gyro.c:143:Warning [2054] suspicious pointer conversion
C:\Flight\Code\UAVX-GKE\gyro.c:146:Warning [2054] suspicious pointer conversion
C:\Flight\Code\UAVX-GKE\gyro.c:149:Warning [2054] suspicious pointer conversion
C:\Flight\Code\UAVX-GKE\gyro.c:152:Warning [2054] suspicious pointer conversion
C:\Flight\Code\UAVX-GKE\gyro.c:155:Warning [2054] suspicious pointer conversion
C:\Flight\Code\UAVX-GKE\tests.c:187:Warning [2054] suspicious pointer conversion
C:\Flight\Code\UAVX-GKE\tests.c:191:Warning [2054] suspicious pointer conversion
C:\Flight\Code\UAVX-GKE\tests.c:193:Warning [2054] suspicious pointer conversion
C:\Flight\Code\UAVX-GKE\outputs.c:344:Warning [2054] suspicious pointer conversion
MPLINK 4.37, Linker
Copyright (c) 1998-2010 Microchip Technology Inc.
Errors    : 0

MP2HEX 4.37, COFF to HEX File Converter
Copyright (c) 1998-2010 Microchip Technology Inc.
Errors    : 0

C:\Flight\Code\UAVX-GKE\stats.c:79:Warning [2054] suspicious pointer conversion
C:\Flight\Code\UAVX-GKE\stats.c:83:Warning [2054] suspicious pointer conversion
C:\Flight\Code\UAVX-GKE\stats.c:86:Warning [2054] suspicious pointer conversion
C:\Flight\Code\UAVX-GKE\stats.c:87:Warning [2054] suspicious pointer conversion
C:\Flight\Code\UAVX-GKE\stats.c:88:Warning [2054] suspicious pointer conversion
C:\Flight\Code\UAVX-GKE\stats.c:89:Warning [2054] suspicious pointer conversion
C:\Flight\Code\UAVX-GKE\stats.c:90:Warning [2054] suspicious pointer conversion
C:\Flight\Code\UAVX-GKE\stats.c:91:Warning [2054] suspicious pointer conversion
C:\Flight\Code\UAVX-GKE\stats.c:92:Warning [2054] suspicious pointer conversion
C:\Flight\Code\UAVX-GKE\stats.c:95:Warning [2054] suspicious pointer conversion
C:\Flight\Code\UAVX-GKE\stats.c:97:Warning [2054] suspicious pointer conversion
C:\Flight\Code\UAVX-GKE\stats.c:98:Warning [2054] suspicious pointer conversion
C:\Flight\Code\UAVX-GKE\stats.c:100:Warning [2054] suspicious pointer conversion
C:\Flight\Code\UAVX-GKE\stats.c:101:Warning [2054] suspicious pointer conversion
C:\Flight\Code\UAVX-GKE\stats.c:101:Warning [2054] suspicious pointer conversion
C:\Flight\Code\UAVX-GKE\stats.c:104:Warning [2054] suspicious pointer conversion
C:\Flight\Code\UAVX-GKE\stats.c:105:Warning [2054] suspicious pointer conversion
C:\Flight\Code\UAVX-GKE\stats.c:110:Warning [2054] suspicious pointer conversion
C:\Flight\Code\UAVX-GKE\stats.c:111:Warning [2054] suspicious pointer conversion
C:\Flight\Code\UAVX-GKE\stats.c:114:Warning [2054] suspicious pointer conversion
C:\Flight\Code\UAVX-GKE\stats.c:115:Warning [2054] suspicious pointer conversion
C:\Flight\Code\UAVX-GKE\stats.c:115:Warning [2054] suspicious pointer conversion
C:\Flight\Code\UAVX-GKE\stats.c:117:Warning [2054] suspicious pointer conversion
C:\Flight\Code\UAVX-GKE\stats.c:117:Warning [2054] suspicious pointer conversion
C:\Flight\Code\UAVX-GKE\stats.c:122:Warning [2054] suspicious pointer conversion
C:\Flight\Code\UAVX-GKE\stats.c:128:Warning [2054] suspicious pointer conversion
C:\Flight\Code\UAVX-GKE\stats.c:133:Warning [2054] suspicious pointer conversion
C:\Flight\Code\UAVX-GKE\stats.c:135:Warning [2054] suspicious pointer conversion
C:\Flight\Code\UAVX-GKE\params.c:179:Warning [2054] suspicious pointer conversion
C:\Flight\Code\UAVX-GKE\params.c:180:Warning [2054] suspicious pointer conversion
C:\Flight\Code\UAVX-GKE\accel.c:55:Warning [2054] suspicious pointer conversion
C:\Flight\Code\UAVX-GKE\accel.c:58:Warning [2054] suspicious pointer conversion
C:\Flight\Code\UAVX-GKE\accel.c:61:Warning [2054] suspicious pointer conversion
C:\Flight\Code\UAVX-GKE\accel.c:205:Warning [2054] suspicious pointer conversion
C:\Flight\Code\UAVX-GKE\accel.c:431:Message [3004] comparison of a signed integer to an unsigned integer detected
C:\Flight\Code\UAVX-GKE\irq.c:259:Message [3004] comparison of a signed integer to an unsigned integer detected
C:\Flight\Code\UAVX-GKE\menu.c:78:Warning [2054] suspicious pointer conversion
C:\Flight\Code\UAVX-GKE\menu.c:85:Warning [2054] suspicious pointer conversion
C:\Flight\Code\UAVX-GKE\menu.c:87:Warning [2054] suspicious pointer conversion
C:\Flight\Code\UAVX-GKE\menu.c:89:Warning [2054] suspicious pointer conversion
C:\Flight\Code\UAVX-GKE\menu.c:107:Warning [2054] suspicious pointer conversion
C:\Flight\Code\UAVX-GKE\menu.c:112:Warning [2054] suspicious pointer conversion
C:\Flight\Code\UAVX-GKE\menu.c:114:Warning [2054] suspicious pointer conversion
C:\Flight\Code\UAVX-GKE\menu.c:115:Warning [2054] suspicious pointer conversion
C:\Flight\Code\UAVX-GKE\menu.c:116:Warning [2054] suspicious pointer conversion
C:\Flight\Code\UAVX-GKE\menu.c:117:Warning [2054] suspicious pointer conversion
C:\Flight\Code\UAVX-GKE\menu.c:118:Warning [2054] suspicious pointer conversion
C:\Flight\Code\UAVX-GKE\menu.c:119:Warning [2054] suspicious pointer conversion
C:\Flight\Code\UAVX-GKE\menu.c:120:Warning [2054] suspicious pointer conversion
C:\Flight\Code\UAVX-GKE\menu.c:121:Warning [2054] suspicious pointer conversion
C:\Flight\Code\UAVX-GKE\menu.c:127:Warning [2054] suspicious pointer conversion
C:\Flight\Code\UAVX-GKE\menu.c:129:Warning [2054] suspicious pointer conversion
C:\Flight\Code\UAVX-GKE\menu.c:132:Warning [2054] suspicious pointer conversion
C:\Flight\Code\UAVX-GKE\menu.c:136:Warning [2054] suspicious pointer conversion
C:\Flight\Code\UAVX-GKE\menu.c:138:Warning [2054] suspicious pointer conversion
C:\Flight\Code\UAVX-GKE\menu.c:141:Warning [2054] suspicious pointer conversion
C:\Flight\Code\UAVX-GKE\menu.c:144:Warning [2054] suspicious pointer conversion
C:\Flight\Code\UAVX-GKE\menu.c:146:Warning [2054] suspicious pointer conversion
C:\Flight\Code\UAVX-GKE\menu.c:148:Warning [2054] suspicious pointer conversion
C:\Flight\Code\UAVX-GKE\menu.c:152:Warning [2054] suspicious pointer conversion
C:\Flight\Code\UAVX-GKE\menu.c:154:Warning [2054] suspicious pointer conversion
C:\Flight\Code\UAVX-GKE\menu.c:155:Warning [2054] suspicious pointer conversion
C:\Flight\Code\UAVX-GKE\menu.c:156:Warning [2054] suspicious pointer conversion
C:\Flight\Code\UAVX-GKE\menu.c:157:Warning [2054] suspicious pointer conversion
C:\Flight\Code\UAVX-GKE\menu.c:164:Warning [2054] suspicious pointer conversion
C:\Flight\Code\UAVX-GKE\menu.c:166:Warning [2054] suspicious pointer conversion
C:\Flight\Code\UAVX-GKE\menu.c:167:Warning [2054] suspicious pointer conversion
C:\Flight\Code\UAVX-GKE\menu.c:172:Warning [2054] suspicious pointer conversion
C:\Flight\Code\UAVX-GKE\menu.c:177:Warning [2054] suspicious pointer conversion
C:\Flight\Code\UAVX-GKE\menu.c:180:Warning [2054] suspicious pointer conversion
C:\Flight\Code\UAVX-GKE\menu.c:181:Warning [2054] suspicious pointer conversion
C:\Flight\Code\UAVX-GKE\menu.c:182:Warning [2054] suspicious pointer conversion
C:\Flight\Code\UAVX-GKE\menu.c:183:Warning [2054] suspicious pointer conversion
C:\Flight\Code\UAVX-GKE\menu.c:184:Warning [2054] suspicious pointer conversion
C:\Flight\Code\UAVX-GKE\menu.c:185:Warning [2054] suspicious pointer conversion
C:\Flight\Code\UAVX-GKE\menu.c:186:Warning [2054] suspicious pointer conversion
C:\Flight\Code\UAVX-GKE\menu.c:187:Warning [2054] suspicious pointer conversion
C:\Flight\Code\UAVX-GKE\menu.c:188:Warning [2054] suspicious pointer conversion
C:\Flight\Code\UAVX-GKE\menu.c:189:Warning [2054] suspicious pointer conversion
C:\Flight\Code\UAVX-GKE\menu.c:190:Warning [2054] suspicious pointer conversion
C:\Flight\Code\UAVX-GKE\menu.c:191:Warning [2054] suspicious pointer conversion
C:\Flight\Code\UAVX-GKE\menu.c:192:Warning [2054] suspicious pointer conversion
C:\Flight\Code\UAVX-GKE\menu.c:193:Warning [2054] suspicious pointer conversion
C:\Flight\Code\UAVX-GKE\menu.c:194:Warning [2054] suspicious pointer conversion
C:\Flight\Code\UAVX-GKE\menu.c:195:Warning [2054] suspicious pointer conversion
C:\Flight\Code\UAVX-GKE\menu.c:196:Warning [2054] suspicious pointer conversion
C:\Flight\Code\UAVX-GKE\menu.c:210:Warning [2054] suspicious pointer conversion
C:\Flight\Code\UAVX-GKE\menu.c:220:Warning [2054] suspicious pointer conversion
C:\Flight\Code\UAVX-GKE\menu.c:222:Warning [2054] suspicious pointer conversion
C:\Flight\Code\UAVX-GKE\menu.c:224:Warning [2054] suspicious pointer conversion
C:\Flight\Code\UAVX-GKE\menu.c:227:Warning [2054] suspicious pointer conversion
C:\Flight\Code\UAVX-GKE\menu.c:231:Warning [2054] suspicious pointer conversion
C:\Flight\Code\UAVX-GKE\menu.c:233:Warning [2054] suspicious pointer conversion
C:\Flight\Code\UAVX-GKE\menu.c:235:Warning [2054] suspicious pointer conversion
C:\Flight\Code\UAVX-GKE\menu.c:238:Warning [2054] suspicious pointer conversion
C:\Flight\Code\UAVX-GKE\menu.c:240:Warning [2054] suspicious pointer conversion
C:\Flight\Code\UAVX-GKE\menu.c:243:Warning [2054] suspicious pointer conversion
C:\Flight\Code\UAVX-GKE\menu.c:245:Warning [2054] suspicious pointer conversion
C:\Flight\Code\UAVX-GKE\menu.c:247:Warning [2054] suspicious pointer conversion
C:\Flight\Code\UAVX-GKE\menu.c:249:Warning [2054] suspicious pointer conversion
C:\Flight\Code\UAVX-GKE\menu.c:255:Warning [2054] suspicious pointer conversion
C:\Flight\Code\UAVX-GKE\menu.c:258:Warning [2054] suspicious pointer conversion
C:\Flight\Code\UAVX-GKE\menu.c:260:Warning [2054] suspicious pointer conversion
C:\Flight\Code\UAVX-GKE\menu.c:263:Warning [2054] suspicious pointer conversion
C:\Flight\Code\UAVX-GKE\menu.c:266:Warning [2054] suspicious pointer conversion
C:\Flight\Code\UAVX-GKE\menu.c:269:Warning [2054] suspicious pointer conversion
C:\Flight\Code\UAVX-GKE\menu.c:272:Warning [2054] suspicious pointer conversion
C:\Flight\Code\UAVX-GKE\menu.c:275:Warning [2054] suspicious pointer conversion
C:\Flight\Code\UAVX-GKE\menu.c:277:Warning [2054] suspicious pointer conversion
C:\Flight\Code\UAVX-GKE\menu.c:280:Warning [2054] suspicious pointer conversion
C:\Flight\Code\UAVX-GKE\menu.c:283:Warning [2054] suspicious pointer conversion
C:\Flight\Code\UAVX-GKE\menu.c:300:Warning [2058] call of function without prototype
C:\Flight\Code\UAVX-GKE\menu.c:301:Warning [2058] call of function without prototype
C:\Flight\Code\UAVX-GKE\menu.c:319:Warning [2054] suspicious pointer conversion
C:\Flight\Code\UAVX-GKE\menu.c:324:Warning [2054] suspicious pointer conversion
C:\Flight\Code\UAVX-GKE\menu.c:326:Warning [2054] suspicious pointer conversion
C:\Flight\Code\UAVX-GKE\menu.c:334:Warning [2054] suspicious pointer conversion
C:\Flight\Code\UAVX-GKE\menu.c:343:Warning [2054] suspicious pointer conversion
C:\Flight\Code\UAVX-GKE\menu.c:366:Warning [2054] suspicious pointer conversion
C:\Flight\Code\UAVX-GKE\menu.c:369:Warning [2054] suspicious pointer conversion
C:\Flight\Code\UAVX-GKE\menu.c:372:Warning [2054] suspicious pointer conversion
C:\Flight\Code\UAVX-GKE\menu.c:390:Warning [2054] suspicious pointer conversion
C:\Flight\Code\UAVX-GKE\menu.c:391:Warning [2054] suspicious pointer conversion
C:\Flight\Code\UAVX-GKE\menu.c:392:Warning [2054] suspicious pointer conversion
C:\Flight\Code\UAVX-GKE\menu.c:393:Warning [2054] suspicious pointer conversion
C:\Flight\Code\UAVX-GKE\menu.c:394:Warning [2054] suspicious pointer conversion
C:\Flight\Code\UAVX-GKE\menu.c:395:Warning [2054] suspicious pointer conversion
C:\Flight\Code\UAVX-GKE\menu.c:396:Warning [2054] suspicious pointer conversion
C:\Flight\Code\UAVX-GKE\baro.c:561:Warning [2054] suspicious pointer conversion
C:\Flight\Code\UAVX-GKE\baro.c:562:Warning [2054] suspicious pointer conversion
C:\Flight\Code\UAVX-GKE\baro.c:563:Warning [2054] suspicious pointer conversion
C:\Flight\Code\UAVX-GKE\baro.c:564:Warning [2054] suspicious pointer conversion
C:\Flight\Code\UAVX-GKE\gyro.c:134:Warning [2054] suspicious pointer conversion
C:\Flight\Code\UAVX-GKE\gyro.c:137:Warning [2054] suspicious pointer conversion
C:\Flight\Code\UAVX-GKE\gyro.c:140:Warning [2054] suspicious pointer conversion
C:\Flight\Code\UAVX-GKE\gyro.c:143:Warning [2054] suspicious pointer conversion
C:\Flight\Code\UAVX-GKE\gyro.c:146:Warning [2054] suspicious pointer conversion
C:\Flight\Code\UAVX-GKE\gyro.c:149:Warning [2054] suspicious pointer conversion
C:\Flight\Code\UAVX-GKE\gyro.c:152:Warning [2054] suspicious pointer conversion
C:\Flight\Code\UAVX-GKE\gyro.c:155:Warning [2054] suspicious pointer conversion
C:\Flight\Code\UAVX-GKE\tests.c:187:Warning [2054] suspicious pointer conversion
C:\Flight\Code\UAVX-GKE\tests.c:191:Warning [2054] suspicious pointer conversion
C:\Flight\Code\UAVX-GKE\tests.c:193:Warning [2054] suspicious pointer conversion
C:\Flight\Code\UAVX-GKE\outputs.c:344:Warning [2054] suspicious pointer conversion
MPLINK 4.37, Linker
Copyright (c) 1998-2010 Microchip Technology Inc.
