Starting makeall uavp 
MPLAB C18 v3.36 (evaluation)
Copyright 2000-2010 Microchip Technology Inc.
Days remaining until evaluation becomes feature limited:  54
MPLAB C18 v3.36 (evaluation)
Copyright 2000-2010 Microchip Technology Inc.
Days remaining until evaluation becomes feature limited:  54
C:\Flight\Code\UAVX-GKE\stats.c:79:Warning [2054] suspicious pointer conversion
C:\Flight\Code\UAVX-GKE\stats.c:83:Warning [2054] suspicious pointer conversion
C:\Flight\Code\UAVX-GKE\stats.c:86:Warning [2054] suspicious pointer conversion
C:\Flight\Code\UAVX-GKE\stats.c:87:Warning [2054] suspicious pointer conversion
C:\Flight\Code\UAVX-GKE\stats.c:88:Warning [2054] suspicious pointer conversion
C:\Flight\Code\UAVX-GKE\stats.c:89:Warning [2054] suspicious pointer conversion
C:\Flight\Code\UAVX-GKE\stats.c:90:Warning [2054] suspicious pointer conversion
C:\Flight\Code\UAVX-GKE\stats.c:91:Warning [2054] suspicious pointer conversion
C:\Flight\Code\UAVX-GKE\stats.c:92:Warning [2054] suspicious pointer conversion
C:\Flight\Code\UAVX-GKE\stats.c:95:Warning [2054] suspicious pointer conversion
C:\Flight\Code\UAVX-GKE\stats.c:97:Warning [2054] suspicious pointer conversion
C:\Flight\Code\UAVX-GKE\stats.c:98:Warning [2054] suspicious pointer conversion
C:\Flight\Code\UAVX-GKE\stats.c:100:Warning [2054] suspicious pointer conversion
C:\Flight\Code\UAVX-GKE\stats.c:101:Warning [2054] suspicious pointer conversion
C:\Flight\Code\UAVX-GKE\stats.c:101:Warning [2054] suspicious pointer conversion
C:\Flight\Code\UAVX-GKE\stats.c:104:Warning [2054] suspicious pointer conversion
C:\Flight\Code\UAVX-GKE\stats.c:105:Warning [2054] suspicious pointer conversion
C:\Flight\Code\UAVX-GKE\stats.c:110:Warning [2054] suspicious pointer conversion
C:\Flight\Code\UAVX-GKE\stats.c:111:Warning [2054] suspicious pointer conversion
C:\Flight\Code\UAVX-GKE\stats.c:114:Warning [2054] suspicious pointer conversion
C:\Flight\Code\UAVX-GKE\stats.c:115:Warning [2054] suspicious pointer conversion
C:\Flight\Code\UAVX-GKE\stats.c:115:Warning [2054] suspicious pointer conversion
C:\Flight\Code\UAVX-GKE\stats.c:117:Warning [2054] suspicious pointer conversion
C:\Flight\Code\UAVX-GKE\stats.c:117:Warning [2054] suspicious pointer conversion
C:\Flight\Code\UAVX-GKE\stats.c:122:Warning [2054] suspicious pointer conversion
C:\Flight\Code\UAVX-GKE\stats.c:128:Warning [2054] suspicious pointer conversion
C:\Flight\Code\UAVX-GKE\stats.c:133:Warning [2054] suspicious pointer conversion
C:\Flight\Code\UAVX-GKE\stats.c:135:Warning [2054] suspicious pointer conversion
MPLAB C18 v3.36 (evaluation)
Copyright 2000-2010 Microchip Technology Inc.
Days remaining until evaluation becomes feature limited:  54
MPLAB C18 v3.36 (evaluation)
Copyright 2000-2010 Microchip Technology Inc.
Days remaining until evaluation becomes feature limited:  54
MPLAB C18 v3.36 (evaluation)
Copyright 2000-2010 Microchip Technology Inc.
Days remaining until evaluation becomes feature limited:  54
C:\Flight\Code\UAVX-GKE\params.c:205:Warning [2054] suspicious pointer conversion
C:\Flight\Code\UAVX-GKE\params.c:206:Warning [2054] suspicious pointer conversion
MPLAB C18 v3.36 (evaluation)
Copyright 2000-2010 Microchip Technology Inc.
Days remaining until evaluation becomes feature limited:  54
MPLAB C18 v3.36 (evaluation)
Copyright 2000-2010 Microchip Technology Inc.
Days remaining until evaluation becomes feature limited:  54
MPLAB C18 v3.36 (evaluation)
Copyright 2000-2010 Microchip Technology Inc.
Days remaining until evaluation becomes feature limited:  54
MPLAB C18 v3.36 (evaluation)
Copyright 2000-2010 Microchip Technology Inc.
Days remaining until evaluation becomes feature limited:  54
MPLAB C18 v3.36 (evaluation)
Copyright 2000-2010 Microchip Technology Inc.
Days remaining until evaluation becomes feature limited:  54
C:\Flight\Code\UAVX-GKE\menu.c:78:Warning [2054] suspicious pointer conversion
C:\Flight\Code\UAVX-GKE\menu.c:85:Warning [2054] suspicious pointer conversion
C:\Flight\Code\UAVX-GKE\menu.c:87:Warning [2054] suspicious pointer conversion
C:\Flight\Code\UAVX-GKE\menu.c:89:Warning [2054] suspicious pointer conversion
C:\Flight\Code\UAVX-GKE\menu.c:107:Warning [2054] suspicious pointer conversion
C:\Flight\Code\UAVX-GKE\menu.c:112:Warning [2054] suspicious pointer conversion
C:\Flight\Code\UAVX-GKE\menu.c:114:Warning [2054] suspicious pointer conversion
C:\Flight\Code\UAVX-GKE\menu.c:115:Warning [2054] suspicious pointer conversion
C:\Flight\Code\UAVX-GKE\menu.c:116:Warning [2054] suspicious pointer conversion
C:\Flight\Code\UAVX-GKE\menu.c:117:Warning [2054] suspicious pointer conversion
C:\Flight\Code\UAVX-GKE\menu.c:118:Warning [2054] suspicious pointer conversion
C:\Flight\Code\UAVX-GKE\menu.c:119:Warning [2054] suspicious pointer conversion
C:\Flight\Code\UAVX-GKE\menu.c:120:Warning [2054] suspicious pointer conversion
C:\Flight\Code\UAVX-GKE\menu.c:123:Warning [2054] suspicious pointer conversion
C:\Flight\Code\UAVX-GKE\menu.c:126:Warning [2054] suspicious pointer conversion
C:\Flight\Code\UAVX-GKE\menu.c:128:Warning [2054] suspicious pointer conversion
C:\Flight\Code\UAVX-GKE\menu.c:130:Warning [2054] suspicious pointer conversion
C:\Flight\Code\UAVX-GKE\menu.c:132:Warning [2054] suspicious pointer conversion
C:\Flight\Code\UAVX-GKE\menu.c:135:Warning [2054] suspicious pointer conversion
C:\Flight\Code\UAVX-GKE\menu.c:137:Warning [2054] suspicious pointer conversion
C:\Flight\Code\UAVX-GKE\menu.c:140:Warning [2054] suspicious pointer conversion
C:\Flight\Code\UAVX-GKE\menu.c:142:Warning [2054] suspicious pointer conversion
C:\Flight\Code\UAVX-GKE\menu.c:145:Warning [2054] suspicious pointer conversion
C:\Flight\Code\UAVX-GKE\menu.c:146:Warning [2054] suspicious pointer conversion
C:\Flight\Code\UAVX-GKE\menu.c:147:Warning [2054] suspicious pointer conversion
C:\Flight\Code\UAVX-GKE\menu.c:150:Warning [2054] suspicious pointer conversion
C:\Flight\Code\UAVX-GKE\menu.c:152:Warning [2054] suspicious pointer conversion
C:\Flight\Code\UAVX-GKE\menu.c:155:Warning [2054] suspicious pointer conversion
C:\Flight\Code\UAVX-GKE\menu.c:157:Warning [2054] suspicious pointer conversion
C:\Flight\Code\UAVX-GKE\menu.c:159:Warning [2054] suspicious pointer conversion
C:\Flight\Code\UAVX-GKE\menu.c:162:Warning [2054] suspicious pointer conversion
C:\Flight\Code\UAVX-GKE\menu.c:164:Warning [2054] suspicious pointer conversion
C:\Flight\Code\UAVX-GKE\menu.c:167:Warning [2054] suspicious pointer conversion
C:\Flight\Code\UAVX-GKE\menu.c:176:Warning [2054] suspicious pointer conversion
C:\Flight\Code\UAVX-GKE\menu.c:177:Warning [2054] suspicious pointer conversion
C:\Flight\Code\UAVX-GKE\menu.c:178:Warning [2054] suspicious pointer conversion
C:\Flight\Code\UAVX-GKE\menu.c:179:Warning [2054] suspicious pointer conversion
C:\Flight\Code\UAVX-GKE\menu.c:180:Warning [2054] suspicious pointer conversion
C:\Flight\Code\UAVX-GKE\menu.c:183:Warning [2054] suspicious pointer conversion
C:\Flight\Code\UAVX-GKE\menu.c:185:Warning [2054] suspicious pointer conversion
C:\Flight\Code\UAVX-GKE\menu.c:186:Warning [2054] suspicious pointer conversion
C:\Flight\Code\UAVX-GKE\menu.c:187:Warning [2054] suspicious pointer conversion
C:\Flight\Code\UAVX-GKE\menu.c:188:Warning [2054] suspicious pointer conversion
C:\Flight\Code\UAVX-GKE\menu.c:189:Warning [2054] suspicious pointer conversion
C:\Flight\Code\UAVX-GKE\menu.c:193:Warning [2054] suspicious pointer conversion
C:\Flight\Code\UAVX-GKE\menu.c:195:Warning [2054] suspicious pointer conversion
C:\Flight\Code\UAVX-GKE\menu.c:196:Warning [2054] suspicious pointer conversion
C:\Flight\Code\UAVX-GKE\menu.c:197:Warning [2054] suspicious pointer conversion
C:\Flight\Code\UAVX-GKE\menu.c:198:Warning [2054] suspicious pointer conversion
C:\Flight\Code\UAVX-GKE\menu.c:205:Warning [2054] suspicious pointer conversion
C:\Flight\Code\UAVX-GKE\menu.c:207:Warning [2054] suspicious pointer conversion
C:\Flight\Code\UAVX-GKE\menu.c:208:Warning [2054] suspicious pointer conversion
C:\Flight\Code\UAVX-GKE\menu.c:217:Warning [2054] suspicious pointer conversion
C:\Flight\Code\UAVX-GKE\menu.c:220:Warning [2054] suspicious pointer conversion
C:\Flight\Code\UAVX-GKE\menu.c:221:Warning [2054] suspicious pointer conversion
C:\Flight\Code\UAVX-GKE\menu.c:222:Warning [2054] suspicious pointer conversion
C:\Flight\Code\UAVX-GKE\menu.c:223:Warning [2054] suspicious pointer conversion
C:\Flight\Code\UAVX-GKE\menu.c:224:Warning [2054] suspicious pointer conversion
C:\Flight\Code\UAVX-GKE\menu.c:225:Warning [2054] suspicious pointer conversion
C:\Flight\Code\UAVX-GKE\menu.c:226:Warning [2054] suspicious pointer conversion
C:\Flight\Code\UAVX-GKE\menu.c:227:Warning [2054] suspicious pointer conversion
C:\Flight\Code\UAVX-GKE\menu.c:228:Warning [2054] suspicious pointer conversion
C:\Flight\Code\UAVX-GKE\menu.c:229:Warning [2054] suspicious pointer conversion
C:\Flight\Code\UAVX-GKE\menu.c:230:Warning [2054] suspicious pointer conversion
C:\Flight\Code\UAVX-GKE\menu.c:231:Warning [2054] suspicious pointer conversion
C:\Flight\Code\UAVX-GKE\menu.c:232:Warning [2054] suspicious pointer conversion
C:\Flight\Code\UAVX-GKE\menu.c:233:Warning [2054] suspicious pointer conversion
C:\Flight\Code\UAVX-GKE\menu.c:243:Warning [2054] suspicious pointer conversion
C:\Flight\Code\UAVX-GKE\menu.c:253:Warning [2054] suspicious pointer conversion
C:\Flight\Code\UAVX-GKE\menu.c:255:Warning [2054] suspicious pointer conversion
C:\Flight\Code\UAVX-GKE\menu.c:257:Warning [2054] suspicious pointer conversion
C:\Flight\Code\UAVX-GKE\menu.c:260:Warning [2054] suspicious pointer conversion
C:\Flight\Code\UAVX-GKE\menu.c:264:Warning [2054] suspicious pointer conversion
C:\Flight\Code\UAVX-GKE\menu.c:266:Warning [2054] suspicious pointer conversion
C:\Flight\Code\UAVX-GKE\menu.c:268:Warning [2054] suspicious pointer conversion
C:\Flight\Code\UAVX-GKE\menu.c:270:Warning [2054] suspicious pointer conversion
C:\Flight\Code\UAVX-GKE\menu.c:272:Warning [2054] suspicious pointer conversion
C:\Flight\Code\UAVX-GKE\menu.c:275:Warning [2054] suspicious pointer conversion
C:\Flight\Code\UAVX-GKE\menu.c:277:Warning [2054] suspicious pointer conversion
C:\Flight\Code\UAVX-GKE\menu.c:280:Warning [2054] suspicious pointer conversion
C:\Flight\Code\UAVX-GKE\menu.c:282:Warning [2054] suspicious pointer conversion
C:\Flight\Code\UAVX-GKE\menu.c:284:Warning [2054] suspicious pointer conversion
C:\Flight\Code\UAVX-GKE\menu.c:290:Warning [2054] suspicious pointer conversion
C:\Flight\Code\UAVX-GKE\menu.c:293:Warning [2054] suspicious pointer conversion
C:\Flight\Code\UAVX-GKE\menu.c:295:Warning [2054] suspicious pointer conversion
C:\Flight\Code\UAVX-GKE\menu.c:297:Warning [2054] suspicious pointer conversion
C:\Flight\Code\UAVX-GKE\menu.c:299:Warning [2054] suspicious pointer conversion
C:\Flight\Code\UAVX-GKE\menu.c:302:Warning [2054] suspicious pointer conversion
C:\Flight\Code\UAVX-GKE\menu.c:319:Warning [2058] call of function without prototype
C:\Flight\Code\UAVX-GKE\menu.c:320:Warning [2058] call of function without prototype
C:\Flight\Code\UAVX-GKE\menu.c:334:Warning [2054] suspicious pointer conversion
C:\Flight\Code\UAVX-GKE\menu.c:339:Warning [2054] suspicious pointer conversion
C:\Flight\Code\UAVX-GKE\menu.c:341:Warning [2054] suspicious pointer conversion
C:\Flight\Code\UAVX-GKE\menu.c:349:Warning [2054] suspicious pointer conversion
C:\Flight\Code\UAVX-GKE\menu.c:358:Warning [2054] suspicious pointer conversion
C:\Flight\Code\UAVX-GKE\menu.c:381:Warning [2054] suspicious pointer conversion
C:\Flight\Code\UAVX-GKE\menu.c:384:Warning [2054] suspicious pointer conversion
C:\Flight\Code\UAVX-GKE\menu.c:387:Warning [2054] suspicious pointer conversion
C:\Flight\Code\UAVX-GKE\menu.c:393:Message [3004] comparison of a signed integer to an unsigned integer detected
C:\Flight\Code\UAVX-GKE\menu.c:405:Warning [2054] suspicious pointer conversion
C:\Flight\Code\UAVX-GKE\menu.c:406:Warning [2054] suspicious pointer conversion
C:\Flight\Code\UAVX-GKE\menu.c:407:Warning [2054] suspicious pointer conversion
C:\Flight\Code\UAVX-GKE\menu.c:408:Warning [2054] suspicious pointer conversion
C:\Flight\Code\UAVX-GKE\menu.c:409:Warning [2054] suspicious pointer conversion
C:\Flight\Code\UAVX-GKE\menu.c:410:Warning [2054] suspicious pointer conversion
C:\Flight\Code\UAVX-GKE\menu.c:411:Warning [2054] suspicious pointer conversion
MPLAB C18 v3.36 (evaluation)
Copyright 2000-2010 Microchip Technology Inc.
Days remaining until evaluation becomes feature limited:  54
MPLAB C18 v3.36 (evaluation)
Copyright 2000-2010 Microchip Technology Inc.
Days remaining until evaluation becomes feature limited:  54
MPLAB C18 v3.36 (evaluation)
Copyright 2000-2010 Microchip Technology Inc.
Days remaining until evaluation becomes feature limited:  54
MPLAB C18 v3.36 (evaluation)
Copyright 2000-2010 Microchip Technology Inc.
Days remaining until evaluation becomes feature limited:  54
MPLAB C18 v3.36 (evaluation)
Copyright 2000-2010 Microchip Technology Inc.
Days remaining until evaluation becomes feature limited:  54
C:\Flight\Code\UAVX-GKE\tests.c:176:Warning [2054] suspicious pointer conversion
C:\Flight\Code\UAVX-GKE\tests.c:180:Warning [2054] suspicious pointer conversion
C:\Flight\Code\UAVX-GKE\tests.c:182:Warning [2054] suspicious pointer conversion
MPLAB C18 v3.36 (evaluation)
Copyright 2000-2010 Microchip Technology Inc.
Days remaining until evaluation becomes feature limited:  54
MPLAB C18 v3.36 (evaluation)
Copyright 2000-2010 Microchip Technology Inc.
Days remaining until evaluation becomes feature limited:  54
MPLAB C18 v3.36 (evaluation)
Copyright 2000-2010 Microchip Technology Inc.
Days remaining until evaluation becomes feature limited:  54
MPLAB C18 v3.36 (evaluation)
Copyright 2000-2010 Microchip Technology Inc.
Days remaining until evaluation becomes feature limited:  54
MPLAB C18 v3.36 (evaluation)
Copyright 2000-2010 Microchip Technology Inc.
Days remaining until evaluation becomes feature limited:  54
MPLAB C18 v3.36 (evaluation)
Copyright 2000-2010 Microchip Technology Inc.
Days remaining until evaluation becomes feature limited:  54
MPLAB C18 v3.36 (evaluation)
Copyright 2000-2010 Microchip Technology Inc.
Days remaining until evaluation becomes feature limited:  54
MPLAB C18 v3.36 (evaluation)
Copyright 2000-2010 Microchip Technology Inc.
Days remaining until evaluation becomes feature limited:  54
MPLAB C18 v3.36 (evaluation)
Copyright 2000-2010 Microchip Technology Inc.
Days remaining until evaluation becomes feature limited:  54
MPLAB C18 v3.36 (evaluation)
Copyright 2000-2010 Microchip Technology Inc.
Days remaining until evaluation becomes feature limited:  54
MPLINK 4.37, Linker
Copyright (c) 1998-2010 Microchip Technology Inc.
Errors    : 0

MP2HEX 4.37, COFF to HEX File Converter
Copyright (c) 1998-2010 Microchip Technology Inc.
Errors    : 0

MPLAB C18 v3.36 (evaluation)
Copyright 2000-2010 Microchip Technology Inc.
Days remaining until evaluation becomes feature limited:  54
MPLAB C18 v3.36 (evaluation)
Copyright 2000-2010 Microchip Technology Inc.
Days remaining until evaluation becomes feature limited:  54
C:\Flight\Code\UAVX-GKE\stats.c:79:Warning [2054] suspicious pointer conversion
C:\Flight\Code\UAVX-GKE\stats.c:83:Warning [2054] suspicious pointer conversion
C:\Flight\Code\UAVX-GKE\stats.c:86:Warning [2054] suspicious pointer conversion
C:\Flight\Code\UAVX-GKE\stats.c:87:Warning [2054] suspicious pointer conversion
C:\Flight\Code\UAVX-GKE\stats.c:88:Warning [2054] suspicious pointer conversion
C:\Flight\Code\UAVX-GKE\stats.c:89:Warning [2054] suspicious pointer conversion
C:\Flight\Code\UAVX-GKE\stats.c:90:Warning [2054] suspicious pointer conversion
C:\Flight\Code\UAVX-GKE\stats.c:91:Warning [2054] suspicious pointer conversion
C:\Flight\Code\UAVX-GKE\stats.c:92:Warning [2054] suspicious pointer conversion
C:\Flight\Code\UAVX-GKE\stats.c:95:Warning [2054] suspicious pointer conversion
C:\Flight\Code\UAVX-GKE\stats.c:97:Warning [2054] suspicious pointer conversion
C:\Flight\Code\UAVX-GKE\stats.c:98:Warning [2054] suspicious pointer conversion
C:\Flight\Code\UAVX-GKE\stats.c:100:Warning [2054] suspicious pointer conversion
C:\Flight\Code\UAVX-GKE\stats.c:101:Warning [2054] suspicious pointer conversion
C:\Flight\Code\UAVX-GKE\stats.c:101:Warning [2054] suspicious pointer conversion
C:\Flight\Code\UAVX-GKE\stats.c:104:Warning [2054] suspicious pointer conversion
C:\Flight\Code\UAVX-GKE\stats.c:105:Warning [2054] suspicious pointer conversion
C:\Flight\Code\UAVX-GKE\stats.c:110:Warning [2054] suspicious pointer conversion
C:\Flight\Code\UAVX-GKE\stats.c:111:Warning [2054] suspicious pointer conversion
C:\Flight\Code\UAVX-GKE\stats.c:114:Warning [2054] suspicious pointer conversion
C:\Flight\Code\UAVX-GKE\stats.c:115:Warning [2054] suspicious pointer conversion
C:\Flight\Code\UAVX-GKE\stats.c:115:Warning [2054] suspicious pointer conversion
C:\Flight\Code\UAVX-GKE\stats.c:117:Warning [2054] suspicious pointer conversion
C:\Flight\Code\UAVX-GKE\stats.c:117:Warning [2054] suspicious pointer conversion
C:\Flight\Code\UAVX-GKE\stats.c:122:Warning [2054] suspicious pointer conversion
C:\Flight\Code\UAVX-GKE\stats.c:128:Warning [2054] suspicious pointer conversion
C:\Flight\Code\UAVX-GKE\stats.c:133:Warning [2054] suspicious pointer conversion
C:\Flight\Code\UAVX-GKE\stats.c:135:Warning [2054] suspicious pointer conversion
MPLAB C18 v3.36 (evaluation)
Copyright 2000-2010 Microchip Technology Inc.
Days remaining until evaluation becomes feature limited:  54
MPLAB C18 v3.36 (evaluation)
Copyright 2000-2010 Microchip Technology Inc.
Days remaining until evaluation becomes feature limited:  54
