MPLINK 4.34, Linker
Linker Map File - Created Fri Jun 25 18:26:42 2010

                                 Section Info
                  Section       Type    Address   Location Size(Bytes)
                ---------  ---------  ---------  ---------  ---------
               _entry_scn       code   0x000000    program   0x000006
                   .cinit    romdata   0x000006    program   0x000002
                 high_isr       code   0x000008    program   0x000006
           .code___init.o       code   0x00000e    program   0x000002
      .idata_fxd0808u.o_i    romdata   0x000010    program   0x000000
      .romdata_fxd0808u.o    romdata   0x000010    program   0x000000
      .idata_fxd1616u.o_i    romdata   0x000010    program   0x000000
      .romdata_fxd1616u.o    romdata   0x000010    program   0x000000
      .idata_fxd3232u.o_i    romdata   0x000010    program   0x000000
      .romdata_fxd3232u.o    romdata   0x000010    program   0x000000
       .idata_fxm3232.o_i    romdata   0x000010    program   0x000000
       .romdata_fxm3232.o    romdata   0x000010    program   0x000000
        .idata_t0open.o_i    romdata   0x000010    program   0x000000
        .romdata_t0open.o    romdata   0x000010    program   0x000000
        .idata_t1open.o_i    romdata   0x000010    program   0x000000
        .romdata_t1open.o    romdata   0x000010    program   0x000000
         .idata_uopen.o_i    romdata   0x000010    program   0x000000
         .romdata_uopen.o    romdata   0x000010    program   0x000000
        .idata___init.o_i    romdata   0x000010    program   0x000000
        .romdata___init.o    romdata   0x000010    program   0x000000
         .idata_c018i.o_i    romdata   0x000010    program   0x000000
        .romdata_serial.o    romdata   0x000010    program   0x000000
        .idata_serial.o_i    romdata   0x000010    program   0x000000
         .romdata_c018i.o    romdata   0x000010    program   0x000000
            .code_c018i.o       code   0x000010    program   0x000000
        .idata_UAVXRx.o_i    romdata   0x000010    program   0x000000
        .romdata_UAVXRx.o    romdata   0x000010    program   0x000000
                  low_isr       code   0x000018    program   0x000006
           .code_serial.o       code   0x00001e    program   0x000b80
           .code_UAVXRx.o       code   0x000b9e    program   0x000492
                     PROG       code   0x001030    program   0x0000b4
               _cinit_scn       code   0x0010e4    program   0x00009e
            .code_uopen.o       code   0x001182    program   0x00008a
          .code_fxm3232.o       code   0x00120c    program   0x000070
         .code_fxd3232u.o       code   0x00127c    program   0x000048
           .code_t1open.o       code   0x0012c4    program   0x000042
           .code_t0open.o       code   0x001306    program   0x000038
         .code_fxd1616u.o       code   0x00133e    program   0x00002c
                    .code       code   0x00136a    program   0x000020
             _startup_scn       code   0x00138a    program   0x00001c
         .code_fxd0808u.o       code   0x0013a6    program   0x00001c
                   .org_0       code   0x00fd00    program   0x000300
  .config_300001_UAVXRx.o    romdata   0x300001    program   0x000001
  .config_300002_UAVXRx.o    romdata   0x300002    program   0x000001
  .config_300003_UAVXRx.o    romdata   0x300003    program   0x000001
  .config_300005_UAVXRx.o    romdata   0x300005    program   0x000001
  .config_300006_UAVXRx.o    romdata   0x300006    program   0x000001
                  isrvars      udata   0x000000       data   0x000025
                MATH_DATA      udata   0x000025       data   0x000010
                 .tmpdata      udata   0x000035       data   0x00000a
     high_isr_handler_tmp      udata   0x00003f       data   0x000003
           .udata_c018i.o      udata   0x000080       data   0x00000a
          .udata_UAVXRx.o      udata   0x00008a       data   0x000004
          .udata___init.o      udata   0x00008e       data   0x000000
          .idata___init.o      idata   0x00008e       data   0x000000
           .idata_uopen.o      idata   0x00008e       data   0x000000
           .udata_uopen.o      udata   0x00008e       data   0x000000
          .idata_t1open.o      idata   0x00008e       data   0x000000
          .udata_t1open.o      udata   0x00008e       data   0x000000
          .idata_t0open.o      idata   0x00008e       data   0x000000
          .udata_t0open.o      udata   0x00008e       data   0x000000
         .idata_fxm3232.o      idata   0x00008e       data   0x000000
         .udata_fxm3232.o      udata   0x00008e       data   0x000000
        .idata_fxd3232u.o      idata   0x00008e       data   0x000000
        .udata_fxd3232u.o      udata   0x00008e       data   0x000000
        .idata_fxd1616u.o      idata   0x00008e       data   0x000000
        .udata_fxd1616u.o      udata   0x00008e       data   0x000000
        .idata_fxd0808u.o      idata   0x00008e       data   0x000000
        .udata_fxd0808u.o      udata   0x00008e       data   0x000000
          .idata_serial.o      idata   0x00008e       data   0x000000
          .udata_serial.o      udata   0x00008e       data   0x000000
          .idata_UAVXRx.o      idata   0x00008e       data   0x000000
           .idata_c018i.o      idata   0x00008e       data   0x000000
                 txbuffer      udata   0x000100       data   0x000083
                      rxq      udata   0x000183       data   0x000069
                   rxchan      udata   0x0001ec       data   0x000014
                   .stack      udata   0x000e00       data   0x000100
            SFR_UNBANKED0      udata   0x000f80       data   0x000080



                              Program Memory Usage 
                               Start         End      
                           ---------   ---------      
                            0x000000    0x00000f      
                            0x000018    0x0013c1      
                            0x00fd00    0x00ffff      
                            0x300001    0x300003      
                            0x300005    0x300006      
            5823 out of 66584 program addresses used, program memory utilization is 8%



                              Symbols - Sorted by Name
                     Name    Address   Location    Storage File                     
                ---------  ---------  ---------  --------- ---------                
                ASCII2Bin   0x00ff6c    program     static C:\Flight\Code\UAVXRx\bootl18f.asm
             ASCII2Nibble   0x00ff60    program     static C:\Flight\Code\UAVXRx\bootl18f.asm
                    AckOK   0x00fed2    program     static C:\Flight\Code\UAVXRx\bootl18f.asm
                 BootLeds   0x00ff7e    program     static C:\Flight\Code\UAVXRx\bootl18f.asm
                BootStart   0x00fd00    program     extern C:\Flight\Code\UAVXRx\bootl18f.asm
                CheckBoot   0x00fe58    program     static C:\Flight\Code\UAVXRx\bootl18f.asm
               CheckReset   0x00fe3e    program     static C:\Flight\Code\UAVXRx\bootl18f.asm
                  CopyRec   0x00fe06    program     static C:\Flight\Code\UAVXRx\bootl18f.asm
                   D1616S   0x001052    program     static C:\MCC18\src\traditional\math\fxd1616s.asm
                D1616SNEG   0x001060    program     static C:\MCC18\src\traditional\math\fxd1616s.asm
                 D1616SOK   0x00105c    program     static C:\MCC18\src\traditional\math\fxd1616s.asm
                  D1616SX   0x001072    program     static C:\MCC18\src\traditional\math\fxd1616s.asm
                   D3232S   0x0010ac    program     static C:\MCC18\src\traditional\math\fxd3232s.asm
                D3232SNEG   0x0010ba    program     static C:\MCC18\src\traditional\math\fxd3232s.asm
                 D3232SOK   0x0010b6    program     static C:\MCC18\src\traditional\math\fxd3232s.asm
                  D3232SX   0x0010da    program     static C:\MCC18\src\traditional\math\fxd3232s.asm
                  DA1616S   0x001042    program     static C:\MCC18\src\traditional\math\fxd1616s.asm
                  DA3232S   0x001096    program     static C:\MCC18\src\traditional\math\fxd3232s.asm
                 FXD0808U   0x0013a6    program     extern C:\MCC18\src\traditional\math\fxd0808u.c
                 FXD1616S   0x001030    program     extern C:\MCC18\src\traditional\math\fxd1616s.asm
                 FXD1616U   0x00133e    program     extern C:\MCC18\src\traditional\math\fxd1616u.c
                 FXD3232S   0x00107c    program     extern C:\MCC18\src\traditional\math\fxd3232s.asm
                 FXD3232U   0x00127c    program     extern C:\MCC18\src\traditional\math\fxd3232u.c
                  FXM3232   0x00120c    program     extern C:\MCC18\src\traditional\math\fxm3232.c
                 Finished   0x00fef8    program     static C:\Flight\Code\UAVXRx\bootl18f.asm
                  Forever   0x00fefe    program     static C:\Flight\Code\UAVXRx\bootl18f.asm
                     Init   0x00fd46    program     static C:\Flight\Code\UAVXRx\bootl18f.asm
                 InitMisc   0x000b9e    program     extern C:\Flight\Code\UAVXRx\UAVXRx.c
  InitTimersAndInterrupts   0x000bbc    program     extern C:\Flight\Code\UAVXRx\UAVXRx.c
                  LEDScan   0x00ff88    program     static C:\Flight\Code\UAVXRx\bootl18f.asm
          LoadBlockTBLPTR   0x00ff54    program     static C:\Flight\Code\UAVXRx\bootl18f.asm
                 MainLoop   0x00fd6a    program     static C:\Flight\Code\UAVXRx\bootl18f.asm
                 Messages   0x00fd08    program     static C:\Flight\Code\UAVXRx\bootl18f.asm
                 NextByte   0x00fe0e    program     static C:\Flight\Code\UAVXRx\bootl18f.asm
              NextBytePIC   0x00fe92    program     static C:\Flight\Code\UAVXRx\bootl18f.asm
                  NextRec   0x00fe68    program     static C:\Flight\Code\UAVXRx\bootl18f.asm
           NextWriteBlock   0x00ff14    program     static C:\Flight\Code\UAVXRx\bootl18f.asm
               OpenTimer0   0x001306    program     extern C:\MCC18\src\pmc_common\Timers\t0open.c
               OpenTimer1   0x0012c4    program     extern C:\MCC18\src\pmc_common\Timers\t1open.c
                OpenUSART   0x001182    program     extern C:\MCC18\src\pmc_common\USART\uopen.c
               PollRxChar   0x0002aa    program     extern C:\Flight\Code\UAVXRx\serial.c
                 RXCharOK   0x00fdb4    program     static C:\Flight\Code\UAVXRx\bootl18f.asm
             ReadPICBlock   0x00ff3c    program     static C:\Flight\Code\UAVXRx\bootl18f.asm
              ReadPICByte   0x00ff48    program     static C:\Flight\Code\UAVXRx\bootl18f.asm
                   RxChar   0x00031e    program     extern C:\Flight\Code\UAVXRx\serial.c
                  RxError   0x00fe2c    program     static C:\Flight\Code\UAVXRx\bootl18f.asm
                   RxNumS   0x000464    program     extern C:\Flight\Code\UAVXRx\serial.c
                   RxNumU   0x00037a    program     extern C:\Flight\Code\UAVXRx\serial.c
                   RxPoll   0x00fd76    program     static C:\Flight\Code\UAVXRx\bootl18f.asm
                     SS_1   0x00ffa2    program     static C:\Flight\Code\UAVXRx\bootl18f.asm
                     SS_2   0x00ffbe    program     static C:\Flight\Code\UAVXRx\bootl18f.asm
             SaveResetVec   0x00fea0    program     static C:\Flight\Code\UAVXRx\bootl18f.asm
               SendString   0x00ffa0    program     static C:\Flight\Code\UAVXRx\bootl18f.asm
            SendString_OK   0x00ff9e    program     static C:\Flight\Code\UAVXRx\bootl18f.asm
                  Sendi16   0x000a6c    program     extern C:\Flight\Code\UAVXRx\serial.c
                   TxChar   0x00ffc8    program     static C:\Flight\Code\UAVXRx\bootl18f.asm
                   TxChar   0x000066    program     extern C:\Flight\Code\UAVXRx\serial.c
                 TxESCi16   0x000aac    program     extern C:\Flight\Code\UAVXRx\serial.c
                 TxESCi24   0x000ae8    program     extern C:\Flight\Code\UAVXRx\serial.c
                 TxESCi32   0x000b3e    program     extern C:\Flight\Code\UAVXRx\serial.c
                  TxESCi8   0x0009da    program     extern C:\Flight\Code\UAVXRx\serial.c
                  TxESCu8   0x00095e    program     extern C:\Flight\Code\UAVXRx\serial.c
               TxNextLine   0x0001de    program     extern C:\Flight\Code\UAVXRx\serial.c
                 TxNibble   0x0001f0    program     extern C:\Flight\Code\UAVXRx\serial.c
                 TxString   0x00001e    program     extern C:\Flight\Code\UAVXRx\serial.c
                  TxVal32   0x0005f6    program     extern C:\Flight\Code\UAVXRx\serial.c
                   TxValH   0x000240    program     extern C:\Flight\Code\UAVXRx\serial.c
                 TxValH16   0x00027c    program     extern C:\Flight\Code\UAVXRx\serial.c
                   TxValS   0x00017a    program     extern C:\Flight\Code\UAVXRx\serial.c
                   TxValU   0x0000da    program     extern C:\Flight\Code\UAVXRx\serial.c
                 ValidRec   0x00fe38    program     static C:\Flight\Code\UAVXRx\bootl18f.asm
                VerifyRec   0x00fdb8    program     static C:\Flight\Code\UAVXRx\bootl18f.asm
                 WritePIC   0x00ff2e    program     static C:\Flight\Code\UAVXRx\bootl18f.asm
            WritePICBlock   0x00ff00    program     static C:\Flight\Code\UAVXRx\bootl18f.asm
             WritePICByte   0x00ff18    program     static C:\Flight\Code\UAVXRx\bootl18f.asm
                 WriteRec   0x00fe70    program     static C:\Flight\Code\UAVXRx\bootl18f.asm
                    _CSum   0x00fd24    program     static C:\Flight\Code\UAVXRx\bootl18f.asm
                    _Done   0x00fd34    program     static C:\Flight\Code\UAVXRx\bootl18f.asm
                     _Err   0x00fd1c    program     static C:\Flight\Code\UAVXRx\bootl18f.asm
                   _Hello   0x00fd0a    program     static C:\Flight\Code\UAVXRx\bootl18f.asm
                      _OK   0x00fd2e    program     static C:\Flight\Code\UAVXRx\bootl18f.asm
       ___return_lbl00000   0x0013c0    program     static                          
       ___return_lbl00000   0x001368    program     static                          
       ___return_lbl00000   0x0012c2    program     static                          
       ___return_lbl00000   0x00127a    program     static                          
       ___return_lbl00000   0x000004    program     static                          
       ___return_lbl00001   0x0013a4    program     static                          
       ___return_lbl00002   0x001180    program     static                          
       ___return_lbl00005   0x00000c    program     static                          
       ___return_lbl00006   0x00001c    program     static                          
               __config_0   0x300001    program     static C:\Flight\Code\UAVXRx\UAVXRx.c
               __config_1   0x300002    program     static C:\Flight\Code\UAVXRx\UAVXRx.c
               __config_2   0x300003    program     static C:\Flight\Code\UAVXRx\UAVXRx.c
               __config_3   0x300005    program     static C:\Flight\Code\UAVXRx\UAVXRx.c
               __config_4   0x300006    program     static C:\Flight\Code\UAVXRx\UAVXRx.c
                   __init   0x00000e    program     extern C:\MCC18\src\traditional\stdclib\__init.c
            __zero_memory   0x00136a    program     extern C:\MCC18\src\traditional\proc\p18F2620.asm
                _do_cinit   0x0010e4    program     extern C:\MCC18\src\traditional\startup\c018i.c
                   _entry   0x000000    program     extern C:\MCC18\src\traditional\startup\c018i.c
                   _false   0x0012be    program     static                          
                 _startup   0x00138a    program     extern C:\MCC18\src\traditional\startup\c018i.c
                compare_l   0x001380    program     static C:\MCC18\src\traditional\proc\p18F2620.asm
                copy_loop   0x001156    program     static                          
            copy_one_byte   0x00115c    program     static                          
                     done   0x001180    program     static                          
             done_copying   0x00116a    program     static                          
                  endloop   0x0013bc    program     static                          
                  endloop   0x001364    program     static                          
                 high_isr   0x000008    program     extern C:\Flight\Code\UAVXRx\UAVXRx.c
         high_isr_handler   0x000c7a    program     extern C:\Flight\Code\UAVXRx\UAVXRx.c
                     loop   0x0013ae    program     static                          
                     loop   0x00139a    program     static                          
                     loop   0x00128a    program     static                          
                     loop   0x001348    program     static                          
                   loop_h   0x001378    program     static C:\MCC18\src\traditional\proc\p18F2620.asm
                   loop_l   0x001382    program     static C:\MCC18\src\traditional\proc\p18F2620.asm
                  low_isr   0x000018    program     extern C:\Flight\Code\UAVXRx\UAVXRx.c
          low_isr_handler   0x000c6c    program     extern C:\Flight\Code\UAVXRx\UAVXRx.c
                     main   0x000d5e    program     extern C:\Flight\Code\UAVXRx\UAVXRx.c
                  padding   0x00ffd0    program     static C:\Flight\Code\UAVXRx\bootl18f.asm
                     test   0x0010fe    program     static                          
               uglybypass   0x00fe8e    program     static C:\Flight\Code\UAVXRx\bootl18f.asm
               uglyoffset   0x00fe88    program     static C:\Flight\Code\UAVXRx\bootl18f.asm
               zero_block   0x001378    program     static C:\MCC18\src\traditional\proc\p18F2620.asm
                   ADCON0   0x000fc2       data     extern C:\MCC18\src\traditional\proc\p18F2620.asm
               ADCON0bits   0x000fc2       data     extern C:\MCC18\src\traditional\proc\p18F2620.asm
                   ADCON1   0x000fc1       data     extern C:\MCC18\src\traditional\proc\p18F2620.asm
               ADCON1bits   0x000fc1       data     extern C:\MCC18\src\traditional\proc\p18F2620.asm
                   ADCON2   0x000fc0       data     extern C:\MCC18\src\traditional\proc\p18F2620.asm
               ADCON2bits   0x000fc0       data     extern C:\MCC18\src\traditional\proc\p18F2620.asm
                    ADRES   0x000fc3       data     extern C:\MCC18\src\traditional\proc\p18F2620.asm
                   ADRESH   0x000fc4       data     extern C:\MCC18\src\traditional\proc\p18F2620.asm
                   ADRESL   0x000fc3       data     extern C:\MCC18\src\traditional\proc\p18F2620.asm
                  BAUDCON   0x000fb8       data     extern C:\MCC18\src\traditional\proc\p18F2620.asm
              BAUDCONbits   0x000fb8       data     extern C:\MCC18\src\traditional\proc\p18F2620.asm
                  BAUDCTL   0x000fb8       data     extern C:\MCC18\src\traditional\proc\p18F2620.asm
              BAUDCTLbits   0x000fb8       data     extern C:\MCC18\src\traditional\proc\p18F2620.asm
                      BSR   0x000fe0       data     extern C:\MCC18\src\traditional\proc\p18F2620.asm
                  CCP1CON   0x000fbd       data     extern C:\MCC18\src\traditional\proc\p18F2620.asm
              CCP1CONbits   0x000fbd       data     extern C:\MCC18\src\traditional\proc\p18F2620.asm
                  CCP2CON   0x000fba       data     extern C:\MCC18\src\traditional\proc\p18F2620.asm
              CCP2CONbits   0x000fba       data     extern C:\MCC18\src\traditional\proc\p18F2620.asm
                    CCPR1   0x000fbe       data     extern C:\MCC18\src\traditional\proc\p18F2620.asm
                   CCPR1H   0x000fbf       data     extern C:\MCC18\src\traditional\proc\p18F2620.asm
                   CCPR1L   0x000fbe       data     extern C:\MCC18\src\traditional\proc\p18F2620.asm
                    CCPR2   0x000fbb       data     extern C:\MCC18\src\traditional\proc\p18F2620.asm
                   CCPR2H   0x000fbc       data     extern C:\MCC18\src\traditional\proc\p18F2620.asm
                   CCPR2L   0x000fbb       data     extern C:\MCC18\src\traditional\proc\p18F2620.asm
                    CMCON   0x000fb4       data     extern C:\MCC18\src\traditional\proc\p18F2620.asm
                CMCONbits   0x000fb4       data     extern C:\MCC18\src\traditional\proc\p18F2620.asm
                   CVRCON   0x000fb5       data     extern C:\MCC18\src\traditional\proc\p18F2620.asm
               CVRCONbits   0x000fb5       data     extern C:\MCC18\src\traditional\proc\p18F2620.asm
                 CurrEdge   0x000003       data     extern C:\Flight\Code\UAVXRx\UAVXRx.c
              CurrPattern   0x000008       data     extern C:\Flight\Code\UAVXRx\UAVXRx.c
                     DDRA   0x000f92       data     extern C:\MCC18\src\traditional\proc\p18F2620.asm
                 DDRAbits   0x000f92       data     extern C:\MCC18\src\traditional\proc\p18F2620.asm
                     DDRB   0x000f93       data     extern C:\MCC18\src\traditional\proc\p18F2620.asm
                 DDRBbits   0x000f93       data     extern C:\MCC18\src\traditional\proc\p18F2620.asm
                     DDRC   0x000f94       data     extern C:\MCC18\src\traditional\proc\p18F2620.asm
                 DDRCbits   0x000f94       data     extern C:\MCC18\src\traditional\proc\p18F2620.asm
                    DEBUG   0x000fd4       data     extern C:\MCC18\src\traditional\proc\p18F2620.asm
                    EEADR   0x000fa9       data     extern C:\MCC18\src\traditional\proc\p18F2620.asm
                   EEADRH   0x000faa       data     extern C:\MCC18\src\traditional\proc\p18F2620.asm
                   EECON1   0x000fa6       data     extern C:\MCC18\src\traditional\proc\p18F2620.asm
               EECON1bits   0x000fa6       data     extern C:\MCC18\src\traditional\proc\p18F2620.asm
                   EECON2   0x000fa7       data     extern C:\MCC18\src\traditional\proc\p18F2620.asm
                   EEDATA   0x000fa8       data     extern C:\MCC18\src\traditional\proc\p18F2620.asm
                        F   0x00008a       data     extern C:\Flight\Code\UAVXRx\UAVXRx.c
                     FSR0   0x000fe9       data     extern C:\MCC18\src\traditional\proc\p18F2620.asm
                    FSR0H   0x000fea       data     extern C:\MCC18\src\traditional\proc\p18F2620.asm
                    FSR0L   0x000fe9       data     extern C:\MCC18\src\traditional\proc\p18F2620.asm
                     FSR1   0x000fe1       data     extern C:\MCC18\src\traditional\proc\p18F2620.asm
                    FSR1H   0x000fe2       data     extern C:\MCC18\src\traditional\proc\p18F2620.asm
                    FSR1L   0x000fe1       data     extern C:\MCC18\src\traditional\proc\p18F2620.asm
                     FSR2   0x000fd9       data     extern C:\MCC18\src\traditional\proc\p18F2620.asm
                    FSR2H   0x000fda       data     extern C:\MCC18\src\traditional\proc\p18F2620.asm
                    FSR2L   0x000fd9       data     extern C:\MCC18\src\traditional\proc\p18F2620.asm
                  HLVDCON   0x000fd2       data     extern C:\MCC18\src\traditional\proc\p18F2620.asm
              HLVDCONbits   0x000fd2       data     extern C:\MCC18\src\traditional\proc\p18F2620.asm
                    INDF0   0x000fef       data     extern C:\MCC18\src\traditional\proc\p18F2620.asm
                    INDF1   0x000fe7       data     extern C:\MCC18\src\traditional\proc\p18F2620.asm
                    INDF2   0x000fdf       data     extern C:\MCC18\src\traditional\proc\p18F2620.asm
                   INTCON   0x000ff2       data     extern C:\MCC18\src\traditional\proc\p18F2620.asm
                  INTCON2   0x000ff1       data     extern C:\MCC18\src\traditional\proc\p18F2620.asm
              INTCON2bits   0x000ff1       data     extern C:\MCC18\src\traditional\proc\p18F2620.asm
                  INTCON3   0x000ff0       data     extern C:\MCC18\src\traditional\proc\p18F2620.asm
              INTCON3bits   0x000ff0       data     extern C:\MCC18\src\traditional\proc\p18F2620.asm
               INTCONbits   0x000ff2       data     extern C:\MCC18\src\traditional\proc\p18F2620.asm
                     IPR1   0x000f9f       data     extern C:\MCC18\src\traditional\proc\p18F2620.asm
                 IPR1bits   0x000f9f       data     extern C:\MCC18\src\traditional\proc\p18F2620.asm
                     IPR2   0x000fa2       data     extern C:\MCC18\src\traditional\proc\p18F2620.asm
                 IPR2bits   0x000fa2       data     extern C:\MCC18\src\traditional\proc\p18F2620.asm
             Intersection   0x000006       data     extern C:\Flight\Code\UAVXRx\UAVXRx.c
                     LATA   0x000f89       data     extern C:\MCC18\src\traditional\proc\p18F2620.asm
                 LATAbits   0x000f89       data     extern C:\MCC18\src\traditional\proc\p18F2620.asm
                     LATB   0x000f8a       data     extern C:\MCC18\src\traditional\proc\p18F2620.asm
                 LATBbits   0x000f8a       data     extern C:\MCC18\src\traditional\proc\p18F2620.asm
                     LATC   0x000f8b       data     extern C:\MCC18\src\traditional\proc\p18F2620.asm
                 LATCbits   0x000f8b       data     extern C:\MCC18\src\traditional\proc\p18F2620.asm
                   LVDCON   0x000fd2       data     extern C:\MCC18\src\traditional\proc\p18F2620.asm
               LVDCONbits   0x000fd2       data     extern C:\MCC18\src\traditional\proc\p18F2620.asm
                   OSCCON   0x000fd3       data     extern C:\MCC18\src\traditional\proc\p18F2620.asm
               OSCCONbits   0x000fd3       data     extern C:\MCC18\src\traditional\proc\p18F2620.asm
                  OSCTUNE   0x000f9b       data     extern C:\MCC18\src\traditional\proc\p18F2620.asm
              OSCTUNEbits   0x000f9b       data     extern C:\MCC18\src\traditional\proc\p18F2620.asm
                       PC   0x000ff9       data     extern C:\MCC18\src\traditional\proc\p18F2620.asm
                      PCL   0x000ff9       data     extern C:\MCC18\src\traditional\proc\p18F2620.asm
                   PCLATH   0x000ffa       data     extern C:\MCC18\src\traditional\proc\p18F2620.asm
                   PCLATU   0x000ffb       data     extern C:\MCC18\src\traditional\proc\p18F2620.asm
                     PIE1   0x000f9d       data     extern C:\MCC18\src\traditional\proc\p18F2620.asm
                 PIE1bits   0x000f9d       data     extern C:\MCC18\src\traditional\proc\p18F2620.asm
                     PIE2   0x000fa0       data     extern C:\MCC18\src\traditional\proc\p18F2620.asm
                 PIE2bits   0x000fa0       data     extern C:\MCC18\src\traditional\proc\p18F2620.asm
                     PIR1   0x000f9e       data     extern C:\MCC18\src\traditional\proc\p18F2620.asm
                 PIR1bits   0x000f9e       data     extern C:\MCC18\src\traditional\proc\p18F2620.asm
                     PIR2   0x000fa1       data     extern C:\MCC18\src\traditional\proc\p18F2620.asm
                 PIR2bits   0x000fa1       data     extern C:\MCC18\src\traditional\proc\p18F2620.asm
                   PLUSW0   0x000feb       data     extern C:\MCC18\src\traditional\proc\p18F2620.asm
                   PLUSW1   0x000fe3       data     extern C:\MCC18\src\traditional\proc\p18F2620.asm
                   PLUSW2   0x000fdb       data     extern C:\MCC18\src\traditional\proc\p18F2620.asm
                    PORTA   0x000f80       data     extern C:\MCC18\src\traditional\proc\p18F2620.asm
                PORTAbits   0x000f80       data     extern C:\MCC18\src\traditional\proc\p18F2620.asm
                    PORTB   0x000f81       data     extern C:\MCC18\src\traditional\proc\p18F2620.asm
                PORTBbits   0x000f81       data     extern C:\MCC18\src\traditional\proc\p18F2620.asm
                    PORTC   0x000f82       data     extern C:\MCC18\src\traditional\proc\p18F2620.asm
                PORTCbits   0x000f82       data     extern C:\MCC18\src\traditional\proc\p18F2620.asm
                    PORTE   0x000f84       data     extern C:\MCC18\src\traditional\proc\p18F2620.asm
                PORTEbits   0x000f84       data     extern C:\MCC18\src\traditional\proc\p18F2620.asm
                 POSTDEC0   0x000fed       data     extern C:\MCC18\src\traditional\proc\p18F2620.asm
                 POSTDEC1   0x000fe5       data     extern C:\MCC18\src\traditional\proc\p18F2620.asm
                 POSTDEC2   0x000fdd       data     extern C:\MCC18\src\traditional\proc\p18F2620.asm
                 POSTINC0   0x000fee       data     extern C:\MCC18\src\traditional\proc\p18F2620.asm
                 POSTINC1   0x000fe6       data     extern C:\MCC18\src\traditional\proc\p18F2620.asm
                 POSTINC2   0x000fde       data     extern C:\MCC18\src\traditional\proc\p18F2620.asm
                      PPM   0x000009       data     extern C:\Flight\Code\UAVXRx\UAVXRx.c
                PPM_Index   0x000021       data     extern C:\Flight\Code\UAVXRx\UAVXRx.c
                      PR2   0x000fcb       data     extern C:\MCC18\src\traditional\proc\p18F2620.asm
                  PREINC0   0x000fec       data     extern C:\MCC18\src\traditional\proc\p18F2620.asm
                  PREINC1   0x000fe4       data     extern C:\MCC18\src\traditional\proc\p18F2620.asm
                  PREINC2   0x000fdc       data     extern C:\MCC18\src\traditional\proc\p18F2620.asm
                     PROD   0x000ff3       data     extern C:\MCC18\src\traditional\proc\p18F2620.asm
                    PRODH   0x000ff4       data     extern C:\MCC18\src\traditional\proc\p18F2620.asm
                    PRODL   0x000ff3       data     extern C:\MCC18\src\traditional\proc\p18F2620.asm
                PauseTime   0x000022       data     extern C:\Flight\Code\UAVXRx\UAVXRx.c
                 PrevEdge   0x000000       data     extern C:\Flight\Code\UAVXRx\UAVXRx.c
              PrevPattern   0x000007       data     extern C:\Flight\Code\UAVXRx\UAVXRx.c
               RCGlitches   0x00008c       data     extern C:\Flight\Code\UAVXRx\UAVXRx.c
              RCNewValues   0x0001e6       data     extern C:\Flight\Code\UAVXRx\UAVXRx.c
                     RCON   0x000fd0       data     extern C:\MCC18\src\traditional\proc\p18F2620.asm
                 RCONbits   0x000fd0       data     extern C:\MCC18\src\traditional\proc\p18F2620.asm
                    RCREG   0x000fae       data     extern C:\MCC18\src\traditional\proc\p18F2620.asm
                    RCSTA   0x000fab       data     extern C:\MCC18\src\traditional\proc\p18F2620.asm
                RCSTAbits   0x000fab       data     extern C:\MCC18\src\traditional\proc\p18F2620.asm
                 RCSignal   0x0001e5       data     extern C:\Flight\Code\UAVXRx\UAVXRx.c
                RxChannel   0x0001ec       data     extern C:\Flight\Code\UAVXRx\UAVXRx.c
                      RxQ   0x000183       data     extern C:\Flight\Code\UAVXRx\UAVXRx.c
                     SIGN   0x000025       data     extern C:\MCC18\src\traditional\math\cmath18.asm
                    SPBRG   0x000faf       data     extern C:\MCC18\src\traditional\proc\p18F2620.asm
                   SPBRGH   0x000fb0       data     extern C:\MCC18\src\traditional\proc\p18F2620.asm
                   SSPADD   0x000fc8       data     extern C:\MCC18\src\traditional\proc\p18F2620.asm
                   SSPBUF   0x000fc9       data     extern C:\MCC18\src\traditional\proc\p18F2620.asm
                  SSPCON1   0x000fc6       data     extern C:\MCC18\src\traditional\proc\p18F2620.asm
              SSPCON1bits   0x000fc6       data     extern C:\MCC18\src\traditional\proc\p18F2620.asm
                  SSPCON2   0x000fc5       data     extern C:\MCC18\src\traditional\proc\p18F2620.asm
              SSPCON2bits   0x000fc5       data     extern C:\MCC18\src\traditional\proc\p18F2620.asm
                  SSPSTAT   0x000fc7       data     extern C:\MCC18\src\traditional\proc\p18F2620.asm
              SSPSTATbits   0x000fc7       data     extern C:\MCC18\src\traditional\proc\p18F2620.asm
                   STATUS   0x000fd8       data     extern C:\MCC18\src\traditional\proc\p18F2620.asm
               STATUSbits   0x000fd8       data     extern C:\MCC18\src\traditional\proc\p18F2620.asm
                   STKPTR   0x000ffc       data     extern C:\MCC18\src\traditional\proc\p18F2620.asm
               STKPTRbits   0x000ffc       data     extern C:\MCC18\src\traditional\proc\p18F2620.asm
              SignalCount   0x00008b       data     extern C:\Flight\Code\UAVXRx\UAVXRx.c
                    T0CON   0x000fd5       data     extern C:\MCC18\src\traditional\proc\p18F2620.asm
                T0CONbits   0x000fd5       data     extern C:\MCC18\src\traditional\proc\p18F2620.asm
                    T1CON   0x000fcd       data     extern C:\MCC18\src\traditional\proc\p18F2620.asm
                T1CONbits   0x000fcd       data     extern C:\MCC18\src\traditional\proc\p18F2620.asm
                    T2CON   0x000fca       data     extern C:\MCC18\src\traditional\proc\p18F2620.asm
                T2CONbits   0x000fca       data     extern C:\MCC18\src\traditional\proc\p18F2620.asm
                    T3CON   0x000fb1       data     extern C:\MCC18\src\traditional\proc\p18F2620.asm
                T3CONbits   0x000fb1       data     extern C:\MCC18\src\traditional\proc\p18F2620.asm
                   TABLAT   0x000ff5       data     extern C:\MCC18\src\traditional\proc\p18F2620.asm
                   TBLPTR   0x000ff6       data     extern C:\MCC18\src\traditional\proc\p18F2620.asm
                  TBLPTRH   0x000ff7       data     extern C:\MCC18\src\traditional\proc\p18F2620.asm
                  TBLPTRL   0x000ff6       data     extern C:\MCC18\src\traditional\proc\p18F2620.asm
                  TBLPTRU   0x000ff8       data     extern C:\MCC18\src\traditional\proc\p18F2620.asm
                    TMR0H   0x000fd7       data     extern C:\MCC18\src\traditional\proc\p18F2620.asm
                    TMR0L   0x000fd6       data     extern C:\MCC18\src\traditional\proc\p18F2620.asm
                    TMR1H   0x000fcf       data     extern C:\MCC18\src\traditional\proc\p18F2620.asm
                    TMR1L   0x000fce       data     extern C:\MCC18\src\traditional\proc\p18F2620.asm
                     TMR2   0x000fcc       data     extern C:\MCC18\src\traditional\proc\p18F2620.asm
                    TMR3H   0x000fb3       data     extern C:\MCC18\src\traditional\proc\p18F2620.asm
                    TMR3L   0x000fb2       data     extern C:\MCC18\src\traditional\proc\p18F2620.asm
                      TOS   0x000ffd       data     extern C:\MCC18\src\traditional\proc\p18F2620.asm
                     TOSH   0x000ffe       data     extern C:\MCC18\src\traditional\proc\p18F2620.asm
                     TOSL   0x000ffd       data     extern C:\MCC18\src\traditional\proc\p18F2620.asm
                     TOSU   0x000fff       data     extern C:\MCC18\src\traditional\proc\p18F2620.asm
                    TRISA   0x000f92       data     extern C:\MCC18\src\traditional\proc\p18F2620.asm
                TRISAbits   0x000f92       data     extern C:\MCC18\src\traditional\proc\p18F2620.asm
                    TRISB   0x000f93       data     extern C:\MCC18\src\traditional\proc\p18F2620.asm
                TRISBbits   0x000f93       data     extern C:\MCC18\src\traditional\proc\p18F2620.asm
                    TRISC   0x000f94       data     extern C:\MCC18\src\traditional\proc\p18F2620.asm
                TRISCbits   0x000f94       data     extern C:\MCC18\src\traditional\proc\p18F2620.asm
                    TXREG   0x000fad       data     extern C:\MCC18\src\traditional\proc\p18F2620.asm
                    TXSTA   0x000fac       data     extern C:\MCC18\src\traditional\proc\p18F2620.asm
                TXSTAbits   0x000fac       data     extern C:\MCC18\src\traditional\proc\p18F2620.asm
               TxCheckSum   0x000100       data     extern C:\Flight\Code\UAVXRx\serial.c
                      TxQ   0x000101       data     extern C:\Flight\Code\UAVXRx\serial.c
                        W   0x000fe8       data     extern C:\MCC18\src\traditional\proc\p18F2620.asm
                   WDTCON   0x000fd1       data     extern C:\MCC18\src\traditional\proc\p18F2620.asm
               WDTCONbits   0x000fd1       data     extern C:\MCC18\src\traditional\proc\p18F2620.asm
                     WREG   0x000fe8       data     extern C:\MCC18\src\traditional\proc\p18F2620.asm
                 __AARGB0   0x00002e       data     extern C:\MCC18\src\traditional\math\aarg.asm
                 __AARGB1   0x00002d       data     extern C:\MCC18\src\traditional\math\aarg.asm
                 __AARGB2   0x00002c       data     extern C:\MCC18\src\traditional\math\aarg.asm
                 __AARGB3   0x00002b       data     extern C:\MCC18\src\traditional\math\aarg.asm
                 __AARGB4   0x00002a       data     extern C:\MCC18\src\traditional\math\aarg.asm
                 __AARGB5   0x000029       data     extern C:\MCC18\src\traditional\math\aarg.asm
                 __AARGB6   0x000028       data     extern C:\MCC18\src\traditional\math\aarg.asm
                 __AARGB7   0x000027       data     extern C:\MCC18\src\traditional\math\aarg.asm
                   __AEXP   0x00002f       data     extern C:\MCC18\src\traditional\math\aarg.asm
                 __BARGB0   0x000033       data     extern C:\MCC18\src\traditional\math\barg.asm
                 __BARGB1   0x000032       data     extern C:\MCC18\src\traditional\math\barg.asm
                 __BARGB2   0x000031       data     extern C:\MCC18\src\traditional\math\barg.asm
                 __BARGB3   0x000030       data     extern C:\MCC18\src\traditional\math\barg.asm
                   __BEXP   0x000034       data     extern C:\MCC18\src\traditional\math\barg.asm
                __FPFLAGS   0x000026       data     extern C:\MCC18\src\traditional\math\cmath18.asm
            __FPFLAGSbits   0x000026       data     extern C:\MCC18\src\traditional\math\cmath18.asm
                  __REMB0   0x00002a       data     extern C:\MCC18\src\traditional\math\aarg.asm
                  __REMB1   0x000029       data     extern C:\MCC18\src\traditional\math\aarg.asm
                  __REMB2   0x000028       data     extern C:\MCC18\src\traditional\math\aarg.asm
                  __REMB3   0x000027       data     extern C:\MCC18\src\traditional\math\aarg.asm
                  __tmp_0   0x000035       data     static C:\MCC18\src\pmc_common\USART\uopen.c
                  __tmp_0   0x000035       data     static C:\Flight\Code\UAVXRx\serial.c
                  __tmp_0   0x000035       data     static C:\Flight\Code\UAVXRx\UAVXRx.c
                  __tmp_2   0x00003f       data     static C:\Flight\Code\UAVXRx\UAVXRx.c
                        b   0x0001e9       data     static C:\Flight\Code\UAVXRx\UAVXRx.c
                        c   0x0001ea       data     static C:\Flight\Code\UAVXRx\UAVXRx.c
                curr_byte   0x000083       data     static C:\MCC18\src\traditional\startup\c018i.c
               curr_entry   0x000085       data     static C:\MCC18\src\traditional\startup\c018i.c
                 data_ptr   0x000087       data     static C:\MCC18\src\traditional\startup\c018i.c
                        i   0x0001e8       data     static C:\Flight\Code\UAVXRx\UAVXRx.c
                        i   0x0001e7       data     static C:\Flight\Code\UAVXRx\UAVXRx.c
                        m   0x0001eb       data     static C:\Flight\Code\UAVXRx\UAVXRx.c
                     prom   0x000080       data     static C:\MCC18\src\traditional\startup\c018i.c



                              Symbols - Sorted by Address
                     Name    Address   Location    Storage File                     
                ---------  ---------  ---------  --------- ---------                
                   _entry   0x000000    program     extern C:\MCC18\src\traditional\startup\c018i.c
       ___return_lbl00000   0x000004    program     static                          
                 high_isr   0x000008    program     extern C:\Flight\Code\UAVXRx\UAVXRx.c
       ___return_lbl00005   0x00000c    program     static                          
                   __init   0x00000e    program     extern C:\MCC18\src\traditional\stdclib\__init.c
                  low_isr   0x000018    program     extern C:\Flight\Code\UAVXRx\UAVXRx.c
       ___return_lbl00006   0x00001c    program     static                          
                 TxString   0x00001e    program     extern C:\Flight\Code\UAVXRx\serial.c
                   TxChar   0x000066    program     extern C:\Flight\Code\UAVXRx\serial.c
                   TxValU   0x0000da    program     extern C:\Flight\Code\UAVXRx\serial.c
                   TxValS   0x00017a    program     extern C:\Flight\Code\UAVXRx\serial.c
               TxNextLine   0x0001de    program     extern C:\Flight\Code\UAVXRx\serial.c
                 TxNibble   0x0001f0    program     extern C:\Flight\Code\UAVXRx\serial.c
                   TxValH   0x000240    program     extern C:\Flight\Code\UAVXRx\serial.c
                 TxValH16   0x00027c    program     extern C:\Flight\Code\UAVXRx\serial.c
               PollRxChar   0x0002aa    program     extern C:\Flight\Code\UAVXRx\serial.c
                   RxChar   0x00031e    program     extern C:\Flight\Code\UAVXRx\serial.c
                   RxNumU   0x00037a    program     extern C:\Flight\Code\UAVXRx\serial.c
                   RxNumS   0x000464    program     extern C:\Flight\Code\UAVXRx\serial.c
                  TxVal32   0x0005f6    program     extern C:\Flight\Code\UAVXRx\serial.c
                  TxESCu8   0x00095e    program     extern C:\Flight\Code\UAVXRx\serial.c
                  TxESCi8   0x0009da    program     extern C:\Flight\Code\UAVXRx\serial.c
                  Sendi16   0x000a6c    program     extern C:\Flight\Code\UAVXRx\serial.c
                 TxESCi16   0x000aac    program     extern C:\Flight\Code\UAVXRx\serial.c
                 TxESCi24   0x000ae8    program     extern C:\Flight\Code\UAVXRx\serial.c
                 TxESCi32   0x000b3e    program     extern C:\Flight\Code\UAVXRx\serial.c
                 InitMisc   0x000b9e    program     extern C:\Flight\Code\UAVXRx\UAVXRx.c
  InitTimersAndInterrupts   0x000bbc    program     extern C:\Flight\Code\UAVXRx\UAVXRx.c
          low_isr_handler   0x000c6c    program     extern C:\Flight\Code\UAVXRx\UAVXRx.c
         high_isr_handler   0x000c7a    program     extern C:\Flight\Code\UAVXRx\UAVXRx.c
                     main   0x000d5e    program     extern C:\Flight\Code\UAVXRx\UAVXRx.c
                 FXD1616S   0x001030    program     extern C:\MCC18\src\traditional\math\fxd1616s.asm
                  DA1616S   0x001042    program     static C:\MCC18\src\traditional\math\fxd1616s.asm
                   D1616S   0x001052    program     static C:\MCC18\src\traditional\math\fxd1616s.asm
                 D1616SOK   0x00105c    program     static C:\MCC18\src\traditional\math\fxd1616s.asm
                D1616SNEG   0x001060    program     static C:\MCC18\src\traditional\math\fxd1616s.asm
                  D1616SX   0x001072    program     static C:\MCC18\src\traditional\math\fxd1616s.asm
                 FXD3232S   0x00107c    program     extern C:\MCC18\src\traditional\math\fxd3232s.asm
                  DA3232S   0x001096    program     static C:\MCC18\src\traditional\math\fxd3232s.asm
                   D3232S   0x0010ac    program     static C:\MCC18\src\traditional\math\fxd3232s.asm
                 D3232SOK   0x0010b6    program     static C:\MCC18\src\traditional\math\fxd3232s.asm
                D3232SNEG   0x0010ba    program     static C:\MCC18\src\traditional\math\fxd3232s.asm
                  D3232SX   0x0010da    program     static C:\MCC18\src\traditional\math\fxd3232s.asm
                _do_cinit   0x0010e4    program     extern C:\MCC18\src\traditional\startup\c018i.c
                     test   0x0010fe    program     static                          
                copy_loop   0x001156    program     static                          
            copy_one_byte   0x00115c    program     static                          
             done_copying   0x00116a    program     static                          
       ___return_lbl00002   0x001180    program     static                          
                     done   0x001180    program     static                          
                OpenUSART   0x001182    program     extern C:\MCC18\src\pmc_common\USART\uopen.c
                  FXM3232   0x00120c    program     extern C:\MCC18\src\traditional\math\fxm3232.c
       ___return_lbl00000   0x00127a    program     static                          
                 FXD3232U   0x00127c    program     extern C:\MCC18\src\traditional\math\fxd3232u.c
                     loop   0x00128a    program     static                          
                   _false   0x0012be    program     static                          
       ___return_lbl00000   0x0012c2    program     static                          
               OpenTimer1   0x0012c4    program     extern C:\MCC18\src\pmc_common\Timers\t1open.c
               OpenTimer0   0x001306    program     extern C:\MCC18\src\pmc_common\Timers\t0open.c
                 FXD1616U   0x00133e    program     extern C:\MCC18\src\traditional\math\fxd1616u.c
                     loop   0x001348    program     static                          
                  endloop   0x001364    program     static                          
       ___return_lbl00000   0x001368    program     static                          
            __zero_memory   0x00136a    program     extern C:\MCC18\src\traditional\proc\p18F2620.asm
                   loop_h   0x001378    program     static C:\MCC18\src\traditional\proc\p18F2620.asm
               zero_block   0x001378    program     static C:\MCC18\src\traditional\proc\p18F2620.asm
                compare_l   0x001380    program     static C:\MCC18\src\traditional\proc\p18F2620.asm
                   loop_l   0x001382    program     static C:\MCC18\src\traditional\proc\p18F2620.asm
                 _startup   0x00138a    program     extern C:\MCC18\src\traditional\startup\c018i.c
                     loop   0x00139a    program     static                          
       ___return_lbl00001   0x0013a4    program     static                          
                 FXD0808U   0x0013a6    program     extern C:\MCC18\src\traditional\math\fxd0808u.c
                     loop   0x0013ae    program     static                          
                  endloop   0x0013bc    program     static                          
       ___return_lbl00000   0x0013c0    program     static                          
                BootStart   0x00fd00    program     extern C:\Flight\Code\UAVXRx\bootl18f.asm
                 Messages   0x00fd08    program     static C:\Flight\Code\UAVXRx\bootl18f.asm
                   _Hello   0x00fd0a    program     static C:\Flight\Code\UAVXRx\bootl18f.asm
                     _Err   0x00fd1c    program     static C:\Flight\Code\UAVXRx\bootl18f.asm
                    _CSum   0x00fd24    program     static C:\Flight\Code\UAVXRx\bootl18f.asm
                      _OK   0x00fd2e    program     static C:\Flight\Code\UAVXRx\bootl18f.asm
                    _Done   0x00fd34    program     static C:\Flight\Code\UAVXRx\bootl18f.asm
                     Init   0x00fd46    program     static C:\Flight\Code\UAVXRx\bootl18f.asm
                 MainLoop   0x00fd6a    program     static C:\Flight\Code\UAVXRx\bootl18f.asm
                   RxPoll   0x00fd76    program     static C:\Flight\Code\UAVXRx\bootl18f.asm
                 RXCharOK   0x00fdb4    program     static C:\Flight\Code\UAVXRx\bootl18f.asm
                VerifyRec   0x00fdb8    program     static C:\Flight\Code\UAVXRx\bootl18f.asm
                  CopyRec   0x00fe06    program     static C:\Flight\Code\UAVXRx\bootl18f.asm
                 NextByte   0x00fe0e    program     static C:\Flight\Code\UAVXRx\bootl18f.asm
                  RxError   0x00fe2c    program     static C:\Flight\Code\UAVXRx\bootl18f.asm
                 ValidRec   0x00fe38    program     static C:\Flight\Code\UAVXRx\bootl18f.asm
               CheckReset   0x00fe3e    program     static C:\Flight\Code\UAVXRx\bootl18f.asm
                CheckBoot   0x00fe58    program     static C:\Flight\Code\UAVXRx\bootl18f.asm
                  NextRec   0x00fe68    program     static C:\Flight\Code\UAVXRx\bootl18f.asm
                 WriteRec   0x00fe70    program     static C:\Flight\Code\UAVXRx\bootl18f.asm
               uglyoffset   0x00fe88    program     static C:\Flight\Code\UAVXRx\bootl18f.asm
               uglybypass   0x00fe8e    program     static C:\Flight\Code\UAVXRx\bootl18f.asm
              NextBytePIC   0x00fe92    program     static C:\Flight\Code\UAVXRx\bootl18f.asm
             SaveResetVec   0x00fea0    program     static C:\Flight\Code\UAVXRx\bootl18f.asm
                    AckOK   0x00fed2    program     static C:\Flight\Code\UAVXRx\bootl18f.asm
                 Finished   0x00fef8    program     static C:\Flight\Code\UAVXRx\bootl18f.asm
                  Forever   0x00fefe    program     static C:\Flight\Code\UAVXRx\bootl18f.asm
            WritePICBlock   0x00ff00    program     static C:\Flight\Code\UAVXRx\bootl18f.asm
           NextWriteBlock   0x00ff14    program     static C:\Flight\Code\UAVXRx\bootl18f.asm
             WritePICByte   0x00ff18    program     static C:\Flight\Code\UAVXRx\bootl18f.asm
                 WritePIC   0x00ff2e    program     static C:\Flight\Code\UAVXRx\bootl18f.asm
             ReadPICBlock   0x00ff3c    program     static C:\Flight\Code\UAVXRx\bootl18f.asm
              ReadPICByte   0x00ff48    program     static C:\Flight\Code\UAVXRx\bootl18f.asm
          LoadBlockTBLPTR   0x00ff54    program     static C:\Flight\Code\UAVXRx\bootl18f.asm
             ASCII2Nibble   0x00ff60    program     static C:\Flight\Code\UAVXRx\bootl18f.asm
                ASCII2Bin   0x00ff6c    program     static C:\Flight\Code\UAVXRx\bootl18f.asm
                 BootLeds   0x00ff7e    program     static C:\Flight\Code\UAVXRx\bootl18f.asm
                  LEDScan   0x00ff88    program     static C:\Flight\Code\UAVXRx\bootl18f.asm
            SendString_OK   0x00ff9e    program     static C:\Flight\Code\UAVXRx\bootl18f.asm
               SendString   0x00ffa0    program     static C:\Flight\Code\UAVXRx\bootl18f.asm
                     SS_1   0x00ffa2    program     static C:\Flight\Code\UAVXRx\bootl18f.asm
                     SS_2   0x00ffbe    program     static C:\Flight\Code\UAVXRx\bootl18f.asm
                   TxChar   0x00ffc8    program     static C:\Flight\Code\UAVXRx\bootl18f.asm
                  padding   0x00ffd0    program     static C:\Flight\Code\UAVXRx\bootl18f.asm
               __config_0   0x300001    program     static C:\Flight\Code\UAVXRx\UAVXRx.c
               __config_1   0x300002    program     static C:\Flight\Code\UAVXRx\UAVXRx.c
               __config_2   0x300003    program     static C:\Flight\Code\UAVXRx\UAVXRx.c
               __config_3   0x300005    program     static C:\Flight\Code\UAVXRx\UAVXRx.c
               __config_4   0x300006    program     static C:\Flight\Code\UAVXRx\UAVXRx.c
                 PrevEdge   0x000000       data     extern C:\Flight\Code\UAVXRx\UAVXRx.c
                 CurrEdge   0x000003       data     extern C:\Flight\Code\UAVXRx\UAVXRx.c
             Intersection   0x000006       data     extern C:\Flight\Code\UAVXRx\UAVXRx.c
              PrevPattern   0x000007       data     extern C:\Flight\Code\UAVXRx\UAVXRx.c
              CurrPattern   0x000008       data     extern C:\Flight\Code\UAVXRx\UAVXRx.c
                      PPM   0x000009       data     extern C:\Flight\Code\UAVXRx\UAVXRx.c
                PPM_Index   0x000021       data     extern C:\Flight\Code\UAVXRx\UAVXRx.c
                PauseTime   0x000022       data     extern C:\Flight\Code\UAVXRx\UAVXRx.c
                     SIGN   0x000025       data     extern C:\MCC18\src\traditional\math\cmath18.asm
            __FPFLAGSbits   0x000026       data     extern C:\MCC18\src\traditional\math\cmath18.asm
                __FPFLAGS   0x000026       data     extern C:\MCC18\src\traditional\math\cmath18.asm
                 __AARGB7   0x000027       data     extern C:\MCC18\src\traditional\math\aarg.asm
                  __REMB3   0x000027       data     extern C:\MCC18\src\traditional\math\aarg.asm
                  __REMB2   0x000028       data     extern C:\MCC18\src\traditional\math\aarg.asm
                 __AARGB6   0x000028       data     extern C:\MCC18\src\traditional\math\aarg.asm
                  __REMB1   0x000029       data     extern C:\MCC18\src\traditional\math\aarg.asm
                 __AARGB5   0x000029       data     extern C:\MCC18\src\traditional\math\aarg.asm
                  __REMB0   0x00002a       data     extern C:\MCC18\src\traditional\math\aarg.asm
                 __AARGB4   0x00002a       data     extern C:\MCC18\src\traditional\math\aarg.asm
                 __AARGB3   0x00002b       data     extern C:\MCC18\src\traditional\math\aarg.asm
                 __AARGB2   0x00002c       data     extern C:\MCC18\src\traditional\math\aarg.asm
                 __AARGB1   0x00002d       data     extern C:\MCC18\src\traditional\math\aarg.asm
                 __AARGB0   0x00002e       data     extern C:\MCC18\src\traditional\math\aarg.asm
                   __AEXP   0x00002f       data     extern C:\MCC18\src\traditional\math\aarg.asm
                 __BARGB3   0x000030       data     extern C:\MCC18\src\traditional\math\barg.asm
                 __BARGB2   0x000031       data     extern C:\MCC18\src\traditional\math\barg.asm
                 __BARGB1   0x000032       data     extern C:\MCC18\src\traditional\math\barg.asm
                 __BARGB0   0x000033       data     extern C:\MCC18\src\traditional\math\barg.asm
                   __BEXP   0x000034       data     extern C:\MCC18\src\traditional\math\barg.asm
                  __tmp_0   0x000035       data     static C:\MCC18\src\pmc_common\USART\uopen.c
                  __tmp_0   0x000035       data     static C:\Flight\Code\UAVXRx\serial.c
                  __tmp_0   0x000035       data     static C:\Flight\Code\UAVXRx\UAVXRx.c
                  __tmp_2   0x00003f       data     static C:\Flight\Code\UAVXRx\UAVXRx.c
                     prom   0x000080       data     static C:\MCC18\src\traditional\startup\c018i.c
                curr_byte   0x000083       data     static C:\MCC18\src\traditional\startup\c018i.c
               curr_entry   0x000085       data     static C:\MCC18\src\traditional\startup\c018i.c
                 data_ptr   0x000087       data     static C:\MCC18\src\traditional\startup\c018i.c
                        F   0x00008a       data     extern C:\Flight\Code\UAVXRx\UAVXRx.c
              SignalCount   0x00008b       data     extern C:\Flight\Code\UAVXRx\UAVXRx.c
               RCGlitches   0x00008c       data     extern C:\Flight\Code\UAVXRx\UAVXRx.c
               TxCheckSum   0x000100       data     extern C:\Flight\Code\UAVXRx\serial.c
                      TxQ   0x000101       data     extern C:\Flight\Code\UAVXRx\serial.c
                      RxQ   0x000183       data     extern C:\Flight\Code\UAVXRx\UAVXRx.c
                 RCSignal   0x0001e5       data     extern C:\Flight\Code\UAVXRx\UAVXRx.c
              RCNewValues   0x0001e6       data     extern C:\Flight\Code\UAVXRx\UAVXRx.c
                        i   0x0001e7       data     static C:\Flight\Code\UAVXRx\UAVXRx.c
                        i   0x0001e8       data     static C:\Flight\Code\UAVXRx\UAVXRx.c
                        b   0x0001e9       data     static C:\Flight\Code\UAVXRx\UAVXRx.c
                        c   0x0001ea       data     static C:\Flight\Code\UAVXRx\UAVXRx.c
                        m   0x0001eb       data     static C:\Flight\Code\UAVXRx\UAVXRx.c
                RxChannel   0x0001ec       data     extern C:\Flight\Code\UAVXRx\UAVXRx.c
                PORTAbits   0x000f80       data     extern C:\MCC18\src\traditional\proc\p18F2620.asm
                    PORTA   0x000f80       data     extern C:\MCC18\src\traditional\proc\p18F2620.asm
                    PORTB   0x000f81       data     extern C:\MCC18\src\traditional\proc\p18F2620.asm
                PORTBbits   0x000f81       data     extern C:\MCC18\src\traditional\proc\p18F2620.asm
                    PORTC   0x000f82       data     extern C:\MCC18\src\traditional\proc\p18F2620.asm
                PORTCbits   0x000f82       data     extern C:\MCC18\src\traditional\proc\p18F2620.asm
                    PORTE   0x000f84       data     extern C:\MCC18\src\traditional\proc\p18F2620.asm
                PORTEbits   0x000f84       data     extern C:\MCC18\src\traditional\proc\p18F2620.asm
                 LATAbits   0x000f89       data     extern C:\MCC18\src\traditional\proc\p18F2620.asm
                     LATA   0x000f89       data     extern C:\MCC18\src\traditional\proc\p18F2620.asm
                     LATB   0x000f8a       data     extern C:\MCC18\src\traditional\proc\p18F2620.asm
                 LATBbits   0x000f8a       data     extern C:\MCC18\src\traditional\proc\p18F2620.asm
                 LATCbits   0x000f8b       data     extern C:\MCC18\src\traditional\proc\p18F2620.asm
                     LATC   0x000f8b       data     extern C:\MCC18\src\traditional\proc\p18F2620.asm
                     DDRA   0x000f92       data     extern C:\MCC18\src\traditional\proc\p18F2620.asm
                    TRISA   0x000f92       data     extern C:\MCC18\src\traditional\proc\p18F2620.asm
                TRISAbits   0x000f92       data     extern C:\MCC18\src\traditional\proc\p18F2620.asm
                 DDRAbits   0x000f92       data     extern C:\MCC18\src\traditional\proc\p18F2620.asm
                 DDRBbits   0x000f93       data     extern C:\MCC18\src\traditional\proc\p18F2620.asm
                    TRISB   0x000f93       data     extern C:\MCC18\src\traditional\proc\p18F2620.asm
                TRISBbits   0x000f93       data     extern C:\MCC18\src\traditional\proc\p18F2620.asm
                     DDRB   0x000f93       data     extern C:\MCC18\src\traditional\proc\p18F2620.asm
                     DDRC   0x000f94       data     extern C:\MCC18\src\traditional\proc\p18F2620.asm
                 DDRCbits   0x000f94       data     extern C:\MCC18\src\traditional\proc\p18F2620.asm
                TRISCbits   0x000f94       data     extern C:\MCC18\src\traditional\proc\p18F2620.asm
                    TRISC   0x000f94       data     extern C:\MCC18\src\traditional\proc\p18F2620.asm
                  OSCTUNE   0x000f9b       data     extern C:\MCC18\src\traditional\proc\p18F2620.asm
              OSCTUNEbits   0x000f9b       data     extern C:\MCC18\src\traditional\proc\p18F2620.asm
                 PIE1bits   0x000f9d       data     extern C:\MCC18\src\traditional\proc\p18F2620.asm
                     PIE1   0x000f9d       data     extern C:\MCC18\src\traditional\proc\p18F2620.asm
                     PIR1   0x000f9e       data     extern C:\MCC18\src\traditional\proc\p18F2620.asm
                 PIR1bits   0x000f9e       data     extern C:\MCC18\src\traditional\proc\p18F2620.asm
                     IPR1   0x000f9f       data     extern C:\MCC18\src\traditional\proc\p18F2620.asm
                 IPR1bits   0x000f9f       data     extern C:\MCC18\src\traditional\proc\p18F2620.asm
                     PIE2   0x000fa0       data     extern C:\MCC18\src\traditional\proc\p18F2620.asm
                 PIE2bits   0x000fa0       data     extern C:\MCC18\src\traditional\proc\p18F2620.asm
                 PIR2bits   0x000fa1       data     extern C:\MCC18\src\traditional\proc\p18F2620.asm
                     PIR2   0x000fa1       data     extern C:\MCC18\src\traditional\proc\p18F2620.asm
                 IPR2bits   0x000fa2       data     extern C:\MCC18\src\traditional\proc\p18F2620.asm
                     IPR2   0x000fa2       data     extern C:\MCC18\src\traditional\proc\p18F2620.asm
               EECON1bits   0x000fa6       data     extern C:\MCC18\src\traditional\proc\p18F2620.asm
                   EECON1   0x000fa6       data     extern C:\MCC18\src\traditional\proc\p18F2620.asm
                   EECON2   0x000fa7       data     extern C:\MCC18\src\traditional\proc\p18F2620.asm
                   EEDATA   0x000fa8       data     extern C:\MCC18\src\traditional\proc\p18F2620.asm
                    EEADR   0x000fa9       data     extern C:\MCC18\src\traditional\proc\p18F2620.asm
                   EEADRH   0x000faa       data     extern C:\MCC18\src\traditional\proc\p18F2620.asm
                    RCSTA   0x000fab       data     extern C:\MCC18\src\traditional\proc\p18F2620.asm
                RCSTAbits   0x000fab       data     extern C:\MCC18\src\traditional\proc\p18F2620.asm
                    TXSTA   0x000fac       data     extern C:\MCC18\src\traditional\proc\p18F2620.asm
                TXSTAbits   0x000fac       data     extern C:\MCC18\src\traditional\proc\p18F2620.asm
                    TXREG   0x000fad       data     extern C:\MCC18\src\traditional\proc\p18F2620.asm
                    RCREG   0x000fae       data     extern C:\MCC18\src\traditional\proc\p18F2620.asm
                    SPBRG   0x000faf       data     extern C:\MCC18\src\traditional\proc\p18F2620.asm
                   SPBRGH   0x000fb0       data     extern C:\MCC18\src\traditional\proc\p18F2620.asm
                    T3CON   0x000fb1       data     extern C:\MCC18\src\traditional\proc\p18F2620.asm
                T3CONbits   0x000fb1       data     extern C:\MCC18\src\traditional\proc\p18F2620.asm
                    TMR3L   0x000fb2       data     extern C:\MCC18\src\traditional\proc\p18F2620.asm
                    TMR3H   0x000fb3       data     extern C:\MCC18\src\traditional\proc\p18F2620.asm
                    CMCON   0x000fb4       data     extern C:\MCC18\src\traditional\proc\p18F2620.asm
                CMCONbits   0x000fb4       data     extern C:\MCC18\src\traditional\proc\p18F2620.asm
                   CVRCON   0x000fb5       data     extern C:\MCC18\src\traditional\proc\p18F2620.asm
               CVRCONbits   0x000fb5       data     extern C:\MCC18\src\traditional\proc\p18F2620.asm
              BAUDCTLbits   0x000fb8       data     extern C:\MCC18\src\traditional\proc\p18F2620.asm
                  BAUDCTL   0x000fb8       data     extern C:\MCC18\src\traditional\proc\p18F2620.asm
              BAUDCONbits   0x000fb8       data     extern C:\MCC18\src\traditional\proc\p18F2620.asm
                  BAUDCON   0x000fb8       data     extern C:\MCC18\src\traditional\proc\p18F2620.asm
                  CCP2CON   0x000fba       data     extern C:\MCC18\src\traditional\proc\p18F2620.asm
              CCP2CONbits   0x000fba       data     extern C:\MCC18\src\traditional\proc\p18F2620.asm
                    CCPR2   0x000fbb       data     extern C:\MCC18\src\traditional\proc\p18F2620.asm
                   CCPR2L   0x000fbb       data     extern C:\MCC18\src\traditional\proc\p18F2620.asm
                   CCPR2H   0x000fbc       data     extern C:\MCC18\src\traditional\proc\p18F2620.asm
              CCP1CONbits   0x000fbd       data     extern C:\MCC18\src\traditional\proc\p18F2620.asm
                  CCP1CON   0x000fbd       data     extern C:\MCC18\src\traditional\proc\p18F2620.asm
                    CCPR1   0x000fbe       data     extern C:\MCC18\src\traditional\proc\p18F2620.asm
                   CCPR1L   0x000fbe       data     extern C:\MCC18\src\traditional\proc\p18F2620.asm
                   CCPR1H   0x000fbf       data     extern C:\MCC18\src\traditional\proc\p18F2620.asm
               ADCON2bits   0x000fc0       data     extern C:\MCC18\src\traditional\proc\p18F2620.asm
                   ADCON2   0x000fc0       data     extern C:\MCC18\src\traditional\proc\p18F2620.asm
               ADCON1bits   0x000fc1       data     extern C:\MCC18\src\traditional\proc\p18F2620.asm
                   ADCON1   0x000fc1       data     extern C:\MCC18\src\traditional\proc\p18F2620.asm
               ADCON0bits   0x000fc2       data     extern C:\MCC18\src\traditional\proc\p18F2620.asm
                   ADCON0   0x000fc2       data     extern C:\MCC18\src\traditional\proc\p18F2620.asm
                   ADRESL   0x000fc3       data     extern C:\MCC18\src\traditional\proc\p18F2620.asm
                    ADRES   0x000fc3       data     extern C:\MCC18\src\traditional\proc\p18F2620.asm
                   ADRESH   0x000fc4       data     extern C:\MCC18\src\traditional\proc\p18F2620.asm
                  SSPCON2   0x000fc5       data     extern C:\MCC18\src\traditional\proc\p18F2620.asm
              SSPCON2bits   0x000fc5       data     extern C:\MCC18\src\traditional\proc\p18F2620.asm
                  SSPCON1   0x000fc6       data     extern C:\MCC18\src\traditional\proc\p18F2620.asm
              SSPCON1bits   0x000fc6       data     extern C:\MCC18\src\traditional\proc\p18F2620.asm
              SSPSTATbits   0x000fc7       data     extern C:\MCC18\src\traditional\proc\p18F2620.asm
                  SSPSTAT   0x000fc7       data     extern C:\MCC18\src\traditional\proc\p18F2620.asm
                   SSPADD   0x000fc8       data     extern C:\MCC18\src\traditional\proc\p18F2620.asm
                   SSPBUF   0x000fc9       data     extern C:\MCC18\src\traditional\proc\p18F2620.asm
                    T2CON   0x000fca       data     extern C:\MCC18\src\traditional\proc\p18F2620.asm
                T2CONbits   0x000fca       data     extern C:\MCC18\src\traditional\proc\p18F2620.asm
                      PR2   0x000fcb       data     extern C:\MCC18\src\traditional\proc\p18F2620.asm
                     TMR2   0x000fcc       data     extern C:\MCC18\src\traditional\proc\p18F2620.asm
                    T1CON   0x000fcd       data     extern C:\MCC18\src\traditional\proc\p18F2620.asm
                T1CONbits   0x000fcd       data     extern C:\MCC18\src\traditional\proc\p18F2620.asm
                    TMR1L   0x000fce       data     extern C:\MCC18\src\traditional\proc\p18F2620.asm
                    TMR1H   0x000fcf       data     extern C:\MCC18\src\traditional\proc\p18F2620.asm
                 RCONbits   0x000fd0       data     extern C:\MCC18\src\traditional\proc\p18F2620.asm
                     RCON   0x000fd0       data     extern C:\MCC18\src\traditional\proc\p18F2620.asm
                   WDTCON   0x000fd1       data     extern C:\MCC18\src\traditional\proc\p18F2620.asm
               WDTCONbits   0x000fd1       data     extern C:\MCC18\src\traditional\proc\p18F2620.asm
               LVDCONbits   0x000fd2       data     extern C:\MCC18\src\traditional\proc\p18F2620.asm
                   LVDCON   0x000fd2       data     extern C:\MCC18\src\traditional\proc\p18F2620.asm
                  HLVDCON   0x000fd2       data     extern C:\MCC18\src\traditional\proc\p18F2620.asm
              HLVDCONbits   0x000fd2       data     extern C:\MCC18\src\traditional\proc\p18F2620.asm
                   OSCCON   0x000fd3       data     extern C:\MCC18\src\traditional\proc\p18F2620.asm
               OSCCONbits   0x000fd3       data     extern C:\MCC18\src\traditional\proc\p18F2620.asm
                    DEBUG   0x000fd4       data     extern C:\MCC18\src\traditional\proc\p18F2620.asm
                T0CONbits   0x000fd5       data     extern C:\MCC18\src\traditional\proc\p18F2620.asm
                    T0CON   0x000fd5       data     extern C:\MCC18\src\traditional\proc\p18F2620.asm
                    TMR0L   0x000fd6       data     extern C:\MCC18\src\traditional\proc\p18F2620.asm
                    TMR0H   0x000fd7       data     extern C:\MCC18\src\traditional\proc\p18F2620.asm
               STATUSbits   0x000fd8       data     extern C:\MCC18\src\traditional\proc\p18F2620.asm
                   STATUS   0x000fd8       data     extern C:\MCC18\src\traditional\proc\p18F2620.asm
                    FSR2L   0x000fd9       data     extern C:\MCC18\src\traditional\proc\p18F2620.asm
                     FSR2   0x000fd9       data     extern C:\MCC18\src\traditional\proc\p18F2620.asm
                    FSR2H   0x000fda       data     extern C:\MCC18\src\traditional\proc\p18F2620.asm
                   PLUSW2   0x000fdb       data     extern C:\MCC18\src\traditional\proc\p18F2620.asm
                  PREINC2   0x000fdc       data     extern C:\MCC18\src\traditional\proc\p18F2620.asm
                 POSTDEC2   0x000fdd       data     extern C:\MCC18\src\traditional\proc\p18F2620.asm
                 POSTINC2   0x000fde       data     extern C:\MCC18\src\traditional\proc\p18F2620.asm
                    INDF2   0x000fdf       data     extern C:\MCC18\src\traditional\proc\p18F2620.asm
                      BSR   0x000fe0       data     extern C:\MCC18\src\traditional\proc\p18F2620.asm
                     FSR1   0x000fe1       data     extern C:\MCC18\src\traditional\proc\p18F2620.asm
                    FSR1L   0x000fe1       data     extern C:\MCC18\src\traditional\proc\p18F2620.asm
                    FSR1H   0x000fe2       data     extern C:\MCC18\src\traditional\proc\p18F2620.asm
                   PLUSW1   0x000fe3       data     extern C:\MCC18\src\traditional\proc\p18F2620.asm
                  PREINC1   0x000fe4       data     extern C:\MCC18\src\traditional\proc\p18F2620.asm
                 POSTDEC1   0x000fe5       data     extern C:\MCC18\src\traditional\proc\p18F2620.asm
                 POSTINC1   0x000fe6       data     extern C:\MCC18\src\traditional\proc\p18F2620.asm
                    INDF1   0x000fe7       data     extern C:\MCC18\src\traditional\proc\p18F2620.asm
                     WREG   0x000fe8       data     extern C:\MCC18\src\traditional\proc\p18F2620.asm
                        W   0x000fe8       data     extern C:\MCC18\src\traditional\proc\p18F2620.asm
                    FSR0L   0x000fe9       data     extern C:\MCC18\src\traditional\proc\p18F2620.asm
                     FSR0   0x000fe9       data     extern C:\MCC18\src\traditional\proc\p18F2620.asm
                    FSR0H   0x000fea       data     extern C:\MCC18\src\traditional\proc\p18F2620.asm
                   PLUSW0   0x000feb       data     extern C:\MCC18\src\traditional\proc\p18F2620.asm
                  PREINC0   0x000fec       data     extern C:\MCC18\src\traditional\proc\p18F2620.asm
                 POSTDEC0   0x000fed       data     extern C:\MCC18\src\traditional\proc\p18F2620.asm
                 POSTINC0   0x000fee       data     extern C:\MCC18\src\traditional\proc\p18F2620.asm
                    INDF0   0x000fef       data     extern C:\MCC18\src\traditional\proc\p18F2620.asm
                  INTCON3   0x000ff0       data     extern C:\MCC18\src\traditional\proc\p18F2620.asm
              INTCON3bits   0x000ff0       data     extern C:\MCC18\src\traditional\proc\p18F2620.asm
                  INTCON2   0x000ff1       data     extern C:\MCC18\src\traditional\proc\p18F2620.asm
              INTCON2bits   0x000ff1       data     extern C:\MCC18\src\traditional\proc\p18F2620.asm
                   INTCON   0x000ff2       data     extern C:\MCC18\src\traditional\proc\p18F2620.asm
               INTCONbits   0x000ff2       data     extern C:\MCC18\src\traditional\proc\p18F2620.asm
                    PRODL   0x000ff3       data     extern C:\MCC18\src\traditional\proc\p18F2620.asm
                     PROD   0x000ff3       data     extern C:\MCC18\src\traditional\proc\p18F2620.asm
                    PRODH   0x000ff4       data     extern C:\MCC18\src\traditional\proc\p18F2620.asm
                   TABLAT   0x000ff5       data     extern C:\MCC18\src\traditional\proc\p18F2620.asm
                   TBLPTR   0x000ff6       data     extern C:\MCC18\src\traditional\proc\p18F2620.asm
                  TBLPTRL   0x000ff6       data     extern C:\MCC18\src\traditional\proc\p18F2620.asm
                  TBLPTRH   0x000ff7       data     extern C:\MCC18\src\traditional\proc\p18F2620.asm
                  TBLPTRU   0x000ff8       data     extern C:\MCC18\src\traditional\proc\p18F2620.asm
                      PCL   0x000ff9       data     extern C:\MCC18\src\traditional\proc\p18F2620.asm
                       PC   0x000ff9       data     extern C:\MCC18\src\traditional\proc\p18F2620.asm
                   PCLATH   0x000ffa       data     extern C:\MCC18\src\traditional\proc\p18F2620.asm
                   PCLATU   0x000ffb       data     extern C:\MCC18\src\traditional\proc\p18F2620.asm
                   STKPTR   0x000ffc       data     extern C:\MCC18\src\traditional\proc\p18F2620.asm
               STKPTRbits   0x000ffc       data     extern C:\MCC18\src\traditional\proc\p18F2620.asm
                      TOS   0x000ffd       data     extern C:\MCC18\src\traditional\proc\p18F2620.asm
                     TOSL   0x000ffd       data     extern C:\MCC18\src\traditional\proc\p18F2620.asm
                     TOSH   0x000ffe       data     extern C:\MCC18\src\traditional\proc\p18F2620.asm
                     TOSU   0x000fff       data     extern C:\MCC18\src\traditional\proc\p18F2620.asm


