Starting makeall uavptest 
MPLAB C18 v3.21 (feature limited)
Copyright 2000-2008 Microchip Technology Inc.
This version of MPLAB C18 does not support the extended mode
and will not perform all optimizations.  To purchase a full
copy of MPLAB C18, please contact your local distributor or
visit buy.microchip.com.

MPLAB C18 v3.21 (feature limited)
Copyright 2000-2008 Microchip Technology Inc.
This version of MPLAB C18 does not support the extended mode
and will not perform all optimizations.  To purchase a full
copy of MPLAB C18, please contact your local distributor or
visit buy.microchip.com.

MPLAB C18 v3.21 (feature limited)
Copyright 2000-2008 Microchip Technology Inc.
This version of MPLAB C18 does not support the extended mode
and will not perform all optimizations.  To purchase a full
copy of MPLAB C18, please contact your local distributor or
visit buy.microchip.com.

MPLAB C18 v3.21 (feature limited)
Copyright 2000-2008 Microchip Technology Inc.
This version of MPLAB C18 does not support the extended mode
and will not perform all optimizations.  To purchase a full
copy of MPLAB C18, please contact your local distributor or
visit buy.microchip.com.

MPLAB C18 v3.21 (feature limited)
Copyright 2000-2008 Microchip Technology Inc.
This version of MPLAB C18 does not support the extended mode
and will not perform all optimizations.  To purchase a full
copy of MPLAB C18, please contact your local distributor or
visit buy.microchip.com.

C:\Flight\Other Code\QuadMahringer\pu-test.c:126:Warning [2054] suspicious pointer conversion
C:\Flight\Other Code\QuadMahringer\pu-test.c:132:Warning [2054] suspicious pointer conversion
C:\Flight\Other Code\QuadMahringer\pu-test.c:136:Warning [2054] suspicious pointer conversion
C:\Flight\Other Code\QuadMahringer\pu-test.c:140:Warning [2054] suspicious pointer conversion
C:\Flight\Other Code\QuadMahringer\pu-test.c:145:Warning [2054] suspicious pointer conversion
C:\Flight\Other Code\QuadMahringer\pu-test.c:159:Warning [2054] suspicious pointer conversion
C:\Flight\Other Code\QuadMahringer\pu-test.c:177:Warning [2054] suspicious pointer conversion
C:\Flight\Other Code\QuadMahringer\pu-test.c:179:Warning [2054] suspicious pointer conversion
C:\Flight\Other Code\QuadMahringer\pu-test.c:181:Warning [2054] suspicious pointer conversion
C:\Flight\Other Code\QuadMahringer\pu-test.c:194:Warning [2054] suspicious pointer conversion
C:\Flight\Other Code\QuadMahringer\pu-test.c:200:Warning [2054] suspicious pointer conversion
C:\Flight\Other Code\QuadMahringer\pu-test.c:205:Warning [2054] suspicious pointer conversion
C:\Flight\Other Code\QuadMahringer\pu-test.c:209:Warning [2054] suspicious pointer conversion
C:\Flight\Other Code\QuadMahringer\pu-test.c:214:Warning [2054] suspicious pointer conversion
C:\Flight\Other Code\QuadMahringer\pu-test.c:240:Warning [2054] suspicious pointer conversion
C:\Flight\Other Code\QuadMahringer\pu-test.c:248:Warning [2054] suspicious pointer conversion
C:\Flight\Other Code\QuadMahringer\pu-test.c:252:Warning [2054] suspicious pointer conversion
C:\Flight\Other Code\QuadMahringer\pu-test.c:257:Warning [2054] suspicious pointer conversion
C:\Flight\Other Code\QuadMahringer\pu-test.c:266:Warning [2054] suspicious pointer conversion
C:\Flight\Other Code\QuadMahringer\pu-test.c:277:Warning [2054] suspicious pointer conversion
C:\Flight\Other Code\QuadMahringer\pu-test.c:281:Warning [2054] suspicious pointer conversion
C:\Flight\Other Code\QuadMahringer\pu-test.c:288:Warning [2054] suspicious pointer conversion
C:\Flight\Other Code\QuadMahringer\pu-test.c:292:Warning [2054] suspicious pointer conversion
C:\Flight\Other Code\QuadMahringer\pu-test.c:294:Warning [2054] suspicious pointer conversion
C:\Flight\Other Code\QuadMahringer\pu-test.c:299:Warning [2054] suspicious pointer conversion
C:\Flight\Other Code\QuadMahringer\pu-test.c:305:Warning [2054] suspicious pointer conversion
C:\Flight\Other Code\QuadMahringer\pu-test.c:314:Warning [2054] suspicious pointer conversion
C:\Flight\Other Code\QuadMahringer\pu-test.c:345:Warning [2054] suspicious pointer conversion
C:\Flight\Other Code\QuadMahringer\pu-test.c:346:Warning [2054] suspicious pointer conversion
C:\Flight\Other Code\QuadMahringer\pu-test.c:347:Warning [2054] suspicious pointer conversion
C:\Flight\Other Code\QuadMahringer\pu-test.c:351:Warning [2054] suspicious pointer conversion
C:\Flight\Other Code\QuadMahringer\pu-test.c:352:Warning [2054] suspicious pointer conversion
C:\Flight\Other Code\QuadMahringer\pu-test.c:407:Warning [2054] suspicious pointer conversion
C:\Flight\Other Code\QuadMahringer\pu-test.c:413:Warning [2054] suspicious pointer conversion
C:\Flight\Other Code\QuadMahringer\pu-test.c:420:Warning [2054] suspicious pointer conversion
C:\Flight\Other Code\QuadMahringer\pu-test.c:422:Warning [2054] suspicious pointer conversion
C:\Flight\Other Code\QuadMahringer\pu-test.c:435:Warning [2054] suspicious pointer conversion
C:\Flight\Other Code\QuadMahringer\pu-test.c:440:Warning [2054] suspicious pointer conversion
C:\Flight\Other Code\QuadMahringer\pu-test.c:447:Warning [2054] suspicious pointer conversion
C:\Flight\Other Code\QuadMahringer\pu-test.c:454:Warning [2054] suspicious pointer conversion
C:\Flight\Other Code\QuadMahringer\pu-test.c:462:Warning [2054] suspicious pointer conversion
C:\Flight\Other Code\QuadMahringer\pu-test.c:465:Warning [2054] suspicious pointer conversion
C:\Flight\Other Code\QuadMahringer\pu-test.c:468:Warning [2054] suspicious pointer conversion
C:\Flight\Other Code\QuadMahringer\pu-test.c:474:Warning [2054] suspicious pointer conversion
C:\Flight\Other Code\QuadMahringer\pu-test.c:638:Warning [2058] call of function without prototype
MPLAB C18 v3.21 (feature limited)
Copyright 2000-2008 Microchip Technology Inc.
This version of MPLAB C18 does not support the extended mode
and will not perform all optimizations.  To purchase a full
copy of MPLAB C18, please contact your local distributor or
visit buy.microchip.com.

MPLAB C18 v3.21 (feature limited)
Copyright 2000-2008 Microchip Technology Inc.
This version of MPLAB C18 does not support the extended mode
and will not perform all optimizations.  To purchase a full
copy of MPLAB C18, please contact your local distributor or
visit buy.microchip.com.

MPLAB C18 v3.21 (feature limited)
Copyright 2000-2008 Microchip Technology Inc.
This version of MPLAB C18 does not support the extended mode
and will not perform all optimizations.  To purchase a full
copy of MPLAB C18, please contact your local distributor or
visit buy.microchip.com.

MPLAB C18 v3.21 (feature limited)
Copyright 2000-2008 Microchip Technology Inc.
This version of MPLAB C18 does not support the extended mode
and will not perform all optimizations.  To purchase a full
copy of MPLAB C18, please contact your local distributor or
visit buy.microchip.com.

MPLAB C18 v3.21 (feature limited)
Copyright 2000-2008 Microchip Technology Inc.
This version of MPLAB C18 does not support the extended mode
and will not perform all optimizations.  To purchase a full
copy of MPLAB C18, please contact your local distributor or
visit buy.microchip.com.

C:\Flight\Other Code\QuadMahringer\menu-test.c:100:Warning [2054] suspicious pointer conversion
C:\Flight\Other Code\QuadMahringer\menu-test.c:111:Warning [2054] suspicious pointer conversion
C:\Flight\Other Code\QuadMahringer\menu-test.c:113:Warning [2054] suspicious pointer conversion
C:\Flight\Other Code\QuadMahringer\menu-test.c:116:Warning [2054] suspicious pointer conversion
C:\Flight\Other Code\QuadMahringer\menu-test.c:118:Warning [2054] suspicious pointer conversion
C:\Flight\Other Code\QuadMahringer\menu-test.c:120:Warning [2054] suspicious pointer conversion
C:\Flight\Other Code\QuadMahringer\menu-test.c:123:Warning [2054] suspicious pointer conversion
C:\Flight\Other Code\QuadMahringer\menu-test.c:125:Warning [2054] suspicious pointer conversion
C:\Flight\Other Code\QuadMahringer\menu-test.c:127:Warning [2054] suspicious pointer conversion
C:\Flight\Other Code\QuadMahringer\menu-test.c:148:Warning [2058] call of function without prototype
C:\Flight\Other Code\QuadMahringer\menu-test.c:149:Warning [2058] call of function without prototype
C:\Flight\Other Code\QuadMahringer\menu-test.c:154:Warning [2054] suspicious pointer conversion
C:\Flight\Other Code\QuadMahringer\menu-test.c:163:Warning [2054] suspicious pointer conversion
C:\Flight\Other Code\QuadMahringer\menu-test.c:165:Warning [2054] suspicious pointer conversion
C:\Flight\Other Code\QuadMahringer\menu-test.c:173:Warning [2054] suspicious pointer conversion
C:\Flight\Other Code\QuadMahringer\menu-test.c:175:Warning [2054] suspicious pointer conversion
C:\Flight\Other Code\QuadMahringer\menu-test.c:213:Warning [2054] suspicious pointer conversion
C:\Flight\Other Code\QuadMahringer\menu-test.c:216:Warning [2054] suspicious pointer conversion
C:\Flight\Other Code\QuadMahringer\menu-test.c:219:Warning [2054] suspicious pointer conversion
C:\Flight\Other Code\QuadMahringer\menu-test.c:228:Warning [2054] suspicious pointer conversion
C:\Flight\Other Code\QuadMahringer\menu-test.c:229:Warning [2054] suspicious pointer conversion
C:\Flight\Other Code\QuadMahringer\menu-test.c:230:Warning [2054] suspicious pointer conversion
C:\Flight\Other Code\QuadMahringer\menu-test.c:231:Warning [2054] suspicious pointer conversion
C:\Flight\Other Code\QuadMahringer\menu-test.c:232:Warning [2054] suspicious pointer conversion
C:\Flight\Other Code\QuadMahringer\menu-test.c:233:Warning [2054] suspicious pointer conversion
C:\Flight\Other Code\QuadMahringer\menu-test.c:234:Warning [2054] suspicious pointer conversion
C:\Flight\Other Code\QuadMahringer\menu-test.c:256:Warning [2054] suspicious pointer conversion
C:\Flight\Other Code\QuadMahringer\menu-test.c:258:Warning [2054] suspicious pointer conversion
C:\Flight\Other Code\QuadMahringer\menu-test.c:284:Warning [2054] suspicious pointer conversion
C:\Flight\Other Code\QuadMahringer\menu-test.c:289:Warning [2054] suspicious pointer conversion
C:\Flight\Other Code\QuadMahringer\menu-test.c:290:Warning [2054] suspicious pointer conversion
C:\Flight\Other Code\QuadMahringer\menu-test.c:291:Warning [2054] suspicious pointer conversion
C:\Flight\Other Code\QuadMahringer\menu-test.c:292:Warning [2054] suspicious pointer conversion
C:\Flight\Other Code\QuadMahringer\menu-test.c:293:Warning [2054] suspicious pointer conversion
C:\Flight\Other Code\QuadMahringer\menu-test.c:294:Warning [2054] suspicious pointer conversion
C:\Flight\Other Code\QuadMahringer\menu-test.c:295:Warning [2054] suspicious pointer conversion
C:\Flight\Other Code\QuadMahringer\menu-test.c:296:Warning [2054] suspicious pointer conversion
MPLAB C18 v3.21 (feature limited)
Copyright 2000-2008 Microchip Technology Inc.
This version of MPLAB C18 does not support the extended mode
and will not perform all optimizations.  To purchase a full
copy of MPLAB C18, please contact your local distributor or
visit buy.microchip.com.

MPLAB C18 v3.21 (feature limited)
Copyright 2000-2008 Microchip Technology Inc.
This version of MPLAB C18 does not support the extended mode
and will not perform all optimizations.  To purchase a full
copy of MPLAB C18, please contact your local distributor or
visit buy.microchip.com.

MPLAB C18 v3.21 (feature limited)
Copyright 2000-2008 Microchip Technology Inc.
This version of MPLAB C18 does not support the extended mode
and will not perform all optimizations.  To purchase a full
copy of MPLAB C18, please contact your local distributor or
visit buy.microchip.com.

MPLINK 4.21, Linker
Copyright (c) 2008 Microchip Technology Inc.
Errors    : 0

MP2HEX 4.21, COFF to HEX File Converter
Copyright (c) 2008 Microchip Technology Inc.
Errors    : 0

MPLAB C18 v3.21 (feature limited)
Copyright 2000-2008 Microchip Technology Inc.
This version of MPLAB C18 does not support the extended mode
and will not perform all optimizations.  To purchase a full
copy of MPLAB C18, please contact your local distributor or
visit buy.microchip.com.

MPLAB C18 v3.21 (feature limited)
Copyright 2000-2008 Microchip Technology Inc.
This version of MPLAB C18 does not support the extended mode
and will not perform all optimizations.  To purchase a full
copy of MPLAB C18, please contact your local distributor or
visit buy.microchip.com.

MPLAB C18 v3.21 (feature limited)
Copyright 2000-2008 Microchip Technology Inc.
This version of MPLAB C18 does not support the extended mode
and will not perform all optimizations.  To purchase a full
copy of MPLAB C18, please contact your local distributor or
visit buy.microchip.com.

MPLAB C18 v3.21 (feature limited)
Copyright 2000-2008 Microchip Technology Inc.
This version of MPLAB C18 does not support the extended mode
and will not perform all optimizations.  To purchase a full
copy of MPLAB C18, please contact your local distributor or
visit buy.microchip.com.

MPLAB C18 v3.21 (feature limited)
Copyright 2000-2008 Microchip Technology Inc.
This version of MPLAB C18 does not support the extended mode
and will not perform all optimizations.  To purchase a full
copy of MPLAB C18, please contact your local distributor or
visit buy.microchip.com.

C:\Flight\Other Code\QuadMahringer\pu-test.c:126:Warning [2054] suspicious pointer conversion
C:\Flight\Other Code\QuadMahringer\pu-test.c:132:Warning [2054] suspicious pointer conversion
C:\Flight\Other Code\QuadMahringer\pu-test.c:136:Warning [2054] suspicious pointer conversion
C:\Flight\Other Code\QuadMahringer\pu-test.c:140:Warning [2054] suspicious pointer conversion
C:\Flight\Other Code\QuadMahringer\pu-test.c:145:Warning [2054] suspicious pointer conversion
C:\Flight\Other Code\QuadMahringer\pu-test.c:159:Warning [2054] suspicious pointer conversion
C:\Flight\Other Code\QuadMahringer\pu-test.c:177:Warning [2054] suspicious pointer conversion
C:\Flight\Other Code\QuadMahringer\pu-test.c:179:Warning [2054] suspicious pointer conversion
C:\Flight\Other Code\QuadMahringer\pu-test.c:181:Warning [2054] suspicious pointer conversion
C:\Flight\Other Code\QuadMahringer\pu-test.c:194:Warning [2054] suspicious pointer conversion
C:\Flight\Other Code\QuadMahringer\pu-test.c:200:Warning [2054] suspicious pointer conversion
C:\Flight\Other Code\QuadMahringer\pu-test.c:205:Warning [2054] suspicious pointer conversion
C:\Flight\Other Code\QuadMahringer\pu-test.c:209:Warning [2054] suspicious pointer conversion
C:\Flight\Other Code\QuadMahringer\pu-test.c:214:Warning [2054] suspicious pointer conversion
C:\Flight\Other Code\QuadMahringer\pu-test.c:240:Warning [2054] suspicious pointer conversion
C:\Flight\Other Code\QuadMahringer\pu-test.c:248:Warning [2054] suspicious pointer conversion
C:\Flight\Other Code\QuadMahringer\pu-test.c:252:Warning [2054] suspicious pointer conversion
C:\Flight\Other Code\QuadMahringer\pu-test.c:257:Warning [2054] suspicious pointer conversion
C:\Flight\Other Code\QuadMahringer\pu-test.c:266:Warning [2054] suspicious pointer conversion
C:\Flight\Other Code\QuadMahringer\pu-test.c:277:Warning [2054] suspicious pointer conversion
C:\Flight\Other Code\QuadMahringer\pu-test.c:281:Warning [2054] suspicious pointer conversion
C:\Flight\Other Code\QuadMahringer\pu-test.c:288:Warning [2054] suspicious pointer conversion
C:\Flight\Other Code\QuadMahringer\pu-test.c:292:Warning [2054] suspicious pointer conversion
C:\Flight\Other Code\QuadMahringer\pu-test.c:294:Warning [2054] suspicious pointer conversion
C:\Flight\Other Code\QuadMahringer\pu-test.c:299:Warning [2054] suspicious pointer conversion
C:\Flight\Other Code\QuadMahringer\pu-test.c:305:Warning [2054] suspicious pointer conversion
C:\Flight\Other Code\QuadMahringer\pu-test.c:314:Warning [2054] suspicious pointer conversion
C:\Flight\Other Code\QuadMahringer\pu-test.c:345:Warning [2054] suspicious pointer conversion
C:\Flight\Other Code\QuadMahringer\pu-test.c:346:Warning [2054] suspicious pointer conversion
C:\Flight\Other Code\QuadMahringer\pu-test.c:347:Warning [2054] suspicious pointer conversion
C:\Flight\Other Code\QuadMahringer\pu-test.c:351:Warning [2054] suspicious pointer conversion
C:\Flight\Other Code\QuadMahringer\pu-test.c:352:Warning [2054] suspicious pointer conversion
C:\Flight\Other Code\QuadMahringer\pu-test.c:407:Warning [2054] suspicious pointer conversion
C:\Flight\Other Code\QuadMahringer\pu-test.c:413:Warning [2054] suspicious pointer conversion
C:\Flight\Other Code\QuadMahringer\pu-test.c:420:Warning [2054] suspicious pointer conversion
C:\Flight\Other Code\QuadMahringer\pu-test.c:422:Warning [2054] suspicious pointer conversion
C:\Flight\Other Code\QuadMahringer\pu-test.c:435:Warning [2054] suspicious pointer conversion
C:\Flight\Other Code\QuadMahringer\pu-test.c:440:Warning [2054] suspicious pointer conversion
C:\Flight\Other Code\QuadMahringer\pu-test.c:447:Warning [2054] suspicious pointer conversion
C:\Flight\Other Code\QuadMahringer\pu-test.c:454:Warning [2054] suspicious pointer conversion
C:\Flight\Other Code\QuadMahringer\pu-test.c:462:Warning [2054] suspicious pointer conversion
C:\Flight\Other Code\QuadMahringer\pu-test.c:465:Warning [2054] suspicious pointer conversion
C:\Flight\Other Code\QuadMahringer\pu-test.c:468:Warning [2054] suspicious pointer conversion
C:\Flight\Other Code\QuadMahringer\pu-test.c:474:Warning [2054] suspicious pointer conversion
C:\Flight\Other Code\QuadMahringer\pu-test.c:638:Warning [2058] call of function without prototype
MPLAB C18 v3.21 (feature limited)
Copyright 2000-2008 Microchip Technology Inc.
This version of MPLAB C18 does not support the extended mode
and will not perform all optimizations.  To purchase a full
copy of MPLAB C18, please contact your local distributor or
visit buy.microchip.com.

MPLAB C18 v3.21 (feature limited)
Copyright 2000-2008 Microchip Technology Inc.
This version of MPLAB C18 does not support the extended mode
and will not perform all optimizations.  To purchase a full
copy of MPLAB C18, please contact your local distributor or
visit buy.microchip.com.

MPLAB C18 v3.21 (feature limited)
Copyright 2000-2008 Microchip Technology Inc.
This version of MPLAB C18 does not support the extended mode
and will not perform all optimizations.  To purchase a full
copy of MPLAB C18, please contact your local distributor or
visit buy.microchip.com.

MPLAB C18 v3.21 (feature limited)
Copyright 2000-2008 Microchip Technology Inc.
This version of MPLAB C18 does not support the extended mode
and will not perform all optimizations.  To purchase a full
copy of MPLAB C18, please contact your local distributor or
visit buy.microchip.com.

MPLAB C18 v3.21 (feature limited)
Copyright 2000-2008 Microchip Technology Inc.
This version of MPLAB C18 does not support the extended mode
and will not perform all optimizations.  To purchase a full
copy of MPLAB C18, please contact your local distributor or
visit buy.microchip.com.

C:\Flight\Other Code\QuadMahringer\menu-test.c:100:Warning [2054] suspicious pointer conversion
C:\Flight\Other Code\QuadMahringer\menu-test.c:111:Warning [2054] suspicious pointer conversion
C:\Flight\Other Code\QuadMahringer\menu-test.c:113:Warning [2054] suspicious pointer conversion
C:\Flight\Other Code\QuadMahringer\menu-test.c:116:Warning [2054] suspicious pointer conversion
C:\Flight\Other Code\QuadMahringer\menu-test.c:118:Warning [2054] suspicious pointer conversion
C:\Flight\Other Code\QuadMahringer\menu-test.c:120:Warning [2054] suspicious pointer conversion
C:\Flight\Other Code\QuadMahringer\menu-test.c:123:Warning [2054] suspicious pointer conversion
C:\Flight\Other Code\QuadMahringer\menu-test.c:125:Warning [2054] suspicious pointer conversion
C:\Flight\Other Code\QuadMahringer\menu-test.c:127:Warning [2054] suspicious pointer conversion
C:\Flight\Other Code\QuadMahringer\menu-test.c:148:Warning [2058] call of function without prototype
C:\Flight\Other Code\QuadMahringer\menu-test.c:149:Warning [2058] call of function without prototype
C:\Flight\Other Code\QuadMahringer\menu-test.c:154:Warning [2054] suspicious pointer conversion
C:\Flight\Other Code\QuadMahringer\menu-test.c:163:Warning [2054] suspicious pointer conversion
C:\Flight\Other Code\QuadMahringer\menu-test.c:165:Warning [2054] suspicious pointer conversion
C:\Flight\Other Code\QuadMahringer\menu-test.c:173:Warning [2054] suspicious pointer conversion
C:\Flight\Other Code\QuadMahringer\menu-test.c:175:Warning [2054] suspicious pointer conversion
C:\Flight\Other Code\QuadMahringer\menu-test.c:213:Warning [2054] suspicious pointer conversion
C:\Flight\Other Code\QuadMahringer\menu-test.c:216:Warning [2054] suspicious pointer conversion
C:\Flight\Other Code\QuadMahringer\menu-test.c:219:Warning [2054] suspicious pointer conversion
C:\Flight\Other Code\QuadMahringer\menu-test.c:228:Warning [2054] suspicious pointer conversion
C:\Flight\Other Code\QuadMahringer\menu-test.c:229:Warning [2054] suspicious pointer conversion
C:\Flight\Other Code\QuadMahringer\menu-test.c:230:Warning [2054] suspicious pointer conversion
C:\Flight\Other Code\QuadMahringer\menu-test.c:231:Warning [2054] suspicious pointer conversion
C:\Flight\Other Code\QuadMahringer\menu-test.c:232:Warning [2054] suspicious pointer conversion
C:\Flight\Other Code\QuadMahringer\menu-test.c:233:Warning [2054] suspicious pointer conversion
C:\Flight\Other Code\QuadMahringer\menu-test.c:234:Warning [2054] suspicious pointer conversion
C:\Flight\Other Code\QuadMahringer\menu-test.c:256:Warning [2054] suspicious pointer conversion
C:\Flight\Other Code\QuadMahringer\menu-test.c:258:Warning [2054] suspicious pointer conversion
C:\Flight\Other Code\QuadMahringer\menu-test.c:284:Warning [2054] suspicious pointer conversion
C:\Flight\Other Code\QuadMahringer\menu-test.c:289:Warning [2054] suspicious pointer conversion
C:\Flight\Other Code\QuadMahringer\menu-test.c:290:Warning [2054] suspicious pointer conversion
C:\Flight\Other Code\QuadMahringer\menu-test.c:291:Warning [2054] suspicious pointer conversion
C:\Flight\Other Code\QuadMahringer\menu-test.c:292:Warning [2054] suspicious pointer conversion
C:\Flight\Other Code\QuadMahringer\menu-test.c:293:Warning [2054] suspicious pointer conversion
C:\Flight\Other Code\QuadMahringer\menu-test.c:294:Warning [2054] suspicious pointer conversion
C:\Flight\Other Code\QuadMahringer\menu-test.c:295:Warning [2054] suspicious pointer conversion
C:\Flight\Other Code\QuadMahringer\menu-test.c:296:Warning [2054] suspicious pointer conversion
MPLAB C18 v3.21 (feature limited)
Copyright 2000-2008 Microchip Technology Inc.
This version of MPLAB C18 does not support the extended mode
and will not perform all optimizations.  To purchase a full
copy of MPLAB C18, please contact your local distributor or
visit buy.microchip.com.

MPLAB C18 v3.21 (feature limited)
Copyright 2000-2008 Microchip Technology Inc.
This version of MPLAB C18 does not support the extended mode
and will not perform all optimizations.  To purchase a full
copy of MPLAB C18, please contact your local distributor or
visit buy.microchip.com.

MPLAB C18 v3.21 (feature limited)
Copyright 2000-2008 Microchip Technology Inc.
This version of MPLAB C18 does not support the extended mode
and will not perform all optimizations.  To purchase a full
copy of MPLAB C18, please contact your local distributor or
visit buy.microchip.com.

MPLINK 4.21, Linker
Copyright (c) 2008 Microchip Technology Inc.
Errors    : 0

MP2HEX 4.21, COFF to HEX File Converter
Copyright (c) 2008 Microchip Technology Inc.
Errors    : 0

MPLAB C18 v3.21 (feature limited)
Copyright 2000-2008 Microchip Technology Inc.
This version of MPLAB C18 does not support the extended mode
and will not perform all optimizations.  To purchase a full
copy of MPLAB C18, please contact your local distributor or
visit buy.microchip.com.

MPLAB C18 v3.21 (feature limited)
Copyright 2000-2008 Microchip Technology Inc.
This version of MPLAB C18 does not support the extended mode
and will not perform all optimizations.  To purchase a full
copy of MPLAB C18, please contact your local distributor or
visit buy.microchip.com.

MPLAB C18 v3.21 (feature limited)
Copyright 2000-2008 Microchip Technology Inc.
This version of MPLAB C18 does not support the extended mode
and will not perform all optimizations.  To purchase a full
copy of MPLAB C18, please contact your local distributor or
visit buy.microchip.com.

MPLAB C18 v3.21 (feature limited)
Copyright 2000-2008 Microchip Technology Inc.
This version of MPLAB C18 does not support the extended mode
and will not perform all optimizations.  To purchase a full
copy of MPLAB C18, please contact your local distributor or
visit buy.microchip.com.

MPLAB C18 v3.21 (feature limited)
Copyright 2000-2008 Microchip Technology Inc.
This version of MPLAB C18 does not support the extended mode
and will not perform all optimizations.  To purchase a full
copy of MPLAB C18, please contact your local distributor or
visit buy.microchip.com.

C:\Flight\Other Code\QuadMahringer\pu-test.c:126:Warning [2054] suspicious pointer conversion
C:\Flight\Other Code\QuadMahringer\pu-test.c:132:Warning [2054] suspicious pointer conversion
C:\Flight\Other Code\QuadMahringer\pu-test.c:136:Warning [2054] suspicious pointer conversion
C:\Flight\Other Code\QuadMahringer\pu-test.c:140:Warning [2054] suspicious pointer conversion
C:\Flight\Other Code\QuadMahringer\pu-test.c:145:Warning [2054] suspicious pointer conversion
C:\Flight\Other Code\QuadMahringer\pu-test.c:159:Warning [2054] suspicious pointer conversion
C:\Flight\Other Code\QuadMahringer\pu-test.c:177:Warning [2054] suspicious pointer conversion
C:\Flight\Other Code\QuadMahringer\pu-test.c:179:Warning [2054] suspicious pointer conversion
C:\Flight\Other Code\QuadMahringer\pu-test.c:181:Warning [2054] suspicious pointer conversion
C:\Flight\Other Code\QuadMahringer\pu-test.c:194:Warning [2054] suspicious pointer conversion
C:\Flight\Other Code\QuadMahringer\pu-test.c:200:Warning [2054] suspicious pointer conversion
C:\Flight\Other Code\QuadMahringer\pu-test.c:205:Warning [2054] suspicious pointer conversion
C:\Flight\Other Code\QuadMahringer\pu-test.c:209:Warning [2054] suspicious pointer conversion
C:\Flight\Other Code\QuadMahringer\pu-test.c:214:Warning [2054] suspicious pointer conversion
C:\Flight\Other Code\QuadMahringer\pu-test.c:240:Warning [2054] suspicious pointer conversion
C:\Flight\Other Code\QuadMahringer\pu-test.c:248:Warning [2054] suspicious pointer conversion
C:\Flight\Other Code\QuadMahringer\pu-test.c:252:Warning [2054] suspicious pointer conversion
C:\Flight\Other Code\QuadMahringer\pu-test.c:257:Warning [2054] suspicious pointer conversion
C:\Flight\Other Code\QuadMahringer\pu-test.c:266:Warning [2054] suspicious pointer conversion
C:\Flight\Other Code\QuadMahringer\pu-test.c:277:Warning [2054] suspicious pointer conversion
C:\Flight\Other Code\QuadMahringer\pu-test.c:281:Warning [2054] suspicious pointer conversion
C:\Flight\Other Code\QuadMahringer\pu-test.c:288:Warning [2054] suspicious pointer conversion
C:\Flight\Other Code\QuadMahringer\pu-test.c:292:Warning [2054] suspicious pointer conversion
C:\Flight\Other Code\QuadMahringer\pu-test.c:294:Warning [2054] suspicious pointer conversion
C:\Flight\Other Code\QuadMahringer\pu-test.c:299:Warning [2054] suspicious pointer conversion
C:\Flight\Other Code\QuadMahringer\pu-test.c:305:Warning [2054] suspicious pointer conversion
C:\Flight\Other Code\QuadMahringer\pu-test.c:314:Warning [2054] suspicious pointer conversion
C:\Flight\Other Code\QuadMahringer\pu-test.c:345:Warning [2054] suspicious pointer conversion
C:\Flight\Other Code\QuadMahringer\pu-test.c:346:Warning [2054] suspicious pointer conversion
C:\Flight\Other Code\QuadMahringer\pu-test.c:347:Warning [2054] suspicious pointer conversion
C:\Flight\Other Code\QuadMahringer\pu-test.c:351:Warning [2054] suspicious pointer conversion
C:\Flight\Other Code\QuadMahringer\pu-test.c:352:Warning [2054] suspicious pointer conversion
C:\Flight\Other Code\QuadMahringer\pu-test.c:407:Warning [2054] suspicious pointer conversion
C:\Flight\Other Code\QuadMahringer\pu-test.c:413:Warning [2054] suspicious pointer conversion
C:\Flight\Other Code\QuadMahringer\pu-test.c:420:Warning [2054] suspicious pointer conversion
C:\Flight\Other Code\QuadMahringer\pu-test.c:422:Warning [2054] suspicious pointer conversion
C:\Flight\Other Code\QuadMahringer\pu-test.c:435:Warning [2054] suspicious pointer conversion
C:\Flight\Other Code\QuadMahringer\pu-test.c:440:Warning [2054] suspicious pointer conversion
C:\Flight\Other Code\QuadMahringer\pu-test.c:447:Warning [2054] suspicious pointer conversion
C:\Flight\Other Code\QuadMahringer\pu-test.c:454:Warning [2054] suspicious pointer conversion
C:\Flight\Other Code\QuadMahringer\pu-test.c:462:Warning [2054] suspicious pointer conversion
C:\Flight\Other Code\QuadMahringer\pu-test.c:465:Warning [2054] suspicious pointer conversion
C:\Flight\Other Code\QuadMahringer\pu-test.c:468:Warning [2054] suspicious pointer conversion
C:\Flight\Other Code\QuadMahringer\pu-test.c:474:Warning [2054] suspicious pointer conversion
C:\Flight\Other Code\QuadMahringer\pu-test.c:638:Warning [2058] call of function without prototype
MPLAB C18 v3.21 (feature limited)
Copyright 2000-2008 Microchip Technology Inc.
This version of MPLAB C18 does not support the extended mode
and will not perform all optimizations.  To purchase a full
copy of MPLAB C18, please contact your local distributor or
visit buy.microchip.com.

MPLAB C18 v3.21 (feature limited)
Copyright 2000-2008 Microchip Technology Inc.
This version of MPLAB C18 does not support the extended mode
and will not perform all optimizations.  To purchase a full
copy of MPLAB C18, please contact your local distributor or
visit buy.microchip.com.

MPLAB C18 v3.21 (feature limited)
Copyright 2000-2008 Microchip Technology Inc.
This version of MPLAB C18 does not support the extended mode
and will not perform all optimizations.  To purchase a full
copy of MPLAB C18, please contact your local distributor or
visit buy.microchip.com.

MPLAB C18 v3.21 (feature limited)
Copyright 2000-2008 Microchip Technology Inc.
This version of MPLAB C18 does not support the extended mode
and will not perform all optimizations.  To purchase a full
copy of MPLAB C18, please contact your local distributor or
visit buy.microchip.com.

MPLAB C18 v3.21 (feature limited)
Copyright 2000-2008 Microchip Technology Inc.
This version of MPLAB C18 does not support the extended mode
and will not perform all optimizations.  To purchase a full
copy of MPLAB C18, please contact your local distributor or
visit buy.microchip.com.

C:\Flight\Other Code\QuadMahringer\menu-test.c:100:Warning [2054] suspicious pointer conversion
C:\Flight\Other Code\QuadMahringer\menu-test.c:111:Warning [2054] suspicious pointer conversion
C:\Flight\Other Code\QuadMahringer\menu-test.c:113:Warning [2054] suspicious pointer conversion
C:\Flight\Other Code\QuadMahringer\menu-test.c:116:Warning [2054] suspicious pointer conversion
C:\Flight\Other Code\QuadMahringer\menu-test.c:118:Warning [2054] suspicious pointer conversion
C:\Flight\Other Code\QuadMahringer\menu-test.c:120:Warning [2054] suspicious pointer conversion
C:\Flight\Other Code\QuadMahringer\menu-test.c:123:Warning [2054] suspicious pointer conversion
C:\Flight\Other Code\QuadMahringer\menu-test.c:125:Warning [2054] suspicious pointer conversion
C:\Flight\Other Code\QuadMahringer\menu-test.c:127:Warning [2054] suspicious pointer conversion
C:\Flight\Other Code\QuadMahringer\menu-test.c:148:Warning [2058] call of function without prototype
C:\Flight\Other Code\QuadMahringer\menu-test.c:149:Warning [2058] call of function without prototype
C:\Flight\Other Code\QuadMahringer\menu-test.c:154:Warning [2054] suspicious pointer conversion
C:\Flight\Other Code\QuadMahringer\menu-test.c:163:Warning [2054] suspicious pointer conversion
C:\Flight\Other Code\QuadMahringer\menu-test.c:165:Warning [2054] suspicious pointer conversion
C:\Flight\Other Code\QuadMahringer\menu-test.c:173:Warning [2054] suspicious pointer conversion
C:\Flight\Other Code\QuadMahringer\menu-test.c:175:Warning [2054] suspicious pointer conversion
C:\Flight\Other Code\QuadMahringer\menu-test.c:213:Warning [2054] suspicious pointer conversion
C:\Flight\Other Code\QuadMahringer\menu-test.c:216:Warning [2054] suspicious pointer conversion
C:\Flight\Other Code\QuadMahringer\menu-test.c:219:Warning [2054] suspicious pointer conversion
C:\Flight\Other Code\QuadMahringer\menu-test.c:228:Warning [2054] suspicious pointer conversion
C:\Flight\Other Code\QuadMahringer\menu-test.c:229:Warning [2054] suspicious pointer conversion
C:\Flight\Other Code\QuadMahringer\menu-test.c:230:Warning [2054] suspicious pointer conversion
C:\Flight\Other Code\QuadMahringer\menu-test.c:231:Warning [2054] suspicious pointer conversion
C:\Flight\Other Code\QuadMahringer\menu-test.c:232:Warning [2054] suspicious pointer conversion
C:\Flight\Other Code\QuadMahringer\menu-test.c:233:Warning [2054] suspicious pointer conversion
C:\Flight\Other Code\QuadMahringer\menu-test.c:234:Warning [2054] suspicious pointer conversion
C:\Flight\Other Code\QuadMahringer\menu-test.c:256:Warning [2054] suspicious pointer conversion
C:\Flight\Other Code\QuadMahringer\menu-test.c:258:Warning [2054] suspicious pointer conversion
C:\Flight\Other Code\QuadMahringer\menu-test.c:284:Warning [2054] suspicious pointer conversion
C:\Flight\Other Code\QuadMahringer\menu-test.c:289:Warning [2054] suspicious pointer conversion
C:\Flight\Other Code\QuadMahringer\menu-test.c:290:Warning [2054] suspicious pointer conversion
C:\Flight\Other Code\QuadMahringer\menu-test.c:291:Warning [2054] suspicious pointer conversion
C:\Flight\Other Code\QuadMahringer\menu-test.c:292:Warning [2054] suspicious pointer conversion
C:\Flight\Other Code\QuadMahringer\menu-test.c:293:Warning [2054] suspicious pointer conversion
C:\Flight\Other Code\QuadMahringer\menu-test.c:294:Warning [2054] suspicious pointer conversion
C:\Flight\Other Code\QuadMahringer\menu-test.c:295:Warning [2054] suspicious pointer conversion
C:\Flight\Other Code\QuadMahringer\menu-test.c:296:Warning [2054] suspicious pointer conversion
MPLAB C18 v3.21 (feature limited)
Copyright 2000-2008 Microchip Technology Inc.
This version of MPLAB C18 does not support the extended mode
and will not perform all optimizations.  To purchase a full
copy of MPLAB C18, please contact your local distributor or
visit buy.microchip.com.

MPLAB C18 v3.21 (feature limited)
Copyright 2000-2008 Microchip Technology Inc.
This version of MPLAB C18 does not support the extended mode
and will not perform all optimizations.  To purchase a full
copy of MPLAB C18, please contact your local distributor or
visit buy.microchip.com.

MPLAB C18 v3.21 (feature limited)
Copyright 2000-2008 Microchip Technology Inc.
This version of MPLAB C18 does not support the extended mode
and will not perform all optimizations.  To purchase a full
copy of MPLAB C18, please contact your local distributor or
visit buy.microchip.com.

MPLINK 4.21, Linker
Copyright (c) 2008 Microchip Technology Inc.
Errors    : 0

MP2HEX 4.21, COFF to HEX File Converter
Copyright (c) 2008 Microchip Technology Inc.
Errors    : 0

MPLAB C18 v3.21 (feature limited)
Copyright 2000-2008 Microchip Technology Inc.
This version of MPLAB C18 does not support the extended mode
and will not perform all optimizations.  To purchase a full
copy of MPLAB C18, please contact your local distributor or
visit buy.microchip.com.

MPLAB C18 v3.21 (feature limited)
Copyright 2000-2008 Microchip Technology Inc.
This version of MPLAB C18 does not support the extended mode
and will not perform all optimizations.  To purchase a full
copy of MPLAB C18, please contact your local distributor or
visit buy.microchip.com.

MPLAB C18 v3.21 (feature limited)
Copyright 2000-2008 Microchip Technology Inc.
This version of MPLAB C18 does not support the extended mode
and will not perform all optimizations.  To purchase a full
copy of MPLAB C18, please contact your local distributor or
visit buy.microchip.com.

MPLAB C18 v3.21 (feature limited)
Copyright 2000-2008 Microchip Technology Inc.
This version of MPLAB C18 does not support the extended mode
and will not perform all optimizations.  To purchase a full
copy of MPLAB C18, please contact your local distributor or
visit buy.microchip.com.

MPLAB C18 v3.21 (feature limited)
Copyright 2000-2008 Microchip Technology Inc.
This version of MPLAB C18 does not support the extended mode
and will not perform all optimizations.  To purchase a full
copy of MPLAB C18, please contact your local distributor or
visit buy.microchip.com.

C:\Flight\Other Code\QuadMahringer\pu-test.c:126:Warning [2054] suspicious pointer conversion
C:\Flight\Other Code\QuadMahringer\pu-test.c:132:Warning [2054] suspicious pointer conversion
C:\Flight\Other Code\QuadMahringer\pu-test.c:136:Warning [2054] suspicious pointer conversion
C:\Flight\Other Code\QuadMahringer\pu-test.c:140:Warning [2054] suspicious pointer conversion
C:\Flight\Other Code\QuadMahringer\pu-test.c:145:Warning [2054] suspicious pointer conversion
C:\Flight\Other Code\QuadMahringer\pu-test.c:159:Warning [2054] suspicious pointer conversion
C:\Flight\Other Code\QuadMahringer\pu-test.c:177:Warning [2054] suspicious pointer conversion
C:\Flight\Other Code\QuadMahringer\pu-test.c:179:Warning [2054] suspicious pointer conversion
C:\Flight\Other Code\QuadMahringer\pu-test.c:181:Warning [2054] suspicious pointer conversion
C:\Flight\Other Code\QuadMahringer\pu-test.c:194:Warning [2054] suspicious pointer conversion
C:\Flight\Other Code\QuadMahringer\pu-test.c:200:Warning [2054] suspicious pointer conversion
C:\Flight\Other Code\QuadMahringer\pu-test.c:205:Warning [2054] suspicious pointer conversion
C:\Flight\Other Code\QuadMahringer\pu-test.c:209:Warning [2054] suspicious pointer conversion
C:\Flight\Other Code\QuadMahringer\pu-test.c:214:Warning [2054] suspicious pointer conversion
C:\Flight\Other Code\QuadMahringer\pu-test.c:240:Warning [2054] suspicious pointer conversion
C:\Flight\Other Code\QuadMahringer\pu-test.c:248:Warning [2054] suspicious pointer conversion
C:\Flight\Other Code\QuadMahringer\pu-test.c:252:Warning [2054] suspicious pointer conversion
C:\Flight\Other Code\QuadMahringer\pu-test.c:257:Warning [2054] suspicious pointer conversion
C:\Flight\Other Code\QuadMahringer\pu-test.c:266:Warning [2054] suspicious pointer conversion
C:\Flight\Other Code\QuadMahringer\pu-test.c:277:Warning [2054] suspicious pointer conversion
C:\Flight\Other Code\QuadMahringer\pu-test.c:281:Warning [2054] suspicious pointer conversion
C:\Flight\Other Code\QuadMahringer\pu-test.c:288:Warning [2054] suspicious pointer conversion
C:\Flight\Other Code\QuadMahringer\pu-test.c:292:Warning [2054] suspicious pointer conversion
C:\Flight\Other Code\QuadMahringer\pu-test.c:294:Warning [2054] suspicious pointer conversion
C:\Flight\Other Code\QuadMahringer\pu-test.c:299:Warning [2054] suspicious pointer conversion
C:\Flight\Other Code\QuadMahringer\pu-test.c:305:Warning [2054] suspicious pointer conversion
C:\Flight\Other Code\QuadMahringer\pu-test.c:314:Warning [2054] suspicious pointer conversion
C:\Flight\Other Code\QuadMahringer\pu-test.c:345:Warning [2054] suspicious pointer conversion
C:\Flight\Other Code\QuadMahringer\pu-test.c:346:Warning [2054] suspicious pointer conversion
C:\Flight\Other Code\QuadMahringer\pu-test.c:347:Warning [2054] suspicious pointer conversion
C:\Flight\Other Code\QuadMahringer\pu-test.c:351:Warning [2054] suspicious pointer conversion
C:\Flight\Other Code\QuadMahringer\pu-test.c:352:Warning [2054] suspicious pointer conversion
C:\Flight\Other Code\QuadMahringer\pu-test.c:407:Warning [2054] suspicious pointer conversion
C:\Flight\Other Code\QuadMahringer\pu-test.c:413:Warning [2054] suspicious pointer conversion
C:\Flight\Other Code\QuadMahringer\pu-test.c:420:Warning [2054] suspicious pointer conversion
C:\Flight\Other Code\QuadMahringer\pu-test.c:422:Warning [2054] suspicious pointer conversion
C:\Flight\Other Code\QuadMahringer\pu-test.c:435:Warning [2054] suspicious pointer conversion
C:\Flight\Other Code\QuadMahringer\pu-test.c:440:Warning [2054] suspicious pointer conversion
C:\Flight\Other Code\QuadMahringer\pu-test.c:447:Warning [2054] suspicious pointer conversion
C:\Flight\Other Code\QuadMahringer\pu-test.c:454:Warning [2054] suspicious pointer conversion
C:\Flight\Other Code\QuadMahringer\pu-test.c:462:Warning [2054] suspicious pointer conversion
C:\Flight\Other Code\QuadMahringer\pu-test.c:465:Warning [2054] suspicious pointer conversion
C:\Flight\Other Code\QuadMahringer\pu-test.c:468:Warning [2054] suspicious pointer conversion
C:\Flight\Other Code\QuadMahringer\pu-test.c:474:Warning [2054] suspicious pointer conversion
C:\Flight\Other Code\QuadMahringer\pu-test.c:638:Warning [2058] call of function without prototype
MPLAB C18 v3.21 (feature limited)
Copyright 2000-2008 Microchip Technology Inc.
This version of MPLAB C18 does not support the extended mode
and will not perform all optimizations.  To purchase a full
copy of MPLAB C18, please contact your local distributor or
visit buy.microchip.com.

MPLAB C18 v3.21 (feature limited)
Copyright 2000-2008 Microchip Technology Inc.
This version of MPLAB C18 does not support the extended mode
and will not perform all optimizations.  To purchase a full
copy of MPLAB C18, please contact your local distributor or
visit buy.microchip.com.

MPLAB C18 v3.21 (feature limited)
Copyright 2000-2008 Microchip Technology Inc.
This version of MPLAB C18 does not support the extended mode
and will not perform all optimizations.  To purchase a full
copy of MPLAB C18, please contact your local distributor or
visit buy.microchip.com.

MPLAB C18 v3.21 (feature limited)
Copyright 2000-2008 Microchip Technology Inc.
This version of MPLAB C18 does not support the extended mode
and will not perform all optimizations.  To purchase a full
copy of MPLAB C18, please contact your local distributor or
visit buy.microchip.com.

MPLAB C18 v3.21 (feature limited)
Copyright 2000-2008 Microchip Technology Inc.
This version of MPLAB C18 does not support the extended mode
and will not perform all optimizations.  To purchase a full
copy of MPLAB C18, please contact your local distributor or
visit buy.microchip.com.

C:\Flight\Other Code\QuadMahringer\menu-test.c:100:Warning [2054] suspicious pointer conversion
C:\Flight\Other Code\QuadMahringer\menu-test.c:111:Warning [2054] suspicious pointer conversion
C:\Flight\Other Code\QuadMahringer\menu-test.c:113:Warning [2054] suspicious pointer conversion
C:\Flight\Other Code\QuadMahringer\menu-test.c:116:Warning [2054] suspicious pointer conversion
C:\Flight\Other Code\QuadMahringer\menu-test.c:118:Warning [2054] suspicious pointer conversion
C:\Flight\Other Code\QuadMahringer\menu-test.c:120:Warning [2054] suspicious pointer conversion
C:\Flight\Other Code\QuadMahringer\menu-test.c:123:Warning [2054] suspicious pointer conversion
C:\Flight\Other Code\QuadMahringer\menu-test.c:125:Warning [2054] suspicious pointer conversion
C:\Flight\Other Code\QuadMahringer\menu-test.c:127:Warning [2054] suspicious pointer conversion
C:\Flight\Other Code\QuadMahringer\menu-test.c:148:Warning [2058] call of function without prototype
C:\Flight\Other Code\QuadMahringer\menu-test.c:149:Warning [2058] call of function without prototype
C:\Flight\Other Code\QuadMahringer\menu-test.c:154:Warning [2054] suspicious pointer conversion
C:\Flight\Other Code\QuadMahringer\menu-test.c:163:Warning [2054] suspicious pointer conversion
C:\Flight\Other Code\QuadMahringer\menu-test.c:165:Warning [2054] suspicious pointer conversion
C:\Flight\Other Code\QuadMahringer\menu-test.c:173:Warning [2054] suspicious pointer conversion
C:\Flight\Other Code\QuadMahringer\menu-test.c:175:Warning [2054] suspicious pointer conversion
C:\Flight\Other Code\QuadMahringer\menu-test.c:213:Warning [2054] suspicious pointer conversion
C:\Flight\Other Code\QuadMahringer\menu-test.c:216:Warning [2054] suspicious pointer conversion
C:\Flight\Other Code\QuadMahringer\menu-test.c:219:Warning [2054] suspicious pointer conversion
C:\Flight\Other Code\QuadMahringer\menu-test.c:228:Warning [2054] suspicious pointer conversion
C:\Flight\Other Code\QuadMahringer\menu-test.c:229:Warning [2054] suspicious pointer conversion
C:\Flight\Other Code\QuadMahringer\menu-test.c:230:Warning [2054] suspicious pointer conversion
C:\Flight\Other Code\QuadMahringer\menu-test.c:231:Warning [2054] suspicious pointer conversion
C:\Flight\Other Code\QuadMahringer\menu-test.c:232:Warning [2054] suspicious pointer conversion
C:\Flight\Other Code\QuadMahringer\menu-test.c:233:Warning [2054] suspicious pointer conversion
C:\Flight\Other Code\QuadMahringer\menu-test.c:234:Warning [2054] suspicious pointer conversion
C:\Flight\Other Code\QuadMahringer\menu-test.c:256:Warning [2054] suspicious pointer conversion
C:\Flight\Other Code\QuadMahringer\menu-test.c:258:Warning [2054] suspicious pointer conversion
C:\Flight\Other Code\QuadMahringer\menu-test.c:284:Warning [2054] suspicious pointer conversion
C:\Flight\Other Code\QuadMahringer\menu-test.c:289:Warning [2054] suspicious pointer conversion
C:\Flight\Other Code\QuadMahringer\menu-test.c:290:Warning [2054] suspicious pointer conversion
C:\Flight\Other Code\QuadMahringer\menu-test.c:291:Warning [2054] suspicious pointer conversion
C:\Flight\Other Code\QuadMahringer\menu-test.c:292:Warning [2054] suspicious pointer conversion
C:\Flight\Other Code\QuadMahringer\menu-test.c:293:Warning [2054] suspicious pointer conversion
C:\Flight\Other Code\QuadMahringer\menu-test.c:294:Warning [2054] suspicious pointer conversion
C:\Flight\Other Code\QuadMahringer\menu-test.c:295:Warning [2054] suspicious pointer conversion
C:\Flight\Other Code\QuadMahringer\menu-test.c:296:Warning [2054] suspicious pointer conversion
MPLAB C18 v3.21 (feature limited)
Copyright 2000-2008 Microchip Technology Inc.
This version of MPLAB C18 does not support the extended mode
and will not perform all optimizations.  To purchase a full
copy of MPLAB C18, please contact your local distributor or
visit buy.microchip.com.

MPLAB C18 v3.21 (feature limited)
Copyright 2000-2008 Microchip Technology Inc.
This version of MPLAB C18 does not support the extended mode
and will not perform all optimizations.  To purchase a full
copy of MPLAB C18, please contact your local distributor or
visit buy.microchip.com.

MPLAB C18 v3.21 (feature limited)
Copyright 2000-2008 Microchip Technology Inc.
This version of MPLAB C18 does not support the extended mode
and will not perform all optimizations.  To purchase a full
copy of MPLAB C18, please contact your local distributor or
visit buy.microchip.com.

MPLINK 4.21, Linker
Copyright (c) 2008 Microchip Technology Inc.
Errors    : 0

MP2HEX 4.21, COFF to HEX File Converter
Copyright (c) 2008 Microchip Technology Inc.
Errors    : 0

MPLAB C18 v3.21 (feature limited)
Copyright 2000-2008 Microchip Technology Inc.
This version of MPLAB C18 does not support the extended mode
and will not perform all optimizations.  To purchase a full
copy of MPLAB C18, please contact your local distributor or
visit buy.microchip.com.

MPLAB C18 v3.21 (feature limited)
Copyright 2000-2008 Microchip Technology Inc.
This version of MPLAB C18 does not support the extended mode
and will not perform all optimizations.  To purchase a full
copy of MPLAB C18, please contact your local distributor or
visit buy.microchip.com.

MPLAB C18 v3.21 (feature limited)
Copyright 2000-2008 Microchip Technology Inc.
This version of MPLAB C18 does not support the extended mode
and will not perform all optimizations.  To purchase a full
copy of MPLAB C18, please contact your local distributor or
visit buy.microchip.com.

MPLAB C18 v3.21 (feature limited)
Copyright 2000-2008 Microchip Technology Inc.
This version of MPLAB C18 does not support the extended mode
and will not perform all optimizations.  To purchase a full
copy of MPLAB C18, please contact your local distributor or
visit buy.microchip.com.

MPLAB C18 v3.21 (feature limited)
Copyright 2000-2008 Microchip Technology Inc.
This version of MPLAB C18 does not support the extended mode
and will not perform all optimizations.  To purchase a full
copy of MPLAB C18, please contact your local distributor or
visit buy.microchip.com.

C:\Flight\Other Code\QuadMahringer\pu-test.c:126:Warning [2054] suspicious pointer conversion
C:\Flight\Other Code\QuadMahringer\pu-test.c:132:Warning [2054] suspicious pointer conversion
C:\Flight\Other Code\QuadMahringer\pu-test.c:136:Warning [2054] suspicious pointer conversion
C:\Flight\Other Code\QuadMahringer\pu-test.c:140:Warning [2054] suspicious pointer conversion
C:\Flight\Other Code\QuadMahringer\pu-test.c:145:Warning [2054] suspicious pointer conversion
C:\Flight\Other Code\QuadMahringer\pu-test.c:159:Warning [2054] suspicious pointer conversion
C:\Flight\Other Code\QuadMahringer\pu-test.c:177:Warning [2054] suspicious pointer conversion
C:\Flight\Other Code\QuadMahringer\pu-test.c:179:Warning [2054] suspicious pointer conversion
C:\Flight\Other Code\QuadMahringer\pu-test.c:181:Warning [2054] suspicious pointer conversion
C:\Flight\Other Code\QuadMahringer\pu-test.c:194:Warning [2054] suspicious pointer conversion
C:\Flight\Other Code\QuadMahringer\pu-test.c:200:Warning [2054] suspicious pointer conversion
C:\Flight\Other Code\QuadMahringer\pu-test.c:205:Warning [2054] suspicious pointer conversion
C:\Flight\Other Code\QuadMahringer\pu-test.c:209:Warning [2054] suspicious pointer conversion
C:\Flight\Other Code\QuadMahringer\pu-test.c:214:Warning [2054] suspicious pointer conversion
C:\Flight\Other Code\QuadMahringer\pu-test.c:240:Warning [2054] suspicious pointer conversion
C:\Flight\Other Code\QuadMahringer\pu-test.c:248:Warning [2054] suspicious pointer conversion
C:\Flight\Other Code\QuadMahringer\pu-test.c:252:Warning [2054] suspicious pointer conversion
C:\Flight\Other Code\QuadMahringer\pu-test.c:257:Warning [2054] suspicious pointer conversion
C:\Flight\Other Code\QuadMahringer\pu-test.c:266:Warning [2054] suspicious pointer conversion
C:\Flight\Other Code\QuadMahringer\pu-test.c:277:Warning [2054] suspicious pointer conversion
C:\Flight\Other Code\QuadMahringer\pu-test.c:281:Warning [2054] suspicious pointer conversion
C:\Flight\Other Code\QuadMahringer\pu-test.c:288:Warning [2054] suspicious pointer conversion
C:\Flight\Other Code\QuadMahringer\pu-test.c:292:Warning [2054] suspicious pointer conversion
C:\Flight\Other Code\QuadMahringer\pu-test.c:294:Warning [2054] suspicious pointer conversion
C:\Flight\Other Code\QuadMahringer\pu-test.c:299:Warning [2054] suspicious pointer conversion
C:\Flight\Other Code\QuadMahringer\pu-test.c:305:Warning [2054] suspicious pointer conversion
C:\Flight\Other Code\QuadMahringer\pu-test.c:314:Warning [2054] suspicious pointer conversion
C:\Flight\Other Code\QuadMahringer\pu-test.c:345:Warning [2054] suspicious pointer conversion
C:\Flight\Other Code\QuadMahringer\pu-test.c:346:Warning [2054] suspicious pointer conversion
C:\Flight\Other Code\QuadMahringer\pu-test.c:347:Warning [2054] suspicious pointer conversion
C:\Flight\Other Code\QuadMahringer\pu-test.c:351:Warning [2054] suspicious pointer conversion
C:\Flight\Other Code\QuadMahringer\pu-test.c:352:Warning [2054] suspicious pointer conversion
C:\Flight\Other Code\QuadMahringer\pu-test.c:407:Warning [2054] suspicious pointer conversion
C:\Flight\Other Code\QuadMahringer\pu-test.c:413:Warning [2054] suspicious pointer conversion
C:\Flight\Other Code\QuadMahringer\pu-test.c:420:Warning [2054] suspicious pointer conversion
C:\Flight\Other Code\QuadMahringer\pu-test.c:422:Warning [2054] suspicious pointer conversion
C:\Flight\Other Code\QuadMahringer\pu-test.c:435:Warning [2054] suspicious pointer conversion
C:\Flight\Other Code\QuadMahringer\pu-test.c:440:Warning [2054] suspicious pointer conversion
C:\Flight\Other Code\QuadMahringer\pu-test.c:447:Warning [2054] suspicious pointer conversion
C:\Flight\Other Code\QuadMahringer\pu-test.c:454:Warning [2054] suspicious pointer conversion
C:\Flight\Other Code\QuadMahringer\pu-test.c:462:Warning [2054] suspicious pointer conversion
C:\Flight\Other Code\QuadMahringer\pu-test.c:465:Warning [2054] suspicious pointer conversion
C:\Flight\Other Code\QuadMahringer\pu-test.c:468:Warning [2054] suspicious pointer conversion
C:\Flight\Other Code\QuadMahringer\pu-test.c:474:Warning [2054] suspicious pointer conversion
C:\Flight\Other Code\QuadMahringer\pu-test.c:638:Warning [2058] call of function without prototype
MPLAB C18 v3.21 (feature limited)
Copyright 2000-2008 Microchip Technology Inc.
This version of MPLAB C18 does not support the extended mode
and will not perform all optimizations.  To purchase a full
copy of MPLAB C18, please contact your local distributor or
visit buy.microchip.com.

MPLAB C18 v3.21 (feature limited)
Copyright 2000-2008 Microchip Technology Inc.
This version of MPLAB C18 does not support the extended mode
and will not perform all optimizations.  To purchase a full
copy of MPLAB C18, please contact your local distributor or
visit buy.microchip.com.

MPLAB C18 v3.21 (feature limited)
Copyright 2000-2008 Microchip Technology Inc.
This version of MPLAB C18 does not support the extended mode
and will not perform all optimizations.  To purchase a full
copy of MPLAB C18, please contact your local distributor or
visit buy.microchip.com.

MPLAB C18 v3.21 (feature limited)
Copyright 2000-2008 Microchip Technology Inc.
This version of MPLAB C18 does not support the extended mode
and will not perform all optimizations.  To purchase a full
copy of MPLAB C18, please contact your local distributor or
visit buy.microchip.com.

MPLAB C18 v3.21 (feature limited)
Copyright 2000-2008 Microchip Technology Inc.
This version of MPLAB C18 does not support the extended mode
and will not perform all optimizations.  To purchase a full
copy of MPLAB C18, please contact your local distributor or
visit buy.microchip.com.

C:\Flight\Other Code\QuadMahringer\menu-test.c:100:Warning [2054] suspicious pointer conversion
C:\Flight\Other Code\QuadMahringer\menu-test.c:111:Warning [2054] suspicious pointer conversion
C:\Flight\Other Code\QuadMahringer\menu-test.c:113:Warning [2054] suspicious pointer conversion
C:\Flight\Other Code\QuadMahringer\menu-test.c:116:Warning [2054] suspicious pointer conversion
C:\Flight\Other Code\QuadMahringer\menu-test.c:118:Warning [2054] suspicious pointer conversion
C:\Flight\Other Code\QuadMahringer\menu-test.c:120:Warning [2054] suspicious pointer conversion
C:\Flight\Other Code\QuadMahringer\menu-test.c:123:Warning [2054] suspicious pointer conversion
C:\Flight\Other Code\QuadMahringer\menu-test.c:125:Warning [2054] suspicious pointer conversion
C:\Flight\Other Code\QuadMahringer\menu-test.c:127:Warning [2054] suspicious pointer conversion
C:\Flight\Other Code\QuadMahringer\menu-test.c:148:Warning [2058] call of function without prototype
C:\Flight\Other Code\QuadMahringer\menu-test.c:149:Warning [2058] call of function without prototype
C:\Flight\Other Code\QuadMahringer\menu-test.c:154:Warning [2054] suspicious pointer conversion
C:\Flight\Other Code\QuadMahringer\menu-test.c:163:Warning [2054] suspicious pointer conversion
C:\Flight\Other Code\QuadMahringer\menu-test.c:165:Warning [2054] suspicious pointer conversion
C:\Flight\Other Code\QuadMahringer\menu-test.c:173:Warning [2054] suspicious pointer conversion
C:\Flight\Other Code\QuadMahringer\menu-test.c:175:Warning [2054] suspicious pointer conversion
C:\Flight\Other Code\QuadMahringer\menu-test.c:213:Warning [2054] suspicious pointer conversion
C:\Flight\Other Code\QuadMahringer\menu-test.c:216:Warning [2054] suspicious pointer conversion
C:\Flight\Other Code\QuadMahringer\menu-test.c:219:Warning [2054] suspicious pointer conversion
C:\Flight\Other Code\QuadMahringer\menu-test.c:228:Warning [2054] suspicious pointer conversion
C:\Flight\Other Code\QuadMahringer\menu-test.c:229:Warning [2054] suspicious pointer conversion
C:\Flight\Other Code\QuadMahringer\menu-test.c:230:Warning [2054] suspicious pointer conversion
C:\Flight\Other Code\QuadMahringer\menu-test.c:231:Warning [2054] suspicious pointer conversion
C:\Flight\Other Code\QuadMahringer\menu-test.c:232:Warning [2054] suspicious pointer conversion
C:\Flight\Other Code\QuadMahringer\menu-test.c:233:Warning [2054] suspicious pointer conversion
C:\Flight\Other Code\QuadMahringer\menu-test.c:234:Warning [2054] suspicious pointer conversion
C:\Flight\Other Code\QuadMahringer\menu-test.c:256:Warning [2054] suspicious pointer conversion
C:\Flight\Other Code\QuadMahringer\menu-test.c:258:Warning [2054] suspicious pointer conversion
C:\Flight\Other Code\QuadMahringer\menu-test.c:284:Warning [2054] suspicious pointer conversion
C:\Flight\Other Code\QuadMahringer\menu-test.c:289:Warning [2054] suspicious pointer conversion
C:\Flight\Other Code\QuadMahringer\menu-test.c:290:Warning [2054] suspicious pointer conversion
C:\Flight\Other Code\QuadMahringer\menu-test.c:291:Warning [2054] suspicious pointer conversion
C:\Flight\Other Code\QuadMahringer\menu-test.c:292:Warning [2054] suspicious pointer conversion
C:\Flight\Other Code\QuadMahringer\menu-test.c:293:Warning [2054] suspicious pointer conversion
C:\Flight\Other Code\QuadMahringer\menu-test.c:294:Warning [2054] suspicious pointer conversion
C:\Flight\Other Code\QuadMahringer\menu-test.c:295:Warning [2054] suspicious pointer conversion
C:\Flight\Other Code\QuadMahringer\menu-test.c:296:Warning [2054] suspicious pointer conversion
MPLAB C18 v3.21 (feature limited)
Copyright 2000-2008 Microchip Technology Inc.
This version of MPLAB C18 does not support the extended mode
and will not perform all optimizations.  To purchase a full
copy of MPLAB C18, please contact your local distributor or
visit buy.microchip.com.

MPLAB C18 v3.21 (feature limited)
Copyright 2000-2008 Microchip Technology Inc.
This version of MPLAB C18 does not support the extended mode
and will not perform all optimizations.  To purchase a full
copy of MPLAB C18, please contact your local distributor or
visit buy.microchip.com.

MPLAB C18 v3.21 (feature limited)
Copyright 2000-2008 Microchip Technology Inc.
This version of MPLAB C18 does not support the extended mode
and will not perform all optimizations.  To purchase a full
copy of MPLAB C18, please contact your local distributor or
visit buy.microchip.com.

MPLINK 4.21, Linker
Copyright (c) 2008 Microchip Technology Inc.
Errors    : 0

MP2HEX 4.21, COFF to HEX File Converter
Copyright (c) 2008 Microchip Technology Inc.
Errors    : 0

MPLAB C18 v3.21 (feature limited)
Copyright 2000-2008 Microchip Technology Inc.
This version of MPLAB C18 does not support the extended mode
and will not perform all optimizations.  To purchase a full
copy of MPLAB C18, please contact your local distributor or
visit buy.microchip.com.

MPLAB C18 v3.21 (feature limited)
Copyright 2000-2008 Microchip Technology Inc.
This version of MPLAB C18 does not support the extended mode
and will not perform all optimizations.  To purchase a full
copy of MPLAB C18, please contact your local distributor or
visit buy.microchip.com.

MPLAB C18 v3.21 (feature limited)
Copyright 2000-2008 Microchip Technology Inc.
This version of MPLAB C18 does not support the extended mode
and will not perform all optimizations.  To purchase a full
copy of MPLAB C18, please contact your local distributor or
visit buy.microchip.com.

MPLAB C18 v3.21 (feature limited)
Copyright 2000-2008 Microchip Technology Inc.
This version of MPLAB C18 does not support the extended mode
and will not perform all optimizations.  To purchase a full
copy of MPLAB C18, please contact your local distributor or
visit buy.microchip.com.

MPLAB C18 v3.21 (feature limited)
Copyright 2000-2008 Microchip Technology Inc.
This version of MPLAB C18 does not support the extended mode
and will not perform all optimizations.  To purchase a full
copy of MPLAB C18, please contact your local distributor or
visit buy.microchip.com.

C:\Flight\Other Code\QuadMahringer\pu-test.c:126:Warning [2054] suspicious pointer conversion
C:\Flight\Other Code\QuadMahringer\pu-test.c:132:Warning [2054] suspicious pointer conversion
C:\Flight\Other Code\QuadMahringer\pu-test.c:136:Warning [2054] suspicious pointer conversion
C:\Flight\Other Code\QuadMahringer\pu-test.c:140:Warning [2054] suspicious pointer conversion
C:\Flight\Other Code\QuadMahringer\pu-test.c:145:Warning [2054] suspicious pointer conversion
C:\Flight\Other Code\QuadMahringer\pu-test.c:159:Warning [2054] suspicious pointer conversion
C:\Flight\Other Code\QuadMahringer\pu-test.c:177:Warning [2054] suspicious pointer conversion
C:\Flight\Other Code\QuadMahringer\pu-test.c:179:Warning [2054] suspicious pointer conversion
C:\Flight\Other Code\QuadMahringer\pu-test.c:181:Warning [2054] suspicious pointer conversion
C:\Flight\Other Code\QuadMahringer\pu-test.c:194:Warning [2054] suspicious pointer conversion
C:\Flight\Other Code\QuadMahringer\pu-test.c:200:Warning [2054] suspicious pointer conversion
C:\Flight\Other Code\QuadMahringer\pu-test.c:205:Warning [2054] suspicious pointer conversion
C:\Flight\Other Code\QuadMahringer\pu-test.c:209:Warning [2054] suspicious pointer conversion
C:\Flight\Other Code\QuadMahringer\pu-test.c:214:Warning [2054] suspicious pointer conversion
C:\Flight\Other Code\QuadMahringer\pu-test.c:240:Warning [2054] suspicious pointer conversion
C:\Flight\Other Code\QuadMahringer\pu-test.c:248:Warning [2054] suspicious pointer conversion
C:\Flight\Other Code\QuadMahringer\pu-test.c:252:Warning [2054] suspicious pointer conversion
C:\Flight\Other Code\QuadMahringer\pu-test.c:257:Warning [2054] suspicious pointer conversion
C:\Flight\Other Code\QuadMahringer\pu-test.c:266:Warning [2054] suspicious pointer conversion
C:\Flight\Other Code\QuadMahringer\pu-test.c:277:Warning [2054] suspicious pointer conversion
C:\Flight\Other Code\QuadMahringer\pu-test.c:281:Warning [2054] suspicious pointer conversion
C:\Flight\Other Code\QuadMahringer\pu-test.c:288:Warning [2054] suspicious pointer conversion
C:\Flight\Other Code\QuadMahringer\pu-test.c:292:Warning [2054] suspicious pointer conversion
C:\Flight\Other Code\QuadMahringer\pu-test.c:294:Warning [2054] suspicious pointer conversion
C:\Flight\Other Code\QuadMahringer\pu-test.c:299:Warning [2054] suspicious pointer conversion
C:\Flight\Other Code\QuadMahringer\pu-test.c:305:Warning [2054] suspicious pointer conversion
C:\Flight\Other Code\QuadMahringer\pu-test.c:314:Warning [2054] suspicious pointer conversion
C:\Flight\Other Code\QuadMahringer\pu-test.c:345:Warning [2054] suspicious pointer conversion
C:\Flight\Other Code\QuadMahringer\pu-test.c:346:Warning [2054] suspicious pointer conversion
C:\Flight\Other Code\QuadMahringer\pu-test.c:347:Warning [2054] suspicious pointer conversion
C:\Flight\Other Code\QuadMahringer\pu-test.c:351:Warning [2054] suspicious pointer conversion
C:\Flight\Other Code\QuadMahringer\pu-test.c:352:Warning [2054] suspicious pointer conversion
C:\Flight\Other Code\QuadMahringer\pu-test.c:407:Warning [2054] suspicious pointer conversion
C:\Flight\Other Code\QuadMahringer\pu-test.c:413:Warning [2054] suspicious pointer conversion
C:\Flight\Other Code\QuadMahringer\pu-test.c:420:Warning [2054] suspicious pointer conversion
C:\Flight\Other Code\QuadMahringer\pu-test.c:422:Warning [2054] suspicious pointer conversion
C:\Flight\Other Code\QuadMahringer\pu-test.c:435:Warning [2054] suspicious pointer conversion
C:\Flight\Other Code\QuadMahringer\pu-test.c:440:Warning [2054] suspicious pointer conversion
C:\Flight\Other Code\QuadMahringer\pu-test.c:447:Warning [2054] suspicious pointer conversion
C:\Flight\Other Code\QuadMahringer\pu-test.c:454:Warning [2054] suspicious pointer conversion
C:\Flight\Other Code\QuadMahringer\pu-test.c:462:Warning [2054] suspicious pointer conversion
C:\Flight\Other Code\QuadMahringer\pu-test.c:465:Warning [2054] suspicious pointer conversion
C:\Flight\Other Code\QuadMahringer\pu-test.c:468:Warning [2054] suspicious pointer conversion
C:\Flight\Other Code\QuadMahringer\pu-test.c:474:Warning [2054] suspicious pointer conversion
C:\Flight\Other Code\QuadMahringer\pu-test.c:638:Warning [2058] call of function without prototype
MPLAB C18 v3.21 (feature limited)
Copyright 2000-2008 Microchip Technology Inc.
This version of MPLAB C18 does not support the extended mode
and will not perform all optimizations.  To purchase a full
copy of MPLAB C18, please contact your local distributor or
visit buy.microchip.com.

MPLAB C18 v3.21 (feature limited)
Copyright 2000-2008 Microchip Technology Inc.
This version of MPLAB C18 does not support the extended mode
and will not perform all optimizations.  To purchase a full
copy of MPLAB C18, please contact your local distributor or
visit buy.microchip.com.

MPLAB C18 v3.21 (feature limited)
Copyright 2000-2008 Microchip Technology Inc.
This version of MPLAB C18 does not support the extended mode
and will not perform all optimizations.  To purchase a full
copy of MPLAB C18, please contact your local distributor or
visit buy.microchip.com.

MPLAB C18 v3.21 (feature limited)
Copyright 2000-2008 Microchip Technology Inc.
This version of MPLAB C18 does not support the extended mode
and will not perform all optimizations.  To purchase a full
copy of MPLAB C18, please contact your local distributor or
visit buy.microchip.com.

MPLAB C18 v3.21 (feature limited)
Copyright 2000-2008 Microchip Technology Inc.
This version of MPLAB C18 does not support the extended mode
and will not perform all optimizations.  To purchase a full
copy of MPLAB C18, please contact your local distributor or
visit buy.microchip.com.

C:\Flight\Other Code\QuadMahringer\menu-test.c:100:Warning [2054] suspicious pointer conversion
C:\Flight\Other Code\QuadMahringer\menu-test.c:111:Warning [2054] suspicious pointer conversion
C:\Flight\Other Code\QuadMahringer\menu-test.c:113:Warning [2054] suspicious pointer conversion
C:\Flight\Other Code\QuadMahringer\menu-test.c:116:Warning [2054] suspicious pointer conversion
C:\Flight\Other Code\QuadMahringer\menu-test.c:118:Warning [2054] suspicious pointer conversion
C:\Flight\Other Code\QuadMahringer\menu-test.c:120:Warning [2054] suspicious pointer conversion
C:\Flight\Other Code\QuadMahringer\menu-test.c:123:Warning [2054] suspicious pointer conversion
C:\Flight\Other Code\QuadMahringer\menu-test.c:125:Warning [2054] suspicious pointer conversion
C:\Flight\Other Code\QuadMahringer\menu-test.c:127:Warning [2054] suspicious pointer conversion
C:\Flight\Other Code\QuadMahringer\menu-test.c:148:Warning [2058] call of function without prototype
C:\Flight\Other Code\QuadMahringer\menu-test.c:149:Warning [2058] call of function without prototype
C:\Flight\Other Code\QuadMahringer\menu-test.c:154:Warning [2054] suspicious pointer conversion
C:\Flight\Other Code\QuadMahringer\menu-test.c:163:Warning [2054] suspicious pointer conversion
C:\Flight\Other Code\QuadMahringer\menu-test.c:165:Warning [2054] suspicious pointer conversion
C:\Flight\Other Code\QuadMahringer\menu-test.c:173:Warning [2054] suspicious pointer conversion
C:\Flight\Other Code\QuadMahringer\menu-test.c:175:Warning [2054] suspicious pointer conversion
C:\Flight\Other Code\QuadMahringer\menu-test.c:213:Warning [2054] suspicious pointer conversion
C:\Flight\Other Code\QuadMahringer\menu-test.c:216:Warning [2054] suspicious pointer conversion
C:\Flight\Other Code\QuadMahringer\menu-test.c:219:Warning [2054] suspicious pointer conversion
C:\Flight\Other Code\QuadMahringer\menu-test.c:228:Warning [2054] suspicious pointer conversion
C:\Flight\Other Code\QuadMahringer\menu-test.c:229:Warning [2054] suspicious pointer conversion
C:\Flight\Other Code\QuadMahringer\menu-test.c:230:Warning [2054] suspicious pointer conversion
C:\Flight\Other Code\QuadMahringer\menu-test.c:231:Warning [2054] suspicious pointer conversion
C:\Flight\Other Code\QuadMahringer\menu-test.c:232:Warning [2054] suspicious pointer conversion
C:\Flight\Other Code\QuadMahringer\menu-test.c:233:Warning [2054] suspicious pointer conversion
C:\Flight\Other Code\QuadMahringer\menu-test.c:234:Warning [2054] suspicious pointer conversion
C:\Flight\Other Code\QuadMahringer\menu-test.c:256:Warning [2054] suspicious pointer conversion
C:\Flight\Other Code\QuadMahringer\menu-test.c:258:Warning [2054] suspicious pointer conversion
C:\Flight\Other Code\QuadMahringer\menu-test.c:284:Warning [2054] suspicious pointer conversion
C:\Flight\Other Code\QuadMahringer\menu-test.c:289:Warning [2054] suspicious pointer conversion
C:\Flight\Other Code\QuadMahringer\menu-test.c:290:Warning [2054] suspicious pointer conversion
C:\Flight\Other Code\QuadMahringer\menu-test.c:291:Warning [2054] suspicious pointer conversion
C:\Flight\Other Code\QuadMahringer\menu-test.c:292:Warning [2054] suspicious pointer conversion
C:\Flight\Other Code\QuadMahringer\menu-test.c:293:Warning [2054] suspicious pointer conversion
C:\Flight\Other Code\QuadMahringer\menu-test.c:294:Warning [2054] suspicious pointer conversion
C:\Flight\Other Code\QuadMahringer\menu-test.c:295:Warning [2054] suspicious pointer conversion
C:\Flight\Other Code\QuadMahringer\menu-test.c:296:Warning [2054] suspicious pointer conversion
MPLAB C18 v3.21 (feature limited)
Copyright 2000-2008 Microchip Technology Inc.
This version of MPLAB C18 does not support the extended mode
and will not perform all optimizations.  To purchase a full
copy of MPLAB C18, please contact your local distributor or
visit buy.microchip.com.

MPLAB C18 v3.21 (feature limited)
Copyright 2000-2008 Microchip Technology Inc.
This version of MPLAB C18 does not support the extended mode
and will not perform all optimizations.  To purchase a full
copy of MPLAB C18, please contact your local distributor or
visit buy.microchip.com.

MPLAB C18 v3.21 (feature limited)
Copyright 2000-2008 Microchip Technology Inc.
This version of MPLAB C18 does not support the extended mode
and will not perform all optimizations.  To purchase a full
copy of MPLAB C18, please contact your local distributor or
visit buy.microchip.com.

MPLINK 4.21, Linker
Copyright (c) 2008 Microchip Technology Inc.
Errors    : 0

MP2HEX 4.21, COFF to HEX File Converter
Copyright (c) 2008 Microchip Technology Inc.
Errors    : 0

MPLAB C18 v3.21 (feature limited)
Copyright 2000-2008 Microchip Technology Inc.
This version of MPLAB C18 does not support the extended mode
and will not perform all optimizations.  To purchase a full
copy of MPLAB C18, please contact your local distributor or
visit buy.microchip.com.

MPLAB C18 v3.21 (feature limited)
Copyright 2000-2008 Microchip Technology Inc.
This version of MPLAB C18 does not support the extended mode
and will not perform all optimizations.  To purchase a full
copy of MPLAB C18, please contact your local distributor or
visit buy.microchip.com.

MPLAB C18 v3.21 (feature limited)
Copyright 2000-2008 Microchip Technology Inc.
This version of MPLAB C18 does not support the extended mode
and will not perform all optimizations.  To purchase a full
copy of MPLAB C18, please contact your local distributor or
visit buy.microchip.com.

MPLAB C18 v3.21 (feature limited)
Copyright 2000-2008 Microchip Technology Inc.
This version of MPLAB C18 does not support the extended mode
and will not perform all optimizations.  To purchase a full
copy of MPLAB C18, please contact your local distributor or
visit buy.microchip.com.

MPLAB C18 v3.21 (feature limited)
Copyright 2000-2008 Microchip Technology Inc.
This version of MPLAB C18 does not support the extended mode
and will not perform all optimizations.  To purchase a full
copy of MPLAB C18, please contact your local distributor or
visit buy.microchip.com.

C:\Flight\Other Code\QuadMahringer\pu-test.c:126:Warning [2054] suspicious pointer conversion
C:\Flight\Other Code\QuadMahringer\pu-test.c:132:Warning [2054] suspicious pointer conversion
C:\Flight\Other Code\QuadMahringer\pu-test.c:136:Warning [2054] suspicious pointer conversion
C:\Flight\Other Code\QuadMahringer\pu-test.c:140:Warning [2054] suspicious pointer conversion
C:\Flight\Other Code\QuadMahringer\pu-test.c:145:Warning [2054] suspicious pointer conversion
C:\Flight\Other Code\QuadMahringer\pu-test.c:159:Warning [2054] suspicious pointer conversion
C:\Flight\Other Code\QuadMahringer\pu-test.c:177:Warning [2054] suspicious pointer conversion
C:\Flight\Other Code\QuadMahringer\pu-test.c:179:Warning [2054] suspicious pointer conversion
C:\Flight\Other Code\QuadMahringer\pu-test.c:181:Warning [2054] suspicious pointer conversion
C:\Flight\Other Code\QuadMahringer\pu-test.c:194:Warning [2054] suspicious pointer conversion
C:\Flight\Other Code\QuadMahringer\pu-test.c:200:Warning [2054] suspicious pointer conversion
C:\Flight\Other Code\QuadMahringer\pu-test.c:205:Warning [2054] suspicious pointer conversion
C:\Flight\Other Code\QuadMahringer\pu-test.c:209:Warning [2054] suspicious pointer conversion
C:\Flight\Other Code\QuadMahringer\pu-test.c:214:Warning [2054] suspicious pointer conversion
C:\Flight\Other Code\QuadMahringer\pu-test.c:240:Warning [2054] suspicious pointer conversion
C:\Flight\Other Code\QuadMahringer\pu-test.c:248:Warning [2054] suspicious pointer conversion
C:\Flight\Other Code\QuadMahringer\pu-test.c:252:Warning [2054] suspicious pointer conversion
C:\Flight\Other Code\QuadMahringer\pu-test.c:257:Warning [2054] suspicious pointer conversion
C:\Flight\Other Code\QuadMahringer\pu-test.c:266:Warning [2054] suspicious pointer conversion
C:\Flight\Other Code\QuadMahringer\pu-test.c:277:Warning [2054] suspicious pointer conversion
C:\Flight\Other Code\QuadMahringer\pu-test.c:281:Warning [2054] suspicious pointer conversion
C:\Flight\Other Code\QuadMahringer\pu-test.c:288:Warning [2054] suspicious pointer conversion
C:\Flight\Other Code\QuadMahringer\pu-test.c:292:Warning [2054] suspicious pointer conversion
C:\Flight\Other Code\QuadMahringer\pu-test.c:294:Warning [2054] suspicious pointer conversion
C:\Flight\Other Code\QuadMahringer\pu-test.c:299:Warning [2054] suspicious pointer conversion
C:\Flight\Other Code\QuadMahringer\pu-test.c:305:Warning [2054] suspicious pointer conversion
C:\Flight\Other Code\QuadMahringer\pu-test.c:314:Warning [2054] suspicious pointer conversion
C:\Flight\Other Code\QuadMahringer\pu-test.c:345:Warning [2054] suspicious pointer conversion
C:\Flight\Other Code\QuadMahringer\pu-test.c:346:Warning [2054] suspicious pointer conversion
C:\Flight\Other Code\QuadMahringer\pu-test.c:347:Warning [2054] suspicious pointer conversion
C:\Flight\Other Code\QuadMahringer\pu-test.c:351:Warning [2054] suspicious pointer conversion
C:\Flight\Other Code\QuadMahringer\pu-test.c:352:Warning [2054] suspicious pointer conversion
C:\Flight\Other Code\QuadMahringer\pu-test.c:407:Warning [2054] suspicious pointer conversion
C:\Flight\Other Code\QuadMahringer\pu-test.c:413:Warning [2054] suspicious pointer conversion
C:\Flight\Other Code\QuadMahringer\pu-test.c:420:Warning [2054] suspicious pointer conversion
C:\Flight\Other Code\QuadMahringer\pu-test.c:422:Warning [2054] suspicious pointer conversion
C:\Flight\Other Code\QuadMahringer\pu-test.c:435:Warning [2054] suspicious pointer conversion
C:\Flight\Other Code\QuadMahringer\pu-test.c:440:Warning [2054] suspicious pointer conversion
C:\Flight\Other Code\QuadMahringer\pu-test.c:447:Warning [2054] suspicious pointer conversion
C:\Flight\Other Code\QuadMahringer\pu-test.c:454:Warning [2054] suspicious pointer conversion
C:\Flight\Other Code\QuadMahringer\pu-test.c:462:Warning [2054] suspicious pointer conversion
C:\Flight\Other Code\QuadMahringer\pu-test.c:465:Warning [2054] suspicious pointer conversion
C:\Flight\Other Code\QuadMahringer\pu-test.c:468:Warning [2054] suspicious pointer conversion
C:\Flight\Other Code\QuadMahringer\pu-test.c:474:Warning [2054] suspicious pointer conversion
C:\Flight\Other Code\QuadMahringer\pu-test.c:638:Warning [2058] call of function without prototype
MPLAB C18 v3.21 (feature limited)
Copyright 2000-2008 Microchip Technology Inc.
This version of MPLAB C18 does not support the extended mode
and will not perform all optimizations.  To purchase a full
copy of MPLAB C18, please contact your local distributor or
visit buy.microchip.com.

MPLAB C18 v3.21 (feature limited)
Copyright 2000-2008 Microchip Technology Inc.
This version of MPLAB C18 does not support the extended mode
and will not perform all optimizations.  To purchase a full
copy of MPLAB C18, please contact your local distributor or
visit buy.microchip.com.

MPLAB C18 v3.21 (feature limited)
Copyright 2000-2008 Microchip Technology Inc.
This version of MPLAB C18 does not support the extended mode
and will not perform all optimizations.  To purchase a full
copy of MPLAB C18, please contact your local distributor or
visit buy.microchip.com.

MPLAB C18 v3.21 (feature limited)
Copyright 2000-2008 Microchip Technology Inc.
This version of MPLAB C18 does not support the extended mode
and will not perform all optimizations.  To purchase a full
copy of MPLAB C18, please contact your local distributor or
visit buy.microchip.com.

MPLAB C18 v3.21 (feature limited)
Copyright 2000-2008 Microchip Technology Inc.
This version of MPLAB C18 does not support the extended mode
and will not perform all optimizations.  To purchase a full
copy of MPLAB C18, please contact your local distributor or
visit buy.microchip.com.

C:\Flight\Other Code\QuadMahringer\menu-test.c:100:Warning [2054] suspicious pointer conversion
C:\Flight\Other Code\QuadMahringer\menu-test.c:111:Warning [2054] suspicious pointer conversion
C:\Flight\Other Code\QuadMahringer\menu-test.c:113:Warning [2054] suspicious pointer conversion
C:\Flight\Other Code\QuadMahringer\menu-test.c:116:Warning [2054] suspicious pointer conversion
C:\Flight\Other Code\QuadMahringer\menu-test.c:118:Warning [2054] suspicious pointer conversion
C:\Flight\Other Code\QuadMahringer\menu-test.c:120:Warning [2054] suspicious pointer conversion
C:\Flight\Other Code\QuadMahringer\menu-test.c:123:Warning [2054] suspicious pointer conversion
C:\Flight\Other Code\QuadMahringer\menu-test.c:125:Warning [2054] suspicious pointer conversion
C:\Flight\Other Code\QuadMahringer\menu-test.c:127:Warning [2054] suspicious pointer conversion
C:\Flight\Other Code\QuadMahringer\menu-test.c:148:Warning [2058] call of function without prototype
C:\Flight\Other Code\QuadMahringer\menu-test.c:149:Warning [2058] call of function without prototype
C:\Flight\Other Code\QuadMahringer\menu-test.c:154:Warning [2054] suspicious pointer conversion
C:\Flight\Other Code\QuadMahringer\menu-test.c:163:Warning [2054] suspicious pointer conversion
C:\Flight\Other Code\QuadMahringer\menu-test.c:165:Warning [2054] suspicious pointer conversion
C:\Flight\Other Code\QuadMahringer\menu-test.c:173:Warning [2054] suspicious pointer conversion
C:\Flight\Other Code\QuadMahringer\menu-test.c:175:Warning [2054] suspicious pointer conversion
C:\Flight\Other Code\QuadMahringer\menu-test.c:213:Warning [2054] suspicious pointer conversion
C:\Flight\Other Code\QuadMahringer\menu-test.c:216:Warning [2054] suspicious pointer conversion
C:\Flight\Other Code\QuadMahringer\menu-test.c:219:Warning [2054] suspicious pointer conversion
C:\Flight\Other Code\QuadMahringer\menu-test.c:228:Warning [2054] suspicious pointer conversion
C:\Flight\Other Code\QuadMahringer\menu-test.c:229:Warning [2054] suspicious pointer conversion
C:\Flight\Other Code\QuadMahringer\menu-test.c:230:Warning [2054] suspicious pointer conversion
C:\Flight\Other Code\QuadMahringer\menu-test.c:231:Warning [2054] suspicious pointer conversion
C:\Flight\Other Code\QuadMahringer\menu-test.c:232:Warning [2054] suspicious pointer conversion
C:\Flight\Other Code\QuadMahringer\menu-test.c:233:Warning [2054] suspicious pointer conversion
C:\Flight\Other Code\QuadMahringer\menu-test.c:234:Warning [2054] suspicious pointer conversion
C:\Flight\Other Code\QuadMahringer\menu-test.c:256:Warning [2054] suspicious pointer conversion
C:\Flight\Other Code\QuadMahringer\menu-test.c:258:Warning [2054] suspicious pointer conversion
C:\Flight\Other Code\QuadMahringer\menu-test.c:284:Warning [2054] suspicious pointer conversion
C:\Flight\Other Code\QuadMahringer\menu-test.c:289:Warning [2054] suspicious pointer conversion
C:\Flight\Other Code\QuadMahringer\menu-test.c:290:Warning [2054] suspicious pointer conversion
C:\Flight\Other Code\QuadMahringer\menu-test.c:291:Warning [2054] suspicious pointer conversion
C:\Flight\Other Code\QuadMahringer\menu-test.c:292:Warning [2054] suspicious pointer conversion
C:\Flight\Other Code\QuadMahringer\menu-test.c:293:Warning [2054] suspicious pointer conversion
C:\Flight\Other Code\QuadMahringer\menu-test.c:294:Warning [2054] suspicious pointer conversion
C:\Flight\Other Code\QuadMahringer\menu-test.c:295:Warning [2054] suspicious pointer conversion
C:\Flight\Other Code\QuadMahringer\menu-test.c:296:Warning [2054] suspicious pointer conversion
MPLAB C18 v3.21 (feature limited)
Copyright 2000-2008 Microchip Technology Inc.
This version of MPLAB C18 does not support the extended mode
and will not perform all optimizations.  To purchase a full
copy of MPLAB C18, please contact your local distributor or
visit buy.microchip.com.

MPLAB C18 v3.21 (feature limited)
Copyright 2000-2008 Microchip Technology Inc.
This version of MPLAB C18 does not support the extended mode
and will not perform all optimizations.  To purchase a full
copy of MPLAB C18, please contact your local distributor or
visit buy.microchip.com.

MPLAB C18 v3.21 (feature limited)
Copyright 2000-2008 Microchip Technology Inc.
This version of MPLAB C18 does not support the extended mode
and will not perform all optimizations.  To purchase a full
copy of MPLAB C18, please contact your local distributor or
visit buy.microchip.com.

MPLINK 4.21, Linker
Copyright (c) 2008 Microchip Technology Inc.
Errors    : 0

MP2HEX 4.21, COFF to HEX File Converter
Copyright (c) 2008 Microchip Technology Inc.
Errors    : 0

MPLAB C18 v3.21 (feature limited)
Copyright 2000-2008 Microchip Technology Inc.
This version of MPLAB C18 does not support the extended mode
and will not perform all optimizations.  To purchase a full
copy of MPLAB C18, please contact your local distributor or
visit buy.microchip.com.

MPLAB C18 v3.21 (feature limited)
Copyright 2000-2008 Microchip Technology Inc.
This version of MPLAB C18 does not support the extended mode
and will not perform all optimizations.  To purchase a full
copy of MPLAB C18, please contact your local distributor or
visit buy.microchip.com.

MPLAB C18 v3.21 (feature limited)
Copyright 2000-2008 Microchip Technology Inc.
This version of MPLAB C18 does not support the extended mode
and will not perform all optimizations.  To purchase a full
copy of MPLAB C18, please contact your local distributor or
visit buy.microchip.com.

MPLAB C18 v3.21 (feature limited)
Copyright 2000-2008 Microchip Technology Inc.
This version of MPLAB C18 does not support the extended mode
and will not perform all optimizations.  To purchase a full
copy of MPLAB C18, please contact your local distributor or
visit buy.microchip.com.

MPLAB C18 v3.21 (feature limited)
Copyright 2000-2008 Microchip Technology Inc.
This version of MPLAB C18 does not support the extended mode
and will not perform all optimizations.  To purchase a full
copy of MPLAB C18, please contact your local distributor or
visit buy.microchip.com.

C:\Flight\Other Code\QuadMahringer\pu-test.c:126:Warning [2054] suspicious pointer conversion
C:\Flight\Other Code\QuadMahringer\pu-test.c:132:Warning [2054] suspicious pointer conversion
C:\Flight\Other Code\QuadMahringer\pu-test.c:136:Warning [2054] suspicious pointer conversion
C:\Flight\Other Code\QuadMahringer\pu-test.c:140:Warning [2054] suspicious pointer conversion
C:\Flight\Other Code\QuadMahringer\pu-test.c:145:Warning [2054] suspicious pointer conversion
C:\Flight\Other Code\QuadMahringer\pu-test.c:159:Warning [2054] suspicious pointer conversion
C:\Flight\Other Code\QuadMahringer\pu-test.c:177:Warning [2054] suspicious pointer conversion
C:\Flight\Other Code\QuadMahringer\pu-test.c:179:Warning [2054] suspicious pointer conversion
C:\Flight\Other Code\QuadMahringer\pu-test.c:181:Warning [2054] suspicious pointer conversion
C:\Flight\Other Code\QuadMahringer\pu-test.c:194:Warning [2054] suspicious pointer conversion
C:\Flight\Other Code\QuadMahringer\pu-test.c:200:Warning [2054] suspicious pointer conversion
C:\Flight\Other Code\QuadMahringer\pu-test.c:205:Warning [2054] suspicious pointer conversion
C:\Flight\Other Code\QuadMahringer\pu-test.c:209:Warning [2054] suspicious pointer conversion
C:\Flight\Other Code\QuadMahringer\pu-test.c:214:Warning [2054] suspicious pointer conversion
C:\Flight\Other Code\QuadMahringer\pu-test.c:240:Warning [2054] suspicious pointer conversion
C:\Flight\Other Code\QuadMahringer\pu-test.c:248:Warning [2054] suspicious pointer conversion
C:\Flight\Other Code\QuadMahringer\pu-test.c:252:Warning [2054] suspicious pointer conversion
C:\Flight\Other Code\QuadMahringer\pu-test.c:257:Warning [2054] suspicious pointer conversion
C:\Flight\Other Code\QuadMahringer\pu-test.c:266:Warning [2054] suspicious pointer conversion
C:\Flight\Other Code\QuadMahringer\pu-test.c:277:Warning [2054] suspicious pointer conversion
C:\Flight\Other Code\QuadMahringer\pu-test.c:281:Warning [2054] suspicious pointer conversion
C:\Flight\Other Code\QuadMahringer\pu-test.c:288:Warning [2054] suspicious pointer conversion
C:\Flight\Other Code\QuadMahringer\pu-test.c:292:Warning [2054] suspicious pointer conversion
C:\Flight\Other Code\QuadMahringer\pu-test.c:294:Warning [2054] suspicious pointer conversion
C:\Flight\Other Code\QuadMahringer\pu-test.c:299:Warning [2054] suspicious pointer conversion
C:\Flight\Other Code\QuadMahringer\pu-test.c:305:Warning [2054] suspicious pointer conversion
C:\Flight\Other Code\QuadMahringer\pu-test.c:314:Warning [2054] suspicious pointer conversion
C:\Flight\Other Code\QuadMahringer\pu-test.c:345:Warning [2054] suspicious pointer conversion
C:\Flight\Other Code\QuadMahringer\pu-test.c:346:Warning [2054] suspicious pointer conversion
C:\Flight\Other Code\QuadMahringer\pu-test.c:347:Warning [2054] suspicious pointer conversion
C:\Flight\Other Code\QuadMahringer\pu-test.c:351:Warning [2054] suspicious pointer conversion
C:\Flight\Other Code\QuadMahringer\pu-test.c:352:Warning [2054] suspicious pointer conversion
C:\Flight\Other Code\QuadMahringer\pu-test.c:407:Warning [2054] suspicious pointer conversion
C:\Flight\Other Code\QuadMahringer\pu-test.c:413:Warning [2054] suspicious pointer conversion
C:\Flight\Other Code\QuadMahringer\pu-test.c:420:Warning [2054] suspicious pointer conversion
C:\Flight\Other Code\QuadMahringer\pu-test.c:422:Warning [2054] suspicious pointer conversion
C:\Flight\Other Code\QuadMahringer\pu-test.c:435:Warning [2054] suspicious pointer conversion
C:\Flight\Other Code\QuadMahringer\pu-test.c:440:Warning [2054] suspicious pointer conversion
C:\Flight\Other Code\QuadMahringer\pu-test.c:447:Warning [2054] suspicious pointer conversion
C:\Flight\Other Code\QuadMahringer\pu-test.c:454:Warning [2054] suspicious pointer conversion
C:\Flight\Other Code\QuadMahringer\pu-test.c:462:Warning [2054] suspicious pointer conversion
C:\Flight\Other Code\QuadMahringer\pu-test.c:465:Warning [2054] suspicious pointer conversion
C:\Flight\Other Code\QuadMahringer\pu-test.c:468:Warning [2054] suspicious pointer conversion
C:\Flight\Other Code\QuadMahringer\pu-test.c:474:Warning [2054] suspicious pointer conversion
C:\Flight\Other Code\QuadMahringer\pu-test.c:638:Warning [2058] call of function without prototype
MPLAB C18 v3.21 (feature limited)
Copyright 2000-2008 Microchip Technology Inc.
This version of MPLAB C18 does not support the extended mode
and will not perform all optimizations.  To purchase a full
copy of MPLAB C18, please contact your local distributor or
visit buy.microchip.com.

MPLAB C18 v3.21 (feature limited)
Copyright 2000-2008 Microchip Technology Inc.
This version of MPLAB C18 does not support the extended mode
and will not perform all optimizations.  To purchase a full
copy of MPLAB C18, please contact your local distributor or
visit buy.microchip.com.

MPLAB C18 v3.21 (feature limited)
Copyright 2000-2008 Microchip Technology Inc.
This version of MPLAB C18 does not support the extended mode
and will not perform all optimizations.  To purchase a full
copy of MPLAB C18, please contact your local distributor or
visit buy.microchip.com.

MPLAB C18 v3.21 (feature limited)
Copyright 2000-2008 Microchip Technology Inc.
This version of MPLAB C18 does not support the extended mode
and will not perform all optimizations.  To purchase a full
copy of MPLAB C18, please contact your local distributor or
visit buy.microchip.com.

MPLAB C18 v3.21 (feature limited)
Copyright 2000-2008 Microchip Technology Inc.
This version of MPLAB C18 does not support the extended mode
and will not perform all optimizations.  To purchase a full
copy of MPLAB C18, please contact your local distributor or
visit buy.microchip.com.

C:\Flight\Other Code\QuadMahringer\menu-test.c:100:Warning [2054] suspicious pointer conversion
C:\Flight\Other Code\QuadMahringer\menu-test.c:111:Warning [2054] suspicious pointer conversion
C:\Flight\Other Code\QuadMahringer\menu-test.c:113:Warning [2054] suspicious pointer conversion
C:\Flight\Other Code\QuadMahringer\menu-test.c:116:Warning [2054] suspicious pointer conversion
C:\Flight\Other Code\QuadMahringer\menu-test.c:118:Warning [2054] suspicious pointer conversion
C:\Flight\Other Code\QuadMahringer\menu-test.c:120:Warning [2054] suspicious pointer conversion
C:\Flight\Other Code\QuadMahringer\menu-test.c:123:Warning [2054] suspicious pointer conversion
C:\Flight\Other Code\QuadMahringer\menu-test.c:125:Warning [2054] suspicious pointer conversion
C:\Flight\Other Code\QuadMahringer\menu-test.c:127:Warning [2054] suspicious pointer conversion
C:\Flight\Other Code\QuadMahringer\menu-test.c:148:Warning [2058] call of function without prototype
C:\Flight\Other Code\QuadMahringer\menu-test.c:149:Warning [2058] call of function without prototype
C:\Flight\Other Code\QuadMahringer\menu-test.c:154:Warning [2054] suspicious pointer conversion
C:\Flight\Other Code\QuadMahringer\menu-test.c:163:Warning [2054] suspicious pointer conversion
C:\Flight\Other Code\QuadMahringer\menu-test.c:165:Warning [2054] suspicious pointer conversion
C:\Flight\Other Code\QuadMahringer\menu-test.c:173:Warning [2054] suspicious pointer conversion
C:\Flight\Other Code\QuadMahringer\menu-test.c:175:Warning [2054] suspicious pointer conversion
C:\Flight\Other Code\QuadMahringer\menu-test.c:213:Warning [2054] suspicious pointer conversion
C:\Flight\Other Code\QuadMahringer\menu-test.c:216:Warning [2054] suspicious pointer conversion
C:\Flight\Other Code\QuadMahringer\menu-test.c:219:Warning [2054] suspicious pointer conversion
C:\Flight\Other Code\QuadMahringer\menu-test.c:228:Warning [2054] suspicious pointer conversion
C:\Flight\Other Code\QuadMahringer\menu-test.c:229:Warning [2054] suspicious pointer conversion
C:\Flight\Other Code\QuadMahringer\menu-test.c:230:Warning [2054] suspicious pointer conversion
C:\Flight\Other Code\QuadMahringer\menu-test.c:231:Warning [2054] suspicious pointer conversion
C:\Flight\Other Code\QuadMahringer\menu-test.c:232:Warning [2054] suspicious pointer conversion
C:\Flight\Other Code\QuadMahringer\menu-test.c:233:Warning [2054] suspicious pointer conversion
C:\Flight\Other Code\QuadMahringer\menu-test.c:234:Warning [2054] suspicious pointer conversion
C:\Flight\Other Code\QuadMahringer\menu-test.c:256:Warning [2054] suspicious pointer conversion
C:\Flight\Other Code\QuadMahringer\menu-test.c:258:Warning [2054] suspicious pointer conversion
C:\Flight\Other Code\QuadMahringer\menu-test.c:284:Warning [2054] suspicious pointer conversion
C:\Flight\Other Code\QuadMahringer\menu-test.c:289:Warning [2054] suspicious pointer conversion
C:\Flight\Other Code\QuadMahringer\menu-test.c:290:Warning [2054] suspicious pointer conversion
C:\Flight\Other Code\QuadMahringer\menu-test.c:291:Warning [2054] suspicious pointer conversion
C:\Flight\Other Code\QuadMahringer\menu-test.c:292:Warning [2054] suspicious pointer conversion
C:\Flight\Other Code\QuadMahringer\menu-test.c:293:Warning [2054] suspicious pointer conversion
C:\Flight\Other Code\QuadMahringer\menu-test.c:294:Warning [2054] suspicious pointer conversion
C:\Flight\Other Code\QuadMahringer\menu-test.c:295:Warning [2054] suspicious pointer conversion
C:\Flight\Other Code\QuadMahringer\menu-test.c:296:Warning [2054] suspicious pointer conversion
MPLAB C18 v3.21 (feature limited)
Copyright 2000-2008 Microchip Technology Inc.
This version of MPLAB C18 does not support the extended mode
and will not perform all optimizations.  To purchase a full
copy of MPLAB C18, please contact your local distributor or
visit buy.microchip.com.

MPLAB C18 v3.21 (feature limited)
Copyright 2000-2008 Microchip Technology Inc.
This version of MPLAB C18 does not support the extended mode
and will not perform all optimizations.  To purchase a full
copy of MPLAB C18, please contact your local distributor or
visit buy.microchip.com.

MPLAB C18 v3.21 (feature limited)
Copyright 2000-2008 Microchip Technology Inc.
This version of MPLAB C18 does not support the extended mode
and will not perform all optimizations.  To purchase a full
copy of MPLAB C18, please contact your local distributor or
visit buy.microchip.com.

MPLINK 4.21, Linker
Copyright (c) 2008 Microchip Technology Inc.
Errors    : 0

MP2HEX 4.21, COFF to HEX File Converter
Copyright (c) 2008 Microchip Technology Inc.
Errors    : 0

