MPLINK 4.21, Linker
Linker Map File - Created Tue Jan 13 16:07:38 2009

                                 Section Info
                  Section       Type    Address   Location Size(Bytes)
                ---------  ---------  ---------  ---------  ---------
               _entry_scn       code   0x000000    program   0x000006
           .code___init.o       code   0x000006    program   0x000002
                 high_isr       code   0x000008    program   0x000006
          .code_adcbusy.o       code   0x00000e    program   0x00000a
                  low_isr       code   0x000018    program   0x000006
            .code_gyros.o       code   0x00001e    program   0x001256
          .code_outputs.o       code   0x001274    program   0x000f56
           .code_serial.o       code   0x0021ca    program   0x000f48
.code_compass_altimeter.o       code   0x003112    program   0x000ba8
            .code_utils.o       code   0x003cba    program   0x000a78
            .code_c-ufo.o       code   0x004732    program   0x0007c2
              .code_irq.o       code   0x004ef4    program   0x00079c
              .code_pid.o       code   0x005690    program   0x000678
              .code_spi.o       code   0x005d08    program   0x000306
              .code_i2c.o       code   0x00600e    program   0x0001a2
                     PROG       code   0x0061b0    program   0x00010e
               _cinit_scn       code   0x0062be    program   0x00009e
            .code_uopen.o       code   0x00635c    program   0x00008a
          .code_fxm3232.o       code   0x0063e6    program   0x000070
          .code_adcopen.o       code   0x006456    program   0x00006e
                    CTYPE       code   0x0064c4    program   0x00004c
         .code_fxd3232u.o       code   0x006510    program   0x000048
            .code_uread.o       code   0x006558    program   0x00003e
           .code_t0open.o       code   0x006596    program   0x000038
           .code_t2open.o       code   0x0065ce    program   0x000036
          .code_cp1open.o       code   0x006604    program   0x000030
         .code_adcsetch.o       code   0x006634    program   0x00002e
         .code_fxd1616u.o       code   0x006662    program   0x00002c
             _startup_scn       code   0x00668e    program   0x00001c
         .code_fxd0808u.o       code   0x0066aa    program   0x00001c
              D10TCYXCODE       code   0x0066c6    program   0x000016
          .code_adcread.o       code   0x0066dc    program   0x000012
                    .code       code   0x0066ee    program   0x00000e
          .code_adcconv.o       code   0x0066fc    program   0x000004
                 params_i    romdata   0x006700    program   0x00001c
                  menu2_i    romdata   0x00671c    program   0x0000f3
                  menu1_i    romdata   0x00680f    program   0x0000ff
      .romdata_fxd0808u.o    romdata   0x00690e    program   0x000000
         .romdata_uread.o    romdata   0x00690e    program   0x000000
         .idata_uopen.o_i    romdata   0x00690e    program   0x000000
         .idata_uread.o_i    romdata   0x00690e    program   0x000000
      .romdata_fxd1616u.o    romdata   0x00690e    program   0x000000
      .romdata_fxd3232u.o    romdata   0x00690e    program   0x000000
        .romdata_t2open.o    romdata   0x00690e    program   0x000000
       .romdata_adcread.o    romdata   0x00690e    program   0x000000
       .romdata_fxm3232.o    romdata   0x00690e    program   0x000000
        .idata_t2open.o_i    romdata   0x00690e    program   0x000000
         .romdata_uopen.o    romdata   0x00690e    program   0x000000
       .romdata_adcopen.o    romdata   0x00690e    program   0x000000
        .romdata_t1open.o    romdata   0x00690e    program   0x000000
        .idata_t1open.o_i    romdata   0x00690e    program   0x000000
       .romdata_cp1open.o    romdata   0x00690e    program   0x000000
        .idata_t0open.o_i    romdata   0x00690e    program   0x000000
        .romdata_t0open.o    romdata   0x00690e    program   0x000000
         .romdata_c018i.o    romdata   0x00690e    program   0x000000
        .romdata___init.o    romdata   0x00690e    program   0x000000
         .romdata_c-ufo.o    romdata   0x00690e    program   0x000000
           .idata_irq.o_i    romdata   0x00690e    program   0x000002
           .romdata_irq.o    romdata   0x00690e    program   0x000000
           .idata_pid.o_i    romdata   0x00690e    program   0x000000
           .romdata_pid.o    romdata   0x00690e    program   0x000000
        .idata_serial.o_i    romdata   0x00690e    program   0x000000
        .romdata_serial.o    romdata   0x00690e    program   0x000000
             .stringtable    romdata   0x00690e    program   0x000000
       .idata_outputs.o_i    romdata   0x00690e    program   0x000000
       .romdata_outputs.o    romdata   0x00690e    program   0x000000
         .idata_utils.o_i    romdata   0x00690e    program   0x000000
         .romdata_utils.o    romdata   0x00690e    program   0x000000
         .romdata_gyros.o    romdata   0x00690e    program   0x000000
         .romdata_udefs.o    romdata   0x00690e    program   0x000000
.romdata_compass_altimeter.o    romdata   0x00690e    program   0x000000
         .idata_udefs.o_i    romdata   0x00690e    program   0x000000
           .romdata_i2c.o    romdata   0x00690e    program   0x000000
           .idata_spi.o_i    romdata   0x00690e    program   0x000000
           .romdata_spi.o    romdata   0x00690e    program   0x000000
           .romdata_adc.o    romdata   0x00690e    program   0x000000
      .romdata_adcsetch.o    romdata   0x00690e    program   0x000000
       .romdata_adcbusy.o    romdata   0x00690e    program   0x000000
       .romdata_adcconv.o    romdata   0x00690e    program   0x000000
       .idata_adcread.o_i    romdata   0x006910    program   0x000000
            .code_udefs.o       code   0x006910    program   0x000000
        .idata___init.o_i    romdata   0x006910    program   0x000000
      .idata_adcsetch.o_i    romdata   0x006910    program   0x000000
            .code_c018i.o       code   0x006910    program   0x000000
         .idata_c-ufo.o_i    romdata   0x006910    program   0x000000
         .idata_gyros.o_i    romdata   0x006910    program   0x000000
.idata_compass_altimeter.o_i    romdata   0x006910    program   0x000000
           .idata_i2c.o_i    romdata   0x006910    program   0x000000
           .idata_adc.o_i    romdata   0x006910    program   0x000000
         .idata_c018i.o_i    romdata   0x006910    program   0x000000
       .idata_adcbusy.o_i    romdata   0x006910    program   0x000000
       .idata_adcconv.o_i    romdata   0x006910    program   0x000000
      .idata_fxd0808u.o_i    romdata   0x006910    program   0x000000
      .idata_fxd1616u.o_i    romdata   0x006910    program   0x000000
      .idata_fxd3232u.o_i    romdata   0x006910    program   0x000000
       .idata_fxm3232.o_i    romdata   0x006910    program   0x000000
       .idata_adcopen.o_i    romdata   0x006910    program   0x000000
       .idata_cp1open.o_i    romdata   0x006910    program   0x000000
                   .org_0       code   0x007c00    program   0x0002e2
                   .cinit    romdata   0x007ee2    program   0x000032
              .code_adc.o       code   0x007f14    program   0x0000aa
           .code_t1open.o       code   0x007fbe    program   0x000042
                 .tmpdata      udata   0x000000       data   0x000019
                MATH_DATA      udata   0x000019       data   0x000014
     high_isr_handler_tmp      udata   0x00002d       data   0x000012
        assembly_language      udata   0x000080       data   0x000008
                    menu1      idata   0x000100       data   0x0000ff
           .udata_udefs.o      udata   0x0001ff       data   0x000001
                    menu2      idata   0x000200       data   0x0000f3
           .udata_c018i.o      udata   0x0002f3       data   0x00000a
             .idata_irq.o      idata   0x0002fd       data   0x000002
          .udata_t1open.o      udata   0x0002ff       data   0x000000
          .idata_t0open.o      idata   0x0002ff       data   0x000000
          .udata_t0open.o      udata   0x0002ff       data   0x000000
         .idata_cp1open.o      idata   0x0002ff       data   0x000000
         .udata_cp1open.o      udata   0x0002ff       data   0x000000
         .idata_adcopen.o      idata   0x0002ff       data   0x000000
         .udata_adcopen.o      udata   0x0002ff       data   0x000000
         .idata_fxm3232.o      idata   0x0002ff       data   0x000000
         .udata_fxm3232.o      udata   0x0002ff       data   0x000000
        .idata_fxd3232u.o      idata   0x0002ff       data   0x000000
        .udata_fxd3232u.o      udata   0x0002ff       data   0x000000
        .idata_fxd1616u.o      idata   0x0002ff       data   0x000000
        .udata_fxd1616u.o      udata   0x0002ff       data   0x000000
        .idata_fxd0808u.o      idata   0x0002ff       data   0x000000
          .idata_t1open.o      idata   0x0002ff       data   0x000000
          .udata_t2open.o      udata   0x0002ff       data   0x000000
          .idata_t2open.o      idata   0x0002ff       data   0x000000
           .udata_uopen.o      udata   0x0002ff       data   0x000000
           .idata_uopen.o      idata   0x0002ff       data   0x000000
         .udata_adcread.o      udata   0x0002ff       data   0x000000
         .idata_adcread.o      idata   0x0002ff       data   0x000000
           .udata_uread.o      udata   0x0002ff       data   0x000000
           .idata_uread.o      idata   0x0002ff       data   0x000000
        .udata_adcsetch.o      udata   0x0002ff       data   0x000000
        .idata_adcsetch.o      idata   0x0002ff       data   0x000000
           .idata_udefs.o      idata   0x0002ff       data   0x000000
          .udata___init.o      udata   0x0002ff       data   0x000000
          .idata___init.o      idata   0x0002ff       data   0x000000
           .idata_c018i.o      idata   0x0002ff       data   0x000000
           .udata_c-ufo.o      udata   0x0002ff       data   0x000000
           .idata_c-ufo.o      idata   0x0002ff       data   0x000000
             .udata_pid.o      udata   0x0002ff       data   0x000000
             .idata_pid.o      idata   0x0002ff       data   0x000000
          .udata_serial.o      udata   0x0002ff       data   0x000000
          .idata_serial.o      idata   0x0002ff       data   0x000000
         .udata_outputs.o      udata   0x0002ff       data   0x000000
         .idata_outputs.o      idata   0x0002ff       data   0x000000
           .udata_utils.o      udata   0x0002ff       data   0x000000
           .idata_utils.o      idata   0x0002ff       data   0x000000
           .udata_gyros.o      udata   0x0002ff       data   0x000000
           .idata_gyros.o      idata   0x0002ff       data   0x000000
        .udata_fxd0808u.o      udata   0x0002ff       data   0x000000
         .idata_adcconv.o      idata   0x0002ff       data   0x000000
         .udata_adcconv.o      udata   0x0002ff       data   0x000000
         .idata_adcbusy.o      idata   0x0002ff       data   0x000000
         .udata_adcbusy.o      udata   0x0002ff       data   0x000000
             .idata_adc.o      idata   0x0002ff       data   0x000000
             .udata_adc.o      udata   0x0002ff       data   0x000000
             .idata_spi.o      idata   0x0002ff       data   0x000000
             .udata_spi.o      udata   0x0002ff       data   0x000000
             .idata_i2c.o      idata   0x0002ff       data   0x000000
             .udata_i2c.o      udata   0x0002ff       data   0x000000
.idata_compass_altimeter.o      idata   0x0002ff       data   0x000000
.udata_compass_altimeter.o      udata   0x0002ff       data   0x000000
                  globals      udata   0x000300       data   0x000092
                   params      idata   0x000392       data   0x00001c
             .udata_irq.o      udata   0x0003ae       data   0x000017
                   .stack      udata   0x000500       data   0x000100
            SFR_UNBANKED0      udata   0x000f80       data   0x000080



                              Program Memory Usage 
                               Start         End      
                           ---------   ---------      
                            0x000000    0x00690f      
                            0x007c00    0x007fff      
            27920 out of 33048 program addresses used, program memory utilization is 84%



                              Symbols - Sorted by Name
                     Name    Address   Location    Storage File                     
                ---------  ---------  ---------  --------- ---------                
                      ADC   0x007f14    program     extern C:\Flight\Other Code\QuadMahringer\adc.c
                ASCII2Bin   0x007e7c    program     static C:\Flight\Other Code\QuadMahringer\bootl18f2520.asm
             ASCII2Nibble   0x007e70    program     static C:\Flight\Other Code\QuadMahringer\bootl18f2520.asm
                    AckOK   0x007de2    program     static C:\Flight\Other Code\QuadMahringer\bootl18f2520.asm
                 BootLeds   0x007e8e    program     static C:\Flight\Other Code\QuadMahringer\bootl18f2520.asm
                BootStart   0x007c00    program     extern C:\Flight\Other Code\QuadMahringer\bootl18f2520.asm
                  BusyADC   0x00000e    program     extern C:\MCC18\src\pmc_common\ADC\adcbusy.c
                CheckBoot   0x007d5c    program     static C:\Flight\Other Code\QuadMahringer\bootl18f2520.asm
          CheckLowBattery   0x003fe4    program     extern C:\Flight\Other Code\QuadMahringer\utils.c
               CheckReset   0x007d46    program     static C:\Flight\Other Code\QuadMahringer\bootl18f2520.asm
       CheckThrottleMoved   0x0047b0    program     extern C:\Flight\Other Code\QuadMahringer\c-ufo.c
          CompensateGyros   0x00049a    program     extern C:\Flight\Other Code\QuadMahringer\gyros.c
               ConvertADC   0x0066fc    program     extern C:\MCC18\src\pmc_common\ADC\adcconv.c
                  CopyRec   0x007d08    program     static C:\Flight\Other Code\QuadMahringer\bootl18f2520.asm
                    D10_1   0x0066d6    program     static C:\MCC18\src\traditional\delays\d10tcyx.asm
                     D10x   0x0066ce    program     static C:\MCC18\src\traditional\delays\d10tcyx.asm
                   D1616S   0x0061d2    program     static C:\MCC18\src\traditional\math\fxd1616s.asm
                D1616SNEG   0x0061e0    program     static C:\MCC18\src\traditional\math\fxd1616s.asm
                 D1616SOK   0x0061dc    program     static C:\MCC18\src\traditional\math\fxd1616s.asm
                  D1616SX   0x0061f2    program     static C:\MCC18\src\traditional\math\fxd1616s.asm
                   D3232S   0x00622c    program     static C:\MCC18\src\traditional\math\fxd3232s.asm
                D3232SNEG   0x00623a    program     static C:\MCC18\src\traditional\math\fxd3232s.asm
                 D3232SOK   0x006236    program     static C:\MCC18\src\traditional\math\fxd3232s.asm
                  D3232SX   0x00625a    program     static C:\MCC18\src\traditional\math\fxd3232s.asm
                  DA1616S   0x0061c2    program     static C:\MCC18\src\traditional\math\fxd1616s.asm
                  DA3232S   0x006216    program     static C:\MCC18\src\traditional\math\fxd3232s.asm
             Delay100mSec   0x003e2a    program     extern C:\Flight\Other Code\QuadMahringer\utils.c
              Delay10TCYx   0x0066c6    program     extern C:\MCC18\src\traditional\delays\d10tcyx.asm
        DetermineAttitude   0x000b4c    program     extern C:\Flight\Other Code\QuadMahringer\gyros.c
            DoDebugTraces   0x00437c    program     extern C:\Flight\Other Code\QuadMahringer\utils.c
            DoHeadingLock   0x0009ce    program     extern C:\Flight\Other Code\QuadMahringer\gyros.c
            DoIntTestLEDS   0x005690    program     extern C:\Flight\Other Code\QuadMahringer\pid.c
                 FXD0808U   0x0066aa    program     extern C:\MCC18\src\traditional\math\fxd0808u.c
                 FXD1616S   0x0061b0    program     extern C:\MCC18\src\traditional\math\fxd1616s.asm
                 FXD1616U   0x006662    program     extern C:\MCC18\src\traditional\math\fxd1616u.c
                 FXD3232S   0x0061fc    program     extern C:\MCC18\src\traditional\math\fxd3232s.asm
                 FXD3232U   0x006510    program     extern C:\MCC18\src\traditional\math\fxd3232u.c
                 FXM1616S   0x006264    program     extern C:\MCC18\src\traditional\math\fxm1616s.asm
                  FXM3232   0x0063e6    program     extern C:\MCC18\src\traditional\math\fxm3232.c
                 Finished   0x007e08    program     static C:\Flight\Other Code\QuadMahringer\bootl18f2520.asm
              GetAltitude   0x003836    program     extern C:\Flight\Other Code\QuadMahringer\compass_altimeter.c
          GetBatteryVolts   0x003efc    program     extern C:\Flight\Other Code\QuadMahringer\utils.c
             GetDirection   0x003272    program     extern C:\Flight\Other Code\QuadMahringer\compass_altimeter.c
             GetPitchRate   0x000032    program     extern C:\Flight\Other Code\QuadMahringer\gyros.c
              GetRollRate   0x00001e    program     extern C:\Flight\Other Code\QuadMahringer\gyros.c
               GetYawRate   0x00006c    program     extern C:\Flight\Other Code\QuadMahringer\gyros.c
                 I2CDelay   0x00600e    program     extern C:\Flight\Other Code\QuadMahringer\i2c.c
                 I2CStart   0x006060    program     extern C:\Flight\Other Code\QuadMahringer\i2c.c
                  I2CStop   0x006084    program     extern C:\Flight\Other Code\QuadMahringer\i2c.c
             I2CWaitClkHi   0x00601a    program     extern C:\Flight\Other Code\QuadMahringer\i2c.c
                     Init   0x007c46    program     static C:\Flight\Other Code\QuadMahringer\bootl18f2520.asm
                  InitADC   0x007fa6    program     extern C:\Flight\Other Code\QuadMahringer\adc.c
       InitAccelerometers   0x000278    program     extern C:\Flight\Other Code\QuadMahringer\gyros.c
            InitAltimeter   0x00371c    program     extern C:\Flight\Other Code\QuadMahringer\compass_altimeter.c
               InitArrays   0x004732    program     extern C:\Flight\Other Code\QuadMahringer\c-ufo.c
             InitAttitude   0x00007e    program     extern C:\Flight\Other Code\QuadMahringer\gyros.c
            InitDirection   0x003112    program     extern C:\Flight\Other Code\QuadMahringer\compass_altimeter.c
                InitPorts   0x003ee0    program     extern C:\Flight\Other Code\QuadMahringer\utils.c
  InitTimersAndInterrupts   0x004ef4    program     extern C:\Flight\Other Code\QuadMahringer\irq.c
                InitUSART   0x0021ca    program     extern C:\Flight\Other Code\QuadMahringer\serial.c
             IsLISLactive   0x005e3c    program     extern C:\Flight\Other Code\QuadMahringer\spi.c
                  LEDGame   0x004080    program     extern C:\Flight\Other Code\QuadMahringer\utils.c
                  LEDScan   0x007e92    program     static C:\Flight\Other Code\QuadMahringer\bootl18f2520.asm
          LoadBlockTBLPTR   0x007e64    program     static C:\Flight\Other Code\QuadMahringer\bootl18f2520.asm
                 MainLoop   0x007c66    program     static C:\Flight\Other Code\QuadMahringer\bootl18f2520.asm
                 Messages   0x007c08    program     static C:\Flight\Other Code\QuadMahringer\bootl18f2520.asm
           MixAndLimitCam   0x001ed4    program     extern C:\Flight\Other Code\QuadMahringer\outputs.c
        MixAndLimitMotors   0x0013ec    program     extern C:\Flight\Other Code\QuadMahringer\outputs.c
                 NextByte   0x007d10    program     static C:\Flight\Other Code\QuadMahringer\bootl18f2520.asm
              NextBytePIC   0x007d9c    program     static C:\Flight\Other Code\QuadMahringer\bootl18f2520.asm
                  NextRec   0x007d6e    program     static C:\Flight\Other Code\QuadMahringer\bootl18f2520.asm
           NextWriteBlock   0x007e24    program     static C:\Flight\Other Code\QuadMahringer\bootl18f2520.asm
                  OpenADC   0x006456    program     extern C:\MCC18\src\pmc_common\ADC\adcopen.c
             OpenCapture1   0x006604    program     extern C:\MCC18\src\pmc_common\CCP\cp1open.c
               OpenTimer0   0x006596    program     extern C:\MCC18\src\pmc_common\Timers\t0open.c
               OpenTimer1   0x007fbe    program     extern C:\MCC18\src\pmc_common\Timers\t1open.c
               OpenTimer2   0x0065ce    program     extern C:\MCC18\src\pmc_common\Timers\t2open.c
                OpenUSART   0x00635c    program     extern C:\MCC18\src\pmc_common\USART\uopen.c
               OutSignals   0x002152    program     extern C:\Flight\Other Code\QuadMahringer\outputs.c
                      PID   0x00575a    program     extern C:\Flight\Other Code\QuadMahringer\pid.c
           ProcessCommand   0x002c2a    program     extern C:\Flight\Other Code\QuadMahringer\serial.c
                 RXCharOK   0x007cb6    program     static C:\Flight\Other Code\QuadMahringer\bootl18f2520.asm
                  ReadADC   0x0066dc    program     extern C:\MCC18\src\pmc_common\ADC\adcread.c
                 ReadBaro   0x00354a    program     extern C:\Flight\Other Code\QuadMahringer\compass_altimeter.c
                   ReadEE   0x00413a    program     extern C:\Flight\Other Code\QuadMahringer\utils.c
                 ReadLISL   0x005dd2    program     extern C:\Flight\Other Code\QuadMahringer\spi.c
             ReadLISLNext   0x005d58    program     extern C:\Flight\Other Code\QuadMahringer\spi.c
              ReadLISLXYZ   0x005ec8    program     extern C:\Flight\Other Code\QuadMahringer\spi.c
             ReadPICBlock   0x007e4c    program     static C:\Flight\Other Code\QuadMahringer\bootl18f2520.asm
              ReadPICByte   0x007e58    program     static C:\Flight\Other Code\QuadMahringer\bootl18f2520.asm
         ReadParametersEE   0x0041ec    program     extern C:\Flight\Other Code\QuadMahringer\utils.c
                ReadUSART   0x006558    program     extern C:\MCC18\src\pmc_common\USART\uread.c
              RecvI2CByte   0x00611c    program     extern C:\Flight\Other Code\QuadMahringer\i2c.c
                   RxChar   0x002772    program     extern C:\Flight\Other Code\QuadMahringer\serial.c
                  RxError   0x007d32    program     static C:\Flight\Other Code\QuadMahringer\bootl18f2520.asm
                   RxNumS   0x0028ea    program     extern C:\Flight\Other Code\QuadMahringer\serial.c
                   RxNumU   0x0027ea    program     extern C:\Flight\Other Code\QuadMahringer\serial.c
                   RxPoll   0x007c70    program     static C:\Flight\Other Code\QuadMahringer\bootl18f2520.asm
                    SRS16   0x003d9a    program     extern C:\Flight\Other Code\QuadMahringer\utils.c
                    SRS32   0x003cba    program     extern C:\Flight\Other Code\QuadMahringer\utils.c
                     SS_1   0x007eb0    program     static C:\Flight\Other Code\QuadMahringer\bootl18f2520.asm
                     SS_2   0x007ecc    program     static C:\Flight\Other Code\QuadMahringer\bootl18f2520.asm
                 Saturate   0x001274    program     extern C:\Flight\Other Code\QuadMahringer\outputs.c
             SaveResetVec   0x007dac    program     static C:\Flight\Other Code\QuadMahringer\bootl18f2520.asm
              SendI2CByte   0x0060a4    program     extern C:\Flight\Other Code\QuadMahringer\i2c.c
                 SendLeds   0x005fac    program     extern C:\Flight\Other Code\QuadMahringer\spi.c
               SendString   0x007eae    program     static C:\Flight\Other Code\QuadMahringer\bootl18f2520.asm
            SendString_OK   0x007eac    program     static C:\Flight\Other Code\QuadMahringer\bootl18f2520.asm
               SetChanADC   0x006634    program     extern C:\MCC18\src\pmc_common\ADC\adcsetch.c
               ShowPrompt   0x002234    program     extern C:\Flight\Other Code\QuadMahringer\serial.c
                ShowSetup   0x002aa4    program     extern C:\Flight\Other Code\QuadMahringer\serial.c
             StartBaroADC   0x003684    program     extern C:\Flight\Other Code\QuadMahringer\compass_altimeter.c
            SwitchLedsOff   0x00405e    program     extern C:\Flight\Other Code\QuadMahringer\utils.c
             SwitchLedsOn   0x004042    program     extern C:\Flight\Other Code\QuadMahringer\utils.c
               TSIGN1616A   0x0062b0    program     static C:\MCC18\src\traditional\math\fxm1616s.asm
            ThrottleCurve   0x0013c6    program     extern C:\Flight\Other Code\QuadMahringer\outputs.c
                   TxChar   0x007ed8    program     static C:\Flight\Other Code\QuadMahringer\bootl18f2520.asm
                   TxChar   0x002244    program     extern C:\Flight\Other Code\QuadMahringer\serial.c
               TxNextLine   0x002478    program     extern C:\Flight\Other Code\QuadMahringer\serial.c
                 TxNibble   0x002330    program     extern C:\Flight\Other Code\QuadMahringer\serial.c
                   TxText   0x0021f0    program     extern C:\Flight\Other Code\QuadMahringer\serial.c
                    TxVal   0x00248a    program     extern C:\Flight\Other Code\QuadMahringer\serial.c
                   TxValH   0x002388    program     extern C:\Flight\Other Code\QuadMahringer\serial.c
                 TxValH16   0x0023c4    program     extern C:\Flight\Other Code\QuadMahringer\serial.c
                   TxValS   0x002414    program     extern C:\Flight\Other Code\QuadMahringer\serial.c
                   TxValU   0x002278    program     extern C:\Flight\Other Code\QuadMahringer\serial.c
                 ValidRec   0x007d40    program     static C:\Flight\Other Code\QuadMahringer\bootl18f2520.asm
                VerifyRec   0x007cbc    program     static C:\Flight\Other Code\QuadMahringer\bootl18f2520.asm
                  WriteEE   0x00416c    program     extern C:\Flight\Other Code\QuadMahringer\utils.c
                WriteLISL   0x005e10    program     extern C:\Flight\Other Code\QuadMahringer\spi.c
            WriteLISLByte   0x005d08    program     extern C:\Flight\Other Code\QuadMahringer\spi.c
                 WritePIC   0x007e3e    program     static C:\Flight\Other Code\QuadMahringer\bootl18f2520.asm
            WritePICBlock   0x007e12    program     static C:\Flight\Other Code\QuadMahringer\bootl18f2520.asm
             WritePICByte   0x007e28    program     static C:\Flight\Other Code\QuadMahringer\bootl18f2520.asm
        WriteParametersEE   0x0042da    program     extern C:\Flight\Other Code\QuadMahringer\utils.c
                 WriteRec   0x007d78    program     static C:\Flight\Other Code\QuadMahringer\bootl18f2520.asm
             _.org_0_7E0E   0x007e0e    program     static C:\Flight\Other Code\QuadMahringer\bootl18f2520.asm
                    _CSum   0x007c24    program     static C:\Flight\Other Code\QuadMahringer\bootl18f2520.asm
        _D10TCYXCODE_000A   0x0066d0    program     static C:\MCC18\src\traditional\delays\d10tcyx.asm
        _D10TCYXCODE_000C   0x0066d2    program     static C:\MCC18\src\traditional\delays\d10tcyx.asm
        _D10TCYXCODE_000E   0x0066d4    program     static C:\MCC18\src\traditional\delays\d10tcyx.asm
                    _Done   0x007c34    program     static C:\Flight\Other Code\QuadMahringer\bootl18f2520.asm
                     _Err   0x007c1c    program     static C:\Flight\Other Code\QuadMahringer\bootl18f2520.asm
                   _Hello   0x007c0a    program     static C:\Flight\Other Code\QuadMahringer\bootl18f2520.asm
                      _OK   0x007c2e    program     static C:\Flight\Other Code\QuadMahringer\bootl18f2520.asm
       ___return_lbl00000   0x00668c    program     static                          
       ___return_lbl00000   0x000004    program     static                          
       ___return_lbl00000   0x006454    program     static                          
       ___return_lbl00000   0x006556    program     static                          
       ___return_lbl00000   0x0066c4    program     static                          
       ___return_lbl00001   0x0066a8    program     static                          
       ___return_lbl00002   0x00635a    program     static                          
       ___return_lbl00040   0x00000c    program     static                          
       ___return_lbl00041   0x00001c    program     static                          
                   __init   0x000006    program     extern C:\MCC18\src\traditional\stdclib\__init.c
            __zero_memory   0x0066ee    program     extern C:\MCC18\src\traditional\proc\p18F2520.asm
                _do_cinit   0x0062be    program     extern C:\MCC18\src\traditional\startup\c018i.c
                   _entry   0x000000    program     extern C:\MCC18\src\traditional\startup\c018i.c
                   _false   0x006552    program     static                          
                 _startup   0x00668e    program     extern C:\MCC18\src\traditional\startup\c018i.c
               clear_loop   0x0066f4    program     static C:\MCC18\src\traditional\proc\p18F2520.asm
                copy_loop   0x006330    program     static                          
            copy_one_byte   0x006336    program     static                          
                     done   0x00635a    program     static                          
             done_copying   0x006344    program     static                          
                  endloop   0x006688    program     static                          
                  endloop   0x0066c0    program     static                          
                 high_isr   0x000008    program     extern C:\Flight\Other Code\QuadMahringer\irq.c
         high_isr_handler   0x004f6c    program     extern C:\Flight\Other Code\QuadMahringer\irq.c
                  islower   0x0064c4    program     extern C:\MCC18\src\traditional\stdclib\islower.asm
                   jMatch   0x0064e4    program     static C:\MCC18\src\traditional\stdclib\islower.asm
                 jNoMatch   0x00650e    program     static C:\MCC18\src\traditional\stdclib\toupper.asm
                 jNoMatch   0x0064e6    program     static C:\MCC18\src\traditional\stdclib\islower.asm
                     loop   0x00669e    program     static                          
                     loop   0x00651e    program     static                          
                     loop   0x0066b2    program     static                          
                     loop   0x00666c    program     static                          
                  low_isr   0x000018    program     extern C:\Flight\Other Code\QuadMahringer\irq.c
          low_isr_handler   0x004f58    program     extern C:\Flight\Other Code\QuadMahringer\irq.c
                     main   0x0048a0    program     extern C:\Flight\Other Code\QuadMahringer\c-ufo.c
                     test   0x0062d8    program     static                          
                  toupper   0x0064e8    program     extern C:\MCC18\src\traditional\stdclib\toupper.asm
               uglybypass   0x007d98    program     static C:\Flight\Other Code\QuadMahringer\bootl18f2520.asm
               uglyoffset   0x007d90    program     static C:\Flight\Other Code\QuadMahringer\bootl18f2520.asm
                   ADCON0   0x000fc2       data     extern C:\MCC18\src\traditional\proc\p18F2520.asm
               ADCON0bits   0x000fc2       data     extern C:\MCC18\src\traditional\proc\p18F2520.asm
                   ADCON1   0x000fc1       data     extern C:\MCC18\src\traditional\proc\p18F2520.asm
               ADCON1bits   0x000fc1       data     extern C:\MCC18\src\traditional\proc\p18F2520.asm
                   ADCON2   0x000fc0       data     extern C:\MCC18\src\traditional\proc\p18F2520.asm
               ADCON2bits   0x000fc0       data     extern C:\MCC18\src\traditional\proc\p18F2520.asm
                    ADRES   0x000fc3       data     extern C:\MCC18\src\traditional\proc\p18F2520.asm
                   ADRESH   0x000fc4       data     extern C:\MCC18\src\traditional\proc\p18F2520.asm
                   ADRESL   0x000fc3       data     extern C:\MCC18\src\traditional\proc\p18F2520.asm
             AbsDirection   0x000371       data     extern C:\Flight\Other Code\QuadMahringer\c-ufo.c
                       Ax   0x00032f       data     extern C:\Flight\Other Code\QuadMahringer\c-ufo.c
                       Ay   0x000331       data     extern C:\Flight\Other Code\QuadMahringer\c-ufo.c
                       Az   0x000333       data     extern C:\Flight\Other Code\QuadMahringer\c-ufo.c
                  BAUDCON   0x000fb8       data     extern C:\MCC18\src\traditional\proc\p18F2520.asm
              BAUDCONbits   0x000fb8       data     extern C:\MCC18\src\traditional\proc\p18F2520.asm
                  BAUDCTL   0x000fb8       data     extern C:\MCC18\src\traditional\proc\p18F2520.asm
              BAUDCTLbits   0x000fb8       data     extern C:\MCC18\src\traditional\proc\p18F2520.asm
                      BSR   0x000fe0       data     extern C:\MCC18\src\traditional\proc\p18F2520.asm
              BaroCompSum   0x00036b       data     extern C:\Flight\Other Code\QuadMahringer\c-ufo.c
            BaroTempCoeff   0x000395       data     extern C:\Flight\Other Code\QuadMahringer\c-ufo.c
         BaroThrottleDiff   0x0003ad       data     extern C:\Flight\Other Code\QuadMahringer\c-ufo.c
         BaroThrottleProp   0x00039a       data     extern C:\Flight\Other Code\QuadMahringer\c-ufo.c
                  BaroVal   0x000365       data     extern C:\Flight\Other Code\QuadMahringer\c-ufo.c
             BasePressure   0x00035d       data     extern C:\Flight\Other Code\QuadMahringer\c-ufo.c
                 BaseTemp   0x00035f       data     extern C:\Flight\Other Code\QuadMahringer\c-ufo.c
             BatteryVolts   0x000390       data     extern C:\Flight\Other Code\QuadMahringer\c-ufo.c
               BlinkCount   0x00038d       data     extern C:\Flight\Other Code\QuadMahringer\c-ufo.c
                CAMTOGGLE   0x000081       data     extern C:\Flight\Other Code\QuadMahringer\c-ufo.c
                  CCP1CON   0x000fbd       data     extern C:\MCC18\src\traditional\proc\p18F2520.asm
              CCP1CONbits   0x000fbd       data     extern C:\MCC18\src\traditional\proc\p18F2520.asm
                  CCP2CON   0x000fba       data     extern C:\MCC18\src\traditional\proc\p18F2520.asm
              CCP2CONbits   0x000fba       data     extern C:\MCC18\src\traditional\proc\p18F2520.asm
                    CCPR1   0x000fbe       data     extern C:\MCC18\src\traditional\proc\p18F2520.asm
                   CCPR1H   0x000fbf       data     extern C:\MCC18\src\traditional\proc\p18F2520.asm
                   CCPR1L   0x000fbe       data     extern C:\MCC18\src\traditional\proc\p18F2520.asm
                    CCPR2   0x000fbb       data     extern C:\MCC18\src\traditional\proc\p18F2520.asm
                   CCPR2H   0x000fbc       data     extern C:\MCC18\src\traditional\proc\p18F2520.asm
                   CCPR2L   0x000fbb       data     extern C:\MCC18\src\traditional\proc\p18F2520.asm
                    CMCON   0x000fb4       data     extern C:\MCC18\src\traditional\proc\p18F2520.asm
                CMCONbits   0x000fb4       data     extern C:\MCC18\src\traditional\proc\p18F2520.asm
                   CVRCON   0x000fb5       data     extern C:\MCC18\src\traditional\proc\p18F2520.asm
               CVRCONbits   0x000fb5       data     extern C:\MCC18\src\traditional\proc\p18F2520.asm
             CamIntFactor   0x0003ab       data     extern C:\Flight\Other Code\QuadMahringer\c-ufo.c
            ClockMilliSec   0x000300       data     extern C:\Flight\Other Code\QuadMahringer\c-ufo.c
                  Compass   0x00036f       data     extern C:\Flight\Other Code\QuadMahringer\c-ufo.c
            CompassFactor   0x0003ac       data     extern C:\Flight\Other Code\QuadMahringer\c-ufo.c
              ConfigParam   0x0003a1       data     extern C:\Flight\Other Code\QuadMahringer\c-ufo.c
            CurrDeviation   0x000373       data     extern C:\Flight\Other Code\QuadMahringer\c-ufo.c
             CurrThrottle   0x00038b       data     extern C:\Flight\Other Code\QuadMahringer\c-ufo.c
                     DDRA   0x000f92       data     extern C:\MCC18\src\traditional\proc\p18F2520.asm
                 DDRAbits   0x000f92       data     extern C:\MCC18\src\traditional\proc\p18F2520.asm
                     DDRB   0x000f93       data     extern C:\MCC18\src\traditional\proc\p18F2520.asm
                 DDRBbits   0x000f93       data     extern C:\MCC18\src\traditional\proc\p18F2520.asm
                     DDRC   0x000f94       data     extern C:\MCC18\src\traditional\proc\p18F2520.asm
                 DDRCbits   0x000f94       data     extern C:\MCC18\src\traditional\proc\p18F2520.asm
                  ECCP1AS   0x000fb6       data     extern C:\MCC18\src\traditional\proc\p18F2520.asm
              ECCP1ASbits   0x000fb6       data     extern C:\MCC18\src\traditional\proc\p18F2520.asm
                    EEADR   0x000fa9       data     extern C:\MCC18\src\traditional\proc\p18F2520.asm
                   EECON1   0x000fa6       data     extern C:\MCC18\src\traditional\proc\p18F2520.asm
               EECON1bits   0x000fa6       data     extern C:\MCC18\src\traditional\proc\p18F2520.asm
                   EECON2   0x000fa7       data     extern C:\MCC18\src\traditional\proc\p18F2520.asm
                   EEDATA   0x000fa8       data     extern C:\MCC18\src\traditional\proc\p18F2520.asm
                FBIntKorr   0x000337       data     extern C:\Flight\Other Code\QuadMahringer\c-ufo.c
                     FSR0   0x000fe9       data     extern C:\MCC18\src\traditional\proc\p18F2520.asm
                    FSR0H   0x000fea       data     extern C:\MCC18\src\traditional\proc\p18F2520.asm
                    FSR0L   0x000fe9       data     extern C:\MCC18\src\traditional\proc\p18F2520.asm
                     FSR1   0x000fe1       data     extern C:\MCC18\src\traditional\proc\p18F2520.asm
                    FSR1H   0x000fe2       data     extern C:\MCC18\src\traditional\proc\p18F2520.asm
                    FSR1L   0x000fe1       data     extern C:\MCC18\src\traditional\proc\p18F2520.asm
                     FSR2   0x000fd9       data     extern C:\MCC18\src\traditional\proc\p18F2520.asm
                    FSR2H   0x000fda       data     extern C:\MCC18\src\traditional\proc\p18F2520.asm
                    FSR2L   0x000fd9       data     extern C:\MCC18\src\traditional\proc\p18F2520.asm
                    Flags   0x00037b       data     extern C:\Flight\Other Code\QuadMahringer\c-ufo.c
                   Flags2   0x000383       data     extern C:\Flight\Other Code\QuadMahringer\c-ufo.c
                  HLVDCON   0x000fd2       data     extern C:\MCC18\src\traditional\proc\p18F2520.asm
              HLVDCONbits   0x000fd2       data     extern C:\MCC18\src\traditional\proc\p18F2520.asm
                      IK5   0x000310       data     extern C:\Flight\Other Code\QuadMahringer\c-ufo.c
                      IK6   0x000311       data     extern C:\Flight\Other Code\QuadMahringer\c-ufo.c
                      IK7   0x000312       data     extern C:\Flight\Other Code\QuadMahringer\c-ufo.c
                    INDF0   0x000fef       data     extern C:\MCC18\src\traditional\proc\p18F2520.asm
                    INDF1   0x000fe7       data     extern C:\MCC18\src\traditional\proc\p18F2520.asm
                    INDF2   0x000fdf       data     extern C:\MCC18\src\traditional\proc\p18F2520.asm
                   INTCON   0x000ff2       data     extern C:\MCC18\src\traditional\proc\p18F2520.asm
                  INTCON2   0x000ff1       data     extern C:\MCC18\src\traditional\proc\p18F2520.asm
              INTCON2bits   0x000ff1       data     extern C:\MCC18\src\traditional\proc\p18F2520.asm
                  INTCON3   0x000ff0       data     extern C:\MCC18\src\traditional\proc\p18F2520.asm
              INTCON3bits   0x000ff0       data     extern C:\MCC18\src\traditional\proc\p18F2520.asm
               INTCONbits   0x000ff2       data     extern C:\MCC18\src\traditional\proc\p18F2520.asm
                     IPR1   0x000f9f       data     extern C:\MCC18\src\traditional\proc\p18F2520.asm
                 IPR1bits   0x000f9f       data     extern C:\MCC18\src\traditional\proc\p18F2520.asm
                     IPR2   0x000fa2       data     extern C:\MCC18\src\traditional\proc\p18F2520.asm
                 IPR2bits   0x000fa2       data     extern C:\MCC18\src\traditional\proc\p18F2520.asm
                   IPitch   0x00030c       data     extern C:\Flight\Other Code\QuadMahringer\c-ufo.c
                    IRoll   0x00030a       data     extern C:\Flight\Other Code\QuadMahringer\c-ufo.c
                IThrottle   0x000309       data     extern C:\Flight\Other Code\QuadMahringer\c-ufo.c
                     IYaw   0x00030e       data     extern C:\Flight\Other Code\QuadMahringer\c-ufo.c
                     LATA   0x000f89       data     extern C:\MCC18\src\traditional\proc\p18F2520.asm
                 LATAbits   0x000f89       data     extern C:\MCC18\src\traditional\proc\p18F2520.asm
                     LATB   0x000f8a       data     extern C:\MCC18\src\traditional\proc\p18F2520.asm
                 LATBbits   0x000f8a       data     extern C:\MCC18\src\traditional\proc\p18F2520.asm
                     LATC   0x000f8b       data     extern C:\MCC18\src\traditional\proc\p18F2520.asm
                 LATCbits   0x000f8b       data     extern C:\MCC18\src\traditional\proc\p18F2520.asm
                LRIntKorr   0x000335       data     extern C:\Flight\Other Code\QuadMahringer\c-ufo.c
                   LVDCON   0x000fd2       data     extern C:\MCC18\src\traditional\proc\p18F2520.asm
               LVDCONbits   0x000fd2       data     extern C:\MCC18\src\traditional\proc\p18F2520.asm
                 LedCount   0x00038f       data     extern C:\Flight\Other Code\QuadMahringer\c-ufo.c
                LedShadow   0x00038e       data     extern C:\Flight\Other Code\QuadMahringer\c-ufo.c
           LinFBIntFactor   0x0003a5       data     extern C:\Flight\Other Code\QuadMahringer\c-ufo.c
           LinLRIntFactor   0x0003a4       data     extern C:\Flight\Other Code\QuadMahringer\c-ufo.c
           LinUDIntFactor   0x0003a6       data     extern C:\Flight\Other Code\QuadMahringer\c-ufo.c
             LowVoltThres   0x0003a3       data     extern C:\Flight\Other Code\QuadMahringer\c-ufo.c
                       MB   0x000083       data     extern C:\Flight\Other Code\QuadMahringer\c-ufo.c
                    MBack   0x000378       data     extern C:\Flight\Other Code\QuadMahringer\c-ufo.c
                MCamPitch   0x00037a       data     extern C:\Flight\Other Code\QuadMahringer\c-ufo.c
                 MCamRoll   0x000379       data     extern C:\Flight\Other Code\QuadMahringer\c-ufo.c
                       ME   0x000087       data     extern C:\Flight\Other Code\QuadMahringer\c-ufo.c
                       MF   0x000082       data     extern C:\Flight\Other Code\QuadMahringer\c-ufo.c
                   MFront   0x000375       data     extern C:\Flight\Other Code\QuadMahringer\c-ufo.c
                       ML   0x000084       data     extern C:\Flight\Other Code\QuadMahringer\c-ufo.c
                    MLeft   0x000376       data     extern C:\Flight\Other Code\QuadMahringer\c-ufo.c
                       MR   0x000085       data     extern C:\Flight\Other Code\QuadMahringer\c-ufo.c
                   MRight   0x000377       data     extern C:\Flight\Other Code\QuadMahringer\c-ufo.c
                       MT   0x000086       data     extern C:\Flight\Other Code\QuadMahringer\c-ufo.c
                 MidPitch   0x000315       data     extern C:\Flight\Other Code\QuadMahringer\c-ufo.c
                  MidRoll   0x000313       data     extern C:\Flight\Other Code\QuadMahringer\c-ufo.c
                   MidYaw   0x000317       data     extern C:\Flight\Other Code\QuadMahringer\c-ufo.c
                 MiddleFB   0x0003aa       data     extern C:\Flight\Other Code\QuadMahringer\c-ufo.c
                 MiddleLR   0x0003a9       data     extern C:\Flight\Other Code\QuadMahringer\c-ufo.c
                 MiddleUD   0x0003a7       data     extern C:\Flight\Other Code\QuadMahringer\c-ufo.c
              MotorLowRun   0x0003a8       data     extern C:\Flight\Other Code\QuadMahringer\c-ufo.c
                NeutralFB   0x00033b       data     extern C:\Flight\Other Code\QuadMahringer\c-ufo.c
                NeutralLR   0x000339       data     extern C:\Flight\Other Code\QuadMahringer\c-ufo.c
                NeutralUD   0x00033d       data     extern C:\Flight\Other Code\QuadMahringer\c-ufo.c
                    NewK1   0x0003af       data     extern C:\Flight\Other Code\QuadMahringer\irq.c
                    NewK2   0x0003b1       data     extern C:\Flight\Other Code\QuadMahringer\irq.c
                    NewK3   0x0003b3       data     extern C:\Flight\Other Code\QuadMahringer\irq.c
                    NewK4   0x0003b5       data     extern C:\Flight\Other Code\QuadMahringer\irq.c
                    NewK5   0x0003b7       data     extern C:\Flight\Other Code\QuadMahringer\irq.c
                    NewK6   0x0003b9       data     extern C:\Flight\Other Code\QuadMahringer\irq.c
                    NewK7   0x0003bb       data     extern C:\Flight\Other Code\QuadMahringer\irq.c
                 NewPitch   0x0003bf       data     extern C:\Flight\Other Code\QuadMahringer\irq.c
                  NewRoll   0x0003bd       data     extern C:\Flight\Other Code\QuadMahringer\irq.c
              NewThrottle   0x0003c3       data     extern C:\Flight\Other Code\QuadMahringer\irq.c
                   NewYaw   0x0003c1       data     extern C:\Flight\Other Code\QuadMahringer\irq.c
            NoOfTimeSlots   0x0003a2       data     extern C:\Flight\Other Code\QuadMahringer\c-ufo.c
                   OSCCON   0x000fd3       data     extern C:\MCC18\src\traditional\proc\p18F2520.asm
               OSCCONbits   0x000fd3       data     extern C:\MCC18\src\traditional\proc\p18F2520.asm
                  OSCTUNE   0x000f9b       data     extern C:\MCC18\src\traditional\proc\p18F2520.asm
              OSCTUNEbits   0x000f9b       data     extern C:\MCC18\src\traditional\proc\p18F2520.asm
              OldThrottle   0x0002fd       data     extern C:\Flight\Other Code\QuadMahringer\irq.c
                       PC   0x000ff9       data     extern C:\MCC18\src\traditional\proc\p18F2520.asm
                      PCL   0x000ff9       data     extern C:\MCC18\src\traditional\proc\p18F2520.asm
                   PCLATH   0x000ffa       data     extern C:\MCC18\src\traditional\proc\p18F2520.asm
                   PCLATU   0x000ffb       data     extern C:\MCC18\src\traditional\proc\p18F2520.asm
                       PE   0x00034d       data     extern C:\Flight\Other Code\QuadMahringer\c-ufo.c
                      PEp   0x000353       data     extern C:\Flight\Other Code\QuadMahringer\c-ufo.c
                     PIE1   0x000f9d       data     extern C:\MCC18\src\traditional\proc\p18F2520.asm
                 PIE1bits   0x000f9d       data     extern C:\MCC18\src\traditional\proc\p18F2520.asm
                     PIE2   0x000fa0       data     extern C:\MCC18\src\traditional\proc\p18F2520.asm
                 PIE2bits   0x000fa0       data     extern C:\MCC18\src\traditional\proc\p18F2520.asm
                     PIR1   0x000f9e       data     extern C:\MCC18\src\traditional\proc\p18F2520.asm
                 PIR1bits   0x000f9e       data     extern C:\MCC18\src\traditional\proc\p18F2520.asm
                     PIR2   0x000fa1       data     extern C:\MCC18\src\traditional\proc\p18F2520.asm
                 PIR2bits   0x000fa1       data     extern C:\MCC18\src\traditional\proc\p18F2520.asm
                   PLUSW0   0x000feb       data     extern C:\MCC18\src\traditional\proc\p18F2520.asm
                   PLUSW1   0x000fe3       data     extern C:\MCC18\src\traditional\proc\p18F2520.asm
                   PLUSW2   0x000fdb       data     extern C:\MCC18\src\traditional\proc\p18F2520.asm
                    PORTA   0x000f80       data     extern C:\MCC18\src\traditional\proc\p18F2520.asm
                PORTAbits   0x000f80       data     extern C:\MCC18\src\traditional\proc\p18F2520.asm
                    PORTB   0x000f81       data     extern C:\MCC18\src\traditional\proc\p18F2520.asm
                PORTBbits   0x000f81       data     extern C:\MCC18\src\traditional\proc\p18F2520.asm
                    PORTC   0x000f82       data     extern C:\MCC18\src\traditional\proc\p18F2520.asm
                PORTCbits   0x000f82       data     extern C:\MCC18\src\traditional\proc\p18F2520.asm
                    PORTE   0x000f84       data     extern C:\MCC18\src\traditional\proc\p18F2520.asm
                PORTEbits   0x000f84       data     extern C:\MCC18\src\traditional\proc\p18F2520.asm
                 POSTDEC0   0x000fed       data     extern C:\MCC18\src\traditional\proc\p18F2520.asm
                 POSTDEC1   0x000fe5       data     extern C:\MCC18\src\traditional\proc\p18F2520.asm
                 POSTDEC2   0x000fdd       data     extern C:\MCC18\src\traditional\proc\p18F2520.asm
                 POSTINC0   0x000fee       data     extern C:\MCC18\src\traditional\proc\p18F2520.asm
                 POSTINC1   0x000fe6       data     extern C:\MCC18\src\traditional\proc\p18F2520.asm
                 POSTINC2   0x000fde       data     extern C:\MCC18\src\traditional\proc\p18F2520.asm
                      PR2   0x000fcb       data     extern C:\MCC18\src\traditional\proc\p18F2520.asm
                  PREINC0   0x000fec       data     extern C:\MCC18\src\traditional\proc\p18F2520.asm
                  PREINC1   0x000fe4       data     extern C:\MCC18\src\traditional\proc\p18F2520.asm
                  PREINC2   0x000fdc       data     extern C:\MCC18\src\traditional\proc\p18F2520.asm
                     PROD   0x000ff3       data     extern C:\MCC18\src\traditional\proc\p18F2520.asm
                    PRODH   0x000ff4       data     extern C:\MCC18\src\traditional\proc\p18F2520.asm
                    PRODL   0x000ff3       data     extern C:\MCC18\src\traditional\proc\p18F2520.asm
                  PWM1CON   0x000fb7       data     extern C:\MCC18\src\traditional\proc\p18F2520.asm
              PWM1CONbits   0x000fb7       data     extern C:\MCC18\src\traditional\proc\p18F2520.asm
               PitchAngle   0x00031d       data     extern C:\Flight\Other Code\QuadMahringer\c-ufo.c
          PitchDiffFactor   0x000399       data     extern C:\Flight\Other Code\QuadMahringer\c-ufo.c
            PitchFailsafe   0x000359       data     extern C:\Flight\Other Code\QuadMahringer\c-ufo.c
           PitchIntFactor   0x000398       data     extern C:\Flight\Other Code\QuadMahringer\c-ufo.c
            PitchIntLimit   0x00039b       data     extern C:\Flight\Other Code\QuadMahringer\c-ufo.c
          PitchPropFactor   0x000397       data     extern C:\Flight\Other Code\QuadMahringer\c-ufo.c
                PitchRate   0x000327       data     extern C:\Flight\Other Code\QuadMahringer\c-ufo.c
                       Pl   0x000343       data     extern C:\Flight\Other Code\QuadMahringer\c-ufo.c
                     RCON   0x000fd0       data     extern C:\MCC18\src\traditional\proc\p18F2520.asm
                 RCONbits   0x000fd0       data     extern C:\MCC18\src\traditional\proc\p18F2520.asm
                    RCREG   0x000fae       data     extern C:\MCC18\src\traditional\proc\p18F2520.asm
                    RCSTA   0x000fab       data     extern C:\MCC18\src\traditional\proc\p18F2520.asm
                RCSTAbits   0x000fab       data     extern C:\MCC18\src\traditional\proc\p18F2520.asm
                       RE   0x00034b       data     extern C:\Flight\Other Code\QuadMahringer\c-ufo.c
                      REp   0x000351       data     extern C:\Flight\Other Code\QuadMahringer\c-ufo.c
                 RecFlags   0x0003ae       data     extern C:\Flight\Other Code\QuadMahringer\irq.c
                       Rl   0x00033f       data     extern C:\Flight\Other Code\QuadMahringer\c-ufo.c
                RollAngle   0x000319       data     extern C:\Flight\Other Code\QuadMahringer\c-ufo.c
           RollDiffFactor   0x000394       data     extern C:\Flight\Other Code\QuadMahringer\c-ufo.c
             RollFailsafe   0x000357       data     extern C:\Flight\Other Code\QuadMahringer\c-ufo.c
            RollIntFactor   0x000393       data     extern C:\Flight\Other Code\QuadMahringer\c-ufo.c
             RollIntLimit   0x000396       data     extern C:\Flight\Other Code\QuadMahringer\c-ufo.c
           RollPropFactor   0x000392       data     extern C:\Flight\Other Code\QuadMahringer\c-ufo.c
                 RollRate   0x000325       data     extern C:\Flight\Other Code\QuadMahringer\c-ufo.c
                  SHADOWB   0x000080       data     extern C:\Flight\Other Code\QuadMahringer\c-ufo.c
                     SIGN   0x000019       data     extern C:\MCC18\src\traditional\math\cmath18.asm
                    SPBRG   0x000faf       data     extern C:\MCC18\src\traditional\proc\p18F2520.asm
                   SPBRGH   0x000fb0       data     extern C:\MCC18\src\traditional\proc\p18F2520.asm
                   SSPADD   0x000fc8       data     extern C:\MCC18\src\traditional\proc\p18F2520.asm
                   SSPBUF   0x000fc9       data     extern C:\MCC18\src\traditional\proc\p18F2520.asm
                  SSPCON1   0x000fc6       data     extern C:\MCC18\src\traditional\proc\p18F2520.asm
              SSPCON1bits   0x000fc6       data     extern C:\MCC18\src\traditional\proc\p18F2520.asm
                  SSPCON2   0x000fc5       data     extern C:\MCC18\src\traditional\proc\p18F2520.asm
              SSPCON2bits   0x000fc5       data     extern C:\MCC18\src\traditional\proc\p18F2520.asm
                  SSPSTAT   0x000fc7       data     extern C:\MCC18\src\traditional\proc\p18F2520.asm
              SSPSTATbits   0x000fc7       data     extern C:\MCC18\src\traditional\proc\p18F2520.asm
                   STATUS   0x000fd8       data     extern C:\MCC18\src\traditional\proc\p18F2520.asm
               STATUSbits   0x000fd8       data     extern C:\MCC18\src\traditional\proc\p18F2520.asm
                   STKPTR   0x000ffc       data     extern C:\MCC18\src\traditional\proc\p18F2520.asm
               STKPTRbits   0x000ffc       data     extern C:\MCC18\src\traditional\proc\p18F2520.asm
                  SerBaro   0x0001c4       data     extern C:\Flight\Other Code\QuadMahringer\serial.c
               SerChannel   0x0001d1       data     extern C:\Flight\Other Code\QuadMahringer\serial.c
               SerCompass   0x0001ef       data     extern C:\Flight\Other Code\QuadMahringer\serial.c
                SerFM_Fut   0x0001eb       data     extern C:\Flight\Other Code\QuadMahringer\serial.c
                SerFM_Grp   0x0001ed       data     extern C:\Flight\Other Code\QuadMahringer\serial.c
                 SerHello   0x000100       data     extern C:\Flight\Other Code\QuadMahringer\serial.c
                  SerHelp   0x000200       data     extern C:\Flight\Other Code\QuadMahringer\serial.c
               SerLSavail   0x0001ab       data     extern C:\Flight\Other Code\QuadMahringer\serial.c
                SerLSnone   0x0001b4       data     extern C:\Flight\Other Code\QuadMahringer\serial.c
                  SerList   0x00029b       data     extern C:\Flight\Other Code\QuadMahringer\serial.c
              SerNeutralN   0x0002e1       data     extern C:\Flight\Other Code\QuadMahringer\serial.c
              SerNeutralR   0x0002d1       data     extern C:\Flight\Other Code\QuadMahringer\serial.c
              SerNeutralY   0x0002e8       data     extern C:\Flight\Other Code\QuadMahringer\serial.c
                SerPrompt   0x000297       data     extern C:\Flight\Other Code\QuadMahringer\serial.c
                SerRecvCh   0x0002ee       data     extern C:\Flight\Other Code\QuadMahringer\serial.c
                  SerReg1   0x000287       data     extern C:\Flight\Other Code\QuadMahringer\serial.c
                  SerReg2   0x000293       data     extern C:\Flight\Other Code\QuadMahringer\serial.c
                SerSelSet   0x0002b6       data     extern C:\Flight\Other Code\QuadMahringer\serial.c
                 SerSetup   0x000160       data     extern C:\Flight\Other Code\QuadMahringer\serial.c
                    T0CON   0x000fd5       data     extern C:\MCC18\src\traditional\proc\p18F2520.asm
                T0CONbits   0x000fd5       data     extern C:\MCC18\src\traditional\proc\p18F2520.asm
                    T1CON   0x000fcd       data     extern C:\MCC18\src\traditional\proc\p18F2520.asm
                T1CONbits   0x000fcd       data     extern C:\MCC18\src\traditional\proc\p18F2520.asm
                    T2CON   0x000fca       data     extern C:\MCC18\src\traditional\proc\p18F2520.asm
                T2CONbits   0x000fca       data     extern C:\MCC18\src\traditional\proc\p18F2520.asm
                    T3CON   0x000fb1       data     extern C:\MCC18\src\traditional\proc\p18F2520.asm
                T3CONbits   0x000fb1       data     extern C:\MCC18\src\traditional\proc\p18F2520.asm
                   TABLAT   0x000ff5       data     extern C:\MCC18\src\traditional\proc\p18F2520.asm
                   TBLPTR   0x000ff6       data     extern C:\MCC18\src\traditional\proc\p18F2520.asm
                  TBLPTRH   0x000ff7       data     extern C:\MCC18\src\traditional\proc\p18F2520.asm
                  TBLPTRL   0x000ff6       data     extern C:\MCC18\src\traditional\proc\p18F2520.asm
                  TBLPTRU   0x000ff8       data     extern C:\MCC18\src\traditional\proc\p18F2520.asm
                    TMR0H   0x000fd7       data     extern C:\MCC18\src\traditional\proc\p18F2520.asm
                    TMR0L   0x000fd6       data     extern C:\MCC18\src\traditional\proc\p18F2520.asm
                    TMR1H   0x000fcf       data     extern C:\MCC18\src\traditional\proc\p18F2520.asm
                    TMR1L   0x000fce       data     extern C:\MCC18\src\traditional\proc\p18F2520.asm
                     TMR2   0x000fcc       data     extern C:\MCC18\src\traditional\proc\p18F2520.asm
                    TMR3H   0x000fb3       data     extern C:\MCC18\src\traditional\proc\p18F2520.asm
                    TMR3L   0x000fb2       data     extern C:\MCC18\src\traditional\proc\p18F2520.asm
                      TOS   0x000ffd       data     extern C:\MCC18\src\traditional\proc\p18F2520.asm
                     TOSH   0x000ffe       data     extern C:\MCC18\src\traditional\proc\p18F2520.asm
                     TOSL   0x000ffd       data     extern C:\MCC18\src\traditional\proc\p18F2520.asm
                     TOSU   0x000fff       data     extern C:\MCC18\src\traditional\proc\p18F2520.asm
                    TRISA   0x000f92       data     extern C:\MCC18\src\traditional\proc\p18F2520.asm
                TRISAbits   0x000f92       data     extern C:\MCC18\src\traditional\proc\p18F2520.asm
                    TRISB   0x000f93       data     extern C:\MCC18\src\traditional\proc\p18F2520.asm
                TRISBbits   0x000f93       data     extern C:\MCC18\src\traditional\proc\p18F2520.asm
                    TRISC   0x000f94       data     extern C:\MCC18\src\traditional\proc\p18F2520.asm
                TRISCbits   0x000f94       data     extern C:\MCC18\src\traditional\proc\p18F2520.asm
                    TXREG   0x000fad       data     extern C:\MCC18\src\traditional\proc\p18F2520.asm
                    TXSTA   0x000fac       data     extern C:\MCC18\src\traditional\proc\p18F2520.asm
                TXSTAbits   0x000fac       data     extern C:\MCC18\src\traditional\proc\p18F2520.asm
                 TempCorr   0x000361       data     extern C:\Flight\Other Code\QuadMahringer\c-ufo.c
             ThrDownCount   0x00038c       data     extern C:\Flight\Other Code\QuadMahringer\c-ufo.c
                 TimeSlot   0x000308       data     extern C:\Flight\Other Code\QuadMahringer\c-ufo.c
            TimerMilliSec   0x000304       data     extern C:\Flight\Other Code\QuadMahringer\c-ufo.c
               UDVelocity   0x00032b       data     extern C:\Flight\Other Code\QuadMahringer\c-ufo.c
             USART_Status   0x0001ff       data     extern C:\MCC18\src\pmc_common\USART\udefs.c
                VBaroComp   0x000363       data     extern C:\Flight\Other Code\QuadMahringer\c-ufo.c
                      Vud   0x000367       data     extern C:\Flight\Other Code\QuadMahringer\c-ufo.c
                        W   0x000fe8       data     extern C:\MCC18\src\traditional\proc\p18F2520.asm
                   WDTCON   0x000fd1       data     extern C:\MCC18\src\traditional\proc\p18F2520.asm
               WDTCONbits   0x000fd1       data     extern C:\MCC18\src\traditional\proc\p18F2520.asm
                     WREG   0x000fe8       data     extern C:\MCC18\src\traditional\proc\p18F2520.asm
                       YE   0x00034f       data     extern C:\Flight\Other Code\QuadMahringer\c-ufo.c
                      YEp   0x000355       data     extern C:\Flight\Other Code\QuadMahringer\c-ufo.c
                 YawAngle   0x000321       data     extern C:\Flight\Other Code\QuadMahringer\c-ufo.c
            YawDiffFactor   0x00039e       data     extern C:\Flight\Other Code\QuadMahringer\c-ufo.c
              YawFailsafe   0x00035b       data     extern C:\Flight\Other Code\QuadMahringer\c-ufo.c
             YawIntFactor   0x00039d       data     extern C:\Flight\Other Code\QuadMahringer\c-ufo.c
              YawIntLimit   0x0003a0       data     extern C:\Flight\Other Code\QuadMahringer\c-ufo.c
                 YawLimit   0x00039f       data     extern C:\Flight\Other Code\QuadMahringer\c-ufo.c
            YawPropFactor   0x00039c       data     extern C:\Flight\Other Code\QuadMahringer\c-ufo.c
                  YawRate   0x000329       data     extern C:\Flight\Other Code\QuadMahringer\c-ufo.c
                       Yl   0x000347       data     extern C:\Flight\Other Code\QuadMahringer\c-ufo.c
                 __AARGB0   0x000022       data     extern C:\MCC18\src\traditional\math\aarg.asm
                 __AARGB1   0x000021       data     extern C:\MCC18\src\traditional\math\aarg.asm
                 __AARGB2   0x000020       data     extern C:\MCC18\src\traditional\math\aarg.asm
                 __AARGB3   0x00001f       data     extern C:\MCC18\src\traditional\math\aarg.asm
                 __AARGB4   0x00001e       data     extern C:\MCC18\src\traditional\math\aarg.asm
                 __AARGB5   0x00001d       data     extern C:\MCC18\src\traditional\math\aarg.asm
                 __AARGB6   0x00001c       data     extern C:\MCC18\src\traditional\math\aarg.asm
                 __AARGB7   0x00001b       data     extern C:\MCC18\src\traditional\math\aarg.asm
                   __AEXP   0x000023       data     extern C:\MCC18\src\traditional\math\aarg.asm
                 __BARGB0   0x000027       data     extern C:\MCC18\src\traditional\math\barg.asm
                 __BARGB1   0x000026       data     extern C:\MCC18\src\traditional\math\barg.asm
                 __BARGB2   0x000025       data     extern C:\MCC18\src\traditional\math\barg.asm
                 __BARGB3   0x000024       data     extern C:\MCC18\src\traditional\math\barg.asm
                   __BEXP   0x000028       data     extern C:\MCC18\src\traditional\math\barg.asm
                __FPFLAGS   0x00001a       data     extern C:\MCC18\src\traditional\math\cmath18.asm
            __FPFLAGSbits   0x00001a       data     extern C:\MCC18\src\traditional\math\cmath18.asm
                  __REMB0   0x00001e       data     extern C:\MCC18\src\traditional\math\aarg.asm
                  __REMB1   0x00001d       data     extern C:\MCC18\src\traditional\math\aarg.asm
                  __REMB2   0x00001c       data     extern C:\MCC18\src\traditional\math\aarg.asm
                  __REMB3   0x00001b       data     extern C:\MCC18\src\traditional\math\aarg.asm
                   __TEMP   0x00002c       data     extern C:\MCC18\src\traditional\math\temparg.asm
                 __TEMPB0   0x00002c       data     extern C:\MCC18\src\traditional\math\temparg.asm
                 __TEMPB1   0x00002b       data     extern C:\MCC18\src\traditional\math\temparg.asm
                 __TEMPB2   0x00002a       data     extern C:\MCC18\src\traditional\math\temparg.asm
                 __TEMPB3   0x000029       data     extern C:\MCC18\src\traditional\math\temparg.asm
                  __tmp_0   0x000000       data     static C:\Flight\Other Code\QuadMahringer\c-ufo.c
                  __tmp_0   0x000000       data     static C:\Flight\Other Code\QuadMahringer\irq.c
                  __tmp_0   0x000000       data     static C:\Flight\Other Code\QuadMahringer\pid.c
                  __tmp_0   0x000000       data     static C:\Flight\Other Code\QuadMahringer\serial.c
                  __tmp_0   0x000000       data     static C:\Flight\Other Code\QuadMahringer\outputs.c
                  __tmp_0   0x000000       data     static C:\Flight\Other Code\QuadMahringer\utils.c
                  __tmp_0   0x000000       data     static C:\Flight\Other Code\QuadMahringer\gyros.c
                  __tmp_0   0x000000       data     static C:\Flight\Other Code\QuadMahringer\compass_altimeter.c
                  __tmp_0   0x000000       data     static C:\Flight\Other Code\QuadMahringer\i2c.c
                  __tmp_0   0x000000       data     static C:\Flight\Other Code\QuadMahringer\spi.c
                  __tmp_0   0x000000       data     static C:\Flight\Other Code\QuadMahringer\adc.c
                  __tmp_0   0x000000       data     static C:\MCC18\src\pmc_common\ADC\adcopen.c
                  __tmp_0   0x000000       data     static C:\MCC18\src\pmc_common\USART\uopen.c
                  __tmp_0   0x000000       data     static C:\MCC18\src\pmc_common\ADC\adcread.c
                  __tmp_0   0x000000       data     static C:\MCC18\src\pmc_common\ADC\adcsetch.c
                  __tmp_2   0x00002d       data     static C:\Flight\Other Code\QuadMahringer\irq.c
                curr_byte   0x0002f6       data     static C:\MCC18\src\traditional\startup\c018i.c
               curr_entry   0x0002f8       data     static C:\MCC18\src\traditional\startup\c018i.c
                 data_ptr   0x0002fa       data     static C:\MCC18\src\traditional\startup\c018i.c
                     prom   0x0002f3       data     static C:\MCC18\src\traditional\startup\c018i.c



                              Symbols - Sorted by Address
                     Name    Address   Location    Storage File                     
                ---------  ---------  ---------  --------- ---------                
                   _entry   0x000000    program     extern C:\MCC18\src\traditional\startup\c018i.c
       ___return_lbl00000   0x000004    program     static                          
                   __init   0x000006    program     extern C:\MCC18\src\traditional\stdclib\__init.c
                 high_isr   0x000008    program     extern C:\Flight\Other Code\QuadMahringer\irq.c
       ___return_lbl00040   0x00000c    program     static                          
                  BusyADC   0x00000e    program     extern C:\MCC18\src\pmc_common\ADC\adcbusy.c
                  low_isr   0x000018    program     extern C:\Flight\Other Code\QuadMahringer\irq.c
       ___return_lbl00041   0x00001c    program     static                          
              GetRollRate   0x00001e    program     extern C:\Flight\Other Code\QuadMahringer\gyros.c
             GetPitchRate   0x000032    program     extern C:\Flight\Other Code\QuadMahringer\gyros.c
               GetYawRate   0x00006c    program     extern C:\Flight\Other Code\QuadMahringer\gyros.c
             InitAttitude   0x00007e    program     extern C:\Flight\Other Code\QuadMahringer\gyros.c
       InitAccelerometers   0x000278    program     extern C:\Flight\Other Code\QuadMahringer\gyros.c
          CompensateGyros   0x00049a    program     extern C:\Flight\Other Code\QuadMahringer\gyros.c
            DoHeadingLock   0x0009ce    program     extern C:\Flight\Other Code\QuadMahringer\gyros.c
        DetermineAttitude   0x000b4c    program     extern C:\Flight\Other Code\QuadMahringer\gyros.c
                 Saturate   0x001274    program     extern C:\Flight\Other Code\QuadMahringer\outputs.c
            ThrottleCurve   0x0013c6    program     extern C:\Flight\Other Code\QuadMahringer\outputs.c
        MixAndLimitMotors   0x0013ec    program     extern C:\Flight\Other Code\QuadMahringer\outputs.c
           MixAndLimitCam   0x001ed4    program     extern C:\Flight\Other Code\QuadMahringer\outputs.c
               OutSignals   0x002152    program     extern C:\Flight\Other Code\QuadMahringer\outputs.c
                InitUSART   0x0021ca    program     extern C:\Flight\Other Code\QuadMahringer\serial.c
                   TxText   0x0021f0    program     extern C:\Flight\Other Code\QuadMahringer\serial.c
               ShowPrompt   0x002234    program     extern C:\Flight\Other Code\QuadMahringer\serial.c
                   TxChar   0x002244    program     extern C:\Flight\Other Code\QuadMahringer\serial.c
                   TxValU   0x002278    program     extern C:\Flight\Other Code\QuadMahringer\serial.c
                 TxNibble   0x002330    program     extern C:\Flight\Other Code\QuadMahringer\serial.c
                   TxValH   0x002388    program     extern C:\Flight\Other Code\QuadMahringer\serial.c
                 TxValH16   0x0023c4    program     extern C:\Flight\Other Code\QuadMahringer\serial.c
                   TxValS   0x002414    program     extern C:\Flight\Other Code\QuadMahringer\serial.c
               TxNextLine   0x002478    program     extern C:\Flight\Other Code\QuadMahringer\serial.c
                    TxVal   0x00248a    program     extern C:\Flight\Other Code\QuadMahringer\serial.c
                   RxChar   0x002772    program     extern C:\Flight\Other Code\QuadMahringer\serial.c
                   RxNumU   0x0027ea    program     extern C:\Flight\Other Code\QuadMahringer\serial.c
                   RxNumS   0x0028ea    program     extern C:\Flight\Other Code\QuadMahringer\serial.c
                ShowSetup   0x002aa4    program     extern C:\Flight\Other Code\QuadMahringer\serial.c
           ProcessCommand   0x002c2a    program     extern C:\Flight\Other Code\QuadMahringer\serial.c
            InitDirection   0x003112    program     extern C:\Flight\Other Code\QuadMahringer\compass_altimeter.c
             GetDirection   0x003272    program     extern C:\Flight\Other Code\QuadMahringer\compass_altimeter.c
                 ReadBaro   0x00354a    program     extern C:\Flight\Other Code\QuadMahringer\compass_altimeter.c
             StartBaroADC   0x003684    program     extern C:\Flight\Other Code\QuadMahringer\compass_altimeter.c
            InitAltimeter   0x00371c    program     extern C:\Flight\Other Code\QuadMahringer\compass_altimeter.c
              GetAltitude   0x003836    program     extern C:\Flight\Other Code\QuadMahringer\compass_altimeter.c
                    SRS32   0x003cba    program     extern C:\Flight\Other Code\QuadMahringer\utils.c
                    SRS16   0x003d9a    program     extern C:\Flight\Other Code\QuadMahringer\utils.c
             Delay100mSec   0x003e2a    program     extern C:\Flight\Other Code\QuadMahringer\utils.c
                InitPorts   0x003ee0    program     extern C:\Flight\Other Code\QuadMahringer\utils.c
          GetBatteryVolts   0x003efc    program     extern C:\Flight\Other Code\QuadMahringer\utils.c
          CheckLowBattery   0x003fe4    program     extern C:\Flight\Other Code\QuadMahringer\utils.c
             SwitchLedsOn   0x004042    program     extern C:\Flight\Other Code\QuadMahringer\utils.c
            SwitchLedsOff   0x00405e    program     extern C:\Flight\Other Code\QuadMahringer\utils.c
                  LEDGame   0x004080    program     extern C:\Flight\Other Code\QuadMahringer\utils.c
                   ReadEE   0x00413a    program     extern C:\Flight\Other Code\QuadMahringer\utils.c
                  WriteEE   0x00416c    program     extern C:\Flight\Other Code\QuadMahringer\utils.c
         ReadParametersEE   0x0041ec    program     extern C:\Flight\Other Code\QuadMahringer\utils.c
        WriteParametersEE   0x0042da    program     extern C:\Flight\Other Code\QuadMahringer\utils.c
            DoDebugTraces   0x00437c    program     extern C:\Flight\Other Code\QuadMahringer\utils.c
               InitArrays   0x004732    program     extern C:\Flight\Other Code\QuadMahringer\c-ufo.c
       CheckThrottleMoved   0x0047b0    program     extern C:\Flight\Other Code\QuadMahringer\c-ufo.c
                     main   0x0048a0    program     extern C:\Flight\Other Code\QuadMahringer\c-ufo.c
  InitTimersAndInterrupts   0x004ef4    program     extern C:\Flight\Other Code\QuadMahringer\irq.c
          low_isr_handler   0x004f58    program     extern C:\Flight\Other Code\QuadMahringer\irq.c
         high_isr_handler   0x004f6c    program     extern C:\Flight\Other Code\QuadMahringer\irq.c
            DoIntTestLEDS   0x005690    program     extern C:\Flight\Other Code\QuadMahringer\pid.c
                      PID   0x00575a    program     extern C:\Flight\Other Code\QuadMahringer\pid.c
            WriteLISLByte   0x005d08    program     extern C:\Flight\Other Code\QuadMahringer\spi.c
             ReadLISLNext   0x005d58    program     extern C:\Flight\Other Code\QuadMahringer\spi.c
                 ReadLISL   0x005dd2    program     extern C:\Flight\Other Code\QuadMahringer\spi.c
                WriteLISL   0x005e10    program     extern C:\Flight\Other Code\QuadMahringer\spi.c
             IsLISLactive   0x005e3c    program     extern C:\Flight\Other Code\QuadMahringer\spi.c
              ReadLISLXYZ   0x005ec8    program     extern C:\Flight\Other Code\QuadMahringer\spi.c
                 SendLeds   0x005fac    program     extern C:\Flight\Other Code\QuadMahringer\spi.c
                 I2CDelay   0x00600e    program     extern C:\Flight\Other Code\QuadMahringer\i2c.c
             I2CWaitClkHi   0x00601a    program     extern C:\Flight\Other Code\QuadMahringer\i2c.c
                 I2CStart   0x006060    program     extern C:\Flight\Other Code\QuadMahringer\i2c.c
                  I2CStop   0x006084    program     extern C:\Flight\Other Code\QuadMahringer\i2c.c
              SendI2CByte   0x0060a4    program     extern C:\Flight\Other Code\QuadMahringer\i2c.c
              RecvI2CByte   0x00611c    program     extern C:\Flight\Other Code\QuadMahringer\i2c.c
                 FXD1616S   0x0061b0    program     extern C:\MCC18\src\traditional\math\fxd1616s.asm
                  DA1616S   0x0061c2    program     static C:\MCC18\src\traditional\math\fxd1616s.asm
                   D1616S   0x0061d2    program     static C:\MCC18\src\traditional\math\fxd1616s.asm
                 D1616SOK   0x0061dc    program     static C:\MCC18\src\traditional\math\fxd1616s.asm
                D1616SNEG   0x0061e0    program     static C:\MCC18\src\traditional\math\fxd1616s.asm
                  D1616SX   0x0061f2    program     static C:\MCC18\src\traditional\math\fxd1616s.asm
                 FXD3232S   0x0061fc    program     extern C:\MCC18\src\traditional\math\fxd3232s.asm
                  DA3232S   0x006216    program     static C:\MCC18\src\traditional\math\fxd3232s.asm
                   D3232S   0x00622c    program     static C:\MCC18\src\traditional\math\fxd3232s.asm
                 D3232SOK   0x006236    program     static C:\MCC18\src\traditional\math\fxd3232s.asm
                D3232SNEG   0x00623a    program     static C:\MCC18\src\traditional\math\fxd3232s.asm
                  D3232SX   0x00625a    program     static C:\MCC18\src\traditional\math\fxd3232s.asm
                 FXM1616S   0x006264    program     extern C:\MCC18\src\traditional\math\fxm1616s.asm
               TSIGN1616A   0x0062b0    program     static C:\MCC18\src\traditional\math\fxm1616s.asm
                _do_cinit   0x0062be    program     extern C:\MCC18\src\traditional\startup\c018i.c
                     test   0x0062d8    program     static                          
                copy_loop   0x006330    program     static                          
            copy_one_byte   0x006336    program     static                          
             done_copying   0x006344    program     static                          
       ___return_lbl00002   0x00635a    program     static                          
                     done   0x00635a    program     static                          
                OpenUSART   0x00635c    program     extern C:\MCC18\src\pmc_common\USART\uopen.c
                  FXM3232   0x0063e6    program     extern C:\MCC18\src\traditional\math\fxm3232.c
       ___return_lbl00000   0x006454    program     static                          
                  OpenADC   0x006456    program     extern C:\MCC18\src\pmc_common\ADC\adcopen.c
                  islower   0x0064c4    program     extern C:\MCC18\src\traditional\stdclib\islower.asm
                   jMatch   0x0064e4    program     static C:\MCC18\src\traditional\stdclib\islower.asm
                 jNoMatch   0x0064e6    program     static C:\MCC18\src\traditional\stdclib\islower.asm
                  toupper   0x0064e8    program     extern C:\MCC18\src\traditional\stdclib\toupper.asm
                 jNoMatch   0x00650e    program     static C:\MCC18\src\traditional\stdclib\toupper.asm
                 FXD3232U   0x006510    program     extern C:\MCC18\src\traditional\math\fxd3232u.c
                     loop   0x00651e    program     static                          
                   _false   0x006552    program     static                          
       ___return_lbl00000   0x006556    program     static                          
                ReadUSART   0x006558    program     extern C:\MCC18\src\pmc_common\USART\uread.c
               OpenTimer0   0x006596    program     extern C:\MCC18\src\pmc_common\Timers\t0open.c
               OpenTimer2   0x0065ce    program     extern C:\MCC18\src\pmc_common\Timers\t2open.c
             OpenCapture1   0x006604    program     extern C:\MCC18\src\pmc_common\CCP\cp1open.c
               SetChanADC   0x006634    program     extern C:\MCC18\src\pmc_common\ADC\adcsetch.c
[...]
             LowVoltThres   0x0003a3       data     extern C:\Flight\Other Code\QuadMahringer\c-ufo.c
           LinLRIntFactor   0x0003a4       data     extern C:\Flight\Other Code\QuadMahringer\c-ufo.c
           LinFBIntFactor   0x0003a5       data     extern C:\Flight\Other Code\QuadMahringer\c-ufo.c
           LinUDIntFactor   0x0003a6       data     extern C:\Flight\Other Code\QuadMahringer\c-ufo.c
                 MiddleUD   0x0003a7       data     extern C:\Flight\Other Code\QuadMahringer\c-ufo.c
              MotorLowRun   0x0003a8       data     extern C:\Flight\Other Code\QuadMahringer\c-ufo.c
                 MiddleLR   0x0003a9       data     extern C:\Flight\Other Code\QuadMahringer\c-ufo.c
                 MiddleFB   0x0003aa       data     extern C:\Flight\Other Code\QuadMahringer\c-ufo.c
             CamIntFactor   0x0003ab       data     extern C:\Flight\Other Code\QuadMahringer\c-ufo.c
            CompassFactor   0x0003ac       data     extern C:\Flight\Other Code\QuadMahringer\c-ufo.c
         BaroThrottleDiff   0x0003ad       data     extern C:\Flight\Other Code\QuadMahringer\c-ufo.c
                 RecFlags   0x0003ae       data     extern C:\Flight\Other Code\QuadMahringer\irq.c
                    NewK1   0x0003af       data     extern C:\Flight\Other Code\QuadMahringer\irq.c
                    NewK2   0x0003b1       data     extern C:\Flight\Other Code\QuadMahringer\irq.c
                    NewK3   0x0003b3       data     extern C:\Flight\Other Code\QuadMahringer\irq.c
                    NewK4   0x0003b5       data     extern C:\Flight\Other Code\QuadMahringer\irq.c
                    NewK5   0x0003b7       data     extern C:\Flight\Other Code\QuadMahringer\irq.c
                    NewK6   0x0003b9       data     extern C:\Flight\Other Code\QuadMahringer\irq.c
                    NewK7   0x0003bb       data     extern C:\Flight\Other Code\QuadMahringer\irq.c
                  NewRoll   0x0003bd       data     extern C:\Flight\Other Code\QuadMahringer\irq.c
                 NewPitch   0x0003bf       data     extern C:\Flight\Other Code\QuadMahringer\irq.c
                   NewYaw   0x0003c1       data     extern C:\Flight\Other Code\QuadMahringer\irq.c
              NewThrottle   0x0003c3       data     extern C:\Flight\Other Code\QuadMahringer\irq.c
                    PORTA   0x000f80       data     extern C:\MCC18\src\traditional\proc\p18F2520.asm
                PORTAbits   0x000f80       data     extern C:\MCC18\src\traditional\proc\p18F2520.asm
                    PORTB   0x000f81       data     extern C:\MCC18\src\traditional\proc\p18F2520.asm
                PORTBbits   0x000f81       data     extern C:\MCC18\src\traditional\proc\p18F2520.asm
                PORTCbits   0x000f82       data     extern C:\MCC18\src\traditional\proc\p18F2520.asm
                    PORTC   0x000f82       data     extern C:\MCC18\src\traditional\proc\p18F2520.asm
                PORTEbits   0x000f84       data     extern C:\MCC18\src\traditional\proc\p18F2520.asm
                    PORTE   0x000f84       data     extern C:\MCC18\src\traditional\proc\p18F2520.asm
                 LATAbits   0x000f89       data     extern C:\MCC18\src\traditional\proc\p18F2520.asm
                     LATA   0x000f89       data     extern C:\MCC18\src\traditional\proc\p18F2520.asm
                     LATB   0x000f8a       data     extern C:\MCC18\src\traditional\proc\p18F2520.asm
                 LATBbits   0x000f8a       data     extern C:\MCC18\src\traditional\proc\p18F2520.asm
                     LATC   0x000f8b       data     extern C:\MCC18\src\traditional\proc\p18F2520.asm
                 LATCbits   0x000f8b       data     extern C:\MCC18\src\traditional\proc\p18F2520.asm
                    TRISA   0x000f92       data     extern C:\MCC18\src\traditional\proc\p18F2520.asm
                TRISAbits   0x000f92       data     extern C:\MCC18\src\traditional\proc\p18F2520.asm
                     DDRA   0x000f92       data     extern C:\MCC18\src\traditional\proc\p18F2520.asm
                 DDRAbits   0x000f92       data     extern C:\MCC18\src\traditional\proc\p18F2520.asm
                    TRISB   0x000f93       data     extern C:\MCC18\src\traditional\proc\p18F2520.asm
                TRISBbits   0x000f93       data     extern C:\MCC18\src\traditional\proc\p18F2520.asm
                     DDRB   0x000f93       data     extern C:\MCC18\src\traditional\proc\p18F2520.asm
                 DDRBbits   0x000f93       data     extern C:\MCC18\src\traditional\proc\p18F2520.asm
                    TRISC   0x000f94       data     extern C:\MCC18\src\traditional\proc\p18F2520.asm
                TRISCbits   0x000f94       data     extern C:\MCC18\src\traditional\proc\p18F2520.asm
                     DDRC   0x000f94       data     extern C:\MCC18\src\traditional\proc\p18F2520.asm
                 DDRCbits   0x000f94       data     extern C:\MCC18\src\traditional\proc\p18F2520.asm
              OSCTUNEbits   0x000f9b       data     extern C:\MCC18\src\traditional\proc\p18F2520.asm
                  OSCTUNE   0x000f9b       data     extern C:\MCC18\src\traditional\proc\p18F2520.asm
                 PIE1bits   0x000f9d       data     extern C:\MCC18\src\traditional\proc\p18F2520.asm
                     PIE1   0x000f9d       data     extern C:\MCC18\src\traditional\proc\p18F2520.asm
                     PIR1   0x000f9e       data     extern C:\MCC18\src\traditional\proc\p18F2520.asm
                 PIR1bits   0x000f9e       data     extern C:\MCC18\src\traditional\proc\p18F2520.asm
                 IPR1bits   0x000f9f       data     extern C:\MCC18\src\traditional\proc\p18F2520.asm
                     IPR1   0x000f9f       data     extern C:\MCC18\src\traditional\proc\p18F2520.asm
                     PIE2   0x000fa0       data     extern C:\MCC18\src\traditional\proc\p18F2520.asm
                 PIE2bits   0x000fa0       data     extern C:\MCC18\src\traditional\proc\p18F2520.asm
                     PIR2   0x000fa1       data     extern C:\MCC18\src\traditional\proc\p18F2520.asm
                 PIR2bits   0x000fa1       data     extern C:\MCC18\src\traditional\proc\p18F2520.asm
                     IPR2   0x000fa2       data     extern C:\MCC18\src\traditional\proc\p18F2520.asm
                 IPR2bits   0x000fa2       data     extern C:\MCC18\src\traditional\proc\p18F2520.asm
               EECON1bits   0x000fa6       data     extern C:\MCC18\src\traditional\proc\p18F2520.asm
                   EECON1   0x000fa6       data     extern C:\MCC18\src\traditional\proc\p18F2520.asm
                   EECON2   0x000fa7       data     extern C:\MCC18\src\traditional\proc\p18F2520.asm
                   EEDATA   0x000fa8       data     extern C:\MCC18\src\traditional\proc\p18F2520.asm
                    EEADR   0x000fa9       data     extern C:\MCC18\src\traditional\proc\p18F2520.asm
                    RCSTA   0x000fab       data     extern C:\MCC18\src\traditional\proc\p18F2520.asm
                RCSTAbits   0x000fab       data     extern C:\MCC18\src\traditional\proc\p18F2520.asm
                TXSTAbits   0x000fac       data     extern C:\MCC18\src\traditional\proc\p18F2520.asm
                    TXSTA   0x000fac       data     extern C:\MCC18\src\traditional\proc\p18F2520.asm
                    TXREG   0x000fad       data     extern C:\MCC18\src\traditional\proc\p18F2520.asm
                    RCREG   0x000fae       data     extern C:\MCC18\src\traditional\proc\p18F2520.asm
                    SPBRG   0x000faf       data     extern C:\MCC18\src\traditional\proc\p18F2520.asm
                   SPBRGH   0x000fb0       data     extern C:\MCC18\src\traditional\proc\p18F2520.asm
                T3CONbits   0x000fb1       data     extern C:\MCC18\src\traditional\proc\p18F2520.asm
                    T3CON   0x000fb1       data     extern C:\MCC18\src\traditional\proc\p18F2520.asm
                    TMR3L   0x000fb2       data     extern C:\MCC18\src\traditional\proc\p18F2520.asm
                    TMR3H   0x000fb3       data     extern C:\MCC18\src\traditional\proc\p18F2520.asm
                CMCONbits   0x000fb4       data     extern C:\MCC18\src\traditional\proc\p18F2520.asm
                    CMCON   0x000fb4       data     extern C:\MCC18\src\traditional\proc\p18F2520.asm
                   CVRCON   0x000fb5       data     extern C:\MCC18\src\traditional\proc\p18F2520.asm
               CVRCONbits   0x000fb5       data     extern C:\MCC18\src\traditional\proc\p18F2520.asm
                  ECCP1AS   0x000fb6       data     extern C:\MCC18\src\traditional\proc\p18F2520.asm
              ECCP1ASbits   0x000fb6       data     extern C:\MCC18\src\traditional\proc\p18F2520.asm
              PWM1CONbits   0x000fb7       data     extern C:\MCC18\src\traditional\proc\p18F2520.asm
                  PWM1CON   0x000fb7       data     extern C:\MCC18\src\traditional\proc\p18F2520.asm
              BAUDCONbits   0x000fb8       data     extern C:\MCC18\src\traditional\proc\p18F2520.asm
                  BAUDCON   0x000fb8       data     extern C:\MCC18\src\traditional\proc\p18F2520.asm
                  BAUDCTL   0x000fb8       data     extern C:\MCC18\src\traditional\proc\p18F2520.asm
              BAUDCTLbits   0x000fb8       data     extern C:\MCC18\src\traditional\proc\p18F2520.asm
                  CCP2CON   0x000fba       data     extern C:\MCC18\src\traditional\proc\p18F2520.asm
              CCP2CONbits   0x000fba       data     extern C:\MCC18\src\traditional\proc\p18F2520.asm
                   CCPR2L   0x000fbb       data     extern C:\MCC18\src\traditional\proc\p18F2520.asm
                    CCPR2   0x000fbb       data     extern C:\MCC18\src\traditional\proc\p18F2520.asm
                   CCPR2H   0x000fbc       data     extern C:\MCC18\src\traditional\proc\p18F2520.asm
                  CCP1CON   0x000fbd       data     extern C:\MCC18\src\traditional\proc\p18F2520.asm
              CCP1CONbits   0x000fbd       data     extern C:\MCC18\src\traditional\proc\p18F2520.asm
                   CCPR1L   0x000fbe       data     extern C:\MCC18\src\traditional\proc\p18F2520.asm
                    CCPR1   0x000fbe       data     extern C:\MCC18\src\traditional\proc\p18F2520.asm
                   CCPR1H   0x000fbf       data     extern C:\MCC18\src\traditional\proc\p18F2520.asm
                   ADCON2   0x000fc0       data     extern C:\MCC18\src\traditional\proc\p18F2520.asm
               ADCON2bits   0x000fc0       data     extern C:\MCC18\src\traditional\proc\p18F2520.asm
                   ADCON1   0x000fc1       data     extern C:\MCC18\src\traditional\proc\p18F2520.asm
               ADCON1bits   0x000fc1       data     extern C:\MCC18\src\traditional\proc\p18F2520.asm
                   ADCON0   0x000fc2       data     extern C:\MCC18\src\traditional\proc\p18F2520.asm
               ADCON0bits   0x000fc2       data     extern C:\MCC18\src\traditional\proc\p18F2520.asm
                    ADRES   0x000fc3       data     extern C:\MCC18\src\traditional\proc\p18F2520.asm
                   ADRESL   0x000fc3       data     extern C:\MCC18\src\traditional\proc\p18F2520.asm
                   ADRESH   0x000fc4       data     extern C:\MCC18\src\traditional\proc\p18F2520.asm
                  SSPCON2   0x000fc5       data     extern C:\MCC18\src\traditional\proc\p18F2520.asm
              SSPCON2bits   0x000fc5       data     extern C:\MCC18\src\traditional\proc\p18F2520.asm
                  SSPCON1   0x000fc6       data     extern C:\MCC18\src\traditional\proc\p18F2520.asm
              SSPCON1bits   0x000fc6       data     extern C:\MCC18\src\traditional\proc\p18F2520.asm
                  SSPSTAT   0x000fc7       data     extern C:\MCC18\src\traditional\proc\p18F2520.asm
              SSPSTATbits   0x000fc7       data     extern C:\MCC18\src\traditional\proc\p18F2520.asm
                   SSPADD   0x000fc8       data     extern C:\MCC18\src\traditional\proc\p18F2520.asm
                   SSPBUF   0x000fc9       data     extern C:\MCC18\src\traditional\proc\p18F2520.asm
                T2CONbits   0x000fca       data     extern C:\MCC18\src\traditional\proc\p18F2520.asm
                    T2CON   0x000fca       data     extern C:\MCC18\src\traditional\proc\p18F2520.asm
                      PR2   0x000fcb       data     extern C:\MCC18\src\traditional\proc\p18F2520.asm
                     TMR2   0x000fcc       data     extern C:\MCC18\src\traditional\proc\p18F2520.asm
                T1CONbits   0x000fcd       data     extern C:\MCC18\src\traditional\proc\p18F2520.asm
                    T1CON   0x000fcd       data     extern C:\MCC18\src\traditional\proc\p18F2520.asm
                    TMR1L   0x000fce       data     extern C:\MCC18\src\traditional\proc\p18F2520.asm
                    TMR1H   0x000fcf       data     extern C:\MCC18\src\traditional\proc\p18F2520.asm
                 RCONbits   0x000fd0       data     extern C:\MCC18\src\traditional\proc\p18F2520.asm
                     RCON   0x000fd0       data     extern C:\MCC18\src\traditional\proc\p18F2520.asm
                   WDTCON   0x000fd1       data     extern C:\MCC18\src\traditional\proc\p18F2520.asm
               WDTCONbits   0x000fd1       data     extern C:\MCC18\src\traditional\proc\p18F2520.asm
                  HLVDCON   0x000fd2       data     extern C:\MCC18\src\traditional\proc\p18F2520.asm
              HLVDCONbits   0x000fd2       data     extern C:\MCC18\src\traditional\proc\p18F2520.asm
                   LVDCON   0x000fd2       data     extern C:\MCC18\src\traditional\proc\p18F2520.asm
               LVDCONbits   0x000fd2       data     extern C:\MCC18\src\traditional\proc\p18F2520.asm
                   OSCCON   0x000fd3       data     extern C:\MCC18\src\traditional\proc\p18F2520.asm
               OSCCONbits   0x000fd3       data     extern C:\MCC18\src\traditional\proc\p18F2520.asm
                    T0CON   0x000fd5       data     extern C:\MCC18\src\traditional\proc\p18F2520.asm
                T0CONbits   0x000fd5       data     extern C:\MCC18\src\traditional\proc\p18F2520.asm
                    TMR0L   0x000fd6       data     extern C:\MCC18\src\traditional\proc\p18F2520.asm
                    TMR0H   0x000fd7       data     extern C:\MCC18\src\traditional\proc\p18F2520.asm
               STATUSbits   0x000fd8       data     extern C:\MCC18\src\traditional\proc\p18F2520.asm
                   STATUS   0x000fd8       data     extern C:\MCC18\src\traditional\proc\p18F2520.asm
                    FSR2L   0x000fd9       data     extern C:\MCC18\src\traditional\proc\p18F2520.asm
                     FSR2   0x000fd9       data     extern C:\MCC18\src\traditional\proc\p18F2520.asm
                    FSR2H   0x000fda       data     extern C:\MCC18\src\traditional\proc\p18F2520.asm
                   PLUSW2   0x000fdb       data     extern C:\MCC18\src\traditional\proc\p18F2520.asm
                  PREINC2   0x000fdc       data     extern C:\MCC18\src\traditional\proc\p18F2520.asm
                 POSTDEC2   0x000fdd       data     extern C:\MCC18\src\traditional\proc\p18F2520.asm
                 POSTINC2   0x000fde       data     extern C:\MCC18\src\traditional\proc\p18F2520.asm
                    INDF2   0x000fdf       data     extern C:\MCC18\src\traditional\proc\p18F2520.asm
                      BSR   0x000fe0       data     extern C:\MCC18\src\traditional\proc\p18F2520.asm
                    FSR1L   0x000fe1       data     extern C:\MCC18\src\traditional\proc\p18F2520.asm
                     FSR1   0x000fe1       data     extern C:\MCC18\src\traditional\proc\p18F2520.asm
                    FSR1H   0x000fe2       data     extern C:\MCC18\src\traditional\proc\p18F2520.asm
                   PLUSW1   0x000fe3       data     extern C:\MCC18\src\traditional\proc\p18F2520.asm
                  PREINC1   0x000fe4       data     extern C:\MCC18\src\traditional\proc\p18F2520.asm
                 POSTDEC1   0x000fe5       data     extern C:\MCC18\src\traditional\proc\p18F2520.asm
                 POSTINC1   0x000fe6       data     extern C:\MCC18\src\traditional\proc\p18F2520.asm
                    INDF1   0x000fe7       data     extern C:\MCC18\src\traditional\proc\p18F2520.asm
                        W   0x000fe8       data     extern C:\MCC18\src\traditional\proc\p18F2520.asm
                     WREG   0x000fe8       data     extern C:\MCC18\src\traditional\proc\p18F2520.asm
                    FSR0L   0x000fe9       data     extern C:\MCC18\src\traditional\proc\p18F2520.asm
                     FSR0   0x000fe9       data     extern C:\MCC18\src\traditional\proc\p18F2520.asm
                    FSR0H   0x000fea       data     extern C:\MCC18\src\traditional\proc\p18F2520.asm
                   PLUSW0   0x000feb       data     extern C:\MCC18\src\traditional\proc\p18F2520.asm
                  PREINC0   0x000fec       data     extern C:\MCC18\src\traditional\proc\p18F2520.asm
                 POSTDEC0   0x000fed       data     extern C:\MCC18\src\traditional\proc\p18F2520.asm
                 POSTINC0   0x000fee       data     extern C:\MCC18\src\traditional\proc\p18F2520.asm
                    INDF0   0x000fef       data     extern C:\MCC18\src\traditional\proc\p18F2520.asm
              INTCON3bits   0x000ff0       data     extern C:\MCC18\src\traditional\proc\p18F2520.asm
                  INTCON3   0x000ff0       data     extern C:\MCC18\src\traditional\proc\p18F2520.asm
                  INTCON2   0x000ff1       data     extern C:\MCC18\src\traditional\proc\p18F2520.asm
              INTCON2bits   0x000ff1       data     extern C:\MCC18\src\traditional\proc\p18F2520.asm
                   INTCON   0x000ff2       data     extern C:\MCC18\src\traditional\proc\p18F2520.asm
               INTCONbits   0x000ff2       data     extern C:\MCC18\src\traditional\proc\p18F2520.asm
                     PROD   0x000ff3       data     extern C:\MCC18\src\traditional\proc\p18F2520.asm
                    PRODL   0x000ff3       data     extern C:\MCC18\src\traditional\proc\p18F2520.asm
                    PRODH   0x000ff4       data     extern C:\MCC18\src\traditional\proc\p18F2520.asm
                   TABLAT   0x000ff5       data     extern C:\MCC18\src\traditional\proc\p18F2520.asm
                   TBLPTR   0x000ff6       data     extern C:\MCC18\src\traditional\proc\p18F2520.asm
                  TBLPTRL   0x000ff6       data     extern C:\MCC18\src\traditional\proc\p18F2520.asm
                  TBLPTRH   0x000ff7       data     extern C:\MCC18\src\traditional\proc\p18F2520.asm
                  TBLPTRU   0x000ff8       data     extern C:\MCC18\src\traditional\proc\p18F2520.asm
                       PC   0x000ff9       data     extern C:\MCC18\src\traditional\proc\p18F2520.asm
                      PCL   0x000ff9       data     extern C:\MCC18\src\traditional\proc\p18F2520.asm
                   PCLATH   0x000ffa       data     extern C:\MCC18\src\traditional\proc\p18F2520.asm
                   PCLATU   0x000ffb       data     extern C:\MCC18\src\traditional\proc\p18F2520.asm
                   STKPTR   0x000ffc       data     extern C:\MCC18\src\traditional\proc\p18F2520.asm
               STKPTRbits   0x000ffc       data     extern C:\MCC18\src\traditional\proc\p18F2520.asm
                     TOSL   0x000ffd       data     extern C:\MCC18\src\traditional\proc\p18F2520.asm
                      TOS   0x000ffd       data     extern C:\MCC18\src\traditional\proc\p18F2520.asm
                     TOSH   0x000ffe       data     extern C:\MCC18\src\traditional\proc\p18F2520.asm
                     TOSU   0x000fff       data     extern C:\MCC18\src\traditional\proc\p18F2520.asm


