Starting makeall uavp 
C:\Flight\Code\UAVX-GKE\stats.c:79:Warning [2054] suspicious pointer conversion
C:\Flight\Code\UAVX-GKE\stats.c:83:Warning [2054] suspicious pointer conversion
C:\Flight\Code\UAVX-GKE\stats.c:86:Warning [2054] suspicious pointer conversion
C:\Flight\Code\UAVX-GKE\stats.c:87:Warning [2054] suspicious pointer conversion
C:\Flight\Code\UAVX-GKE\stats.c:88:Warning [2054] suspicious pointer conversion
C:\Flight\Code\UAVX-GKE\stats.c:89:Warning [2054] suspicious pointer conversion
C:\Flight\Code\UAVX-GKE\stats.c:90:Warning [2054] suspicious pointer conversion
C:\Flight\Code\UAVX-GKE\stats.c:91:Warning [2054] suspicious pointer conversion
C:\Flight\Code\UAVX-GKE\stats.c:92:Warning [2054] suspicious pointer conversion
C:\Flight\Code\UAVX-GKE\stats.c:95:Warning [2054] suspicious pointer conversion
C:\Flight\Code\UAVX-GKE\stats.c:97:Warning [2054] suspicious pointer conversion
C:\Flight\Code\UAVX-GKE\stats.c:98:Warning [2054] suspicious pointer conversion
C:\Flight\Code\UAVX-GKE\stats.c:100:Warning [2054] suspicious pointer conversion
C:\Flight\Code\UAVX-GKE\stats.c:101:Warning [2054] suspicious pointer conversion
C:\Flight\Code\UAVX-GKE\stats.c:101:Warning [2054] suspicious pointer conversion
C:\Flight\Code\UAVX-GKE\stats.c:104:Warning [2054] suspicious pointer conversion
C:\Flight\Code\UAVX-GKE\stats.c:105:Warning [2054] suspicious pointer conversion
C:\Flight\Code\UAVX-GKE\stats.c:110:Warning [2054] suspicious pointer conversion
C:\Flight\Code\UAVX-GKE\stats.c:111:Warning [2054] suspicious pointer conversion
C:\Flight\Code\UAVX-GKE\stats.c:114:Warning [2054] suspicious pointer conversion
C:\Flight\Code\UAVX-GKE\stats.c:115:Warning [2054] suspicious pointer conversion
C:\Flight\Code\UAVX-GKE\stats.c:115:Warning [2054] suspicious pointer conversion
C:\Flight\Code\UAVX-GKE\stats.c:117:Warning [2054] suspicious pointer conversion
C:\Flight\Code\UAVX-GKE\stats.c:117:Warning [2054] suspicious pointer conversion
C:\Flight\Code\UAVX-GKE\stats.c:122:Warning [2054] suspicious pointer conversion
C:\Flight\Code\UAVX-GKE\stats.c:128:Warning [2054] suspicious pointer conversion
C:\Flight\Code\UAVX-GKE\stats.c:133:Warning [2054] suspicious pointer conversion
C:\Flight\Code\UAVX-GKE\stats.c:135:Warning [2054] suspicious pointer conversion
C:\Flight\Code\UAVX-GKE\params.c:187:Warning [2054] suspicious pointer conversion
C:\Flight\Code\UAVX-GKE\params.c:188:Warning [2054] suspicious pointer conversion
C:\Flight\Code\UAVX-GKE\accel.c:57:Warning [2054] suspicious pointer conversion
C:\Flight\Code\UAVX-GKE\accel.c:60:Warning [2054] suspicious pointer conversion
C:\Flight\Code\UAVX-GKE\accel.c:63:Warning [2054] suspicious pointer conversion
C:\Flight\Code\UAVX-GKE\accel.c:220:Warning [2054] suspicious pointer conversion
C:\Flight\Code\UAVX-GKE\irq.c:260:Message [3004] comparison of a signed integer to an unsigned integer detected
C:\Flight\Code\UAVX-GKE\menu.c:76:Warning [2054] suspicious pointer conversion
C:\Flight\Code\UAVX-GKE\menu.c:83:Warning [2054] suspicious pointer conversion
C:\Flight\Code\UAVX-GKE\menu.c:85:Warning [2054] suspicious pointer conversion
C:\Flight\Code\UAVX-GKE\menu.c:87:Warning [2054] suspicious pointer conversion
C:\Flight\Code\UAVX-GKE\menu.c:105:Warning [2054] suspicious pointer conversion
C:\Flight\Code\UAVX-GKE\menu.c:110:Warning [2054] suspicious pointer conversion
C:\Flight\Code\UAVX-GKE\menu.c:112:Warning [2054] suspicious pointer conversion
C:\Flight\Code\UAVX-GKE\menu.c:113:Warning [2054] suspicious pointer conversion
C:\Flight\Code\UAVX-GKE\menu.c:114:Warning [2054] suspicious pointer conversion
C:\Flight\Code\UAVX-GKE\menu.c:115:Warning [2054] suspicious pointer conversion
C:\Flight\Code\UAVX-GKE\menu.c:116:Warning [2054] suspicious pointer conversion
C:\Flight\Code\UAVX-GKE\menu.c:117:Warning [2054] suspicious pointer conversion
C:\Flight\Code\UAVX-GKE\menu.c:118:Warning [2054] suspicious pointer conversion
C:\Flight\Code\UAVX-GKE\menu.c:119:Warning [2054] suspicious pointer conversion
C:\Flight\Code\UAVX-GKE\menu.c:125:Warning [2054] suspicious pointer conversion
C:\Flight\Code\UAVX-GKE\menu.c:127:Warning [2054] suspicious pointer conversion
C:\Flight\Code\UAVX-GKE\menu.c:130:Warning [2054] suspicious pointer conversion
C:\Flight\Code\UAVX-GKE\menu.c:134:Warning [2054] suspicious pointer conversion
C:\Flight\Code\UAVX-GKE\menu.c:136:Warning [2054] suspicious pointer conversion
C:\Flight\Code\UAVX-GKE\menu.c:139:Warning [2054] suspicious pointer conversion
C:\Flight\Code\UAVX-GKE\menu.c:142:Warning [2054] suspicious pointer conversion
C:\Flight\Code\UAVX-GKE\menu.c:144:Warning [2054] suspicious pointer conversion
C:\Flight\Code\UAVX-GKE\menu.c:146:Warning [2054] suspicious pointer conversion
C:\Flight\Code\UAVX-GKE\menu.c:150:Warning [2054] suspicious pointer conversion
C:\Flight\Code\UAVX-GKE\menu.c:152:Warning [2054] suspicious pointer conversion
C:\Flight\Code\UAVX-GKE\menu.c:153:Warning [2054] suspicious pointer conversion
C:\Flight\Code\UAVX-GKE\menu.c:154:Warning [2054] suspicious pointer conversion
C:\Flight\Code\UAVX-GKE\menu.c:155:Warning [2054] suspicious pointer conversion
C:\Flight\Code\UAVX-GKE\menu.c:156:Warning [2054] suspicious pointer conversion
C:\Flight\Code\UAVX-GKE\menu.c:163:Warning [2054] suspicious pointer conversion
C:\Flight\Code\UAVX-GKE\menu.c:165:Warning [2054] suspicious pointer conversion
C:\Flight\Code\UAVX-GKE\menu.c:166:Warning [2054] suspicious pointer conversion
C:\Flight\Code\UAVX-GKE\menu.c:176:Warning [2054] suspicious pointer conversion
C:\Flight\Code\UAVX-GKE\menu.c:179:Warning [2054] suspicious pointer conversion
C:\Flight\Code\UAVX-GKE\menu.c:180:Warning [2054] suspicious pointer conversion
C:\Flight\Code\UAVX-GKE\menu.c:181:Warning [2054] suspicious pointer conversion
C:\Flight\Code\UAVX-GKE\menu.c:182:Warning [2054] suspicious pointer conversion
C:\Flight\Code\UAVX-GKE\menu.c:183:Warning [2054] suspicious pointer conversion
C:\Flight\Code\UAVX-GKE\menu.c:184:Warning [2054] suspicious pointer conversion
C:\Flight\Code\UAVX-GKE\menu.c:185:Warning [2054] suspicious pointer conversion
C:\Flight\Code\UAVX-GKE\menu.c:186:Warning [2054] suspicious pointer conversion
C:\Flight\Code\UAVX-GKE\menu.c:187:Warning [2054] suspicious pointer conversion
C:\Flight\Code\UAVX-GKE\menu.c:188:Warning [2054] suspicious pointer conversion
C:\Flight\Code\UAVX-GKE\menu.c:189:Warning [2054] suspicious pointer conversion
C:\Flight\Code\UAVX-GKE\menu.c:190:Warning [2054] suspicious pointer conversion
C:\Flight\Code\UAVX-GKE\menu.c:191:Warning [2054] suspicious pointer conversion
C:\Flight\Code\UAVX-GKE\menu.c:192:Warning [2054] suspicious pointer conversion
C:\Flight\Code\UAVX-GKE\menu.c:193:Warning [2054] suspicious pointer conversion
C:\Flight\Code\UAVX-GKE\menu.c:194:Warning [2054] suspicious pointer conversion
C:\Flight\Code\UAVX-GKE\menu.c:195:Warning [2054] suspicious pointer conversion
C:\Flight\Code\UAVX-GKE\menu.c:196:Warning [2054] suspicious pointer conversion
C:\Flight\Code\UAVX-GKE\menu.c:210:Warning [2054] suspicious pointer conversion
C:\Flight\Code\UAVX-GKE\menu.c:220:Warning [2054] suspicious pointer conversion
C:\Flight\Code\UAVX-GKE\menu.c:222:Warning [2054] suspicious pointer conversion
C:\Flight\Code\UAVX-GKE\menu.c:224:Warning [2054] suspicious pointer conversion
C:\Flight\Code\UAVX-GKE\menu.c:227:Warning [2054] suspicious pointer conversion
C:\Flight\Code\UAVX-GKE\menu.c:231:Warning [2054] suspicious pointer conversion
C:\Flight\Code\UAVX-GKE\menu.c:233:Warning [2054] suspicious pointer conversion
C:\Flight\Code\UAVX-GKE\menu.c:235:Warning [2054] suspicious pointer conversion
C:\Flight\Code\UAVX-GKE\menu.c:238:Warning [2054] suspicious pointer conversion
C:\Flight\Code\UAVX-GKE\menu.c:240:Warning [2054] suspicious pointer conversion
C:\Flight\Code\UAVX-GKE\menu.c:243:Warning [2054] suspicious pointer conversion
C:\Flight\Code\UAVX-GKE\menu.c:245:Warning [2054] suspicious pointer conversion
C:\Flight\Code\UAVX-GKE\menu.c:247:Warning [2054] suspicious pointer conversion
C:\Flight\Code\UAVX-GKE\menu.c:249:Warning [2054] suspicious pointer conversion
C:\Flight\Code\UAVX-GKE\menu.c:251:Warning [2054] suspicious pointer conversion
C:\Flight\Code\UAVX-GKE\menu.c:257:Warning [2054] suspicious pointer conversion
C:\Flight\Code\UAVX-GKE\menu.c:260:Warning [2054] suspicious pointer conversion
C:\Flight\Code\UAVX-GKE\menu.c:262:Warning [2054] suspicious pointer conversion
C:\Flight\Code\UAVX-GKE\menu.c:265:Warning [2054] suspicious pointer conversion
C:\Flight\Code\UAVX-GKE\menu.c:268:Warning [2054] suspicious pointer conversion
C:\Flight\Code\UAVX-GKE\menu.c:271:Warning [2054] suspicious pointer conversion
C:\Flight\Code\UAVX-GKE\menu.c:274:Warning [2054] suspicious pointer conversion
C:\Flight\Code\UAVX-GKE\menu.c:277:Warning [2054] suspicious pointer conversion
C:\Flight\Code\UAVX-GKE\menu.c:279:Warning [2054] suspicious pointer conversion
C:\Flight\Code\UAVX-GKE\menu.c:282:Warning [2054] suspicious pointer conversion
C:\Flight\Code\UAVX-GKE\menu.c:285:Warning [2054] suspicious pointer conversion
C:\Flight\Code\UAVX-GKE\menu.c:302:Warning [2058] call of function without prototype
C:\Flight\Code\UAVX-GKE\menu.c:303:Warning [2058] call of function without prototype
C:\Flight\Code\UAVX-GKE\menu.c:317:Warning [2054] suspicious pointer conversion
C:\Flight\Code\UAVX-GKE\menu.c:322:Warning [2054] suspicious pointer conversion
C:\Flight\Code\UAVX-GKE\menu.c:324:Warning [2054] suspicious pointer conversion
C:\Flight\Code\UAVX-GKE\menu.c:332:Warning [2054] suspicious pointer conversion
C:\Flight\Code\UAVX-GKE\menu.c:341:Warning [2054] suspicious pointer conversion
C:\Flight\Code\UAVX-GKE\menu.c:364:Warning [2054] suspicious pointer conversion
C:\Flight\Code\UAVX-GKE\menu.c:367:Warning [2054] suspicious pointer conversion
C:\Flight\Code\UAVX-GKE\menu.c:370:Warning [2054] suspicious pointer conversion
C:\Flight\Code\UAVX-GKE\menu.c:388:Warning [2054] suspicious pointer conversion
C:\Flight\Code\UAVX-GKE\menu.c:389:Warning [2054] suspicious pointer conversion
C:\Flight\Code\UAVX-GKE\menu.c:390:Warning [2054] suspicious pointer conversion
C:\Flight\Code\UAVX-GKE\menu.c:391:Warning [2054] suspicious pointer conversion
C:\Flight\Code\UAVX-GKE\menu.c:392:Warning [2054] suspicious pointer conversion
C:\Flight\Code\UAVX-GKE\menu.c:393:Warning [2054] suspicious pointer conversion
C:\Flight\Code\UAVX-GKE\menu.c:394:Warning [2054] suspicious pointer conversion
C:\Flight\Code\UAVX-GKE\compass.c:184:Warning [2054] suspicious pointer conversion
C:\Flight\Code\UAVX-GKE\baro.c:570:Warning [2054] suspicious pointer conversion
C:\Flight\Code\UAVX-GKE\baro.c:571:Warning [2054] suspicious pointer conversion
C:\Flight\Code\UAVX-GKE\baro.c:572:Warning [2054] suspicious pointer conversion
C:\Flight\Code\UAVX-GKE\baro.c:573:Warning [2054] suspicious pointer conversion
C:\Flight\Code\UAVX-GKE\gyro.c:147:Warning [2054] suspicious pointer conversion
C:\Flight\Code\UAVX-GKE\gyro.c:150:Warning [2054] suspicious pointer conversion
C:\Flight\Code\UAVX-GKE\gyro.c:153:Warning [2054] suspicious pointer conversion
C:\Flight\Code\UAVX-GKE\gyro.c:156:Warning [2054] suspicious pointer conversion
C:\Flight\Code\UAVX-GKE\gyro.c:159:Warning [2054] suspicious pointer conversion
C:\Flight\Code\UAVX-GKE\gyro.c:162:Warning [2054] suspicious pointer conversion
C:\Flight\Code\UAVX-GKE\gyro.c:165:Warning [2054] suspicious pointer conversion
C:\Flight\Code\UAVX-GKE\gyro.c:168:Warning [2054] suspicious pointer conversion
C:\Flight\Code\UAVX-GKE\gyro.c:171:Warning [2054] suspicious pointer conversion
C:\Flight\Code\UAVX-GKE\tests.c:187:Warning [2054] suspicious pointer conversion
C:\Flight\Code\UAVX-GKE\tests.c:191:Warning [2054] suspicious pointer conversion
C:\Flight\Code\UAVX-GKE\tests.c:193:Warning [2054] suspicious pointer conversion
MPLINK 4.37, Linker
Copyright (c) 1998-2010 Microchip Technology Inc.
Errors    : 0

MP2HEX 4.37, COFF to HEX File Converter
Copyright (c) 1998-2010 Microchip Technology Inc.
Errors    : 0

C:\Flight\Code\UAVX-GKE\stats.c:79:Warning [2054] suspicious pointer conversion
C:\Flight\Code\UAVX-GKE\stats.c:83:Warning [2054] suspicious pointer conversion
C:\Flight\Code\UAVX-GKE\stats.c:86:Warning [2054] suspicious pointer conversion
C:\Flight\Code\UAVX-GKE\stats.c:87:Warning [2054] suspicious pointer conversion
C:\Flight\Code\UAVX-GKE\stats.c:88:Warning [2054] suspicious pointer conversion
C:\Flight\Code\UAVX-GKE\stats.c:89:Warning [2054] suspicious pointer conversion
C:\Flight\Code\UAVX-GKE\stats.c:90:Warning [2054] suspicious pointer conversion
C:\Flight\Code\UAVX-GKE\stats.c:91:Warning [2054] suspicious pointer conversion
C:\Flight\Code\UAVX-GKE\stats.c:92:Warning [2054] suspicious pointer conversion
C:\Flight\Code\UAVX-GKE\stats.c:95:Warning [2054] suspicious pointer conversion
C:\Flight\Code\UAVX-GKE\stats.c:97:Warning [2054] suspicious pointer conversion
C:\Flight\Code\UAVX-GKE\stats.c:98:Warning [2054] suspicious pointer conversion
C:\Flight\Code\UAVX-GKE\stats.c:100:Warning [2054] suspicious pointer conversion
C:\Flight\Code\UAVX-GKE\stats.c:101:Warning [2054] suspicious pointer conversion
C:\Flight\Code\UAVX-GKE\stats.c:101:Warning [2054] suspicious pointer conversion
C:\Flight\Code\UAVX-GKE\stats.c:104:Warning [2054] suspicious pointer conversion
C:\Flight\Code\UAVX-GKE\stats.c:105:Warning [2054] suspicious pointer conversion
C:\Flight\Code\UAVX-GKE\stats.c:110:Warning [2054] suspicious pointer conversion
C:\Flight\Code\UAVX-GKE\stats.c:111:Warning [2054] suspicious pointer conversion
C:\Flight\Code\UAVX-GKE\stats.c:114:Warning [2054] suspicious pointer conversion
C:\Flight\Code\UAVX-GKE\stats.c:115:Warning [2054] suspicious pointer conversion
C:\Flight\Code\UAVX-GKE\stats.c:115:Warning [2054] suspicious pointer conversion
C:\Flight\Code\UAVX-GKE\stats.c:117:Warning [2054] suspicious pointer conversion
C:\Flight\Code\UAVX-GKE\stats.c:117:Warning [2054] suspicious pointer conversion
C:\Flight\Code\UAVX-GKE\stats.c:122:Warning [2054] suspicious pointer conversion
C:\Flight\Code\UAVX-GKE\stats.c:128:Warning [2054] suspicious pointer conversion
C:\Flight\Code\UAVX-GKE\stats.c:133:Warning [2054] suspicious pointer conversion
C:\Flight\Code\UAVX-GKE\stats.c:135:Warning [2054] suspicious pointer conversion
C:\Flight\Code\UAVX-GKE\params.c:187:Warning [2054] suspicious pointer conversion
C:\Flight\Code\UAVX-GKE\params.c:188:Warning [2054] suspicious pointer conversion
C:\Flight\Code\UAVX-GKE\accel.c:57:Warning [2054] suspicious pointer conversion
C:\Flight\Code\UAVX-GKE\accel.c:60:Warning [2054] suspicious pointer conversion
C:\Flight\Code\UAVX-GKE\accel.c:63:Warning [2054] suspicious pointer conversion
C:\Flight\Code\UAVX-GKE\accel.c:220:Warning [2054] suspicious pointer conversion
C:\Flight\Code\UAVX-GKE\irq.c:260:Message [3004] comparison of a signed integer to an unsigned integer detected
C:\Flight\Code\UAVX-GKE\menu.c:76:Warning [2054] suspicious pointer conversion
C:\Flight\Code\UAVX-GKE\menu.c:83:Warning [2054] suspicious pointer conversion
C:\Flight\Code\UAVX-GKE\menu.c:85:Warning [2054] suspicious pointer conversion
C:\Flight\Code\UAVX-GKE\menu.c:87:Warning [2054] suspicious pointer conversion
C:\Flight\Code\UAVX-GKE\menu.c:105:Warning [2054] suspicious pointer conversion
C:\Flight\Code\UAVX-GKE\menu.c:110:Warning [2054] suspicious pointer conversion
C:\Flight\Code\UAVX-GKE\menu.c:112:Warning [2054] suspicious pointer conversion
C:\Flight\Code\UAVX-GKE\menu.c:113:Warning [2054] suspicious pointer conversion
C:\Flight\Code\UAVX-GKE\menu.c:114:Warning [2054] suspicious pointer conversion
C:\Flight\Code\UAVX-GKE\menu.c:115:Warning [2054] suspicious pointer conversion
C:\Flight\Code\UAVX-GKE\menu.c:116:Warning [2054] suspicious pointer conversion
C:\Flight\Code\UAVX-GKE\menu.c:117:Warning [2054] suspicious pointer conversion
C:\Flight\Code\UAVX-GKE\menu.c:118:Warning [2054] suspicious pointer conversion
C:\Flight\Code\UAVX-GKE\menu.c:119:Warning [2054] suspicious pointer conversion
C:\Flight\Code\UAVX-GKE\menu.c:125:Warning [2054] suspicious pointer conversion
C:\Flight\Code\UAVX-GKE\menu.c:127:Warning [2054] suspicious pointer conversion
C:\Flight\Code\UAVX-GKE\menu.c:130:Warning [2054] suspicious pointer conversion
C:\Flight\Code\UAVX-GKE\menu.c:134:Warning [2054] suspicious pointer conversion
C:\Flight\Code\UAVX-GKE\menu.c:136:Warning [2054] suspicious pointer conversion
C:\Flight\Code\UAVX-GKE\menu.c:139:Warning [2054] suspicious pointer conversion
C:\Flight\Code\UAVX-GKE\menu.c:142:Warning [2054] suspicious pointer conversion
C:\Flight\Code\UAVX-GKE\menu.c:144:Warning [2054] suspicious pointer conversion
C:\Flight\Code\UAVX-GKE\menu.c:146:Warning [2054] suspicious pointer conversion
C:\Flight\Code\UAVX-GKE\menu.c:150:Warning [2054] suspicious pointer conversion
C:\Flight\Code\UAVX-GKE\menu.c:152:Warning [2054] suspicious pointer conversion
C:\Flight\Code\UAVX-GKE\menu.c:153:Warning [2054] suspicious pointer conversion
C:\Flight\Code\UAVX-GKE\menu.c:154:Warning [2054] suspicious pointer conversion
C:\Flight\Code\UAVX-GKE\menu.c:155:Warning [2054] suspicious pointer conversion
C:\Flight\Code\UAVX-GKE\menu.c:156:Warning [2054] suspicious pointer conversion
C:\Flight\Code\UAVX-GKE\menu.c:163:Warning [2054] suspicious pointer conversion
C:\Flight\Code\UAVX-GKE\menu.c:165:Warning [2054] suspicious pointer conversion
C:\Flight\Code\UAVX-GKE\menu.c:166:Warning [2054] suspicious pointer conversion
C:\Flight\Code\UAVX-GKE\menu.c:176:Warning [2054] suspicious pointer conversion
C:\Flight\Code\UAVX-GKE\menu.c:179:Warning [2054] suspicious pointer conversion
C:\Flight\Code\UAVX-GKE\menu.c:180:Warning [2054] suspicious pointer conversion
C:\Flight\Code\UAVX-GKE\menu.c:181:Warning [2054] suspicious pointer conversion
C:\Flight\Code\UAVX-GKE\menu.c:182:Warning [2054] suspicious pointer conversion
C:\Flight\Code\UAVX-GKE\menu.c:183:Warning [2054] suspicious pointer conversion
C:\Flight\Code\UAVX-GKE\menu.c:184:Warning [2054] suspicious pointer conversion
C:\Flight\Code\UAVX-GKE\menu.c:185:Warning [2054] suspicious pointer conversion
C:\Flight\Code\UAVX-GKE\menu.c:186:Warning [2054] suspicious pointer conversion
C:\Flight\Code\UAVX-GKE\menu.c:187:Warning [2054] suspicious pointer conversion
C:\Flight\Code\UAVX-GKE\menu.c:188:Warning [2054] suspicious pointer conversion
C:\Flight\Code\UAVX-GKE\menu.c:189:Warning [2054] suspicious pointer conversion
C:\Flight\Code\UAVX-GKE\menu.c:190:Warning [2054] suspicious pointer conversion
C:\Flight\Code\UAVX-GKE\menu.c:191:Warning [2054] suspicious pointer conversion
C:\Flight\Code\UAVX-GKE\menu.c:192:Warning [2054] suspicious pointer conversion
C:\Flight\Code\UAVX-GKE\menu.c:193:Warning [2054] suspicious pointer conversion
C:\Flight\Code\UAVX-GKE\menu.c:194:Warning [2054] suspicious pointer conversion
C:\Flight\Code\UAVX-GKE\menu.c:195:Warning [2054] suspicious pointer conversion
C:\Flight\Code\UAVX-GKE\menu.c:196:Warning [2054] suspicious pointer conversion
C:\Flight\Code\UAVX-GKE\menu.c:210:Warning [2054] suspicious pointer conversion
C:\Flight\Code\UAVX-GKE\menu.c:220:Warning [2054] suspicious pointer conversion
C:\Flight\Code\UAVX-GKE\menu.c:222:Warning [2054] suspicious pointer conversion
C:\Flight\Code\UAVX-GKE\menu.c:224:Warning [2054] suspicious pointer conversion
C:\Flight\Code\UAVX-GKE\menu.c:227:Warning [2054] suspicious pointer conversion
C:\Flight\Code\UAVX-GKE\menu.c:231:Warning [2054] suspicious pointer conversion
C:\Flight\Code\UAVX-GKE\menu.c:233:Warning [2054] suspicious pointer conversion
C:\Flight\Code\UAVX-GKE\menu.c:235:Warning [2054] suspicious pointer conversion
C:\Flight\Code\UAVX-GKE\menu.c:238:Warning [2054] suspicious pointer conversion
C:\Flight\Code\UAVX-GKE\menu.c:240:Warning [2054] suspicious pointer conversion
C:\Flight\Code\UAVX-GKE\menu.c:243:Warning [2054] suspicious pointer conversion
C:\Flight\Code\UAVX-GKE\menu.c:245:Warning [2054] suspicious pointer conversion
C:\Flight\Code\UAVX-GKE\menu.c:247:Warning [2054] suspicious pointer conversion
C:\Flight\Code\UAVX-GKE\menu.c:249:Warning [2054] suspicious pointer conversion
C:\Flight\Code\UAVX-GKE\menu.c:251:Warning [2054] suspicious pointer conversion
C:\Flight\Code\UAVX-GKE\menu.c:257:Warning [2054] suspicious pointer conversion
C:\Flight\Code\UAVX-GKE\menu.c:260:Warning [2054] suspicious pointer conversion
C:\Flight\Code\UAVX-GKE\menu.c:262:Warning [2054] suspicious pointer conversion
C:\Flight\Code\UAVX-GKE\menu.c:265:Warning [2054] suspicious pointer conversion
C:\Flight\Code\UAVX-GKE\menu.c:268:Warning [2054] suspicious pointer conversion
C:\Flight\Code\UAVX-GKE\menu.c:271:Warning [2054] suspicious pointer conversion
C:\Flight\Code\UAVX-GKE\menu.c:274:Warning [2054] suspicious pointer conversion
C:\Flight\Code\UAVX-GKE\menu.c:277:Warning [2054] suspicious pointer conversion
C:\Flight\Code\UAVX-GKE\menu.c:279:Warning [2054] suspicious pointer conversion
C:\Flight\Code\UAVX-GKE\menu.c:282:Warning [2054] suspicious pointer conversion
C:\Flight\Code\UAVX-GKE\menu.c:285:Warning [2054] suspicious pointer conversion
C:\Flight\Code\UAVX-GKE\menu.c:302:Warning [2058] call of function without prototype
C:\Flight\Code\UAVX-GKE\menu.c:303:Warning [2058] call of function without prototype
C:\Flight\Code\UAVX-GKE\menu.c:317:Warning [2054] suspicious pointer conversion
C:\Flight\Code\UAVX-GKE\menu.c:322:Warning [2054] suspicious pointer conversion
C:\Flight\Code\UAVX-GKE\menu.c:324:Warning [2054] suspicious pointer conversion
C:\Flight\Code\UAVX-GKE\menu.c:332:Warning [2054] suspicious pointer conversion
C:\Flight\Code\UAVX-GKE\menu.c:341:Warning [2054] suspicious pointer conversion
C:\Flight\Code\UAVX-GKE\menu.c:364:Warning [2054] suspicious pointer conversion
C:\Flight\Code\UAVX-GKE\menu.c:367:Warning [2054] suspicious pointer conversion
C:\Flight\Code\UAVX-GKE\menu.c:370:Warning [2054] suspicious pointer conversion
C:\Flight\Code\UAVX-GKE\menu.c:388:Warning [2054] suspicious pointer conversion
C:\Flight\Code\UAVX-GKE\menu.c:389:Warning [2054] suspicious pointer conversion
C:\Flight\Code\UAVX-GKE\menu.c:390:Warning [2054] suspicious pointer conversion
C:\Flight\Code\UAVX-GKE\menu.c:391:Warning [2054] suspicious pointer conversion
C:\Flight\Code\UAVX-GKE\menu.c:392:Warning [2054] suspicious pointer conversion
C:\Flight\Code\UAVX-GKE\menu.c:393:Warning [2054] suspicious pointer conversion
C:\Flight\Code\UAVX-GKE\menu.c:394:Warning [2054] suspicious pointer conversion
C:\Flight\Code\UAVX-GKE\compass.c:184:Warning [2054] suspicious pointer conversion
C:\Flight\Code\UAVX-GKE\baro.c:570:Warning [2054] suspicious pointer conversion
C:\Flight\Code\UAVX-GKE\baro.c:571:Warning [2054] suspicious pointer conversion
C:\Flight\Code\UAVX-GKE\baro.c:572:Warning [2054] suspicious pointer conversion
C:\Flight\Code\UAVX-GKE\baro.c:573:Warning [2054] suspicious pointer conversion
C:\Flight\Code\UAVX-GKE\gyro.c:147:Warning [2054] suspicious pointer conversion
C:\Flight\Code\UAVX-GKE\gyro.c:150:Warning [2054] suspicious pointer conversion
C:\Flight\Code\UAVX-GKE\gyro.c:153:Warning [2054] suspicious pointer conversion
C:\Flight\Code\UAVX-GKE\gyro.c:156:Warning [2054] suspicious pointer conversion
C:\Flight\Code\UAVX-GKE\gyro.c:159:Warning [2054] suspicious pointer conversion
C:\Flight\Code\UAVX-GKE\gyro.c:162:Warning [2054] suspicious pointer conversion
C:\Flight\Code\UAVX-GKE\gyro.c:165:Warning [2054] suspicious pointer conversion
C:\Flight\Code\UAVX-GKE\gyro.c:168:Warning [2054] suspicious pointer conversion
C:\Flight\Code\UAVX-GKE\gyro.c:171:Warning [2054] suspicious pointer conversion
C:\Flight\Code\UAVX-GKE\tests.c:187:Warning [2054] suspicious pointer conversion
C:\Flight\Code\UAVX-GKE\tests.c:191:Warning [2054] suspicious pointer conversion
C:\Flight\Code\UAVX-GKE\tests.c:193:Warning [2054] suspicious pointer conversion
MPLINK 4.37, Linker
Copyright (c) 1998-2010 Microchip Technology Inc.
Errors    : 0

MP2HEX 4.37, COFF to HEX File Converter
Copyright (c) 1998-2010 Microchip Technology Inc.
Errors    : 0

C:\Flight\Code\UAVX-GKE\stats.c:79:Warning [2054] suspicious pointer conversion
C:\Flight\Code\UAVX-GKE\stats.c:83:Warning [2054] suspicious pointer conversion
C:\Flight\Code\UAVX-GKE\stats.c:86:Warning [2054] suspicious pointer conversion
C:\Flight\Code\UAVX-GKE\stats.c:87:Warning [2054] suspicious pointer conversion
C:\Flight\Code\UAVX-GKE\stats.c:88:Warning [2054] suspicious pointer conversion
C:\Flight\Code\UAVX-GKE\stats.c:89:Warning [2054] suspicious pointer conversion
C:\Flight\Code\UAVX-GKE\stats.c:90:Warning [2054] suspicious pointer conversion
C:\Flight\Code\UAVX-GKE\stats.c:91:Warning [2054] suspicious pointer conversion
C:\Flight\Code\UAVX-GKE\stats.c:92:Warning [2054] suspicious pointer conversion
C:\Flight\Code\UAVX-GKE\stats.c:95:Warning [2054] suspicious pointer conversion
C:\Flight\Code\UAVX-GKE\stats.c:97:Warning [2054] suspicious pointer conversion
C:\Flight\Code\UAVX-GKE\stats.c:98:Warning [2054] suspicious pointer conversion
C:\Flight\Code\UAVX-GKE\stats.c:100:Warning [2054] suspicious pointer conversion
C:\Flight\Code\UAVX-GKE\stats.c:101:Warning [2054] suspicious pointer conversion
C:\Flight\Code\UAVX-GKE\stats.c:101:Warning [2054] suspicious pointer conversion
C:\Flight\Code\UAVX-GKE\stats.c:104:Warning [2054] suspicious pointer conversion
C:\Flight\Code\UAVX-GKE\stats.c:105:Warning [2054] suspicious pointer conversion
C:\Flight\Code\UAVX-GKE\stats.c:110:Warning [2054] suspicious pointer conversion
C:\Flight\Code\UAVX-GKE\stats.c:111:Warning [2054] suspicious pointer conversion
C:\Flight\Code\UAVX-GKE\stats.c:114:Warning [2054] suspicious pointer conversion
C:\Flight\Code\UAVX-GKE\stats.c:115:Warning [2054] suspicious pointer conversion
C:\Flight\Code\UAVX-GKE\stats.c:115:Warning [2054] suspicious pointer conversion
C:\Flight\Code\UAVX-GKE\stats.c:117:Warning [2054] suspicious pointer conversion
C:\Flight\Code\UAVX-GKE\stats.c:117:Warning [2054] suspicious pointer conversion
C:\Flight\Code\UAVX-GKE\stats.c:122:Warning [2054] suspicious pointer conversion
C:\Flight\Code\UAVX-GKE\stats.c:128:Warning [2054] suspicious pointer conversion
C:\Flight\Code\UAVX-GKE\stats.c:133:Warning [2054] suspicious pointer conversion
C:\Flight\Code\UAVX-GKE\stats.c:135:Warning [2054] suspicious pointer conversion
C:\Flight\Code\UAVX-GKE\params.c:187:Warning [2054] suspicious pointer conversion
C:\Flight\Code\UAVX-GKE\params.c:188:Warning [2054] suspicious pointer conversion
C:\Flight\Code\UAVX-GKE\accel.c:57:Warning [2054] suspicious pointer conversion
C:\Flight\Code\UAVX-GKE\accel.c:60:Warning [2054] suspicious pointer conversion
C:\Flight\Code\UAVX-GKE\accel.c:63:Warning [2054] suspicious pointer conversion
C:\Flight\Code\UAVX-GKE\accel.c:220:Warning [2054] suspicious pointer conversion
C:\Flight\Code\UAVX-GKE\irq.c:260:Message [3004] comparison of a signed integer to an unsigned integer detected
C:\Flight\Code\UAVX-GKE\menu.c:76:Warning [2054] suspicious pointer conversion
C:\Flight\Code\UAVX-GKE\menu.c:83:Warning [2054] suspicious pointer conversion
C:\Flight\Code\UAVX-GKE\menu.c:85:Warning [2054] suspicious pointer conversion
C:\Flight\Code\UAVX-GKE\menu.c:87:Warning [2054] suspicious pointer conversion
C:\Flight\Code\UAVX-GKE\menu.c:105:Warning [2054] suspicious pointer conversion
C:\Flight\Code\UAVX-GKE\menu.c:110:Warning [2054] suspicious pointer conversion
C:\Flight\Code\UAVX-GKE\menu.c:112:Warning [2054] suspicious pointer conversion
C:\Flight\Code\UAVX-GKE\menu.c:113:Warning [2054] suspicious pointer conversion
C:\Flight\Code\UAVX-GKE\menu.c:114:Warning [2054] suspicious pointer conversion
C:\Flight\Code\UAVX-GKE\menu.c:115:Warning [2054] suspicious pointer conversion
C:\Flight\Code\UAVX-GKE\menu.c:116:Warning [2054] suspicious pointer conversion
C:\Flight\Code\UAVX-GKE\menu.c:117:Warning [2054] suspicious pointer conversion
C:\Flight\Code\UAVX-GKE\menu.c:118:Warning [2054] suspicious pointer conversion
C:\Flight\Code\UAVX-GKE\menu.c:119:Warning [2054] suspicious pointer conversion
C:\Flight\Code\UAVX-GKE\menu.c:125:Warning [2054] suspicious pointer conversion
C:\Flight\Code\UAVX-GKE\menu.c:127:Warning [2054] suspicious pointer conversion
C:\Flight\Code\UAVX-GKE\menu.c:130:Warning [2054] suspicious pointer conversion
C:\Flight\Code\UAVX-GKE\menu.c:134:Warning [2054] suspicious pointer conversion
C:\Flight\Code\UAVX-GKE\menu.c:136:Warning [2054] suspicious pointer conversion
C:\Flight\Code\UAVX-GKE\menu.c:139:Warning [2054] suspicious pointer conversion
C:\Flight\Code\UAVX-GKE\menu.c:142:Warning [2054] suspicious pointer conversion
C:\Flight\Code\UAVX-GKE\menu.c:144:Warning [2054] suspicious pointer conversion
C:\Flight\Code\UAVX-GKE\menu.c:146:Warning [2054] suspicious pointer conversion
C:\Flight\Code\UAVX-GKE\menu.c:150:Warning [2054] suspicious pointer conversion
C:\Flight\Code\UAVX-GKE\menu.c:152:Warning [2054] suspicious pointer conversion
C:\Flight\Code\UAVX-GKE\menu.c:153:Warning [2054] suspicious pointer conversion
C:\Flight\Code\UAVX-GKE\menu.c:154:Warning [2054] suspicious pointer conversion
C:\Flight\Code\UAVX-GKE\menu.c:155:Warning [2054] suspicious pointer conversion
C:\Flight\Code\UAVX-GKE\menu.c:156:Warning [2054] suspicious pointer conversion
C:\Flight\Code\UAVX-GKE\menu.c:163:Warning [2054] suspicious pointer conversion
C:\Flight\Code\UAVX-GKE\menu.c:165:Warning [2054] suspicious pointer conversion
C:\Flight\Code\UAVX-GKE\menu.c:166:Warning [2054] suspicious pointer conversion
C:\Flight\Code\UAVX-GKE\menu.c:176:Warning [2054] suspicious pointer conversion
C:\Flight\Code\UAVX-GKE\menu.c:179:Warning [2054] suspicious pointer conversion
C:\Flight\Code\UAVX-GKE\menu.c:180:Warning [2054] suspicious pointer conversion
C:\Flight\Code\UAVX-GKE\menu.c:181:Warning [2054] suspicious pointer conversion
C:\Flight\Code\UAVX-GKE\menu.c:182:Warning [2054] suspicious pointer conversion
C:\Flight\Code\UAVX-GKE\menu.c:183:Warning [2054] suspicious pointer conversion
C:\Flight\Code\UAVX-GKE\menu.c:184:Warning [2054] suspicious pointer conversion
C:\Flight\Code\UAVX-GKE\menu.c:185:Warning [2054] suspicious pointer conversion
C:\Flight\Code\UAVX-GKE\menu.c:186:Warning [2054] suspicious pointer conversion
C:\Flight\Code\UAVX-GKE\menu.c:187:Warning [2054] suspicious pointer conversion
C:\Flight\Code\UAVX-GKE\menu.c:188:Warning [2054] suspicious pointer conversion
C:\Flight\Code\UAVX-GKE\menu.c:189:Warning [2054] suspicious pointer conversion
C:\Flight\Code\UAVX-GKE\menu.c:190:Warning [2054] suspicious pointer conversion
C:\Flight\Code\UAVX-GKE\menu.c:191:Warning [2054] suspicious pointer conversion
C:\Flight\Code\UAVX-GKE\menu.c:192:Warning [2054] suspicious pointer conversion
C:\Flight\Code\UAVX-GKE\menu.c:193:Warning [2054] suspicious pointer conversion
C:\Flight\Code\UAVX-GKE\menu.c:194:Warning [2054] suspicious pointer conversion
C:\Flight\Code\UAVX-GKE\menu.c:195:Warning [2054] suspicious pointer conversion
C:\Flight\Code\UAVX-GKE\menu.c:196:Warning [2054] suspicious pointer conversion
C:\Flight\Code\UAVX-GKE\menu.c:210:Warning [2054] suspicious pointer conversion
C:\Flight\Code\UAVX-GKE\menu.c:220:Warning [2054] suspicious pointer conversion
C:\Flight\Code\UAVX-GKE\menu.c:222:Warning [2054] suspicious pointer conversion
C:\Flight\Code\UAVX-GKE\menu.c:224:Warning [2054] suspicious pointer conversion
C:\Flight\Code\UAVX-GKE\menu.c:227:Warning [2054] suspicious pointer conversion
C:\Flight\Code\UAVX-GKE\menu.c:231:Warning [2054] suspicious pointer conversion
C:\Flight\Code\UAVX-GKE\menu.c:233:Warning [2054] suspicious pointer conversion
C:\Flight\Code\UAVX-GKE\menu.c:235:Warning [2054] suspicious pointer conversion
C:\Flight\Code\UAVX-GKE\menu.c:238:Warning [2054] suspicious pointer conversion
C:\Flight\Code\UAVX-GKE\menu.c:240:Warning [2054] suspicious pointer conversion
C:\Flight\Code\UAVX-GKE\menu.c:243:Warning [2054] suspicious pointer conversion
C:\Flight\Code\UAVX-GKE\menu.c:245:Warning [2054] suspicious pointer conversion
C:\Flight\Code\UAVX-GKE\menu.c:247:Warning [2054] suspicious pointer conversion
C:\Flight\Code\UAVX-GKE\menu.c:249:Warning [2054] suspicious pointer conversion
C:\Flight\Code\UAVX-GKE\menu.c:251:Warning [2054] suspicious pointer conversion
C:\Flight\Code\UAVX-GKE\menu.c:257:Warning [2054] suspicious pointer conversion
C:\Flight\Code\UAVX-GKE\menu.c:260:Warning [2054] suspicious pointer conversion
C:\Flight\Code\UAVX-GKE\menu.c:262:Warning [2054] suspicious pointer conversion
C:\Flight\Code\UAVX-GKE\menu.c:265:Warning [2054] suspicious pointer conversion
C:\Flight\Code\UAVX-GKE\menu.c:268:Warning [2054] suspicious pointer conversion
C:\Flight\Code\UAVX-GKE\menu.c:271:Warning [2054] suspicious pointer conversion
C:\Flight\Code\UAVX-GKE\menu.c:274:Warning [2054] suspicious pointer conversion
C:\Flight\Code\UAVX-GKE\menu.c:277:Warning [2054] suspicious pointer conversion
C:\Flight\Code\UAVX-GKE\menu.c:279:Warning [2054] suspicious pointer conversion
C:\Flight\Code\UAVX-GKE\menu.c:282:Warning [2054] suspicious pointer conversion
C:\Flight\Code\UAVX-GKE\menu.c:285:Warning [2054] suspicious pointer conversion
C:\Flight\Code\UAVX-GKE\menu.c:302:Warning [2058] call of function without prototype
C:\Flight\Code\UAVX-GKE\menu.c:303:Warning [2058] call of function without prototype
C:\Flight\Code\UAVX-GKE\menu.c:317:Warning [2054] suspicious pointer conversion
C:\Flight\Code\UAVX-GKE\menu.c:322:Warning [2054] suspicious pointer conversion
C:\Flight\Code\UAVX-GKE\menu.c:324:Warning [2054] suspicious pointer conversion
C:\Flight\Code\UAVX-GKE\menu.c:332:Warning [2054] suspicious pointer conversion
C:\Flight\Code\UAVX-GKE\menu.c:341:Warning [2054] suspicious pointer conversion
C:\Flight\Code\UAVX-GKE\menu.c:364:Warning [2054] suspicious pointer conversion
C:\Flight\Code\UAVX-GKE\menu.c:367:Warning [2054] suspicious pointer conversion
C:\Flight\Code\UAVX-GKE\menu.c:370:Warning [2054] suspicious pointer conversion
C:\Flight\Code\UAVX-GKE\menu.c:388:Warning [2054] suspicious pointer conversion
C:\Flight\Code\UAVX-GKE\menu.c:389:Warning [2054] suspicious pointer conversion
C:\Flight\Code\UAVX-GKE\menu.c:390:Warning [2054] suspicious pointer conversion
C:\Flight\Code\UAVX-GKE\menu.c:391:Warning [2054] suspicious pointer conversion
C:\Flight\Code\UAVX-GKE\menu.c:392:Warning [2054] suspicious pointer conversion
C:\Flight\Code\UAVX-GKE\menu.c:393:Warning [2054] suspicious pointer conversion
C:\Flight\Code\UAVX-GKE\menu.c:394:Warning [2054] suspicious pointer conversion
C:\Flight\Code\UAVX-GKE\compass.c:184:Warning [2054] suspicious pointer conversion
C:\Flight\Code\UAVX-GKE\baro.c:570:Warning [2054] suspicious pointer conversion
C:\Flight\Code\UAVX-GKE\baro.c:571:Warning [2054] suspicious pointer conversion
C:\Flight\Code\UAVX-GKE\baro.c:572:Warning [2054] suspicious pointer conversion
C:\Flight\Code\UAVX-GKE\baro.c:573:Warning [2054] suspicious pointer conversion
C:\Flight\Code\UAVX-GKE\gyro.c:147:Warning [2054] suspicious pointer conversion
C:\Flight\Code\UAVX-GKE\gyro.c:150:Warning [2054] suspicious pointer conversion
C:\Flight\Code\UAVX-GKE\gyro.c:153:Warning [2054] suspicious pointer conversion
C:\Flight\Code\UAVX-GKE\gyro.c:156:Warning [2054] suspicious pointer conversion
C:\Flight\Code\UAVX-GKE\gyro.c:159:Warning [2054] suspicious pointer conversion
C:\Flight\Code\UAVX-GKE\gyro.c:162:Warning [2054] suspicious pointer conversion
C:\Flight\Code\UAVX-GKE\gyro.c:165:Warning [2054] suspicious pointer conversion
C:\Flight\Code\UAVX-GKE\gyro.c:168:Warning [2054] suspicious pointer conversion
C:\Flight\Code\UAVX-GKE\gyro.c:171:Warning [2054] suspicious pointer conversion
C:\Flight\Code\UAVX-GKE\tests.c:187:Warning [2054] suspicious pointer conversion
C:\Flight\Code\UAVX-GKE\tests.c:191:Warning [2054] suspicious pointer conversion
C:\Flight\Code\UAVX-GKE\tests.c:193:Warning [2054] suspicious pointer conversion
