Starting makeall uavp 
C:\Flight\Code\UAVX-GKE\stats.c:79:Warning [2054] suspicious pointer conversion
C:\Flight\Code\UAVX-GKE\stats.c:83:Warning [2054] suspicious pointer conversion
C:\Flight\Code\UAVX-GKE\stats.c:86:Warning [2054] suspicious pointer conversion
C:\Flight\Code\UAVX-GKE\stats.c:87:Warning [2054] suspicious pointer conversion
C:\Flight\Code\UAVX-GKE\stats.c:88:Warning [2054] suspicious pointer conversion
C:\Flight\Code\UAVX-GKE\stats.c:89:Warning [2054] suspicious pointer conversion
C:\Flight\Code\UAVX-GKE\stats.c:90:Warning [2054] suspicious pointer conversion
C:\Flight\Code\UAVX-GKE\stats.c:91:Warning [2054] suspicious pointer conversion
C:\Flight\Code\UAVX-GKE\stats.c:92:Warning [2054] suspicious pointer conversion
C:\Flight\Code\UAVX-GKE\stats.c:95:Warning [2054] suspicious pointer conversion
C:\Flight\Code\UAVX-GKE\stats.c:97:Warning [2054] suspicious pointer conversion
C:\Flight\Code\UAVX-GKE\stats.c:98:Warning [2054] suspicious pointer conversion
C:\Flight\Code\UAVX-GKE\stats.c:100:Warning [2054] suspicious pointer conversion
C:\Flight\Code\UAVX-GKE\stats.c:101:Warning [2054] suspicious pointer conversion
C:\Flight\Code\UAVX-GKE\stats.c:101:Warning [2054] suspicious pointer conversion
C:\Flight\Code\UAVX-GKE\stats.c:104:Warning [2054] suspicious pointer conversion
C:\Flight\Code\UAVX-GKE\stats.c:105:Warning [2054] suspicious pointer conversion
C:\Flight\Code\UAVX-GKE\stats.c:110:Warning [2054] suspicious pointer conversion
C:\Flight\Code\UAVX-GKE\stats.c:111:Warning [2054] suspicious pointer conversion
C:\Flight\Code\UAVX-GKE\stats.c:114:Warning [2054] suspicious pointer conversion
C:\Flight\Code\UAVX-GKE\stats.c:115:Warning [2054] suspicious pointer conversion
C:\Flight\Code\UAVX-GKE\stats.c:115:Warning [2054] suspicious pointer conversion
C:\Flight\Code\UAVX-GKE\stats.c:117:Warning [2054] suspicious pointer conversion
C:\Flight\Code\UAVX-GKE\stats.c:117:Warning [2054] suspicious pointer conversion
C:\Flight\Code\UAVX-GKE\stats.c:122:Warning [2054] suspicious pointer conversion
C:\Flight\Code\UAVX-GKE\stats.c:128:Warning [2054] suspicious pointer conversion
C:\Flight\Code\UAVX-GKE\stats.c:133:Warning [2054] suspicious pointer conversion
C:\Flight\Code\UAVX-GKE\stats.c:135:Warning [2054] suspicious pointer conversion
C:\Flight\Code\UAVX-GKE\params.c:190:Warning [2054] suspicious pointer conversion
C:\Flight\Code\UAVX-GKE\params.c:191:Warning [2054] suspicious pointer conversion
C:\Flight\Code\UAVX-GKE\accel.c:58:Warning [2054] suspicious pointer conversion
C:\Flight\Code\UAVX-GKE\accel.c:61:Warning [2054] suspicious pointer conversion
C:\Flight\Code\UAVX-GKE\accel.c:64:Warning [2054] suspicious pointer conversion
C:\Flight\Code\UAVX-GKE\accel.c:208:Warning [2054] suspicious pointer conversion
C:\Flight\Code\UAVX-GKE\accel.c:435:Message [3004] comparison of a signed integer to an unsigned integer detected
C:\Flight\Code\UAVX-GKE\irq.c:260:Message [3004] comparison of a signed integer to an unsigned integer detected
C:\Flight\Code\UAVX-GKE\menu.c:79:Warning [2054] suspicious pointer conversion
C:\Flight\Code\UAVX-GKE\menu.c:86:Warning [2054] suspicious pointer conversion
C:\Flight\Code\UAVX-GKE\menu.c:88:Warning [2054] suspicious pointer conversion
C:\Flight\Code\UAVX-GKE\menu.c:90:Warning [2054] suspicious pointer conversion
C:\Flight\Code\UAVX-GKE\menu.c:115:Warning [2054] suspicious pointer conversion
C:\Flight\Code\UAVX-GKE\menu.c:120:Warning [2054] suspicious pointer conversion
C:\Flight\Code\UAVX-GKE\menu.c:122:Warning [2054] suspicious pointer conversion
C:\Flight\Code\UAVX-GKE\menu.c:123:Warning [2054] suspicious pointer conversion
C:\Flight\Code\UAVX-GKE\menu.c:124:Warning [2054] suspicious pointer conversion
C:\Flight\Code\UAVX-GKE\menu.c:125:Warning [2054] suspicious pointer conversion
C:\Flight\Code\UAVX-GKE\menu.c:126:Warning [2054] suspicious pointer conversion
C:\Flight\Code\UAVX-GKE\menu.c:127:Warning [2054] suspicious pointer conversion
C:\Flight\Code\UAVX-GKE\menu.c:128:Warning [2054] suspicious pointer conversion
C:\Flight\Code\UAVX-GKE\menu.c:129:Warning [2054] suspicious pointer conversion
C:\Flight\Code\UAVX-GKE\menu.c:135:Warning [2054] suspicious pointer conversion
C:\Flight\Code\UAVX-GKE\menu.c:137:Warning [2054] suspicious pointer conversion
C:\Flight\Code\UAVX-GKE\menu.c:140:Warning [2054] suspicious pointer conversion
C:\Flight\Code\UAVX-GKE\menu.c:144:Warning [2054] suspicious pointer conversion
C:\Flight\Code\UAVX-GKE\menu.c:146:Warning [2054] suspicious pointer conversion
C:\Flight\Code\UAVX-GKE\menu.c:149:Warning [2054] suspicious pointer conversion
C:\Flight\Code\UAVX-GKE\menu.c:152:Warning [2054] suspicious pointer conversion
C:\Flight\Code\UAVX-GKE\menu.c:154:Warning [2054] suspicious pointer conversion
C:\Flight\Code\UAVX-GKE\menu.c:156:Warning [2054] suspicious pointer conversion
C:\Flight\Code\UAVX-GKE\menu.c:160:Warning [2054] suspicious pointer conversion
C:\Flight\Code\UAVX-GKE\menu.c:162:Warning [2054] suspicious pointer conversion
C:\Flight\Code\UAVX-GKE\menu.c:163:Warning [2054] suspicious pointer conversion
C:\Flight\Code\UAVX-GKE\menu.c:164:Warning [2054] suspicious pointer conversion
C:\Flight\Code\UAVX-GKE\menu.c:165:Warning [2054] suspicious pointer conversion
C:\Flight\Code\UAVX-GKE\menu.c:172:Warning [2054] suspicious pointer conversion
C:\Flight\Code\UAVX-GKE\menu.c:174:Warning [2054] suspicious pointer conversion
C:\Flight\Code\UAVX-GKE\menu.c:175:Warning [2054] suspicious pointer conversion
C:\Flight\Code\UAVX-GKE\menu.c:185:Warning [2054] suspicious pointer conversion
C:\Flight\Code\UAVX-GKE\menu.c:188:Warning [2054] suspicious pointer conversion
C:\Flight\Code\UAVX-GKE\menu.c:189:Warning [2054] suspicious pointer conversion
C:\Flight\Code\UAVX-GKE\menu.c:190:Warning [2054] suspicious pointer conversion
C:\Flight\Code\UAVX-GKE\menu.c:191:Warning [2054] suspicious pointer conversion
C:\Flight\Code\UAVX-GKE\menu.c:192:Warning [2054] suspicious pointer conversion
C:\Flight\Code\UAVX-GKE\menu.c:193:Warning [2054] suspicious pointer conversion
C:\Flight\Code\UAVX-GKE\menu.c:194:Warning [2054] suspicious pointer conversion
C:\Flight\Code\UAVX-GKE\menu.c:195:Warning [2054] suspicious pointer conversion
C:\Flight\Code\UAVX-GKE\menu.c:196:Warning [2054] suspicious pointer conversion
C:\Flight\Code\UAVX-GKE\menu.c:197:Warning [2054] suspicious pointer conversion
C:\Flight\Code\UAVX-GKE\menu.c:198:Warning [2054] suspicious pointer conversion
C:\Flight\Code\UAVX-GKE\menu.c:199:Warning [2054] suspicious pointer conversion
C:\Flight\Code\UAVX-GKE\menu.c:200:Warning [2054] suspicious pointer conversion
C:\Flight\Code\UAVX-GKE\menu.c:201:Warning [2054] suspicious pointer conversion
C:\Flight\Code\UAVX-GKE\menu.c:202:Warning [2054] suspicious pointer conversion
C:\Flight\Code\UAVX-GKE\menu.c:203:Warning [2054] suspicious pointer conversion
C:\Flight\Code\UAVX-GKE\menu.c:204:Warning [2054] suspicious pointer conversion
C:\Flight\Code\UAVX-GKE\menu.c:205:Warning [2054] suspicious pointer conversion
C:\Flight\Code\UAVX-GKE\menu.c:219:Warning [2054] suspicious pointer conversion
C:\Flight\Code\UAVX-GKE\menu.c:229:Warning [2054] suspicious pointer conversion
C:\Flight\Code\UAVX-GKE\menu.c:231:Warning [2054] suspicious pointer conversion
C:\Flight\Code\UAVX-GKE\menu.c:233:Warning [2054] suspicious pointer conversion
C:\Flight\Code\UAVX-GKE\menu.c:236:Warning [2054] suspicious pointer conversion
C:\Flight\Code\UAVX-GKE\menu.c:240:Warning [2054] suspicious pointer conversion
C:\Flight\Code\UAVX-GKE\menu.c:242:Warning [2054] suspicious pointer conversion
C:\Flight\Code\UAVX-GKE\menu.c:244:Warning [2054] suspicious pointer conversion
C:\Flight\Code\UAVX-GKE\menu.c:247:Warning [2054] suspicious pointer conversion
C:\Flight\Code\UAVX-GKE\menu.c:249:Warning [2054] suspicious pointer conversion
C:\Flight\Code\UAVX-GKE\menu.c:252:Warning [2054] suspicious pointer conversion
C:\Flight\Code\UAVX-GKE\menu.c:254:Warning [2054] suspicious pointer conversion
C:\Flight\Code\UAVX-GKE\menu.c:256:Warning [2054] suspicious pointer conversion
C:\Flight\Code\UAVX-GKE\menu.c:258:Warning [2054] suspicious pointer conversion
C:\Flight\Code\UAVX-GKE\menu.c:260:Warning [2054] suspicious pointer conversion
C:\Flight\Code\UAVX-GKE\menu.c:266:Warning [2054] suspicious pointer conversion
C:\Flight\Code\UAVX-GKE\menu.c:269:Warning [2054] suspicious pointer conversion
C:\Flight\Code\UAVX-GKE\menu.c:271:Warning [2054] suspicious pointer conversion
C:\Flight\Code\UAVX-GKE\menu.c:274:Warning [2054] suspicious pointer conversion
C:\Flight\Code\UAVX-GKE\menu.c:277:Warning [2054] suspicious pointer conversion
C:\Flight\Code\UAVX-GKE\menu.c:280:Warning [2054] suspicious pointer conversion
C:\Flight\Code\UAVX-GKE\menu.c:283:Warning [2054] suspicious pointer conversion
C:\Flight\Code\UAVX-GKE\menu.c:286:Warning [2054] suspicious pointer conversion
C:\Flight\Code\UAVX-GKE\menu.c:288:Warning [2054] suspicious pointer conversion
C:\Flight\Code\UAVX-GKE\menu.c:291:Warning [2054] suspicious pointer conversion
C:\Flight\Code\UAVX-GKE\menu.c:294:Warning [2054] suspicious pointer conversion
C:\Flight\Code\UAVX-GKE\menu.c:313:Warning [2058] call of function without prototype
C:\Flight\Code\UAVX-GKE\menu.c:314:Warning [2058] call of function without prototype
C:\Flight\Code\UAVX-GKE\menu.c:328:Warning [2054] suspicious pointer conversion
C:\Flight\Code\UAVX-GKE\menu.c:333:Warning [2054] suspicious pointer conversion
C:\Flight\Code\UAVX-GKE\menu.c:335:Warning [2054] suspicious pointer conversion
C:\Flight\Code\UAVX-GKE\menu.c:343:Warning [2054] suspicious pointer conversion
C:\Flight\Code\UAVX-GKE\menu.c:352:Warning [2054] suspicious pointer conversion
C:\Flight\Code\UAVX-GKE\menu.c:375:Warning [2054] suspicious pointer conversion
C:\Flight\Code\UAVX-GKE\menu.c:378:Warning [2054] suspicious pointer conversion
C:\Flight\Code\UAVX-GKE\menu.c:381:Warning [2054] suspicious pointer conversion
C:\Flight\Code\UAVX-GKE\menu.c:399:Warning [2054] suspicious pointer conversion
C:\Flight\Code\UAVX-GKE\menu.c:400:Warning [2054] suspicious pointer conversion
C:\Flight\Code\UAVX-GKE\menu.c:401:Warning [2054] suspicious pointer conversion
C:\Flight\Code\UAVX-GKE\menu.c:402:Warning [2054] suspicious pointer conversion
C:\Flight\Code\UAVX-GKE\menu.c:403:Warning [2054] suspicious pointer conversion
C:\Flight\Code\UAVX-GKE\menu.c:404:Warning [2054] suspicious pointer conversion
C:\Flight\Code\UAVX-GKE\menu.c:405:Warning [2054] suspicious pointer conversion
C:\Flight\Code\UAVX-GKE\baro.c:520:Warning [2054] suspicious pointer conversion
C:\Flight\Code\UAVX-GKE\baro.c:521:Warning [2054] suspicious pointer conversion
C:\Flight\Code\UAVX-GKE\baro.c:522:Warning [2054] suspicious pointer conversion
C:\Flight\Code\UAVX-GKE\baro.c:523:Warning [2054] suspicious pointer conversion
C:\Flight\Code\UAVX-GKE\gyro.c:156:Warning [2054] suspicious pointer conversion
C:\Flight\Code\UAVX-GKE\gyro.c:159:Warning [2054] suspicious pointer conversion
C:\Flight\Code\UAVX-GKE\gyro.c:162:Warning [2054] suspicious pointer conversion
C:\Flight\Code\UAVX-GKE\gyro.c:165:Warning [2054] suspicious pointer conversion
C:\Flight\Code\UAVX-GKE\gyro.c:168:Warning [2054] suspicious pointer conversion
C:\Flight\Code\UAVX-GKE\gyro.c:171:Warning [2054] suspicious pointer conversion
C:\Flight\Code\UAVX-GKE\gyro.c:174:Warning [2054] suspicious pointer conversion
C:\Flight\Code\UAVX-GKE\gyro.c:177:Warning [2054] suspicious pointer conversion
C:\Flight\Code\UAVX-GKE\gyro.c:235:Warning [2054] suspicious pointer conversion
C:\Flight\Code\UAVX-GKE\tests.c:187:Warning [2054] suspicious pointer conversion
C:\Flight\Code\UAVX-GKE\tests.c:191:Warning [2054] suspicious pointer conversion
C:\Flight\Code\UAVX-GKE\tests.c:193:Warning [2054] suspicious pointer conversion
C:\Flight\Code\UAVX-GKE\outputs_copter.h:78:Message [3004] comparison of a signed integer to an unsigned integer detected
C:\Flight\Code\UAVX-GKE\outputs_copter.h:410:Message [3004] comparison of a signed integer to an unsigned integer detected
C:\Flight\Code\UAVX-GKE\outputs_copter.h:410:Message [3004] comparison of a signed integer to an unsigned integer detected
C:\Flight\Code\UAVX-GKE\outputs_copter.h:435:Message [3004] comparison of a signed integer to an unsigned integer detected
C:\Flight\Code\UAVX-GKE\outputs_copter.h:435:Message [3004] comparison of a signed integer to an unsigned integer detected
C:\Flight\Code\UAVX-GKE\outputs_copter.h:435:Message [3004] comparison of a signed integer to an unsigned integer detected
C:\Flight\Code\UAVX-GKE\outputs_copter.h:435:Message [3004] comparison of a signed integer to an unsigned integer detected
C:\Flight\Code\UAVX-GKE\outputs_copter.h:444:Message [3004] comparison of a signed integer to an unsigned integer detected
C:\Flight\Code\UAVX-GKE\outputs_copter.h:453:Message [3004] comparison of a signed integer to an unsigned integer detected
MPLINK 4.37, Linker
Copyright (c) 1998-2010 Microchip Technology Inc.
Errors    : 0

MP2HEX 4.37, COFF to HEX File Converter
Copyright (c) 1998-2010 Microchip Technology Inc.
Errors    : 0

C:\Flight\Code\UAVX-GKE\stats.c:79:Warning [2054] suspicious pointer conversion
C:\Flight\Code\UAVX-GKE\stats.c:83:Warning [2054] suspicious pointer conversion
C:\Flight\Code\UAVX-GKE\stats.c:86:Warning [2054] suspicious pointer conversion
C:\Flight\Code\UAVX-GKE\stats.c:87:Warning [2054] suspicious pointer conversion
C:\Flight\Code\UAVX-GKE\stats.c:88:Warning [2054] suspicious pointer conversion
C:\Flight\Code\UAVX-GKE\stats.c:89:Warning [2054] suspicious pointer conversion
C:\Flight\Code\UAVX-GKE\stats.c:90:Warning [2054] suspicious pointer conversion
C:\Flight\Code\UAVX-GKE\stats.c:91:Warning [2054] suspicious pointer conversion
C:\Flight\Code\UAVX-GKE\stats.c:92:Warning [2054] suspicious pointer conversion
C:\Flight\Code\UAVX-GKE\stats.c:95:Warning [2054] suspicious pointer conversion
C:\Flight\Code\UAVX-GKE\stats.c:97:Warning [2054] suspicious pointer conversion
C:\Flight\Code\UAVX-GKE\stats.c:98:Warning [2054] suspicious pointer conversion
C:\Flight\Code\UAVX-GKE\stats.c:100:Warning [2054] suspicious pointer conversion
C:\Flight\Code\UAVX-GKE\stats.c:101:Warning [2054] suspicious pointer conversion
C:\Flight\Code\UAVX-GKE\stats.c:101:Warning [2054] suspicious pointer conversion
C:\Flight\Code\UAVX-GKE\stats.c:104:Warning [2054] suspicious pointer conversion
C:\Flight\Code\UAVX-GKE\stats.c:105:Warning [2054] suspicious pointer conversion
C:\Flight\Code\UAVX-GKE\stats.c:110:Warning [2054] suspicious pointer conversion
C:\Flight\Code\UAVX-GKE\stats.c:111:Warning [2054] suspicious pointer conversion
C:\Flight\Code\UAVX-GKE\stats.c:114:Warning [2054] suspicious pointer conversion
C:\Flight\Code\UAVX-GKE\stats.c:115:Warning [2054] suspicious pointer conversion
C:\Flight\Code\UAVX-GKE\stats.c:115:Warning [2054] suspicious pointer conversion
C:\Flight\Code\UAVX-GKE\stats.c:117:Warning [2054] suspicious pointer conversion
C:\Flight\Code\UAVX-GKE\stats.c:117:Warning [2054] suspicious pointer conversion
C:\Flight\Code\UAVX-GKE\stats.c:122:Warning [2054] suspicious pointer conversion
C:\Flight\Code\UAVX-GKE\stats.c:128:Warning [2054] suspicious pointer conversion
C:\Flight\Code\UAVX-GKE\stats.c:133:Warning [2054] suspicious pointer conversion
C:\Flight\Code\UAVX-GKE\stats.c:135:Warning [2054] suspicious pointer conversion
C:\Flight\Code\UAVX-GKE\params.c:190:Warning [2054] suspicious pointer conversion
C:\Flight\Code\UAVX-GKE\params.c:191:Warning [2054] suspicious pointer conversion
C:\Flight\Code\UAVX-GKE\accel.c:58:Warning [2054] suspicious pointer conversion
C:\Flight\Code\UAVX-GKE\accel.c:61:Warning [2054] suspicious pointer conversion
C:\Flight\Code\UAVX-GKE\accel.c:64:Warning [2054] suspicious pointer conversion
C:\Flight\Code\UAVX-GKE\accel.c:208:Warning [2054] suspicious pointer conversion
C:\Flight\Code\UAVX-GKE\accel.c:435:Message [3004] comparison of a signed integer to an unsigned integer detected
C:\Flight\Code\UAVX-GKE\irq.c:260:Message [3004] comparison of a signed integer to an unsigned integer detected
C:\Flight\Code\UAVX-GKE\menu.c:79:Warning [2054] suspicious pointer conversion
C:\Flight\Code\UAVX-GKE\menu.c:86:Warning [2054] suspicious pointer conversion
C:\Flight\Code\UAVX-GKE\menu.c:88:Warning [2054] suspicious pointer conversion
C:\Flight\Code\UAVX-GKE\menu.c:90:Warning [2054] suspicious pointer conversion
C:\Flight\Code\UAVX-GKE\menu.c:115:Warning [2054] suspicious pointer conversion
C:\Flight\Code\UAVX-GKE\menu.c:120:Warning [2054] suspicious pointer conversion
C:\Flight\Code\UAVX-GKE\menu.c:122:Warning [2054] suspicious pointer conversion
C:\Flight\Code\UAVX-GKE\menu.c:123:Warning [2054] suspicious pointer conversion
C:\Flight\Code\UAVX-GKE\menu.c:124:Warning [2054] suspicious pointer conversion
C:\Flight\Code\UAVX-GKE\menu.c:125:Warning [2054] suspicious pointer conversion
C:\Flight\Code\UAVX-GKE\menu.c:126:Warning [2054] suspicious pointer conversion
C:\Flight\Code\UAVX-GKE\menu.c:127:Warning [2054] suspicious pointer conversion
C:\Flight\Code\UAVX-GKE\menu.c:128:Warning [2054] suspicious pointer conversion
C:\Flight\Code\UAVX-GKE\menu.c:129:Warning [2054] suspicious pointer conversion
C:\Flight\Code\UAVX-GKE\menu.c:135:Warning [2054] suspicious pointer conversion
C:\Flight\Code\UAVX-GKE\menu.c:137:Warning [2054] suspicious pointer conversion
C:\Flight\Code\UAVX-GKE\menu.c:140:Warning [2054] suspicious pointer conversion
C:\Flight\Code\UAVX-GKE\menu.c:144:Warning [2054] suspicious pointer conversion
C:\Flight\Code\UAVX-GKE\menu.c:146:Warning [2054] suspicious pointer conversion
C:\Flight\Code\UAVX-GKE\menu.c:149:Warning [2054] suspicious pointer conversion
C:\Flight\Code\UAVX-GKE\menu.c:152:Warning [2054] suspicious pointer conversion
C:\Flight\Code\UAVX-GKE\menu.c:154:Warning [2054] suspicious pointer conversion
C:\Flight\Code\UAVX-GKE\menu.c:156:Warning [2054] suspicious pointer conversion
C:\Flight\Code\UAVX-GKE\menu.c:160:Warning [2054] suspicious pointer conversion
C:\Flight\Code\UAVX-GKE\menu.c:162:Warning [2054] suspicious pointer conversion
C:\Flight\Code\UAVX-GKE\menu.c:163:Warning [2054] suspicious pointer conversion
C:\Flight\Code\UAVX-GKE\menu.c:164:Warning [2054] suspicious pointer conversion
C:\Flight\Code\UAVX-GKE\menu.c:165:Warning [2054] suspicious pointer conversion
C:\Flight\Code\UAVX-GKE\menu.c:172:Warning [2054] suspicious pointer conversion
C:\Flight\Code\UAVX-GKE\menu.c:174:Warning [2054] suspicious pointer conversion
C:\Flight\Code\UAVX-GKE\menu.c:175:Warning [2054] suspicious pointer conversion
C:\Flight\Code\UAVX-GKE\menu.c:185:Warning [2054] suspicious pointer conversion
C:\Flight\Code\UAVX-GKE\menu.c:188:Warning [2054] suspicious pointer conversion
C:\Flight\Code\UAVX-GKE\menu.c:189:Warning [2054] suspicious pointer conversion
C:\Flight\Code\UAVX-GKE\menu.c:190:Warning [2054] suspicious pointer conversion
C:\Flight\Code\UAVX-GKE\menu.c:191:Warning [2054] suspicious pointer conversion
C:\Flight\Code\UAVX-GKE\menu.c:192:Warning [2054] suspicious pointer conversion
C:\Flight\Code\UAVX-GKE\menu.c:193:Warning [2054] suspicious pointer conversion
C:\Flight\Code\UAVX-GKE\menu.c:194:Warning [2054] suspicious pointer conversion
C:\Flight\Code\UAVX-GKE\menu.c:195:Warning [2054] suspicious pointer conversion
C:\Flight\Code\UAVX-GKE\menu.c:196:Warning [2054] suspicious pointer conversion
C:\Flight\Code\UAVX-GKE\menu.c:197:Warning [2054] suspicious pointer conversion
C:\Flight\Code\UAVX-GKE\menu.c:198:Warning [2054] suspicious pointer conversion
C:\Flight\Code\UAVX-GKE\menu.c:199:Warning [2054] suspicious pointer conversion
C:\Flight\Code\UAVX-GKE\menu.c:200:Warning [2054] suspicious pointer conversion
C:\Flight\Code\UAVX-GKE\menu.c:201:Warning [2054] suspicious pointer conversion
C:\Flight\Code\UAVX-GKE\menu.c:202:Warning [2054] suspicious pointer conversion
C:\Flight\Code\UAVX-GKE\menu.c:203:Warning [2054] suspicious pointer conversion
C:\Flight\Code\UAVX-GKE\menu.c:204:Warning [2054] suspicious pointer conversion
C:\Flight\Code\UAVX-GKE\menu.c:205:Warning [2054] suspicious pointer conversion
C:\Flight\Code\UAVX-GKE\menu.c:219:Warning [2054] suspicious pointer conversion
C:\Flight\Code\UAVX-GKE\menu.c:229:Warning [2054] suspicious pointer conversion
C:\Flight\Code\UAVX-GKE\menu.c:231:Warning [2054] suspicious pointer conversion
C:\Flight\Code\UAVX-GKE\menu.c:233:Warning [2054] suspicious pointer conversion
C:\Flight\Code\UAVX-GKE\menu.c:236:Warning [2054] suspicious pointer conversion
C:\Flight\Code\UAVX-GKE\menu.c:240:Warning [2054] suspicious pointer conversion
C:\Flight\Code\UAVX-GKE\menu.c:242:Warning [2054] suspicious pointer conversion
C:\Flight\Code\UAVX-GKE\menu.c:244:Warning [2054] suspicious pointer conversion
C:\Flight\Code\UAVX-GKE\menu.c:247:Warning [2054] suspicious pointer conversion
C:\Flight\Code\UAVX-GKE\menu.c:249:Warning [2054] suspicious pointer conversion
C:\Flight\Code\UAVX-GKE\menu.c:252:Warning [2054] suspicious pointer conversion
C:\Flight\Code\UAVX-GKE\menu.c:254:Warning [2054] suspicious pointer conversion
C:\Flight\Code\UAVX-GKE\menu.c:256:Warning [2054] suspicious pointer conversion
C:\Flight\Code\UAVX-GKE\menu.c:258:Warning [2054] suspicious pointer conversion
C:\Flight\Code\UAVX-GKE\menu.c:260:Warning [2054] suspicious pointer conversion
C:\Flight\Code\UAVX-GKE\menu.c:266:Warning [2054] suspicious pointer conversion
C:\Flight\Code\UAVX-GKE\menu.c:269:Warning [2054] suspicious pointer conversion
C:\Flight\Code\UAVX-GKE\menu.c:271:Warning [2054] suspicious pointer conversion
C:\Flight\Code\UAVX-GKE\menu.c:274:Warning [2054] suspicious pointer conversion
C:\Flight\Code\UAVX-GKE\menu.c:277:Warning [2054] suspicious pointer conversion
C:\Flight\Code\UAVX-GKE\menu.c:280:Warning [2054] suspicious pointer conversion
C:\Flight\Code\UAVX-GKE\menu.c:283:Warning [2054] suspicious pointer conversion
C:\Flight\Code\UAVX-GKE\menu.c:286:Warning [2054] suspicious pointer conversion
C:\Flight\Code\UAVX-GKE\menu.c:288:Warning [2054] suspicious pointer conversion
C:\Flight\Code\UAVX-GKE\menu.c:291:Warning [2054] suspicious pointer conversion
C:\Flight\Code\UAVX-GKE\menu.c:294:Warning [2054] suspicious pointer conversion
C:\Flight\Code\UAVX-GKE\menu.c:313:Warning [2058] call of function without prototype
C:\Flight\Code\UAVX-GKE\menu.c:314:Warning [2058] call of function without prototype
C:\Flight\Code\UAVX-GKE\menu.c:328:Warning [2054] suspicious pointer conversion
C:\Flight\Code\UAVX-GKE\menu.c:333:Warning [2054] suspicious pointer conversion
C:\Flight\Code\UAVX-GKE\menu.c:335:Warning [2054] suspicious pointer conversion
C:\Flight\Code\UAVX-GKE\menu.c:343:Warning [2054] suspicious pointer conversion
C:\Flight\Code\UAVX-GKE\menu.c:352:Warning [2054] suspicious pointer conversion
C:\Flight\Code\UAVX-GKE\menu.c:375:Warning [2054] suspicious pointer conversion
C:\Flight\Code\UAVX-GKE\menu.c:378:Warning [2054] suspicious pointer conversion
C:\Flight\Code\UAVX-GKE\menu.c:381:Warning [2054] suspicious pointer conversion
C:\Flight\Code\UAVX-GKE\menu.c:399:Warning [2054] suspicious pointer conversion
C:\Flight\Code\UAVX-GKE\menu.c:400:Warning [2054] suspicious pointer conversion
C:\Flight\Code\UAVX-GKE\menu.c:401:Warning [2054] suspicious pointer conversion
C:\Flight\Code\UAVX-GKE\menu.c:402:Warning [2054] suspicious pointer conversion
C:\Flight\Code\UAVX-GKE\menu.c:403:Warning [2054] suspicious pointer conversion
C:\Flight\Code\UAVX-GKE\menu.c:404:Warning [2054] suspicious pointer conversion
C:\Flight\Code\UAVX-GKE\menu.c:405:Warning [2054] suspicious pointer conversion
