Starting makeall uavp 
MPLAB C18 v3.36 (evaluation)
Copyright 2000-2010 Microchip Technology Inc.
Days remaining until evaluation becomes feature limited:  22
MPLAB C18 v3.36 (evaluation)
Copyright 2000-2010 Microchip Technology Inc.
Days remaining until evaluation becomes feature limited:  22
C:\Flight\Code\UAVX-GKE\stats.c:79:Warning [2054] suspicious pointer conversion
C:\Flight\Code\UAVX-GKE\stats.c:83:Warning [2054] suspicious pointer conversion
C:\Flight\Code\UAVX-GKE\stats.c:86:Warning [2054] suspicious pointer conversion
C:\Flight\Code\UAVX-GKE\stats.c:87:Warning [2054] suspicious pointer conversion
C:\Flight\Code\UAVX-GKE\stats.c:88:Warning [2054] suspicious pointer conversion
C:\Flight\Code\UAVX-GKE\stats.c:89:Warning [2054] suspicious pointer conversion
C:\Flight\Code\UAVX-GKE\stats.c:90:Warning [2054] suspicious pointer conversion
C:\Flight\Code\UAVX-GKE\stats.c:91:Warning [2054] suspicious pointer conversion
C:\Flight\Code\UAVX-GKE\stats.c:92:Warning [2054] suspicious pointer conversion
C:\Flight\Code\UAVX-GKE\stats.c:95:Warning [2054] suspicious pointer conversion
C:\Flight\Code\UAVX-GKE\stats.c:97:Warning [2054] suspicious pointer conversion
C:\Flight\Code\UAVX-GKE\stats.c:98:Warning [2054] suspicious pointer conversion
C:\Flight\Code\UAVX-GKE\stats.c:100:Warning [2054] suspicious pointer conversion
C:\Flight\Code\UAVX-GKE\stats.c:101:Warning [2054] suspicious pointer conversion
C:\Flight\Code\UAVX-GKE\stats.c:101:Warning [2054] suspicious pointer conversion
C:\Flight\Code\UAVX-GKE\stats.c:104:Warning [2054] suspicious pointer conversion
C:\Flight\Code\UAVX-GKE\stats.c:105:Warning [2054] suspicious pointer conversion
C:\Flight\Code\UAVX-GKE\stats.c:110:Warning [2054] suspicious pointer conversion
C:\Flight\Code\UAVX-GKE\stats.c:111:Warning [2054] suspicious pointer conversion
C:\Flight\Code\UAVX-GKE\stats.c:114:Warning [2054] suspicious pointer conversion
C:\Flight\Code\UAVX-GKE\stats.c:115:Warning [2054] suspicious pointer conversion
C:\Flight\Code\UAVX-GKE\stats.c:115:Warning [2054] suspicious pointer conversion
C:\Flight\Code\UAVX-GKE\stats.c:117:Warning [2054] suspicious pointer conversion
C:\Flight\Code\UAVX-GKE\stats.c:117:Warning [2054] suspicious pointer conversion
C:\Flight\Code\UAVX-GKE\stats.c:122:Warning [2054] suspicious pointer conversion
C:\Flight\Code\UAVX-GKE\stats.c:128:Warning [2054] suspicious pointer conversion
C:\Flight\Code\UAVX-GKE\stats.c:133:Warning [2054] suspicious pointer conversion
C:\Flight\Code\UAVX-GKE\stats.c:135:Warning [2054] suspicious pointer conversion
MPLAB C18 v3.36 (evaluation)
Copyright 2000-2010 Microchip Technology Inc.
Days remaining until evaluation becomes feature limited:  22
MPLAB C18 v3.36 (evaluation)
Copyright 2000-2010 Microchip Technology Inc.
Days remaining until evaluation becomes feature limited:  22
MPLAB C18 v3.36 (evaluation)
Copyright 2000-2010 Microchip Technology Inc.
Days remaining until evaluation becomes feature limited:  22
C:\Flight\Code\UAVX-GKE\params.c:196:Warning [2054] suspicious pointer conversion
C:\Flight\Code\UAVX-GKE\params.c:197:Warning [2054] suspicious pointer conversion
MPLAB C18 v3.36 (evaluation)
Copyright 2000-2010 Microchip Technology Inc.
Days remaining until evaluation becomes feature limited:  22
MPLAB C18 v3.36 (evaluation)
Copyright 2000-2010 Microchip Technology Inc.
Days remaining until evaluation becomes feature limited:  22
MPLAB C18 v3.36 (evaluation)
Copyright 2000-2010 Microchip Technology Inc.
Days remaining until evaluation becomes feature limited:  22
MPLAB C18 v3.36 (evaluation)
Copyright 2000-2010 Microchip Technology Inc.
Days remaining until evaluation becomes feature limited:  22
MPLAB C18 v3.36 (evaluation)
Copyright 2000-2010 Microchip Technology Inc.
Days remaining until evaluation becomes feature limited:  22
C:\Flight\Code\UAVX-GKE\menu.c:77:Warning [2054] suspicious pointer conversion
C:\Flight\Code\UAVX-GKE\menu.c:84:Warning [2054] suspicious pointer conversion
C:\Flight\Code\UAVX-GKE\menu.c:86:Warning [2054] suspicious pointer conversion
C:\Flight\Code\UAVX-GKE\menu.c:88:Warning [2054] suspicious pointer conversion
C:\Flight\Code\UAVX-GKE\menu.c:106:Warning [2054] suspicious pointer conversion
C:\Flight\Code\UAVX-GKE\menu.c:111:Warning [2054] suspicious pointer conversion
C:\Flight\Code\UAVX-GKE\menu.c:113:Warning [2054] suspicious pointer conversion
C:\Flight\Code\UAVX-GKE\menu.c:114:Warning [2054] suspicious pointer conversion
C:\Flight\Code\UAVX-GKE\menu.c:115:Warning [2054] suspicious pointer conversion
C:\Flight\Code\UAVX-GKE\menu.c:116:Warning [2054] suspicious pointer conversion
C:\Flight\Code\UAVX-GKE\menu.c:117:Warning [2054] suspicious pointer conversion
C:\Flight\Code\UAVX-GKE\menu.c:118:Warning [2054] suspicious pointer conversion
C:\Flight\Code\UAVX-GKE\menu.c:119:Warning [2054] suspicious pointer conversion
C:\Flight\Code\UAVX-GKE\menu.c:124:Warning [2054] suspicious pointer conversion
C:\Flight\Code\UAVX-GKE\menu.c:126:Warning [2054] suspicious pointer conversion
C:\Flight\Code\UAVX-GKE\menu.c:129:Warning [2054] suspicious pointer conversion
C:\Flight\Code\UAVX-GKE\menu.c:131:Warning [2054] suspicious pointer conversion
C:\Flight\Code\UAVX-GKE\menu.c:132:Warning [2054] suspicious pointer conversion
C:\Flight\Code\UAVX-GKE\menu.c:133:Warning [2054] suspicious pointer conversion
C:\Flight\Code\UAVX-GKE\menu.c:134:Warning [2054] suspicious pointer conversion
C:\Flight\Code\UAVX-GKE\menu.c:138:Warning [2054] suspicious pointer conversion
C:\Flight\Code\UAVX-GKE\menu.c:140:Warning [2054] suspicious pointer conversion
C:\Flight\Code\UAVX-GKE\menu.c:143:Warning [2054] suspicious pointer conversion
C:\Flight\Code\UAVX-GKE\menu.c:152:Warning [2054] suspicious pointer conversion
C:\Flight\Code\UAVX-GKE\menu.c:153:Warning [2054] suspicious pointer conversion
C:\Flight\Code\UAVX-GKE\menu.c:154:Warning [2054] suspicious pointer conversion
C:\Flight\Code\UAVX-GKE\menu.c:155:Warning [2054] suspicious pointer conversion
C:\Flight\Code\UAVX-GKE\menu.c:156:Warning [2054] suspicious pointer conversion
C:\Flight\Code\UAVX-GKE\menu.c:159:Warning [2054] suspicious pointer conversion
C:\Flight\Code\UAVX-GKE\menu.c:161:Warning [2054] suspicious pointer conversion
C:\Flight\Code\UAVX-GKE\menu.c:162:Warning [2054] suspicious pointer conversion
C:\Flight\Code\UAVX-GKE\menu.c:163:Warning [2054] suspicious pointer conversion
C:\Flight\Code\UAVX-GKE\menu.c:164:Warning [2054] suspicious pointer conversion
C:\Flight\Code\UAVX-GKE\menu.c:165:Warning [2054] suspicious pointer conversion
C:\Flight\Code\UAVX-GKE\menu.c:169:Warning [2054] suspicious pointer conversion
C:\Flight\Code\UAVX-GKE\menu.c:171:Warning [2054] suspicious pointer conversion
C:\Flight\Code\UAVX-GKE\menu.c:172:Warning [2054] suspicious pointer conversion
C:\Flight\Code\UAVX-GKE\menu.c:173:Warning [2054] suspicious pointer conversion
C:\Flight\Code\UAVX-GKE\menu.c:174:Warning [2054] suspicious pointer conversion
C:\Flight\Code\UAVX-GKE\menu.c:181:Warning [2054] suspicious pointer conversion
C:\Flight\Code\UAVX-GKE\menu.c:183:Warning [2054] suspicious pointer conversion
C:\Flight\Code\UAVX-GKE\menu.c:184:Warning [2054] suspicious pointer conversion
C:\Flight\Code\UAVX-GKE\menu.c:192:Warning [2054] suspicious pointer conversion
C:\Flight\Code\UAVX-GKE\menu.c:195:Warning [2054] suspicious pointer conversion
C:\Flight\Code\UAVX-GKE\menu.c:196:Warning [2054] suspicious pointer conversion
C:\Flight\Code\UAVX-GKE\menu.c:197:Warning [2054] suspicious pointer conversion
C:\Flight\Code\UAVX-GKE\menu.c:198:Warning [2054] suspicious pointer conversion
C:\Flight\Code\UAVX-GKE\menu.c:199:Warning [2054] suspicious pointer conversion
C:\Flight\Code\UAVX-GKE\menu.c:200:Warning [2054] suspicious pointer conversion
C:\Flight\Code\UAVX-GKE\menu.c:201:Warning [2054] suspicious pointer conversion
C:\Flight\Code\UAVX-GKE\menu.c:202:Warning [2054] suspicious pointer conversion
C:\Flight\Code\UAVX-GKE\menu.c:203:Warning [2054] suspicious pointer conversion
C:\Flight\Code\UAVX-GKE\menu.c:204:Warning [2054] suspicious pointer conversion
C:\Flight\Code\UAVX-GKE\menu.c:205:Warning [2054] suspicious pointer conversion
C:\Flight\Code\UAVX-GKE\menu.c:206:Warning [2054] suspicious pointer conversion
C:\Flight\Code\UAVX-GKE\menu.c:207:Warning [2054] suspicious pointer conversion
C:\Flight\Code\UAVX-GKE\menu.c:208:Warning [2054] suspicious pointer conversion
C:\Flight\Code\UAVX-GKE\menu.c:209:Warning [2054] suspicious pointer conversion
C:\Flight\Code\UAVX-GKE\menu.c:219:Warning [2054] suspicious pointer conversion
C:\Flight\Code\UAVX-GKE\menu.c:229:Warning [2054] suspicious pointer conversion
C:\Flight\Code\UAVX-GKE\menu.c:231:Warning [2054] suspicious pointer conversion
C:\Flight\Code\UAVX-GKE\menu.c:233:Warning [2054] suspicious pointer conversion
C:\Flight\Code\UAVX-GKE\menu.c:236:Warning [2054] suspicious pointer conversion
C:\Flight\Code\UAVX-GKE\menu.c:240:Warning [2054] suspicious pointer conversion
C:\Flight\Code\UAVX-GKE\menu.c:242:Warning [2054] suspicious pointer conversion
C:\Flight\Code\UAVX-GKE\menu.c:244:Warning [2054] suspicious pointer conversion
C:\Flight\Code\UAVX-GKE\menu.c:246:Warning [2054] suspicious pointer conversion
C:\Flight\Code\UAVX-GKE\menu.c:248:Warning [2054] suspicious pointer conversion
C:\Flight\Code\UAVX-GKE\menu.c:251:Warning [2054] suspicious pointer conversion
C:\Flight\Code\UAVX-GKE\menu.c:253:Warning [2054] suspicious pointer conversion
C:\Flight\Code\UAVX-GKE\menu.c:256:Warning [2054] suspicious pointer conversion
C:\Flight\Code\UAVX-GKE\menu.c:258:Warning [2054] suspicious pointer conversion
C:\Flight\Code\UAVX-GKE\menu.c:260:Warning [2054] suspicious pointer conversion
C:\Flight\Code\UAVX-GKE\menu.c:266:Warning [2054] suspicious pointer conversion
C:\Flight\Code\UAVX-GKE\menu.c:269:Warning [2054] suspicious pointer conversion
C:\Flight\Code\UAVX-GKE\menu.c:271:Warning [2054] suspicious pointer conversion
C:\Flight\Code\UAVX-GKE\menu.c:275:Warning [2054] suspicious pointer conversion
C:\Flight\Code\UAVX-GKE\menu.c:277:Warning [2054] suspicious pointer conversion
C:\Flight\Code\UAVX-GKE\menu.c:280:Warning [2054] suspicious pointer conversion
C:\Flight\Code\UAVX-GKE\menu.c:286:Warning [2054] suspicious pointer conversion
C:\Flight\Code\UAVX-GKE\menu.c:290:Warning [2054] suspicious pointer conversion
C:\Flight\Code\UAVX-GKE\menu.c:293:Warning [2054] suspicious pointer conversion
C:\Flight\Code\UAVX-GKE\menu.c:295:Warning [2054] suspicious pointer conversion
C:\Flight\Code\UAVX-GKE\menu.c:298:Warning [2054] suspicious pointer conversion
C:\Flight\Code\UAVX-GKE\menu.c:301:Warning [2054] suspicious pointer conversion
C:\Flight\Code\UAVX-GKE\menu.c:318:Warning [2058] call of function without prototype
C:\Flight\Code\UAVX-GKE\menu.c:319:Warning [2058] call of function without prototype
C:\Flight\Code\UAVX-GKE\menu.c:333:Warning [2054] suspicious pointer conversion
C:\Flight\Code\UAVX-GKE\menu.c:338:Warning [2054] suspicious pointer conversion
C:\Flight\Code\UAVX-GKE\menu.c:340:Warning [2054] suspicious pointer conversion
C:\Flight\Code\UAVX-GKE\menu.c:348:Warning [2054] suspicious pointer conversion
C:\Flight\Code\UAVX-GKE\menu.c:357:Warning [2054] suspicious pointer conversion
C:\Flight\Code\UAVX-GKE\menu.c:380:Warning [2054] suspicious pointer conversion
C:\Flight\Code\UAVX-GKE\menu.c:383:Warning [2054] suspicious pointer conversion
C:\Flight\Code\UAVX-GKE\menu.c:386:Warning [2054] suspicious pointer conversion
C:\Flight\Code\UAVX-GKE\menu.c:404:Warning [2054] suspicious pointer conversion
C:\Flight\Code\UAVX-GKE\menu.c:405:Warning [2054] suspicious pointer conversion
C:\Flight\Code\UAVX-GKE\menu.c:406:Warning [2054] suspicious pointer conversion
C:\Flight\Code\UAVX-GKE\menu.c:407:Warning [2054] suspicious pointer conversion
C:\Flight\Code\UAVX-GKE\menu.c:408:Warning [2054] suspicious pointer conversion
C:\Flight\Code\UAVX-GKE\menu.c:409:Warning [2054] suspicious pointer conversion
C:\Flight\Code\UAVX-GKE\menu.c:410:Warning [2054] suspicious pointer conversion
MPLAB C18 v3.36 (evaluation)
Copyright 2000-2010 Microchip Technology Inc.
Days remaining until evaluation becomes feature limited:  22
MPLAB C18 v3.36 (evaluation)
Copyright 2000-2010 Microchip Technology Inc.
Days remaining until evaluation becomes feature limited:  22
MPLAB C18 v3.36 (evaluation)
Copyright 2000-2010 Microchip Technology Inc.
Days remaining until evaluation becomes feature limited:  22
MPLAB C18 v3.36 (evaluation)
Copyright 2000-2010 Microchip Technology Inc.
Days remaining until evaluation becomes feature limited:  22
MPLAB C18 v3.36 (evaluation)
Copyright 2000-2010 Microchip Technology Inc.
Days remaining until evaluation becomes feature limited:  22
C:\Flight\Code\UAVX-GKE\tests.c:176:Warning [2054] suspicious pointer conversion
C:\Flight\Code\UAVX-GKE\tests.c:180:Warning [2054] suspicious pointer conversion
C:\Flight\Code\UAVX-GKE\tests.c:182:Warning [2054] suspicious pointer conversion
MPLAB C18 v3.36 (evaluation)
Copyright 2000-2010 Microchip Technology Inc.
Days remaining until evaluation becomes feature limited:  22
MPLAB C18 v3.36 (evaluation)
Copyright 2000-2010 Microchip Technology Inc.
Days remaining until evaluation becomes feature limited:  22
MPLAB C18 v3.36 (evaluation)
Copyright 2000-2010 Microchip Technology Inc.
Days remaining until evaluation becomes feature limited:  22
MPLAB C18 v3.36 (evaluation)
Copyright 2000-2010 Microchip Technology Inc.
Days remaining until evaluation becomes feature limited:  22
MPLAB C18 v3.36 (evaluation)
Copyright 2000-2010 Microchip Technology Inc.
Days remaining until evaluation becomes feature limited:  22
MPLAB C18 v3.36 (evaluation)
Copyright 2000-2010 Microchip Technology Inc.
Days remaining until evaluation becomes feature limited:  22
MPLAB C18 v3.36 (evaluation)
Copyright 2000-2010 Microchip Technology Inc.
Days remaining until evaluation becomes feature limited:  22
MPLAB C18 v3.36 (evaluation)
Copyright 2000-2010 Microchip Technology Inc.
Days remaining until evaluation becomes feature limited:  22
MPLAB C18 v3.36 (evaluation)
Copyright 2000-2010 Microchip Technology Inc.
Days remaining until evaluation becomes feature limited:  22
MPLAB C18 v3.36 (evaluation)
Copyright 2000-2010 Microchip Technology Inc.
Days remaining until evaluation becomes feature limited:  22
MPLINK 4.37, Linker
Copyright (c) 1998-2010 Microchip Technology Inc.
Errors    : 0

MP2HEX 4.37, COFF to HEX File Converter
Copyright (c) 1998-2010 Microchip Technology Inc.
Errors    : 0

MPLAB C18 v3.36 (evaluation)
Copyright 2000-2010 Microchip Technology Inc.
Days remaining until evaluation becomes feature limited:  22
MPLAB C18 v3.36 (evaluation)
Copyright 2000-2010 Microchip Technology Inc.
Days remaining until evaluation becomes feature limited:  22
C:\Flight\Code\UAVX-GKE\stats.c:79:Warning [2054] suspicious pointer conversion
C:\Flight\Code\UAVX-GKE\stats.c:83:Warning [2054] suspicious pointer conversion
C:\Flight\Code\UAVX-GKE\stats.c:86:Warning [2054] suspicious pointer conversion
C:\Flight\Code\UAVX-GKE\stats.c:87:Warning [2054] suspicious pointer conversion
C:\Flight\Code\UAVX-GKE\stats.c:88:Warning [2054] suspicious pointer conversion
C:\Flight\Code\UAVX-GKE\stats.c:89:Warning [2054] suspicious pointer conversion
C:\Flight\Code\UAVX-GKE\stats.c:90:Warning [2054] suspicious pointer conversion
C:\Flight\Code\UAVX-GKE\stats.c:91:Warning [2054] suspicious pointer conversion
C:\Flight\Code\UAVX-GKE\stats.c:92:Warning [2054] suspicious pointer conversion
C:\Flight\Code\UAVX-GKE\stats.c:95:Warning [2054] suspicious pointer conversion
C:\Flight\Code\UAVX-GKE\stats.c:97:Warning [2054] suspicious pointer conversion
C:\Flight\Code\UAVX-GKE\stats.c:98:Warning [2054] suspicious pointer conversion
C:\Flight\Code\UAVX-GKE\stats.c:100:Warning [2054] suspicious pointer conversion
C:\Flight\Code\UAVX-GKE\stats.c:101:Warning [2054] suspicious pointer conversion
C:\Flight\Code\UAVX-GKE\stats.c:101:Warning [2054] suspicious pointer conversion
C:\Flight\Code\UAVX-GKE\stats.c:104:Warning [2054] suspicious pointer conversion
C:\Flight\Code\UAVX-GKE\stats.c:105:Warning [2054] suspicious pointer conversion
C:\Flight\Code\UAVX-GKE\stats.c:110:Warning [2054] suspicious pointer conversion
C:\Flight\Code\UAVX-GKE\stats.c:111:Warning [2054] suspicious pointer conversion
C:\Flight\Code\UAVX-GKE\stats.c:114:Warning [2054] suspicious pointer conversion
C:\Flight\Code\UAVX-GKE\stats.c:115:Warning [2054] suspicious pointer conversion
C:\Flight\Code\UAVX-GKE\stats.c:115:Warning [2054] suspicious pointer conversion
C:\Flight\Code\UAVX-GKE\stats.c:117:Warning [2054] suspicious pointer conversion
C:\Flight\Code\UAVX-GKE\stats.c:117:Warning [2054] suspicious pointer conversion
C:\Flight\Code\UAVX-GKE\stats.c:122:Warning [2054] suspicious pointer conversion
C:\Flight\Code\UAVX-GKE\stats.c:128:Warning [2054] suspicious pointer conversion
C:\Flight\Code\UAVX-GKE\stats.c:133:Warning [2054] suspicious pointer conversion
C:\Flight\Code\UAVX-GKE\stats.c:135:Warning [2054] suspicious pointer conversion
MPLAB C18 v3.36 (evaluation)
Copyright 2000-2010 Microchip Technology Inc.
Days remaining until evaluation becomes feature limited:  22
MPLAB C18 v3.36 (evaluation)
Copyright 2000-2010 Microchip Technology Inc.
Days remaining until evaluation becomes feature limited:  22
MPLAB C18 v3.36 (evaluation)
Copyright 2000-2010 Microchip Technology Inc.
Days remaining until evaluation becomes feature limited:  22
C:\Flight\Code\UAVX-GKE\params.c:196:Warning [2054] suspicious pointer conversion
C:\Flight\Code\UAVX-GKE\params.c:197:Warning [2054] suspicious pointer conversion
MPLAB C18 v3.36 (evaluation)
Copyright 2000-2010 Microchip Technology Inc.
Days remaining until evaluation becomes feature limited:  22
MPLAB C18 v3.36 (evaluation)
Copyright 2000-2010 Microchip Technology Inc.
Days remaining until evaluation becomes feature limited:  22
MPLAB C18 v3.36 (evaluation)
Copyright 2000-2010 Microchip Technology Inc.
Days remaining until evaluation becomes feature limited:  22
MPLAB C18 v3.36 (evaluation)
Copyright 2000-2010 Microchip Technology Inc.
Days remaining until evaluation becomes feature limited:  22
MPLAB C18 v3.36 (evaluation)
Copyright 2000-2010 Microchip Technology Inc.
Days remaining until evaluation becomes feature limited:  22
C:\Flight\Code\UAVX-GKE\menu.c:77:Warning [2054] suspicious pointer conversion
C:\Flight\Code\UAVX-GKE\menu.c:84:Warning [2054] suspicious pointer conversion
C:\Flight\Code\UAVX-GKE\menu.c:86:Warning [2054] suspicious pointer conversion
C:\Flight\Code\UAVX-GKE\menu.c:88:Warning [2054] suspicious pointer conversion
C:\Flight\Code\UAVX-GKE\menu.c:102:Warning [2054] suspicious pointer conversion
C:\Flight\Code\UAVX-GKE\menu.c:106:Warning [2054] suspicious pointer conversion
C:\Flight\Code\UAVX-GKE\menu.c:111:Warning [2054] suspicious pointer conversion
C:\Flight\Code\UAVX-GKE\menu.c:113:Warning [2054] suspicious pointer conversion
C:\Flight\Code\UAVX-GKE\menu.c:114:Warning [2054] suspicious pointer conversion
C:\Flight\Code\UAVX-GKE\menu.c:115:Warning [2054] suspicious pointer conversion
C:\Flight\Code\UAVX-GKE\menu.c:116:Warning [2054] suspicious pointer conversion
C:\Flight\Code\UAVX-GKE\menu.c:117:Warning [2054] suspicious pointer conversion
C:\Flight\Code\UAVX-GKE\menu.c:118:Warning [2054] suspicious pointer conversion
C:\Flight\Code\UAVX-GKE\menu.c:119:Warning [2054] suspicious pointer conversion
C:\Flight\Code\UAVX-GKE\menu.c:124:Warning [2054] suspicious pointer conversion
C:\Flight\Code\UAVX-GKE\menu.c:126:Warning [2054] suspicious pointer conversion
C:\Flight\Code\UAVX-GKE\menu.c:129:Warning [2054] suspicious pointer conversion
C:\Flight\Code\UAVX-GKE\menu.c:131:Warning [2054] suspicious pointer conversion
C:\Flight\Code\UAVX-GKE\menu.c:132:Warning [2054] suspicious pointer conversion
C:\Flight\Code\UAVX-GKE\menu.c:133:Warning [2054] suspicious pointer conversion
C:\Flight\Code\UAVX-GKE\menu.c:134:Warning [2054] suspicious pointer conversion
C:\Flight\Code\UAVX-GKE\menu.c:138:Warning [2054] suspicious pointer conversion
C:\Flight\Code\UAVX-GKE\menu.c:140:Warning [2054] suspicious pointer conversion
C:\Flight\Code\UAVX-GKE\menu.c:143:Warning [2054] suspicious pointer conversion
C:\Flight\Code\UAVX-GKE\menu.c:145:Warning [2054] suspicious pointer conversion
C:\Flight\Code\UAVX-GKE\menu.c:147:Warning [2054] suspicious pointer conversion
C:\Flight\Code\UAVX-GKE\menu.c:149:Warning [2054] suspicious pointer conversion
C:\Flight\Code\UAVX-GKE\menu.c:169:Warning [2054] suspicious pointer conversion
C:\Flight\Code\UAVX-GKE\menu.c:171:Warning [2054] suspicious pointer conversion
C:\Flight\Code\UAVX-GKE\menu.c:172:Warning [2054] suspicious pointer conversion
C:\Flight\Code\UAVX-GKE\menu.c:173:Warning [2054] suspicious pointer conversion
C:\Flight\Code\UAVX-GKE\menu.c:174:Warning [2054] suspicious pointer conversion
C:\Flight\Code\UAVX-GKE\menu.c:181:Warning [2054] suspicious pointer conversion
C:\Flight\Code\UAVX-GKE\menu.c:183:Warning [2054] suspicious pointer conversion
C:\Flight\Code\UAVX-GKE\menu.c:184:Warning [2054] suspicious pointer conversion
C:\Flight\Code\UAVX-GKE\menu.c:192:Warning [2054] suspicious pointer conversion
C:\Flight\Code\UAVX-GKE\menu.c:195:Warning [2054] suspicious pointer conversion
C:\Flight\Code\UAVX-GKE\menu.c:196:Warning [2054] suspicious pointer conversion
C:\Flight\Code\UAVX-GKE\menu.c:197:Warning [2054] suspicious pointer conversion
C:\Flight\Code\UAVX-GKE\menu.c:198:Warning [2054] suspicious pointer conversion
C:\Flight\Code\UAVX-GKE\menu.c:199:Warning [2054] suspicious pointer conversion
C:\Flight\Code\UAVX-GKE\menu.c:200:Warning [2054] suspicious pointer conversion
C:\Flight\Code\UAVX-GKE\menu.c:201:Warning [2054] suspicious pointer conversion
C:\Flight\Code\UAVX-GKE\menu.c:202:Warning [2054] suspicious pointer conversion
C:\Flight\Code\UAVX-GKE\menu.c:203:Warning [2054] suspicious pointer conversion
C:\Flight\Code\UAVX-GKE\menu.c:204:Warning [2054] suspicious pointer conversion
C:\Flight\Code\UAVX-GKE\menu.c:205:Warning [2054] suspicious pointer conversion
C:\Flight\Code\UAVX-GKE\menu.c:206:Warning [2054] suspicious pointer conversion
C:\Flight\Code\UAVX-GKE\menu.c:207:Warning [2054] suspicious pointer conversion
C:\Flight\Code\UAVX-GKE\menu.c:208:Warning [2054] suspicious pointer conversion
C:\Flight\Code\UAVX-GKE\menu.c:209:Warning [2054] suspicious pointer conversion
C:\Flight\Code\UAVX-GKE\menu.c:219:Warning [2054] suspicious pointer conversion
C:\Flight\Code\UAVX-GKE\menu.c:229:Warning [2054] suspicious pointer conversion
C:\Flight\Code\UAVX-GKE\menu.c:231:Warning [2054] suspicious pointer conversion
C:\Flight\Code\UAVX-GKE\menu.c:233:Warning [2054] suspicious pointer conversion
C:\Flight\Code\UAVX-GKE\menu.c:236:Warning [2054] suspicious pointer conversion
C:\Flight\Code\UAVX-GKE\menu.c:240:Warning [2054] suspicious pointer conversion
C:\Flight\Code\UAVX-GKE\menu.c:242:Warning [2054] suspicious pointer conversion
C:\Flight\Code\UAVX-GKE\menu.c:244:Warning [2054] suspicious pointer conversion
C:\Flight\Code\UAVX-GKE\menu.c:246:Warning [2054] suspicious pointer conversion
C:\Flight\Code\UAVX-GKE\menu.c:248:Warning [2054] suspicious pointer conversion
C:\Flight\Code\UAVX-GKE\menu.c:251:Warning [2054] suspicious pointer conversion
C:\Flight\Code\UAVX-GKE\menu.c:253:Warning [2054] suspicious pointer conversion
C:\Flight\Code\UAVX-GKE\menu.c:256:Warning [2054] suspicious pointer conversion
C:\Flight\Code\UAVX-GKE\menu.c:258:Warning [2054] suspicious pointer conversion
C:\Flight\Code\UAVX-GKE\menu.c:260:Warning [2054] suspicious pointer conversion
C:\Flight\Code\UAVX-GKE\menu.c:266:Warning [2054] suspicious pointer conversion
C:\Flight\Code\UAVX-GKE\menu.c:269:Warning [2054] suspicious pointer conversion
C:\Flight\Code\UAVX-GKE\menu.c:271:Warning [2054] suspicious pointer conversion
C:\Flight\Code\UAVX-GKE\menu.c:275:Warning [2054] suspicious pointer conversion
C:\Flight\Code\UAVX-GKE\menu.c:277:Warning [2054] suspicious pointer conversion
C:\Flight\Code\UAVX-GKE\menu.c:280:Warning [2054] suspicious pointer conversion
C:\Flight\Code\UAVX-GKE\menu.c:286:Warning [2054] suspicious pointer conversion
C:\Flight\Code\UAVX-GKE\menu.c:290:Warning [2054] suspicious pointer conversion
C:\Flight\Code\UAVX-GKE\menu.c:293:Warning [2054] suspicious pointer conversion
C:\Flight\Code\UAVX-GKE\menu.c:295:Warning [2054] suspicious pointer conversion
C:\Flight\Code\UAVX-GKE\menu.c:298:Warning [2054] suspicious pointer conversion
C:\Flight\Code\UAVX-GKE\menu.c:301:Warning [2054] suspicious pointer conversion
C:\Flight\Code\UAVX-GKE\menu.c:318:Warning [2058] call of function without prototype
C:\Flight\Code\UAVX-GKE\menu.c:319:Warning [2058] call of function without prototype
C:\Flight\Code\UAVX-GKE\menu.c:333:Warning [2054] suspicious pointer conversion
C:\Flight\Code\UAVX-GKE\menu.c:338:Warning [2054] suspicious pointer conversion
C:\Flight\Code\UAVX-GKE\menu.c:340:Warning [2054] suspicious pointer conversion
C:\Flight\Code\UAVX-GKE\menu.c:348:Warning [2054] suspicious pointer conversion
C:\Flight\Code\UAVX-GKE\menu.c:357:Warning [2054] suspicious pointer conversion
C:\Flight\Code\UAVX-GKE\menu.c:380:Warning [2054] suspicious pointer conversion
C:\Flight\Code\UAVX-GKE\menu.c:383:Warning [2054] suspicious pointer conversion
C:\Flight\Code\UAVX-GKE\menu.c:386:Warning [2054] suspicious pointer conversion
C:\Flight\Code\UAVX-GKE\menu.c:404:Warning [2054] suspicious pointer conversion
C:\Flight\Code\UAVX-GKE\menu.c:405:Warning [2054] suspicious pointer conversion
C:\Flight\Code\UAVX-GKE\menu.c:406:Warning [2054] suspicious pointer conversion
C:\Flight\Code\UAVX-GKE\menu.c:407:Warning [2054] suspicious pointer conversion
C:\Flight\Code\UAVX-GKE\menu.c:408:Warning [2054] suspicious pointer conversion
C:\Flight\Code\UAVX-GKE\menu.c:409:Warning [2054] suspicious pointer conversion
C:\Flight\Code\UAVX-GKE\menu.c:410:Warning [2054] suspicious pointer conversion
MPLAB C18 v3.36 (evaluation)
Copyright 2000-2010 Microchip Technology Inc.
Days remaining until evaluation becomes feature limited:  22
MPLAB C18 v3.36 (evaluation)
Copyright 2000-2010 Microchip Technology Inc.
Days remaining until evaluation becomes feature limited:  22
MPLAB C18 v3.36 (evaluation)
Copyright 2000-2010 Microchip Technology Inc.
Days remaining until evaluation becomes feature limited:  22
MPLAB C18 v3.36 (evaluation)
Copyright 2000-2010 Microchip Technology Inc.
Days remaining until evaluation becomes feature limited:  22
MPLAB C18 v3.36 (evaluation)
Copyright 2000-2010 Microchip Technology Inc.
Days remaining until evaluation becomes feature limited:  22
C:\Flight\Code\UAVX-GKE\tests.c:176:Warning [2054] suspicious pointer conversion
C:\Flight\Code\UAVX-GKE\tests.c:180:Warning [2054] suspicious pointer conversion
C:\Flight\Code\UAVX-GKE\tests.c:182:Warning [2054] suspicious pointer conversion
MPLAB C18 v3.36 (evaluation)
Copyright 2000-2010 Microchip Technology Inc.
Days remaining until evaluation becomes feature limited:  22
MPLAB C18 v3.36 (evaluation)
Copyright 2000-2010 Microchip Technology Inc.
Days remaining until evaluation becomes feature limited:  22
MPLAB C18 v3.36 (evaluation)
Copyright 2000-2010 Microchip Technology Inc.
Days remaining until evaluation becomes feature limited:  22
MPLAB C18 v3.36 (evaluation)
Copyright 2000-2010 Microchip Technology Inc.
Days remaining until evaluation becomes feature limited:  22
MPLAB C18 v3.36 (evaluation)
Copyright 2000-2010 Microchip Technology Inc.
Days remaining until evaluation becomes feature limited:  22
MPLAB C18 v3.36 (evaluation)
Copyright 2000-2010 Microchip Technology Inc.
Days remaining until evaluation becomes feature limited:  22
MPLAB C18 v3.36 (evaluation)
Copyright 2000-2010 Microchip Technology Inc.
Days remaining until evaluation becomes feature limited:  22
MPLAB C18 v3.36 (evaluation)
Copyright 2000-2010 Microchip Technology Inc.
Days remaining until evaluation becomes feature limited:  22
MPLAB C18 v3.36 (evaluation)
Copyright 2000-2010 Microchip Technology Inc.
Days remaining until evaluation becomes feature limited:  22
MPLAB C18 v3.36 (evaluation)
Copyright 2000-2010 Microchip Technology Inc.
Days remaining until evaluation becomes feature limited:  22
MPLINK 4.37, Linker
Copyright (c) 1998-2010 Microchip Technology Inc.
Errors    : 0

MP2HEX 4.37, COFF to HEX File Converter
Copyright (c) 1998-2010 Microchip Technology Inc.
Errors    : 0

MPLAB C18 v3.36 (evaluation)
Copyright 2000-2010 Microchip Technology Inc.
Days remaining until evaluation becomes feature limited:  22
MPLAB C18 v3.36 (evaluation)
Copyright 2000-2010 Microchip Technology Inc.
Days remaining until evaluation becomes feature limited:  22
C:\Flight\Code\UAVX-GKE\stats.c:79:Warning [2054] suspicious pointer conversion
C:\Flight\Code\UAVX-GKE\stats.c:83:Warning [2054] suspicious pointer conversion
C:\Flight\Code\UAVX-GKE\stats.c:86:Warning [2054] suspicious pointer conversion
C:\Flight\Code\UAVX-GKE\stats.c:87:Warning [2054] suspicious pointer conversion
C:\Flight\Code\UAVX-GKE\stats.c:88:Warning [2054] suspicious pointer conversion
C:\Flight\Code\UAVX-GKE\stats.c:89:Warning [2054] suspicious pointer conversion
C:\Flight\Code\UAVX-GKE\stats.c:90:Warning [2054] suspicious pointer conversion
C:\Flight\Code\UAVX-GKE\stats.c:91:Warning [2054] suspicious pointer conversion
C:\Flight\Code\UAVX-GKE\stats.c:92:Warning [2054] suspicious pointer conversion
C:\Flight\Code\UAVX-GKE\stats.c:95:Warning [2054] suspicious pointer conversion
C:\Flight\Code\UAVX-GKE\stats.c:97:Warning [2054] suspicious pointer conversion
C:\Flight\Code\UAVX-GKE\stats.c:98:Warning [2054] suspicious pointer conversion
C:\Flight\Code\UAVX-GKE\stats.c:100:Warning [2054] suspicious pointer conversion
C:\Flight\Code\UAVX-GKE\stats.c:101:Warning [2054] suspicious pointer conversion
C:\Flight\Code\UAVX-GKE\stats.c:101:Warning [2054] suspicious pointer conversion
C:\Flight\Code\UAVX-GKE\stats.c:104:Warning [2054] suspicious pointer conversion
C:\Flight\Code\UAVX-GKE\stats.c:105:Warning [2054] suspicious pointer conversion
C:\Flight\Code\UAVX-GKE\stats.c:110:Warning [2054] suspicious pointer conversion
C:\Flight\Code\UAVX-GKE\stats.c:111:Warning [2054] suspicious pointer conversion
C:\Flight\Code\UAVX-GKE\stats.c:114:Warning [2054] suspicious pointer conversion
C:\Flight\Code\UAVX-GKE\stats.c:115:Warning [2054] suspicious pointer conversion
C:\Flight\Code\UAVX-GKE\stats.c:115:Warning [2054] suspicious pointer conversion
C:\Flight\Code\UAVX-GKE\stats.c:117:Warning [2054] suspicious pointer conversion
C:\Flight\Code\UAVX-GKE\stats.c:117:Warning [2054] suspicious pointer conversion
C:\Flight\Code\UAVX-GKE\stats.c:122:Warning [2054] suspicious pointer conversion
C:\Flight\Code\UAVX-GKE\stats.c:128:Warning [2054] suspicious pointer conversion
C:\Flight\Code\UAVX-GKE\stats.c:133:Warning [2054] suspicious pointer conversion
C:\Flight\Code\UAVX-GKE\stats.c:135:Warning [2054] suspicious pointer conversion
MPLAB C18 v3.36 (evaluation)
Copyright 2000-2010 Microchip Technology Inc.
Days remaining until evaluation becomes feature limited:  22
MPLAB C18 v3.36 (evaluation)
Copyright 2000-2010 Microchip Technology Inc.
Days remaining until evaluation becomes feature limited:  22
MPLAB C18 v3.36 (evaluation)
Copyright 2000-2010 Microchip Technology Inc.
Days remaining until evaluation becomes feature limited:  22
C:\Flight\Code\UAVX-GKE\params.c:196:Warning [2054] suspicious pointer conversion
C:\Flight\Code\UAVX-GKE\params.c:197:Warning [2054] suspicious pointer conversion
MPLAB C18 v3.36 (evaluation)
Copyright 2000-2010 Microchip Technology Inc.
Days remaining until evaluation becomes feature limited:  22
MPLAB C18 v3.36 (evaluation)
Copyright 2000-2010 Microchip Technology Inc.
Days remaining until evaluation becomes feature limited:  22
MPLAB C18 v3.36 (evaluation)
Copyright 2000-2010 Microchip Technology Inc.
Days remaining until evaluation becomes feature limited:  22
MPLAB C18 v3.36 (evaluation)
Copyright 2000-2010 Microchip Technology Inc.
Days remaining until evaluation becomes feature limited:  22
MPLAB C18 v3.36 (evaluation)
Copyright 2000-2010 Microchip Technology Inc.
Days remaining until evaluation becomes feature limited:  22
C:\Flight\Code\UAVX-GKE\menu.c:77:Warning [2054] suspicious pointer conversion
C:\Flight\Code\UAVX-GKE\menu.c:84:Warning [2054] suspicious pointer conversion
C:\Flight\Code\UAVX-GKE\menu.c:86:Warning [2054] suspicious pointer conversion
C:\Flight\Code\UAVX-GKE\menu.c:88:Warning [2054] suspicious pointer conversion
C:\Flight\Code\UAVX-GKE\menu.c:106:Warning [2054] suspicious pointer conversion
C:\Flight\Code\UAVX-GKE\menu.c:111:Warning [2054] suspicious pointer conversion
C:\Flight\Code\UAVX-GKE\menu.c:113:Warning [2054] suspicious pointer conversion
C:\Flight\Code\UAVX-GKE\menu.c:114:Warning [2054] suspicious pointer conversion
C:\Flight\Code\UAVX-GKE\menu.c:115:Warning [2054] suspicious pointer conversion
C:\Flight\Code\UAVX-GKE\menu.c:116:Warning [2054] suspicious pointer conversion
C:\Flight\Code\UAVX-GKE\menu.c:117:Warning [2054] suspicious pointer conversion
C:\Flight\Code\UAVX-GKE\menu.c:118:Warning [2054] suspicious pointer conversion
C:\Flight\Code\UAVX-GKE\menu.c:119:Warning [2054] suspicious pointer conversion
C:\Flight\Code\UAVX-GKE\menu.c:124:Warning [2054] suspicious pointer conversion
C:\Flight\Code\UAVX-GKE\menu.c:126:Warning [2054] suspicious pointer conversion
C:\Flight\Code\UAVX-GKE\menu.c:129:Warning [2054] suspicious pointer conversion
C:\Flight\Code\UAVX-GKE\menu.c:131:Warning [2054] suspicious pointer conversion
C:\Flight\Code\UAVX-GKE\menu.c:132:Warning [2054] suspicious pointer conversion
C:\Flight\Code\UAVX-GKE\menu.c:133:Warning [2054] suspicious pointer conversion
C:\Flight\Code\UAVX-GKE\menu.c:134:Warning [2054] suspicious pointer conversion
C:\Flight\Code\UAVX-GKE\menu.c:138:Warning [2054] suspicious pointer conversion
C:\Flight\Code\UAVX-GKE\menu.c:140:Warning [2054] suspicious pointer conversion
C:\Flight\Code\UAVX-GKE\menu.c:143:Warning [2054] suspicious pointer conversion
C:\Flight\Code\UAVX-GKE\menu.c:152:Warning [2054] suspicious pointer conversion
C:\Flight\Code\UAVX-GKE\menu.c:153:Warning [2054] suspicious pointer conversion
C:\Flight\Code\UAVX-GKE\menu.c:154:Warning [2054] suspicious pointer conversion
C:\Flight\Code\UAVX-GKE\menu.c:155:Warning [2054] suspicious pointer conversion
C:\Flight\Code\UAVX-GKE\menu.c:156:Warning [2054] suspicious pointer conversion
C:\Flight\Code\UAVX-GKE\menu.c:159:Warning [2054] suspicious pointer conversion
C:\Flight\Code\UAVX-GKE\menu.c:161:Warning [2054] suspicious pointer conversion
C:\Flight\Code\UAVX-GKE\menu.c:162:Warning [2054] suspicious pointer conversion
C:\Flight\Code\UAVX-GKE\menu.c:163:Warning [2054] suspicious pointer conversion
C:\Flight\Code\UAVX-GKE\menu.c:164:Warning [2054] suspicious pointer conversion
C:\Flight\Code\UAVX-GKE\menu.c:165:Warning [2054] suspicious pointer conversion
C:\Flight\Code\UAVX-GKE\menu.c:169:Warning [2054] suspicious pointer conversion
C:\Flight\Code\UAVX-GKE\menu.c:171:Warning [2054] suspicious pointer conversion
C:\Flight\Code\UAVX-GKE\menu.c:172:Warning [2054] suspicious pointer conversion
C:\Flight\Code\UAVX-GKE\menu.c:173:Warning [2054] suspicious pointer conversion
C:\Flight\Code\UAVX-GKE\menu.c:174:Warning [2054] suspicious pointer conversion
C:\Flight\Code\UAVX-GKE\menu.c:181:Warning [2054] suspicious pointer conversion
C:\Flight\Code\UAVX-GKE\menu.c:183:Warning [2054] suspicious pointer conversion
C:\Flight\Code\UAVX-GKE\menu.c:184:Warning [2054] suspicious pointer conversion
C:\Flight\Code\UAVX-GKE\menu.c:189:Warning [2054] suspicious pointer conversion
C:\Flight\Code\UAVX-GKE\menu.c:192:Warning [2054] suspicious pointer conversion
C:\Flight\Code\UAVX-GKE\menu.c:195:Warning [2054] suspicious pointer conversion
C:\Flight\Code\UAVX-GKE\menu.c:196:Warning [2054] suspicious pointer conversion
C:\Flight\Code\UAVX-GKE\menu.c:197:Warning [2054] suspicious pointer conversion
C:\Flight\Code\UAVX-GKE\menu.c:198:Warning [2054] suspicious pointer conversion
C:\Flight\Code\UAVX-GKE\menu.c:199:Warning [2054] suspicious pointer conversion
C:\Flight\Code\UAVX-GKE\menu.c:200:Warning [2054] suspicious pointer conversion
C:\Flight\Code\UAVX-GKE\menu.c:201:Warning [2054] suspicious pointer conversion
C:\Flight\Code\UAVX-GKE\menu.c:202:Warning [2054] suspicious pointer conversion
C:\Flight\Code\UAVX-GKE\menu.c:203:Warning [2054] suspicious pointer conversion
C:\Flight\Code\UAVX-GKE\menu.c:204:Warning [2054] suspicious pointer conversion
C:\Flight\Code\UAVX-GKE\menu.c:205:Warning [2054] suspicious pointer conversion
C:\Flight\Code\UAVX-GKE\menu.c:206:Warning [2054] suspicious pointer conversion
C:\Flight\Code\UAVX-GKE\menu.c:207:Warning [2054] suspicious pointer conversion
C:\Flight\Code\UAVX-GKE\menu.c:208:Warning [2054] suspicious pointer conversion
C:\Flight\Code\UAVX-GKE\menu.c:209:Warning [2054] suspicious pointer conversion
C:\Flight\Code\UAVX-GKE\menu.c:219:Warning [2054] suspicious pointer conversion
C:\Flight\Code\UAVX-GKE\menu.c:229:Warning [2054] suspicious pointer conversion
C:\Flight\Code\UAVX-GKE\menu.c:231:Warning [2054] suspicious pointer conversion
C:\Flight\Code\UAVX-GKE\menu.c:233:Warning [2054] suspicious pointer conversion
C:\Flight\Code\UAVX-GKE\menu.c:236:Warning [2054] suspicious pointer conversion
C:\Flight\Code\UAVX-GKE\menu.c:240:Warning [2054] suspicious pointer conversion
C:\Flight\Code\UAVX-GKE\menu.c:242:Warning [2054] suspicious pointer conversion
C:\Flight\Code\UAVX-GKE\menu.c:244:Warning [2054] suspicious pointer conversion
C:\Flight\Code\UAVX-GKE\menu.c:246:Warning [2054] suspicious pointer conversion
C:\Flight\Code\UAVX-GKE\menu.c:248:Warning [2054] suspicious pointer conversion
C:\Flight\Code\UAVX-GKE\menu.c:251:Warning [2054] suspicious pointer conversion
C:\Flight\Code\UAVX-GKE\menu.c:253:Warning [2054] suspicious pointer conversion
C:\Flight\Code\UAVX-GKE\menu.c:256:Warning [2054] suspicious pointer conversion
C:\Flight\Code\UAVX-GKE\menu.c:258:Warning [2054] suspicious pointer conversion
C:\Flight\Code\UAVX-GKE\menu.c:260:Warning [2054] suspicious pointer conversion
C:\Flight\Code\UAVX-GKE\menu.c:266:Warning [2054] suspicious pointer conversion
C:\Flight\Code\UAVX-GKE\menu.c:269:Warning [2054] suspicious pointer conversion
C:\Flight\Code\UAVX-GKE\menu.c:271:Warning [2054] suspicious pointer conversion
C:\Flight\Code\UAVX-GKE\menu.c:275:Warning [2054] suspicious pointer conversion
C:\Flight\Code\UAVX-GKE\menu.c:277:Warning [2054] suspicious pointer conversion
C:\Flight\Code\UAVX-GKE\menu.c:280:Warning [2054] suspicious pointer conversion
C:\Flight\Code\UAVX-GKE\menu.c:286:Warning [2054] suspicious pointer conversion
C:\Flight\Code\UAVX-GKE\menu.c:290:Warning [2054] suspicious pointer conversion
C:\Flight\Code\UAVX-GKE\menu.c:293:Warning [2054] suspicious pointer conversion
C:\Flight\Code\UAVX-GKE\menu.c:295:Warning [2054] suspicious pointer conversion
C:\Flight\Code\UAVX-GKE\menu.c:298:Warning [2054] suspicious pointer conversion
C:\Flight\Code\UAVX-GKE\menu.c:301:Warning [2054] suspicious pointer conversion
C:\Flight\Code\UAVX-GKE\menu.c:318:Warning [2058] call of function without prototype
C:\Flight\Code\UAVX-GKE\menu.c:319:Warning [2058] call of function without prototype
C:\Flight\Code\UAVX-GKE\menu.c:333:Warning [2054] suspicious pointer conversion
C:\Flight\Code\UAVX-GKE\menu.c:338:Warning [2054] suspicious pointer conversion
C:\Flight\Code\UAVX-GKE\menu.c:340:Warning [2054] suspicious pointer conversion
C:\Flight\Code\UAVX-GKE\menu.c:348:Warning [2054] suspicious pointer conversion
C:\Flight\Code\UAVX-GKE\menu.c:357:Warning [2054] suspicious pointer conversion
C:\Flight\Code\UAVX-GKE\menu.c:380:Warning [2054] suspicious pointer conversion
C:\Flight\Code\UAVX-GKE\menu.c:383:Warning [2054] suspicious pointer conversion
C:\Flight\Code\UAVX-GKE\menu.c:386:Warning [2054] suspicious pointer conversion
C:\Flight\Code\UAVX-GKE\menu.c:404:Warning [2054] suspicious pointer conversion
C:\Flight\Code\UAVX-GKE\menu.c:405:Warning [2054] suspicious pointer conversion
C:\Flight\Code\UAVX-GKE\menu.c:406:Warning [2054] suspicious pointer conversion
C:\Flight\Code\UAVX-GKE\menu.c:407:Warning [2054] suspicious pointer conversion
C:\Flight\Code\UAVX-GKE\menu.c:408:Warning [2054] suspicious pointer conversion
C:\Flight\Code\UAVX-GKE\menu.c:409:Warning [2054] suspicious pointer conversion
C:\Flight\Code\UAVX-GKE\menu.c:410:Warning [2054] suspicious pointer conversion
MPLAB C18 v3.36 (evaluation)
Copyright 2000-2010 Microchip Technology Inc.
Days remaining until evaluation becomes feature limited:  22
MPLAB C18 v3.36 (evaluation)
Copyright 2000-2010 Microchip Technology Inc.
Days remaining until evaluation becomes feature limited:  22
MPLAB C18 v3.36 (evaluation)
Copyright 2000-2010 Microchip Technology Inc.
Days remaining until evaluation becomes feature limited:  22
MPLAB C18 v3.36 (evaluation)
Copyright 2000-2010 Microchip Technology Inc.
Days remaining until evaluation becomes feature limited:  22
MPLAB C18 v3.36 (evaluation)
Copyright 2000-2010 Microchip Technology Inc.
Days remaining until evaluation becomes feature limited:  22
C:\Flight\Code\UAVX-GKE\tests.c:176:Warning [2054] suspicious pointer conversion
C:\Flight\Code\UAVX-GKE\tests.c:180:Warning [2054] suspicious pointer conversion
C:\Flight\Code\UAVX-GKE\tests.c:182:Warning [2054] suspicious pointer conversion
MPLAB C18 v3.36 (evaluation)
Copyright 2000-2010 Microchip Technology Inc.
Days remaining until evaluation becomes feature limited:  22
MPLAB C18 v3.36 (evaluation)
Copyright 2000-2010 Microchip Technology Inc.
Days remaining until evaluation becomes feature limited:  22
MPLAB C18 v3.36 (evaluation)
Copyright 2000-2010 Microchip Technology Inc.
Days remaining until evaluation becomes feature limited:  22
MPLAB C18 v3.36 (evaluation)
Copyright 2000-2010 Microchip Technology Inc.
Days remaining until evaluation becomes feature limited:  22
MPLAB C18 v3.36 (evaluation)
Copyright 2000-2010 Microchip Technology Inc.
Days remaining until evaluation becomes feature limited:  22
MPLAB C18 v3.36 (evaluation)
Copyright 2000-2010 Microchip Technology Inc.
Days remaining until evaluation becomes feature limited:  22
MPLAB C18 v3.36 (evaluation)
Copyright 2000-2010 Microchip Technology Inc.
Days remaining until evaluation becomes feature limited:  22
MPLAB C18 v3.36 (evaluation)
Copyright 2000-2010 Microchip Technology Inc.
Days remaining until evaluation becomes feature limited:  22
MPLAB C18 v3.36 (evaluation)
Copyright 2000-2010 Microchip Technology Inc.
Days remaining until evaluation becomes feature limited:  22
MPLAB C18 v3.36 (evaluation)
Copyright 2000-2010 Microchip Technology Inc.
Days remaining until evaluation becomes feature limited:  22
MPLINK 4.37, Linker
Copyright (c) 1998-2010 Microchip Technology Inc.
Errors    : 0

MP2HEX 4.37, COFF to HEX File Converter
Copyright (c) 1998-2010 Microchip Technology Inc.
Errors    : 0

MPLAB C18 v3.36 (evaluation)
Copyright 2000-2010 Microchip Technology Inc.
Days remaining until evaluation becomes feature limited:  22
MPLAB C18 v3.36 (evaluation)
Copyright 2000-2010 Microchip Technology Inc.
Days remaining until evaluation becomes feature limited:  22
C:\Flight\Code\UAVX-GKE\stats.c:79:Warning [2054] suspicious pointer conversion
C:\Flight\Code\UAVX-GKE\stats.c:83:Warning [2054] suspicious pointer conversion
C:\Flight\Code\UAVX-GKE\stats.c:86:Warning [2054] suspicious pointer conversion
C:\Flight\Code\UAVX-GKE\stats.c:87:Warning [2054] suspicious pointer conversion
C:\Flight\Code\UAVX-GKE\stats.c:88:Warning [2054] suspicious pointer conversion
C:\Flight\Code\UAVX-GKE\stats.c:89:Warning [2054] suspicious pointer conversion
C:\Flight\Code\UAVX-GKE\stats.c:90:Warning [2054] suspicious pointer conversion
C:\Flight\Code\UAVX-GKE\stats.c:91:Warning [2054] suspicious pointer conversion
C:\Flight\Code\UAVX-GKE\stats.c:92:Warning [2054] suspicious pointer conversion
C:\Flight\Code\UAVX-GKE\stats.c:95:Warning [2054] suspicious pointer conversion
C:\Flight\Code\UAVX-GKE\stats.c:97:Warning [2054] suspicious pointer conversion
C:\Flight\Code\UAVX-GKE\stats.c:98:Warning [2054] suspicious pointer conversion
C:\Flight\Code\UAVX-GKE\stats.c:100:Warning [2054] suspicious pointer conversion
C:\Flight\Code\UAVX-GKE\stats.c:101:Warning [2054] suspicious pointer conversion
C:\Flight\Code\UAVX-GKE\stats.c:101:Warning [2054] suspicious pointer conversion
C:\Flight\Code\UAVX-GKE\stats.c:104:Warning [2054] suspicious pointer conversion
C:\Flight\Code\UAVX-GKE\stats.c:105:Warning [2054] suspicious pointer conversion
C:\Flight\Code\UAVX-GKE\stats.c:110:Warning [2054] suspicious pointer conversion
C:\Flight\Code\UAVX-GKE\stats.c:111:Warning [2054] suspicious pointer conversion
C:\Flight\Code\UAVX-GKE\stats.c:114:Warning [2054] suspicious pointer conversion
C:\Flight\Code\UAVX-GKE\stats.c:115:Warning [2054] suspicious pointer conversion
C:\Flight\Code\UAVX-GKE\stats.c:115:Warning [2054] suspicious pointer conversion
C:\Flight\Code\UAVX-GKE\stats.c:117:Warning [2054] suspicious pointer conversion
C:\Flight\Code\UAVX-GKE\stats.c:117:Warning [2054] suspicious pointer conversion
C:\Flight\Code\UAVX-GKE\stats.c:122:Warning [2054] suspicious pointer conversion
C:\Flight\Code\UAVX-GKE\stats.c:128:Warning [2054] suspicious pointer conversion
C:\Flight\Code\UAVX-GKE\stats.c:133:Warning [2054] suspicious pointer conversion
C:\Flight\Code\UAVX-GKE\stats.c:135:Warning [2054] suspicious pointer conversion
MPLAB C18 v3.36 (evaluation)
Copyright 2000-2010 Microchip Technology Inc.
Days remaining until evaluation becomes feature limited:  22
MPLAB C18 v3.36 (evaluation)
Copyright 2000-2010 Microchip Technology Inc.
Days remaining until evaluation becomes feature limited:  22
MPLAB C18 v3.36 (evaluation)
Copyright 2000-2010 Microchip Technology Inc.
Days remaining until evaluation becomes feature limited:  22
C:\Flight\Code\UAVX-GKE\params.c:196:Warning [2054] suspicious pointer conversion
C:\Flight\Code\UAVX-GKE\params.c:197:Warning [2054] suspicious pointer conversion
MPLAB C18 v3.36 (evaluation)
Copyright 2000-2010 Microchip Technology Inc.
Days remaining until evaluation becomes feature limited:  22
MPLAB C18 v3.36 (evaluation)
Copyright 2000-2010 Microchip Technology Inc.
Days remaining until evaluation becomes feature limited:  22
MPLAB C18 v3.36 (evaluation)
Copyright 2000-2010 Microchip Technology Inc.
Days remaining until evaluation becomes feature limited:  22
MPLAB C18 v3.36 (evaluation)
Copyright 2000-2010 Microchip Technology Inc.
Days remaining until evaluation becomes feature limited:  22
MPLAB C18 v3.36 (evaluation)
Copyright 2000-2010 Microchip Technology Inc.
Days remaining until evaluation becomes feature limited:  22
C:\Flight\Code\UAVX-GKE\menu.c:77:Warning [2054] suspicious pointer conversion
C:\Flight\Code\UAVX-GKE\menu.c:84:Warning [2054] suspicious pointer conversion
C:\Flight\Code\UAVX-GKE\menu.c:86:Warning [2054] suspicious pointer conversion
C:\Flight\Code\UAVX-GKE\menu.c:88:Warning [2054] suspicious pointer conversion
C:\Flight\Code\UAVX-GKE\menu.c:102:Warning [2054] suspicious pointer conversion
C:\Flight\Code\UAVX-GKE\menu.c:106:Warning [2054] suspicious pointer conversion
C:\Flight\Code\UAVX-GKE\menu.c:111:Warning [2054] suspicious pointer conversion
C:\Flight\Code\UAVX-GKE\menu.c:113:Warning [2054] suspicious pointer conversion
C:\Flight\Code\UAVX-GKE\menu.c:114:Warning [2054] suspicious pointer conversion
C:\Flight\Code\UAVX-GKE\menu.c:115:Warning [2054] suspicious pointer conversion
C:\Flight\Code\UAVX-GKE\menu.c:116:Warning [2054] suspicious pointer conversion
C:\Flight\Code\UAVX-GKE\menu.c:117:Warning [2054] suspicious pointer conversion
C:\Flight\Code\UAVX-GKE\menu.c:118:Warning [2054] suspicious pointer conversion
C:\Flight\Code\UAVX-GKE\menu.c:119:Warning [2054] suspicious pointer conversion
C:\Flight\Code\UAVX-GKE\menu.c:124:Warning [2054] suspicious pointer conversion
C:\Flight\Code\UAVX-GKE\menu.c:126:Warning [2054] suspicious pointer conversion
C:\Flight\Code\UAVX-GKE\menu.c:129:Warning [2054] suspicious pointer conversion
C:\Flight\Code\UAVX-GKE\menu.c:131:Warning [2054] suspicious pointer conversion
C:\Flight\Code\UAVX-GKE\menu.c:132:Warning [2054] suspicious pointer conversion
C:\Flight\Code\UAVX-GKE\menu.c:133:Warning [2054] suspicious pointer conversion
C:\Flight\Code\UAVX-GKE\menu.c:134:Warning [2054] suspicious pointer conversion
C:\Flight\Code\UAVX-GKE\menu.c:138:Warning [2054] suspicious pointer conversion
C:\Flight\Code\UAVX-GKE\menu.c:140:Warning [2054] suspicious pointer conversion
C:\Flight\Code\UAVX-GKE\menu.c:143:Warning [2054] suspicious pointer conversion
C:\Flight\Code\UAVX-GKE\menu.c:145:Warning [2054] suspicious pointer conversion
C:\Flight\Code\UAVX-GKE\menu.c:147:Warning [2054] suspicious pointer conversion
C:\Flight\Code\UAVX-GKE\menu.c:149:Warning [2054] suspicious pointer conversion
C:\Flight\Code\UAVX-GKE\menu.c:169:Warning [2054] suspicious pointer conversion
C:\Flight\Code\UAVX-GKE\menu.c:171:Warning [2054] suspicious pointer conversion
C:\Flight\Code\UAVX-GKE\menu.c:172:Warning [2054] suspicious pointer conversion
C:\Flight\Code\UAVX-GKE\menu.c:173:Warning [2054] suspicious pointer conversion
C:\Flight\Code\UAVX-GKE\menu.c:174:Warning [2054] suspicious pointer conversion
C:\Flight\Code\UAVX-GKE\menu.c:181:Warning [2054] suspicious pointer conversion
C:\Flight\Code\UAVX-GKE\menu.c:183:Warning [2054] suspicious pointer conversion
C:\Flight\Code\UAVX-GKE\menu.c:184:Warning [2054] suspicious pointer conversion
C:\Flight\Code\UAVX-GKE\menu.c:189:Warning [2054] suspicious pointer conversion
C:\Flight\Code\UAVX-GKE\menu.c:192:Warning [2054] suspicious pointer conversion
C:\Flight\Code\UAVX-GKE\menu.c:195:Warning [2054] suspicious pointer conversion
C:\Flight\Code\UAVX-GKE\menu.c:196:Warning [2054] suspicious pointer conversion
C:\Flight\Code\UAVX-GKE\menu.c:197:Warning [2054] suspicious pointer conversion
C:\Flight\Code\UAVX-GKE\menu.c:198:Warning [2054] suspicious pointer conversion
C:\Flight\Code\UAVX-GKE\menu.c:199:Warning [2054] suspicious pointer conversion
C:\Flight\Code\UAVX-GKE\menu.c:200:Warning [2054] suspicious pointer conversion
C:\Flight\Code\UAVX-GKE\menu.c:201:Warning [2054] suspicious pointer conversion
C:\Flight\Code\UAVX-GKE\menu.c:202:Warning [2054] suspicious pointer conversion
C:\Flight\Code\UAVX-GKE\menu.c:203:Warning [2054] suspicious pointer conversion
C:\Flight\Code\UAVX-GKE\menu.c:204:Warning [2054] suspicious pointer conversion
C:\Flight\Code\UAVX-GKE\menu.c:205:Warning [2054] suspicious pointer conversion
C:\Flight\Code\UAVX-GKE\menu.c:206:Warning [2054] suspicious pointer conversion
C:\Flight\Code\UAVX-GKE\menu.c:207:Warning [2054] suspicious pointer conversion
C:\Flight\Code\UAVX-GKE\menu.c:208:Warning [2054] suspicious pointer conversion
C:\Flight\Code\UAVX-GKE\menu.c:209:Warning [2054] suspicious pointer conversion
C:\Flight\Code\UAVX-GKE\menu.c:219:Warning [2054] suspicious pointer conversion
C:\Flight\Code\UAVX-GKE\menu.c:229:Warning [2054] suspicious pointer conversion
C:\Flight\Code\UAVX-GKE\menu.c:231:Warning [2054] suspicious pointer conversion
C:\Flight\Code\UAVX-GKE\menu.c:233:Warning [2054] suspicious pointer conversion
C:\Flight\Code\UAVX-GKE\menu.c:236:Warning [2054] suspicious pointer conversion
C:\Flight\Code\UAVX-GKE\menu.c:240:Warning [2054] suspicious pointer conversion
C:\Flight\Code\UAVX-GKE\menu.c:242:Warning [2054] suspicious pointer conversion
C:\Flight\Code\UAVX-GKE\menu.c:244:Warning [2054] suspicious pointer conversion
C:\Flight\Code\UAVX-GKE\menu.c:246:Warning [2054] suspicious pointer conversion
C:\Flight\Code\UAVX-GKE\menu.c:248:Warning [2054] suspicious pointer conversion
C:\Flight\Code\UAVX-GKE\menu.c:251:Warning [2054] suspicious pointer conversion
C:\Flight\Code\UAVX-GKE\menu.c:253:Warning [2054] suspicious pointer conversion
C:\Flight\Code\UAVX-GKE\menu.c:256:Warning [2054] suspicious pointer conversion
C:\Flight\Code\UAVX-GKE\menu.c:258:Warning [2054] suspicious pointer conversion
C:\Flight\Code\UAVX-GKE\menu.c:260:Warning [2054] suspicious pointer conversion
C:\Flight\Code\UAVX-GKE\menu.c:266:Warning [2054] suspicious pointer conversion
C:\Flight\Code\UAVX-GKE\menu.c:269:Warning [2054] suspicious pointer conversion
C:\Flight\Code\UAVX-GKE\menu.c:271:Warning [2054] suspicious pointer conversion
C:\Flight\Code\UAVX-GKE\menu.c:275:Warning [2054] suspicious pointer conversion
C:\Flight\Code\UAVX-GKE\menu.c:277:Warning [2054] suspicious pointer conversion
C:\Flight\Code\UAVX-GKE\menu.c:280:Warning [2054] suspicious pointer conversion
C:\Flight\Code\UAVX-GKE\menu.c:286:Warning [2054] suspicious pointer conversion
C:\Flight\Code\UAVX-GKE\menu.c:290:Warning [2054] suspicious pointer conversion
C:\Flight\Code\UAVX-GKE\menu.c:293:Warning [2054] suspicious pointer conversion
C:\Flight\Code\UAVX-GKE\menu.c:295:Warning [2054] suspicious pointer conversion
C:\Flight\Code\UAVX-GKE\menu.c:298:Warning [2054] suspicious pointer conversion
C:\Flight\Code\UAVX-GKE\menu.c:301:Warning [2054] suspicious pointer conversion
C:\Flight\Code\UAVX-GKE\menu.c:318:Warning [2058] call of function without prototype
C:\Flight\Code\UAVX-GKE\menu.c:319:Warning [2058] call of function without prototype
C:\Flight\Code\UAVX-GKE\menu.c:333:Warning [2054] suspicious pointer conversion
C:\Flight\Code\UAVX-GKE\menu.c:338:Warning [2054] suspicious pointer conversion
C:\Flight\Code\UAVX-GKE\menu.c:340:Warning [2054] suspicious pointer conversion
C:\Flight\Code\UAVX-GKE\menu.c:348:Warning [2054] suspicious pointer conversion
C:\Flight\Code\UAVX-GKE\menu.c:357:Warning [2054] suspicious pointer conversion
C:\Flight\Code\UAVX-GKE\menu.c:380:Warning [2054] suspicious pointer conversion
C:\Flight\Code\UAVX-GKE\menu.c:383:Warning [2054] suspicious pointer conversion
C:\Flight\Code\UAVX-GKE\menu.c:386:Warning [2054] suspicious pointer conversion
C:\Flight\Code\UAVX-GKE\menu.c:404:Warning [2054] suspicious pointer conversion
C:\Flight\Code\UAVX-GKE\menu.c:405:Warning [2054] suspicious pointer conversion
C:\Flight\Code\UAVX-GKE\menu.c:406:Warning [2054] suspicious pointer conversion
C:\Flight\Code\UAVX-GKE\menu.c:407:Warning [2054] suspicious pointer conversion
C:\Flight\Code\UAVX-GKE\menu.c:408:Warning [2054] suspicious pointer conversion
C:\Flight\Code\UAVX-GKE\menu.c:409:Warning [2054] suspicious pointer conversion
C:\Flight\Code\UAVX-GKE\menu.c:410:Warning [2054] suspicious pointer conversion
MPLAB C18 v3.36 (evaluation)
Copyright 2000-2010 Microchip Technology Inc.
Days remaining until evaluation becomes feature limited:  22
MPLAB C18 v3.36 (evaluation)
Copyright 2000-2010 Microchip Technology Inc.
Days remaining until evaluation becomes feature limited:  22
MPLAB C18 v3.36 (evaluation)
Copyright 2000-2010 Microchip Technology Inc.
Days remaining until evaluation becomes feature limited:  22
MPLAB C18 v3.36 (evaluation)
Copyright 2000-2010 Microchip Technology Inc.
Days remaining until evaluation becomes feature limited:  22
MPLAB C18 v3.36 (evaluation)
Copyright 2000-2010 Microchip Technology Inc.
Days remaining until evaluation becomes feature limited:  22
C:\Flight\Code\UAVX-GKE\tests.c:176:Warning [2054] suspicious pointer conversion
C:\Flight\Code\UAVX-GKE\tests.c:180:Warning [2054] suspicious pointer conversion
C:\Flight\Code\UAVX-GKE\tests.c:182:Warning [2054] suspicious pointer conversion
MPLAB C18 v3.36 (evaluation)
Copyright 2000-2010 Microchip Technology Inc.
Days remaining until evaluation becomes feature limited:  22
MPLAB C18 v3.36 (evaluation)
Copyright 2000-2010 Microchip Technology Inc.
Days remaining until evaluation becomes feature limited:  22
MPLAB C18 v3.36 (evaluation)
Copyright 2000-2010 Microchip Technology Inc.
Days remaining until evaluation becomes feature limited:  22
MPLAB C18 v3.36 (evaluation)
Copyright 2000-2010 Microchip Technology Inc.
Days remaining until evaluation becomes feature limited:  22
MPLAB C18 v3.36 (evaluation)
Copyright 2000-2010 Microchip Technology Inc.
Days remaining until evaluation becomes feature limited:  22
MPLAB C18 v3.36 (evaluation)
Copyright 2000-2010 Microchip Technology Inc.
Days remaining until evaluation becomes feature limited:  22
MPLAB C18 v3.36 (evaluation)
Copyright 2000-2010 Microchip Technology Inc.
Days remaining until evaluation becomes feature limited:  22
MPLAB C18 v3.36 (evaluation)
Copyright 2000-2010 Microchip Technology Inc.
Days remaining until evaluation becomes feature limited:  22
MPLAB C18 v3.36 (evaluation)
Copyright 2000-2010 Microchip Technology Inc.
Days remaining until evaluation becomes feature limited:  22
MPLAB C18 v3.36 (evaluation)
Copyright 2000-2010 Microchip Technology Inc.
Days remaining until evaluation becomes feature limited:  22
MPLINK 4.37, Linker
Copyright (c) 1998-2010 Microchip Technology Inc.
Errors    : 0

MP2HEX 4.37, COFF to HEX File Converter
Copyright (c) 1998-2010 Microchip Technology Inc.
Errors    : 0

MPLAB C18 v3.36 (evaluation)
Copyright 2000-2010 Microchip Technology Inc.
Days remaining until evaluation becomes feature limited:  22
MPLAB C18 v3.36 (evaluation)
Copyright 2000-2010 Microchip Technology Inc.
Days remaining until evaluation becomes feature limited:  22
C:\Flight\Code\UAVX-GKE\stats.c:79:Warning [2054] suspicious pointer conversion
C:\Flight\Code\UAVX-GKE\stats.c:83:Warning [2054] suspicious pointer conversion
C:\Flight\Code\UAVX-GKE\stats.c:86:Warning [2054] suspicious pointer conversion
C:\Flight\Code\UAVX-GKE\stats.c:87:Warning [2054] suspicious pointer conversion
C:\Flight\Code\UAVX-GKE\stats.c:88:Warning [2054] suspicious pointer conversion
C:\Flight\Code\UAVX-GKE\stats.c:89:Warning [2054] suspicious pointer conversion
C:\Flight\Code\UAVX-GKE\stats.c:90:Warning [2054] suspicious pointer conversion
C:\Flight\Code\UAVX-GKE\stats.c:91:Warning [2054] suspicious pointer conversion
C:\Flight\Code\UAVX-GKE\stats.c:92:Warning [2054] suspicious pointer conversion
C:\Flight\Code\UAVX-GKE\stats.c:95:Warning [2054] suspicious pointer conversion
C:\Flight\Code\UAVX-GKE\stats.c:97:Warning [2054] suspicious pointer conversion
C:\Flight\Code\UAVX-GKE\stats.c:98:Warning [2054] suspicious pointer conversion
C:\Flight\Code\UAVX-GKE\stats.c:100:Warning [2054] suspicious pointer conversion
C:\Flight\Code\UAVX-GKE\stats.c:101:Warning [2054] suspicious pointer conversion
C:\Flight\Code\UAVX-GKE\stats.c:101:Warning [2054] suspicious pointer conversion
C:\Flight\Code\UAVX-GKE\stats.c:104:Warning [2054] suspicious pointer conversion
C:\Flight\Code\UAVX-GKE\stats.c:105:Warning [2054] suspicious pointer conversion
C:\Flight\Code\UAVX-GKE\stats.c:110:Warning [2054] suspicious pointer conversion
C:\Flight\Code\UAVX-GKE\stats.c:111:Warning [2054] suspicious pointer conversion
C:\Flight\Code\UAVX-GKE\stats.c:114:Warning [2054] suspicious pointer conversion
C:\Flight\Code\UAVX-GKE\stats.c:115:Warning [2054] suspicious pointer conversion
C:\Flight\Code\UAVX-GKE\stats.c:115:Warning [2054] suspicious pointer conversion
C:\Flight\Code\UAVX-GKE\stats.c:117:Warning [2054] suspicious pointer conversion
C:\Flight\Code\UAVX-GKE\stats.c:117:Warning [2054] suspicious pointer conversion
C:\Flight\Code\UAVX-GKE\stats.c:122:Warning [2054] suspicious pointer conversion
C:\Flight\Code\UAVX-GKE\stats.c:128:Warning [2054] suspicious pointer conversion
C:\Flight\Code\UAVX-GKE\stats.c:133:Warning [2054] suspicious pointer conversion
C:\Flight\Code\UAVX-GKE\stats.c:135:Warning [2054] suspicious pointer conversion
MPLAB C18 v3.36 (evaluation)
Copyright 2000-2010 Microchip Technology Inc.
Days remaining until evaluation becomes feature limited:  22
MPLAB C18 v3.36 (evaluation)
Copyright 2000-2010 Microchip Technology Inc.
Days remaining until evaluation becomes feature limited:  22
MPLAB C18 v3.36 (evaluation)
Copyright 2000-2010 Microchip Technology Inc.
Days remaining until evaluation becomes feature limited:  22
C:\Flight\Code\UAVX-GKE\params.c:196:Warning [2054] suspicious pointer conversion
C:\Flight\Code\UAVX-GKE\params.c:197:Warning [2054] suspicious pointer conversion
MPLAB C18 v3.36 (evaluation)
Copyright 2000-2010 Microchip Technology Inc.
Days remaining until evaluation becomes feature limited:  22
MPLAB C18 v3.36 (evaluation)
Copyright 2000-2010 Microchip Technology Inc.
Days remaining until evaluation becomes feature limited:  22
MPLAB C18 v3.36 (evaluation)
Copyright 2000-2010 Microchip Technology Inc.
Days remaining until evaluation becomes feature limited:  22
MPLAB C18 v3.36 (evaluation)
Copyright 2000-2010 Microchip Technology Inc.
Days remaining until evaluation becomes feature limited:  22
MPLAB C18 v3.36 (evaluation)
Copyright 2000-2010 Microchip Technology Inc.
Days remaining until evaluation becomes feature limited:  22
C:\Flight\Code\UAVX-GKE\menu.c:77:Warning [2054] suspicious pointer conversion
C:\Flight\Code\UAVX-GKE\menu.c:84:Warning [2054] suspicious pointer conversion
C:\Flight\Code\UAVX-GKE\menu.c:86:Warning [2054] suspicious pointer conversion
C:\Flight\Code\UAVX-GKE\menu.c:88:Warning [2054] suspicious pointer conversion
C:\Flight\Code\UAVX-GKE\menu.c:108:Warning [2054] suspicious pointer conversion
C:\Flight\Code\UAVX-GKE\menu.c:111:Warning [2054] suspicious pointer conversion
C:\Flight\Code\UAVX-GKE\menu.c:113:Warning [2054] suspicious pointer conversion
C:\Flight\Code\UAVX-GKE\menu.c:114:Warning [2054] suspicious pointer conversion
C:\Flight\Code\UAVX-GKE\menu.c:115:Warning [2054] suspicious pointer conversion
C:\Flight\Code\UAVX-GKE\menu.c:116:Warning [2054] suspicious pointer conversion
C:\Flight\Code\UAVX-GKE\menu.c:117:Warning [2054] suspicious pointer conversion
C:\Flight\Code\UAVX-GKE\menu.c:118:Warning [2054] suspicious pointer conversion
C:\Flight\Code\UAVX-GKE\menu.c:119:Warning [2054] suspicious pointer conversion
C:\Flight\Code\UAVX-GKE\menu.c:124:Warning [2054] suspicious pointer conversion
C:\Flight\Code\UAVX-GKE\menu.c:126:Warning [2054] suspicious pointer conversion
C:\Flight\Code\UAVX-GKE\menu.c:129:Warning [2054] suspicious pointer conversion
C:\Flight\Code\UAVX-GKE\menu.c:131:Warning [2054] suspicious pointer conversion
C:\Flight\Code\UAVX-GKE\menu.c:132:Warning [2054] suspicious pointer conversion
C:\Flight\Code\UAVX-GKE\menu.c:133:Warning [2054] suspicious pointer conversion
C:\Flight\Code\UAVX-GKE\menu.c:134:Warning [2054] suspicious pointer conversion
C:\Flight\Code\UAVX-GKE\menu.c:138:Warning [2054] suspicious pointer conversion
C:\Flight\Code\UAVX-GKE\menu.c:140:Warning [2054] suspicious pointer conversion
C:\Flight\Code\UAVX-GKE\menu.c:143:Warning [2054] suspicious pointer conversion
C:\Flight\Code\UAVX-GKE\menu.c:152:Warning [2054] suspicious pointer conversion
C:\Flight\Code\UAVX-GKE\menu.c:153:Warning [2054] suspicious pointer conversion
C:\Flight\Code\UAVX-GKE\menu.c:154:Warning [2054] suspicious pointer conversion
C:\Flight\Code\UAVX-GKE\menu.c:155:Warning [2054] suspicious pointer conversion
C:\Flight\Code\UAVX-GKE\menu.c:156:Warning [2054] suspicious pointer conversion
C:\Flight\Code\UAVX-GKE\menu.c:159:Warning [2054] suspicious pointer conversion
C:\Flight\Code\UAVX-GKE\menu.c:161:Warning [2054] suspicious pointer conversion
C:\Flight\Code\UAVX-GKE\menu.c:162:Warning [2054] suspicious pointer conversion
C:\Flight\Code\UAVX-GKE\menu.c:163:Warning [2054] suspicious pointer conversion
C:\Flight\Code\UAVX-GKE\menu.c:164:Warning [2054] suspicious pointer conversion
C:\Flight\Code\UAVX-GKE\menu.c:165:Warning [2054] suspicious pointer conversion
C:\Flight\Code\UAVX-GKE\menu.c:169:Warning [2054] suspicious pointer conversion
C:\Flight\Code\UAVX-GKE\menu.c:171:Warning [2054] suspicious pointer conversion
C:\Flight\Code\UAVX-GKE\menu.c:172:Warning [2054] suspicious pointer conversion
C:\Flight\Code\UAVX-GKE\menu.c:173:Warning [2054] suspicious pointer conversion
C:\Flight\Code\UAVX-GKE\menu.c:174:Warning [2054] suspicious pointer conversion
C:\Flight\Code\UAVX-GKE\menu.c:181:Warning [2054] suspicious pointer conversion
C:\Flight\Code\UAVX-GKE\menu.c:183:Warning [2054] suspicious pointer conversion
C:\Flight\Code\UAVX-GKE\menu.c:184:Warning [2054] suspicious pointer conversion
C:\Flight\Code\UAVX-GKE\menu.c:192:Warning [2054] suspicious pointer conversion
C:\Flight\Code\UAVX-GKE\menu.c:195:Warning [2054] suspicious pointer conversion
C:\Flight\Code\UAVX-GKE\menu.c:196:Warning [2054] suspicious pointer conversion
C:\Flight\Code\UAVX-GKE\menu.c:197:Warning [2054] suspicious pointer conversion
C:\Flight\Code\UAVX-GKE\menu.c:198:Warning [2054] suspicious pointer conversion
C:\Flight\Code\UAVX-GKE\menu.c:199:Warning [2054] suspicious pointer conversion
C:\Flight\Code\UAVX-GKE\menu.c:200:Warning [2054] suspicious pointer conversion
C:\Flight\Code\UAVX-GKE\menu.c:201:Warning [2054] suspicious pointer conversion
C:\Flight\Code\UAVX-GKE\menu.c:202:Warning [2054] suspicious pointer conversion
C:\Flight\Code\UAVX-GKE\menu.c:203:Warning [2054] suspicious pointer conversion
C:\Flight\Code\UAVX-GKE\menu.c:204:Warning [2054] suspicious pointer conversion
C:\Flight\Code\UAVX-GKE\menu.c:205:Warning [2054] suspicious pointer conversion
C:\Flight\Code\UAVX-GKE\menu.c:206:Warning [2054] suspicious pointer conversion
C:\Flight\Code\UAVX-GKE\menu.c:207:Warning [2054] suspicious pointer conversion
C:\Flight\Code\UAVX-GKE\menu.c:208:Warning [2054] suspicious pointer conversion
C:\Flight\Code\UAVX-GKE\menu.c:209:Warning [2054] suspicious pointer conversion
C:\Flight\Code\UAVX-GKE\menu.c:219:Warning [2054] suspicious pointer conversion
C:\Flight\Code\UAVX-GKE\menu.c:229:Warning [2054] suspicious pointer conversion
C:\Flight\Code\UAVX-GKE\menu.c:231:Warning [2054] suspicious pointer conversion
C:\Flight\Code\UAVX-GKE\menu.c:233:Warning [2054] suspicious pointer conversion
C:\Flight\Code\UAVX-GKE\menu.c:236:Warning [2054] suspicious pointer conversion
C:\Flight\Code\UAVX-GKE\menu.c:240:Warning [2054] suspicious pointer conversion
C:\Flight\Code\UAVX-GKE\menu.c:242:Warning [2054] suspicious pointer conversion
C:\Flight\Code\UAVX-GKE\menu.c:244:Warning [2054] suspicious pointer conversion
C:\Flight\Code\UAVX-GKE\menu.c:246:Warning [2054] suspicious pointer conversion
C:\Flight\Code\UAVX-GKE\menu.c:248:Warning [2054] suspicious pointer conversion
C:\Flight\Code\UAVX-GKE\menu.c:251:Warning [2054] suspicious pointer conversion
C:\Flight\Code\UAVX-GKE\menu.c:253:Warning [2054] suspicious pointer conversion
C:\Flight\Code\UAVX-GKE\menu.c:256:Warning [2054] suspicious pointer conversion
C:\Flight\Code\UAVX-GKE\menu.c:258:Warning [2054] suspicious pointer conversion
C:\Flight\Code\UAVX-GKE\menu.c:260:Warning [2054] suspicious pointer conversion
C:\Flight\Code\UAVX-GKE\menu.c:266:Warning [2054] suspicious pointer conversion
C:\Flight\Code\UAVX-GKE\menu.c:269:Warning [2054] suspicious pointer conversion
C:\Flight\Code\UAVX-GKE\menu.c:271:Warning [2054] suspicious pointer conversion
C:\Flight\Code\UAVX-GKE\menu.c:275:Warning [2054] suspicious pointer conversion
C:\Flight\Code\UAVX-GKE\menu.c:277:Warning [2054] suspicious pointer conversion
C:\Flight\Code\UAVX-GKE\menu.c:280:Warning [2054] suspicious pointer conversion
C:\Flight\Code\UAVX-GKE\menu.c:286:Warning [2054] suspicious pointer conversion
C:\Flight\Code\UAVX-GKE\menu.c:290:Warning [2054] suspicious pointer conversion
C:\Flight\Code\UAVX-GKE\menu.c:293:Warning [2054] suspicious pointer conversion
C:\Flight\Code\UAVX-GKE\menu.c:295:Warning [2054] suspicious pointer conversion
C:\Flight\Code\UAVX-GKE\menu.c:298:Warning [2054] suspicious pointer conversion
C:\Flight\Code\UAVX-GKE\menu.c:301:Warning [2054] suspicious pointer conversion
C:\Flight\Code\UAVX-GKE\menu.c:318:Warning [2058] call of function without prototype
C:\Flight\Code\UAVX-GKE\menu.c:319:Warning [2058] call of function without prototype
C:\Flight\Code\UAVX-GKE\menu.c:333:Warning [2054] suspicious pointer conversion
C:\Flight\Code\UAVX-GKE\menu.c:338:Warning [2054] suspicious pointer conversion
C:\Flight\Code\UAVX-GKE\menu.c:340:Warning [2054] suspicious pointer conversion
C:\Flight\Code\UAVX-GKE\menu.c:348:Warning [2054] suspicious pointer conversion
C:\Flight\Code\UAVX-GKE\menu.c:357:Warning [2054] suspicious pointer conversion
C:\Flight\Code\UAVX-GKE\menu.c:380:Warning [2054] suspicious pointer conversion
C:\Flight\Code\UAVX-GKE\menu.c:383:Warning [2054] suspicious pointer conversion
C:\Flight\Code\UAVX-GKE\menu.c:386:Warning [2054] suspicious pointer conversion
C:\Flight\Code\UAVX-GKE\menu.c:404:Warning [2054] suspicious pointer conversion
C:\Flight\Code\UAVX-GKE\menu.c:405:Warning [2054] suspicious pointer conversion
C:\Flight\Code\UAVX-GKE\menu.c:406:Warning [2054] suspicious pointer conversion
C:\Flight\Code\UAVX-GKE\menu.c:407:Warning [2054] suspicious pointer conversion
C:\Flight\Code\UAVX-GKE\menu.c:408:Warning [2054] suspicious pointer conversion
C:\Flight\Code\UAVX-GKE\menu.c:409:Warning [2054] suspicious pointer conversion
C:\Flight\Code\UAVX-GKE\menu.c:410:Warning [2054] suspicious pointer conversion
MPLAB C18 v3.36 (evaluation)
Copyright 2000-2010 Microchip Technology Inc.
Days remaining until evaluation becomes feature limited:  22
MPLAB C18 v3.36 (evaluation)
Copyright 2000-2010 Microchip Technology Inc.
Days remaining until evaluation becomes feature limited:  22
MPLAB C18 v3.36 (evaluation)
Copyright 2000-2010 Microchip Technology Inc.
Days remaining until evaluation becomes feature limited:  22
MPLAB C18 v3.36 (evaluation)
Copyright 2000-2010 Microchip Technology Inc.
Days remaining until evaluation becomes feature limited:  22
MPLAB C18 v3.36 (evaluation)
Copyright 2000-2010 Microchip Technology Inc.
Days remaining until evaluation becomes feature limited:  22
C:\Flight\Code\UAVX-GKE\tests.c:176:Warning [2054] suspicious pointer conversion
C:\Flight\Code\UAVX-GKE\tests.c:180:Warning [2054] suspicious pointer conversion
C:\Flight\Code\UAVX-GKE\tests.c:182:Warning [2054] suspicious pointer conversion
MPLAB C18 v3.36 (evaluation)
Copyright 2000-2010 Microchip Technology Inc.
Days remaining until evaluation becomes feature limited:  22
MPLAB C18 v3.36 (evaluation)
Copyright 2000-2010 Microchip Technology Inc.
Days remaining until evaluation becomes feature limited:  22
MPLAB C18 v3.36 (evaluation)
Copyright 2000-2010 Microchip Technology Inc.
Days remaining until evaluation becomes feature limited:  22
MPLAB C18 v3.36 (evaluation)
Copyright 2000-2010 Microchip Technology Inc.
Days remaining until evaluation becomes feature limited:  22
MPLAB C18 v3.36 (evaluation)
Copyright 2000-2010 Microchip Technology Inc.
Days remaining until evaluation becomes feature limited:  22
MPLAB C18 v3.36 (evaluation)
Copyright 2000-2010 Microchip Technology Inc.
Days remaining until evaluation becomes feature limited:  22
C:\Flight\Code\UAVX-GKE\telemetry.c:333:Warning [2054] suspicious pointer conversion
C:\Flight\Code\UAVX-GKE\telemetry.c:334:Warning [2054] suspicious pointer conversion
C:\Flight\Code\UAVX-GKE\telemetry.c:335:Warning [2054] suspicious pointer conversion
C:\Flight\Code\UAVX-GKE\telemetry.c:336:Warning [2054] suspicious pointer conversion
C:\Flight\Code\UAVX-GKE\telemetry.c:337:Warning [2054] suspicious pointer conversion
C:\Flight\Code\UAVX-GKE\telemetry.c:338:Warning [2054] suspicious pointer conversion
C:\Flight\Code\UAVX-GKE\telemetry.c:339:Warning [2054] suspicious pointer conversion
C:\Flight\Code\UAVX-GKE\telemetry.c:340:Warning [2054] suspicious pointer conversion
C:\Flight\Code\UAVX-GKE\telemetry.c:341:Warning [2054] suspicious pointer conversion
C:\Flight\Code\UAVX-GKE\telemetry.c:342:Warning [2054] suspicious pointer conversion
C:\Flight\Code\UAVX-GKE\telemetry.c:343:Warning [2054] suspicious pointer conversion
C:\Flight\Code\UAVX-GKE\telemetry.c:344:Warning [2054] suspicious pointer conversion
C:\Flight\Code\UAVX-GKE\telemetry.c:345:Warning [2054] suspicious pointer conversion
C:\Flight\Code\UAVX-GKE\telemetry.c:351:Warning [2054] suspicious pointer conversion
C:\Flight\Code\UAVX-GKE\telemetry.c:352:Warning [2054] suspicious pointer conversion
C:\Flight\Code\UAVX-GKE\telemetry.c:353:Warning [2054] suspicious pointer conversion
C:\Flight\Code\UAVX-GKE\telemetry.c:354:Warning [2054] suspicious pointer conversion
C:\Flight\Code\UAVX-GKE\telemetry.c:355:Warning [2054] suspicious pointer conversion
C:\Flight\Code\UAVX-GKE\telemetry.c:358:Warning [2054] suspicious pointer conversion
MPLAB C18 v3.36 (evaluation)
Copyright 2000-2010 Microchip Technology Inc.
Days remaining until evaluation becomes feature limited:  22
MPLAB C18 v3.36 (evaluation)
Copyright 2000-2010 Microchip Technology Inc.
Days remaining until evaluation becomes feature limited:  22
MPLAB C18 v3.36 (evaluation)
Copyright 2000-2010 Microchip Technology Inc.
Days remaining until evaluation becomes feature limited:  22
MPLAB C18 v3.36 (evaluation)
Copyright 2000-2010 Microchip Technology Inc.
Days remaining until evaluation becomes feature limited:  22
MPLINK 4.37, Linker
Copyright (c) 1998-2010 Microchip Technology Inc.
Error - section 'D10TCYXCODE' can not fit the section. Section 'D10TCYXCODE' length=0x00000016
Errors    : 1

MPLAB C18 v3.36 (evaluation)
Copyright 2000-2010 Microchip Technology Inc.
Days remaining until evaluation becomes feature limited:  22
MPLAB C18 v3.36 (evaluation)
Copyright 2000-2010 Microchip Technology Inc.
Days remaining until evaluation becomes feature limited:  22
C:\Flight\Code\UAVX-GKE\stats.c:79:Warning [2054] suspicious pointer conversion
C:\Flight\Code\UAVX-GKE\stats.c:83:Warning [2054] suspicious pointer conversion
C:\Flight\Code\UAVX-GKE\stats.c:86:Warning [2054] suspicious pointer conversion
C:\Flight\Code\UAVX-GKE\stats.c:87:Warning [2054] suspicious pointer conversion
C:\Flight\Code\UAVX-GKE\stats.c:88:Warning [2054] suspicious pointer conversion
C:\Flight\Code\UAVX-GKE\stats.c:89:Warning [2054] suspicious pointer conversion
C:\Flight\Code\UAVX-GKE\stats.c:90:Warning [2054] suspicious pointer conversion
C:\Flight\Code\UAVX-GKE\stats.c:91:Warning [2054] suspicious pointer conversion
C:\Flight\Code\UAVX-GKE\stats.c:92:Warning [2054] suspicious pointer conversion
C:\Flight\Code\UAVX-GKE\stats.c:95:Warning [2054] suspicious pointer conversion
C:\Flight\Code\UAVX-GKE\stats.c:97:Warning [2054] suspicious pointer conversion
C:\Flight\Code\UAVX-GKE\stats.c:98:Warning [2054] suspicious pointer conversion
C:\Flight\Code\UAVX-GKE\stats.c:100:Warning [2054] suspicious pointer conversion
C:\Flight\Code\UAVX-GKE\stats.c:101:Warning [2054] suspicious pointer conversion
C:\Flight\Code\UAVX-GKE\stats.c:101:Warning [2054] suspicious pointer conversion
C:\Flight\Code\UAVX-GKE\stats.c:104:Warning [2054] suspicious pointer conversion
C:\Flight\Code\UAVX-GKE\stats.c:105:Warning [2054] suspicious pointer conversion
C:\Flight\Code\UAVX-GKE\stats.c:110:Warning [2054] suspicious pointer conversion
C:\Flight\Code\UAVX-GKE\stats.c:111:Warning [2054] suspicious pointer conversion
C:\Flight\Code\UAVX-GKE\stats.c:114:Warning [2054] suspicious pointer conversion
C:\Flight\Code\UAVX-GKE\stats.c:115:Warning [2054] suspicious pointer conversion
C:\Flight\Code\UAVX-GKE\stats.c:115:Warning [2054] suspicious pointer conversion
C:\Flight\Code\UAVX-GKE\stats.c:117:Warning [2054] suspicious pointer conversion
C:\Flight\Code\UAVX-GKE\stats.c:117:Warning [2054] suspicious pointer conversion
C:\Flight\Code\UAVX-GKE\stats.c:122:Warning [2054] suspicious pointer conversion
C:\Flight\Code\UAVX-GKE\stats.c:128:Warning [2054] suspicious pointer conversion
C:\Flight\Code\UAVX-GKE\stats.c:133:Warning [2054] suspicious pointer conversion
C:\Flight\Code\UAVX-GKE\stats.c:135:Warning [2054] suspicious pointer conversion
MPLAB C18 v3.36 (evaluation)
Copyright 2000-2010 Microchip Technology Inc.
Days remaining until evaluation becomes feature limited:  22
MPLAB C18 v3.36 (evaluation)
Copyright 2000-2010 Microchip Technology Inc.
Days remaining until evaluation becomes feature limited:  22
MPLAB C18 v3.36 (evaluation)
Copyright 2000-2010 Microchip Technology Inc.
Days remaining until evaluation becomes feature limited:  22
C:\Flight\Code\UAVX-GKE\params.c:196:Warning [2054] suspicious pointer conversion
C:\Flight\Code\UAVX-GKE\params.c:197:Warning [2054] suspicious pointer conversion
MPLAB C18 v3.36 (evaluation)
Copyright 2000-2010 Microchip Technology Inc.
Days remaining until evaluation becomes feature limited:  22
MPLAB C18 v3.36 (evaluation)
Copyright 2000-2010 Microchip Technology Inc.
Days remaining until evaluation becomes feature limited:  22
