MPLINK 4.21, Linker
Linker Map File - Created Wed Mar 25 19:28:50 2009

                                 Section Info
                  Section       Type    Address   Location Size(Bytes)
                ---------  ---------  ---------  ---------  ---------
               _entry_scn       code   0x000000    program   0x000006
           .code___init.o       code   0x000006    program   0x000002
                 high_isr       code   0x000008    program   0x000006
          .code_adcbusy.o       code   0x00000e    program   0x00000a
                  low_isr       code   0x000018    program   0x000006
                   .cinit    romdata   0x00001e    program   0x00004a
          .code_control.o       code   0x000068    program   0x00159e
           .code_serial.o       code   0x001606    program   0x000c00
            .code_utils.o       code   0x002206    program   0x000b42
          .code_outputs.o       code   0x002d48    program   0x000b42
.code_compass_altimeter.o       code   0x00388a    program   0x0007f8
              .code_irq.o       code   0x004082    program   0x00050a
       .code_autonomous.o       code   0x00458c    program   0x0004cc
             .code_UAVX.o       code   0x004a58    program   0x000386
              .code_spi.o       code   0x004dde    program   0x00030a
                     PROG       code   0x0050e8    program   0x0001ce
              .code_i2c.o       code   0x0052b6    program   0x0001a2
               _cinit_scn       code   0x005458    program   0x00009e
              .code_adc.o       code   0x0054f6    program   0x00008e
            .code_uopen.o       code   0x005584    program   0x00008a
          .code_adcopen.o       code   0x00560e    program   0x00006e
                    CTYPE       code   0x00567c    program   0x00004c
           .code_t1open.o       code   0x0056c8    program   0x000042
         .code_fxd2424u.o       code   0x00570a    program   0x00003a
           .code_t0open.o       code   0x005744    program   0x000038
          .code_cp1open.o       code   0x00577c    program   0x000030
         .code_adcsetch.o       code   0x0057ac    program   0x00002e
         .code_fxd1616u.o       code   0x0057da    program   0x00002c
             _startup_scn       code   0x005806    program   0x00001c
              .code_gps.o       code   0x005822    program   0x00001c
         .code_fxd0808u.o       code   0x00583e    program   0x00001c
              D10TCYXCODE       code   0x00585a    program   0x000016
          .code_adcread.o       code   0x005870    program   0x000012
                    .code       code   0x005882    program   0x00000e
          .code_adcconv.o       code   0x005890    program   0x000004
               sintable_i    romdata   0x005894    program   0x000011
                 rcmaps_i    romdata   0x0058a5    program   0x00000e
                 params_i    romdata   0x0058b3    program   0x00001c
                  menu2_i    romdata   0x0058cf    program   0x0000f3
                  menu1_i    romdata   0x0059c2    program   0x0000fe
                 arctan_i    romdata   0x005ac0    program   0x000022
            controlvars_i    romdata   0x005ac0    program   0x000000
         .idata_c018i.o_i    romdata   0x005ae2    program   0x000000
      .idata_fxd0808u.o_i    romdata   0x005ae2    program   0x000000
      .romdata_fxd0808u.o    romdata   0x005ae2    program   0x000000
         .romdata_c018i.o    romdata   0x005ae2    program   0x000000
        .romdata___init.o    romdata   0x005ae2    program   0x000000
      .idata_fxd1616u.o_i    romdata   0x005ae2    program   0x000000
      .romdata_fxd1616u.o    romdata   0x005ae2    program   0x000000
        .idata___init.o_i    romdata   0x005ae2    program   0x000000
      .romdata_adcsetch.o    romdata   0x005ae2    program   0x000000
      .idata_fxd2424u.o_i    romdata   0x005ae2    program   0x000000
      .romdata_fxd2424u.o    romdata   0x005ae2    program   0x000000
      .idata_adcsetch.o_i    romdata   0x005ae2    program   0x000000
       .idata_adcopen.o_i    romdata   0x005ae2    program   0x000000
       .romdata_adcread.o    romdata   0x005ae2    program   0x000000
       .romdata_adcopen.o    romdata   0x005ae2    program   0x000000
       .idata_adcread.o_i    romdata   0x005ae2    program   0x000000
         .romdata_uopen.o    romdata   0x005ae2    program   0x000000
       .idata_cp1open.o_i    romdata   0x005ae2    program   0x000000
       .romdata_cp1open.o    romdata   0x005ae2    program   0x000000
        .idata_t0open.o_i    romdata   0x005ae2    program   0x000000
         .idata_uopen.o_i    romdata   0x005ae2    program   0x000000
        .romdata_t0open.o    romdata   0x005ae2    program   0x000000
        .romdata_t1open.o    romdata   0x005ae2    program   0x000000
        .idata_t1open.o_i    romdata   0x005ae2    program   0x000000
           .idata_gps.o_i    romdata   0x005ae2    program   0x000000
       .romdata_outputs.o    romdata   0x005ae2    program   0x000000
       .idata_outputs.o_i    romdata   0x005ae2    program   0x000000
           .romdata_i2c.o    romdata   0x005ae2    program   0x000000
           .idata_i2c.o_i    romdata   0x005ae2    program   0x000000
       .romdata_control.o    romdata   0x005ae2    program   0x000000
       .idata_control.o_i    romdata   0x005ae2    program   0x000000
             .stringtable    romdata   0x005ae2    program   0x000000
.romdata_compass_altimeter.o    romdata   0x005ae2    program   0x000000
.idata_compass_altimeter.o_i    romdata   0x005ae2    program   0x000000
         .idata_utils.o_i    romdata   0x005ae2    program   0x000000
    .romdata_autonomous.o    romdata   0x005ae2    program   0x000000
    .idata_autonomous.o_i    romdata   0x005ae2    program   0x000000
           .romdata_adc.o    romdata   0x005ae2    program   0x000000
           .idata_adc.o_i    romdata   0x005ae2    program   0x000000
           .romdata_spi.o    romdata   0x005ae2    program   0x000000
           .idata_spi.o_i    romdata   0x005ae2    program   0x000000
         .romdata_utils.o    romdata   0x005ae2    program   0x000000
       .romdata_adcconv.o    romdata   0x005ae2    program   0x000000
       .idata_adcconv.o_i    romdata   0x005ae2    program   0x000000
            .code_c018i.o       code   0x005ae2    program   0x000000
       .romdata_adcbusy.o    romdata   0x005ae2    program   0x000000
       .idata_adcbusy.o_i    romdata   0x005ae2    program   0x000000
          .romdata_UAVX.o    romdata   0x005ae2    program   0x000000
          .idata_UAVX.o_i    romdata   0x005ae2    program   0x000000
        .idata_serial.o_i    romdata   0x005ae2    program   0x000000
        .romdata_serial.o    romdata   0x005ae2    program   0x000000
           .romdata_irq.o    romdata   0x005ae2    program   0x000000
           .idata_irq.o_i    romdata   0x005ae2    program   0x000000
           .romdata_gps.o    romdata   0x005ae2    program   0x000000
                   .org_0       code   0x007d00    program   0x000300
    .config_300001_UAVX.o    romdata   0x300001    program   0x000001
    .config_300002_UAVX.o    romdata   0x300002    program   0x000001
    .config_300003_UAVX.o    romdata   0x300003    program   0x000001
    .config_300005_UAVX.o    romdata   0x300005    program   0x000001
    .config_300006_UAVX.o    romdata   0x300006    program   0x000001
                 .tmpdata      udata   0x000000       data   0x000015
                MATH_DATA      udata   0x000015       data   0x000014
     high_isr_handler_tmp      udata   0x000029       data   0x000006
        assembly_language      udata   0x000080       data   0x000007
         .udata_control.o      udata   0x000087       data   0x000066
                 sintable      idata   0x0000ed       data   0x000011
         .udata_outputs.o      udata   0x0000fe       data   0x000001
        .idata_fxd2424u.o      idata   0x0000ff       data   0x000000
        .udata_fxd2424u.o      udata   0x0000ff       data   0x000000
        .idata_fxd1616u.o      idata   0x0000ff       data   0x000000
        .udata_fxd1616u.o      udata   0x0000ff       data   0x000000
        .idata_fxd0808u.o      idata   0x0000ff       data   0x000000
        .udata_fxd0808u.o      udata   0x0000ff       data   0x000000
         .idata_adcconv.o      idata   0x0000ff       data   0x000000
         .udata_adcconv.o      udata   0x0000ff       data   0x000000
         .idata_adcbusy.o      idata   0x0000ff       data   0x000000
         .udata_adcbusy.o      udata   0x0000ff       data   0x000000
            .idata_UAVX.o      idata   0x0000ff       data   0x000000
             .idata_irq.o      idata   0x0000ff       data   0x000000
         .udata_adcopen.o      udata   0x0000ff       data   0x000000
         .idata_adcopen.o      idata   0x0000ff       data   0x000000
         .udata_cp1open.o      udata   0x0000ff       data   0x000000
         .idata_cp1open.o      idata   0x0000ff       data   0x000000
          .udata_t0open.o      udata   0x0000ff       data   0x000000
          .idata_t0open.o      idata   0x0000ff       data   0x000000
          .udata_t1open.o      udata   0x0000ff       data   0x000000
          .idata_t1open.o      idata   0x0000ff       data   0x000000
           .udata_uopen.o      udata   0x0000ff       data   0x000000
           .idata_uopen.o      idata   0x0000ff       data   0x000000
         .udata_adcread.o      udata   0x0000ff       data   0x000000
         .idata_adcread.o      idata   0x0000ff       data   0x000000
        .udata_adcsetch.o      udata   0x0000ff       data   0x000000
        .idata_adcsetch.o      idata   0x0000ff       data   0x000000
          .udata___init.o      udata   0x0000ff       data   0x000000
          .idata___init.o      idata   0x0000ff       data   0x000000
           .idata_c018i.o      idata   0x0000ff       data   0x000000
          .udata_serial.o      udata   0x0000ff       data   0x000000
          .idata_serial.o      idata   0x0000ff       data   0x000000
           .udata_utils.o      udata   0x0000ff       data   0x000000
           .idata_utils.o      idata   0x0000ff       data   0x000000
             .udata_spi.o      udata   0x0000ff       data   0x000000
             .idata_spi.o      idata   0x0000ff       data   0x000000
             .udata_adc.o      udata   0x0000ff       data   0x000000
             .idata_adc.o      idata   0x0000ff       data   0x000000
      .udata_autonomous.o      udata   0x0000ff       data   0x000000
      .idata_autonomous.o      idata   0x0000ff       data   0x000000
.udata_compass_altimeter.o      udata   0x0000ff       data   0x000000
.idata_compass_altimeter.o      idata   0x0000ff       data   0x000000
         .idata_control.o      idata   0x0000ff       data   0x000000
             .idata_gps.o      idata   0x0000ff       data   0x000000
              controlvars      idata   0x0000ff       data   0x000000
             .udata_i2c.o      udata   0x0000ff       data   0x000000
             .idata_i2c.o      idata   0x0000ff       data   0x000000
         .idata_outputs.o      idata   0x0000ff       data   0x000000
             .udata_gps.o      udata   0x0000ff       data   0x000000
                    menu1      idata   0x000100       data   0x0000fe
                    menu2      idata   0x000200       data   0x0000f3
           .udata_c018i.o      udata   0x0002f3       data   0x00000a
                 utilvars      udata   0x0002fd       data   0x000003
             .udata_irq.o      udata   0x000300       data   0x0000a3
            .udata_UAVX.o      udata   0x0003a3       data   0x000023
                   arctan      idata   0x0003c6       data   0x000022
               outputvars      udata   0x0003e8       data   0x000010
              compassvars      udata   0x0003f8       data   0x000004
                   clocks      udata   0x000400       data   0x000021
                   params      idata   0x000421       data   0x00001c
                  gpsvars      udata   0x00043d       data   0x000019
                   rcmaps      idata   0x000456       data   0x00000e
                 barovars      udata   0x000464       data   0x000009
                   .stack      udata   0x000500       data   0x000100
            SFR_UNBANKED0      udata   0x000f80       data   0x000080



                              Program Memory Usage 
                               Start         End      
                           ---------   ---------      
                            0x000000    0x005ae1      
                            0x007d00    0x007fff      
                            0x300001    0x300003      
                            0x300005    0x300006      
            24039 out of 33048 program addresses used, program memory utilization is 72%



                              Symbols - Sorted by Name
                     Name    Address   Location    Storage File                     
                ---------  ---------  ---------  --------- ---------                
                      ADC   0x0054f6    program     extern C:\Flight\Code\UAVX-GKE\adc.c
                ASCII2Bin   0x007f6c    program     static C:\Flight\Code\UAVX-GKE\bootl18f.asm
             ASCII2Nibble   0x007f60    program     static C:\Flight\Code\UAVX-GKE\bootl18f.asm
                    AckOK   0x007ed2    program     static C:\Flight\Code\UAVX-GKE\bootl18f.asm
        AcquireSatellites   0x0046da    program     extern C:\Flight\Code\UAVX-GKE\autonomous.c
     AltitudeCompensation   0x003cb6    program     extern C:\Flight\Code\UAVX-GKE\compass_altimeter.c
             AltitudeHold   0x0007de    program     extern C:\Flight\Code\UAVX-GKE\control.c
             AttitudeHold   0x000ffe    program     extern C:\Flight\Code\UAVX-GKE\control.c
                 BootLeds   0x007f7e    program     static C:\Flight\Code\UAVX-GKE\bootl18f.asm
                BootStart   0x007d00    program     extern C:\Flight\Code\UAVX-GKE\bootl18f.asm
                  BusyADC   0x00000e    program     extern C:\MCC18\src\pmc_common\ADC\adcbusy.c
              CheckAlarms   0x002a6e    program     extern C:\Flight\Code\UAVX-GKE\utils.c
                CheckBoot   0x007e58    program     static C:\Flight\Code\UAVX-GKE\bootl18f.asm
              CheckDemand   0x002fc2    program     extern C:\Flight\Code\UAVX-GKE\outputs.c
        CheckFrameOverrun   0x003772    program     extern C:\Flight\Code\UAVX-GKE\outputs.c
               CheckReset   0x007e3e    program     static C:\Flight\Code\UAVX-GKE\bootl18f.asm
          CompensateGyros   0x00055a    program     extern C:\Flight\Code\UAVX-GKE\control.c
               ConvertADC   0x005890    program     extern C:\MCC18\src\pmc_common\ADC\adcconv.c
                  CopyRec   0x007e06    program     static C:\Flight\Code\UAVX-GKE\bootl18f.asm
                    D10_1   0x00586a    program     static C:\MCC18\src\traditional\delays\d10tcyx.asm
                     D10x   0x005862    program     static C:\MCC18\src\traditional\delays\d10tcyx.asm
                   D1616S   0x00510a    program     static C:\MCC18\src\traditional\math\fxd1616s.asm
                D1616SNEG   0x005118    program     static C:\MCC18\src\traditional\math\fxd1616s.asm
                 D1616SOK   0x005114    program     static C:\MCC18\src\traditional\math\fxd1616s.asm
                  D1616SX   0x00512a    program     static C:\MCC18\src\traditional\math\fxd1616s.asm
                   D2424S   0x00515e    program     static C:\MCC18\src\traditional\math\fxd2424s.asm
                D2424SNEG   0x00516c    program     static C:\MCC18\src\traditional\math\fxd2424s.asm
                 D2424SOK   0x005168    program     static C:\MCC18\src\traditional\math\fxd2424s.asm
                  D2424SX   0x005184    program     static C:\MCC18\src\traditional\math\fxd2424s.asm
                  DA1616S   0x0050fa    program     static C:\MCC18\src\traditional\math\fxd1616s.asm
                  DA2424S   0x00514a    program     static C:\MCC18\src\traditional\math\fxd2424s.asm
              Delay10TCYx   0x00585a    program     extern C:\MCC18\src\traditional\delays\d10tcyx.asm
                  Descend   0x00465c    program     extern C:\Flight\Code\UAVX-GKE\autonomous.c
        DetermineAttitude   0x000b6a    program     extern C:\Flight\Code\UAVX-GKE\control.c
             DoAutonomous   0x0049f2    program     extern C:\Flight\Code\UAVX-GKE\autonomous.c
                DoControl   0x0015a0    program     extern C:\Flight\Code\UAVX-GKE\control.c
            DoDebugTraces   0x002d44    program     extern C:\Flight\Code\UAVX-GKE\utils.c
            DoIntTestLEDs   0x000068    program     extern C:\Flight\Code\UAVX-GKE\control.c
                    DoMix   0x002d48    program     extern C:\Flight\Code\UAVX-GKE\outputs.c
               DoPWMFrame   0x0036f2    program     extern C:\Flight\Code\UAVX-GKE\outputs.c
                 FXD0808U   0x00583e    program     extern C:\MCC18\src\traditional\math\fxd0808u.c
                 FXD1616S   0x0050e8    program     extern C:\MCC18\src\traditional\math\fxd1616s.asm
                 FXD1616U   0x0057da    program     extern C:\MCC18\src\traditional\math\fxd1616u.c
                 FXD2424S   0x005134    program     extern C:\MCC18\src\traditional\math\fxd2424s.asm
                 FXD2424U   0x00570a    program     extern C:\MCC18\src\traditional\math\fxd2424u.c
                 FXM1616S   0x00518e    program     extern C:\MCC18\src\traditional\math\fxm1616s.asm
                 FXM1616U   0x0051e8    program     extern C:\MCC18\src\traditional\math\fxm1616u.asm
                 FXM2424U   0x005224    program     extern C:\MCC18\src\traditional\math\fxm2424u.asm
                 Finished   0x007ef8    program     static C:\Flight\Code\UAVX-GKE\bootl18f.asm
                  Forever   0x007efe    program     static C:\Flight\Code\UAVX-GKE\bootl18f.asm
          GPSAltitudeHold   0x00582e    program     extern C:\Flight\Code\UAVX-GKE\gps.c
          GetBaroAltitude   0x003fba    program     extern C:\Flight\Code\UAVX-GKE\compass_altimeter.c
          GetBatteryVolts   0x002980    program     extern C:\Flight\Code\UAVX-GKE\utils.c
             GetDirection   0x0038da    program     extern C:\Flight\Code\UAVX-GKE\compass_altimeter.c
             GetPitchRate   0x000136    program     extern C:\Flight\Code\UAVX-GKE\control.c
              GetRollRate   0x000122    program     extern C:\Flight\Code\UAVX-GKE\control.c
               GetYawRate   0x000170    program     extern C:\Flight\Code\UAVX-GKE\control.c
              HeadingHold   0x000b3a    program     extern C:\Flight\Code\UAVX-GKE\control.c
              HoldStation   0x004998    program     extern C:\Flight\Code\UAVX-GKE\autonomous.c
                 I2CDelay   0x0052b6    program     extern C:\Flight\Code\UAVX-GKE\i2c.c
                 I2CStart   0x005308    program     extern C:\Flight\Code\UAVX-GKE\i2c.c
                  I2CStop   0x00532c    program     extern C:\Flight\Code\UAVX-GKE\i2c.c
             I2CWaitClkHi   0x0052c2    program     extern C:\Flight\Code\UAVX-GKE\i2c.c
                     Init   0x007d44    program     static C:\Flight\Code\UAVX-GKE\bootl18f.asm
                  InitADC   0x00556c    program     extern C:\Flight\Code\UAVX-GKE\adc.c
       InitAccelerometers   0x00037e    program     extern C:\Flight\Code\UAVX-GKE\control.c
             InitAttitude   0x001440    program     extern C:\Flight\Code\UAVX-GKE\control.c
            InitBarometer   0x003d9e    program     extern C:\Flight\Code\UAVX-GKE\compass_altimeter.c
              InitControl   0x0015ba    program     extern C:\Flight\Code\UAVX-GKE\control.c
            InitDirection   0x00388a    program     extern C:\Flight\Code\UAVX-GKE\compass_altimeter.c
                  InitGPS   0x005822    program     extern C:\Flight\Code\UAVX-GKE\gps.c
                InitGyros   0x000182    program     extern C:\Flight\Code\UAVX-GKE\control.c
                 InitMisc   0x004a58    program     extern C:\Flight\Code\UAVX-GKE\UAVX.c
              InitOutputs   0x003826    program     extern C:\Flight\Code\UAVX-GKE\outputs.c
                InitPorts   0x002962    program     extern C:\Flight\Code\UAVX-GKE\utils.c
  InitTimersAndInterrupts   0x004082    program     extern C:\Flight\Code\UAVX-GKE\irq.c
             IsLISLactive   0x004f7a    program     extern C:\Flight\Code\UAVX-GKE\spi.c
                  LEDScan   0x007f88    program     static C:\Flight\Code\UAVX-GKE\bootl18f.asm
          LoadBlockTBLPTR   0x007f54    program     static C:\Flight\Code\UAVX-GKE\bootl18f.asm
                 MainLoop   0x007d6a    program     static C:\Flight\Code\UAVX-GKE\bootl18f.asm
                    MapRC   0x0041a2    program     extern C:\Flight\Code\UAVX-GKE\irq.c
                 Messages   0x007d06    program     static C:\Flight\Code\UAVX-GKE\bootl18f.asm
           MixAndLimitCam   0x0034c6    program     extern C:\Flight\Code\UAVX-GKE\outputs.c
        MixAndLimitMotors   0x003402    program     extern C:\Flight\Code\UAVX-GKE\outputs.c
                 Navigate   0x0046ea    program     extern C:\Flight\Code\UAVX-GKE\autonomous.c
                 NextByte   0x007e0e    program     static C:\Flight\Code\UAVX-GKE\bootl18f.asm
              NextBytePIC   0x007e92    program     static C:\Flight\Code\UAVX-GKE\bootl18f.asm
                  NextRec   0x007e68    program     static C:\Flight\Code\UAVX-GKE\bootl18f.asm
           NextWriteBlock   0x007f14    program     static C:\Flight\Code\UAVX-GKE\bootl18f.asm
                    OS005   0x003710    program     static                          
                    OS006   0x00374c    program     static                          
                    OS007   0x003720    program     static                          
                    OS008   0x003728    program     static                          
                    OS009   0x003730    program     static                          
                    OS010   0x003738    program     static                          
                    OS011   0x003740    program     static                          
                  OpenADC   0x00560e    program     extern C:\MCC18\src\pmc_common\ADC\adcopen.c
             OpenCapture1   0x00577c    program     extern C:\MCC18\src\pmc_common\CCP\cp1open.c
               OpenTimer0   0x005744    program     extern C:\MCC18\src\pmc_common\Timers\t0open.c
               OpenTimer1   0x0056c8    program     extern C:\MCC18\src\pmc_common\Timers\t1open.c
                OpenUSART   0x005584    program     extern C:\MCC18\src\pmc_common\USART\uopen.c
               OutSignals   0x003800    program     extern C:\Flight\Code\UAVX-GKE\outputs.c
               PollRxChar   0x0018ca    program     extern C:\Flight\Code\UAVX-GKE\serial.c
           ProcessCommand   0x001d42    program     extern C:\Flight\Code\UAVX-GKE\serial.c
           RCLinkRestored   0x0045d8    program     extern C:\Flight\Code\UAVX-GKE\autonomous.c
                 RXCharOK   0x007db4    program     static C:\Flight\Code\UAVX-GKE\bootl18f.asm
                  ReadADC   0x005870    program     extern C:\MCC18\src\pmc_common\ADC\adcread.c
        ReadAccelerations   0x005006    program     extern C:\Flight\Code\UAVX-GKE\spi.c
                 ReadBaro   0x003ac0    program     extern C:\Flight\Code\UAVX-GKE\compass_altimeter.c
                   ReadEE   0x002b58    program     extern C:\Flight\Code\UAVX-GKE\utils.c
                 ReadLISL   0x004e4c    program     extern C:\Flight\Code\UAVX-GKE\spi.c
             ReadLISLNext   0x004e84    program     extern C:\Flight\Code\UAVX-GKE\spi.c
             ReadPICBlock   0x007f3c    program     static C:\Flight\Code\UAVX-GKE\bootl18f.asm
              ReadPICByte   0x007f48    program     static C:\Flight\Code\UAVX-GKE\bootl18f.asm
         ReadParametersEE   0x002c0a    program     extern C:\Flight\Code\UAVX-GKE\utils.c
              RecvI2CByte   0x0053c4    program     extern C:\Flight\Code\UAVX-GKE\i2c.c
            ResetTimeOuts   0x00458c    program     extern C:\Flight\Code\UAVX-GKE\autonomous.c
                   RxChar   0x00188e    program     extern C:\Flight\Code\UAVX-GKE\serial.c
                  RxError   0x007e2c    program     static C:\Flight\Code\UAVX-GKE\bootl18f.asm
                   RxNumS   0x001a2a    program     extern C:\Flight\Code\UAVX-GKE\serial.c
                   RxNumU   0x001942    program     extern C:\Flight\Code\UAVX-GKE\serial.c
                   RxPoll   0x007d76    program     static C:\Flight\Code\UAVX-GKE\bootl18f.asm
                    SRS16   0x0022f2    program     extern C:\Flight\Code\UAVX-GKE\utils.c
                    SRS24   0x002206    program     extern C:\Flight\Code\UAVX-GKE\utils.c
                     SS_1   0x007fa2    program     static C:\Flight\Code\UAVX-GKE\bootl18f.asm
                     SS_2   0x007fbe    program     static C:\Flight\Code\UAVX-GKE\bootl18f.asm
             SaveResetVec   0x007ea0    program     static C:\Flight\Code\UAVX-GKE\bootl18f.asm
              SendCommand   0x004dde    program     extern C:\Flight\Code\UAVX-GKE\spi.c
              SendI2CByte   0x00534c    program     extern C:\Flight\Code\UAVX-GKE\i2c.c
                 SendLeds   0x005086    program     extern C:\Flight\Code\UAVX-GKE\spi.c
               SendString   0x007fa0    program     static C:\Flight\Code\UAVX-GKE\bootl18f.asm
            SendString_OK   0x007f9e    program     static C:\Flight\Code\UAVX-GKE\bootl18f.asm
               SetChanADC   0x0057ac    program     extern C:\MCC18\src\pmc_common\ADC\adcsetch.c
               ShowPrompt   0x00164a    program     extern C:\Flight\Code\UAVX-GKE\serial.c
                ShowSetup   0x001be4    program     extern C:\Flight\Code\UAVX-GKE\serial.c
             StartBaroAcq   0x003be0    program     extern C:\Flight\Code\UAVX-GKE\compass_altimeter.c
            SwitchLedsOff   0x002a4c    program     extern C:\Flight\Code\UAVX-GKE\utils.c
             SwitchLedsOn   0x002a30    program     extern C:\Flight\Code\UAVX-GKE\utils.c
               TSIGN1616A   0x0051da    program     static C:\MCC18\src\traditional\math\fxm1616s.asm
                  Table16   0x002382    program     extern C:\Flight\Code\UAVX-GKE\utils.c
                   TxChar   0x007fc8    program     static C:\Flight\Code\UAVX-GKE\bootl18f.asm
                   TxChar   0x00165a    program     extern C:\Flight\Code\UAVX-GKE\serial.c
               TxNextLine   0x00187c    program     extern C:\Flight\Code\UAVX-GKE\serial.c
                 TxNibble   0x0017a0    program     extern C:\Flight\Code\UAVX-GKE\serial.c
                   TxText   0x001606    program     extern C:\Flight\Code\UAVX-GKE\serial.c
                   TxValH   0x0017f8    program     extern C:\Flight\Code\UAVX-GKE\serial.c
                 TxValH16   0x001834    program     extern C:\Flight\Code\UAVX-GKE\serial.c
                   TxValS   0x00173c    program     extern C:\Flight\Code\UAVX-GKE\serial.c
                   TxValU   0x001684    program     extern C:\Flight\Code\UAVX-GKE\serial.c
           UpdateControls   0x0014da    program     extern C:\Flight\Code\UAVX-GKE\control.c
                UpdateGPS   0x00582c    program     extern C:\Flight\Code\UAVX-GKE\gps.c
                 ValidRec   0x007e38    program     static C:\Flight\Code\UAVX-GKE\bootl18f.asm
                VerifyRec   0x007db8    program     static C:\Flight\Code\UAVX-GKE\bootl18f.asm
                  WriteEE   0x002b8a    program     extern C:\Flight\Code\UAVX-GKE\utils.c
                WriteLISL   0x004f06    program     extern C:\Flight\Code\UAVX-GKE\spi.c
                 WritePIC   0x007f2e    program     static C:\Flight\Code\UAVX-GKE\bootl18f.asm
            WritePICBlock   0x007f00    program     static C:\Flight\Code\UAVX-GKE\bootl18f.asm
             WritePICByte   0x007f18    program     static C:\Flight\Code\UAVX-GKE\bootl18f.asm
        WriteParametersEE   0x002ca2    program     extern C:\Flight\Code\UAVX-GKE\utils.c
                 WriteRec   0x007e70    program     static C:\Flight\Code\UAVX-GKE\bootl18f.asm
                    _CSum   0x007d22    program     static C:\Flight\Code\UAVX-GKE\bootl18f.asm
        _D10TCYXCODE_000A   0x005864    program     static C:\MCC18\src\traditional\delays\d10tcyx.asm
        _D10TCYXCODE_000C   0x005866    program     static C:\MCC18\src\traditional\delays\d10tcyx.asm
        _D10TCYXCODE_000E   0x005868    program     static C:\MCC18\src\traditional\delays\d10tcyx.asm
                    _Done   0x007d32    program     static C:\Flight\Code\UAVX-GKE\bootl18f.asm
                     _Err   0x007d1a    program     static C:\Flight\Code\UAVX-GKE\bootl18f.asm
                   _Hello   0x007d08    program     static C:\Flight\Code\UAVX-GKE\bootl18f.asm
                      _OK   0x007d2c    program     static C:\Flight\Code\UAVX-GKE\bootl18f.asm
         ___else_lbl00039   0x003756    program     static                          
           ___if_lbl00036   0x00376a    program     static                          
           ___if_lbl00038   0x003770    program     static                          
           ___if_lbl00040   0x003770    program     static                          
       ___return_lbl00000   0x000004    program     static                          
       ___return_lbl00000   0x005858    program     static                          
       ___return_lbl00000   0x005804    program     static                          
       ___return_lbl00000   0x005742    program     static                          
       ___return_lbl00001   0x005820    program     static                          
       ___return_lbl00002   0x0054f4    program     static                          
       ___return_lbl00034   0x00000c    program     static                          
       ___return_lbl00035   0x003770    program     static                          
       ___return_lbl00035   0x00001c    program     static                          
               __config_0   0x300001    program     static C:\Flight\Code\UAVX-GKE\UAVX.c
               __config_1   0x300002    program     static C:\Flight\Code\UAVX-GKE\UAVX.c
               __config_2   0x300003    program     static C:\Flight\Code\UAVX-GKE\UAVX.c
               __config_3   0x300005    program     static C:\Flight\Code\UAVX-GKE\UAVX.c
               __config_4   0x300006    program     static C:\Flight\Code\UAVX-GKE\UAVX.c
                   __init   0x000006    program     extern C:\MCC18\src\traditional\stdclib\__init.c
            __zero_memory   0x005882    program     extern C:\MCC18\src\traditional\proc\p18F2520.asm
                _do_cinit   0x005458    program     extern C:\MCC18\src\traditional\startup\c018i.c
                   _entry   0x000000    program     extern C:\MCC18\src\traditional\startup\c018i.c
                   _false   0x00573e    program     static                          
                 _startup   0x005806    program     extern C:\MCC18\src\traditional\startup\c018i.c
               clear_loop   0x005888    program     static C:\MCC18\src\traditional\proc\p18F2520.asm
                copy_loop   0x0054ca    program     static                          
            copy_one_byte   0x0054d0    program     static                          
                     done   0x0054f4    program     static                          
             done_copying   0x0054de    program     static                          
                  endloop   0x005854    program     static                          
                  endloop   0x005800    program     static                          
                 high_isr   0x000008    program     extern C:\Flight\Code\UAVX-GKE\irq.c
         high_isr_handler   0x004244    program     extern C:\Flight\Code\UAVX-GKE\irq.c
               int16atan2   0x00268c    program     extern C:\Flight\Code\UAVX-GKE\utils.c
                 int16cos   0x002658    program     extern C:\Flight\Code\UAVX-GKE\utils.c
                 int16sin   0x0024e2    program     extern C:\Flight\Code\UAVX-GKE\utils.c
                  islower   0x00567c    program     extern C:\MCC18\src\traditional\stdclib\islower.asm
                   jMatch   0x00569c    program     static C:\MCC18\src\traditional\stdclib\islower.asm
                 jNoMatch   0x0056c6    program     static C:\MCC18\src\traditional\stdclib\toupper.asm
                 jNoMatch   0x00569e    program     static C:\MCC18\src\traditional\stdclib\islower.asm
                     loop   0x0057e4    program     static                          
                     loop   0x005846    program     static                          
                     loop   0x005816    program     static                          
                     loop   0x005716    program     static                          
                  low_isr   0x000018    program     extern C:\Flight\Code\UAVX-GKE\irq.c
          low_isr_handler   0x004230    program     extern C:\Flight\Code\UAVX-GKE\irq.c
                     main   0x004aa4    program     extern C:\Flight\Code\UAVX-GKE\UAVX.c
                  padding   0x007fd0    program     static C:\Flight\Code\UAVX-GKE\bootl18f.asm
                     test   0x005472    program     static                          
                  toupper   0x0056a0    program     extern C:\MCC18\src\traditional\stdclib\toupper.asm
               uglybypass   0x007e8e    program     static C:\Flight\Code\UAVX-GKE\bootl18f.asm
               uglyoffset   0x007e88    program     static C:\Flight\Code\UAVX-GKE\bootl18f.asm
                   ADCON0   0x000fc2       data     extern C:\MCC18\src\traditional\proc\p18F2520.asm
               ADCON0bits   0x000fc2       data     extern C:\MCC18\src\traditional\proc\p18F2520.asm
                   ADCON1   0x000fc1       data     extern C:\MCC18\src\traditional\proc\p18F2520.asm
               ADCON1bits   0x000fc1       data     extern C:\MCC18\src\traditional\proc\p18F2520.asm
                   ADCON2   0x000fc0       data     extern C:\MCC18\src\traditional\proc\p18F2520.asm
               ADCON2bits   0x000fc0       data     extern C:\MCC18\src\traditional\proc\p18F2520.asm
                    ADRES   0x000fc3       data     extern C:\MCC18\src\traditional\proc\p18F2520.asm
                   ADRESH   0x000fc4       data     extern C:\MCC18\src\traditional\proc\p18F2520.asm
                   ADRESL   0x000fc3       data     extern C:\MCC18\src\traditional\proc\p18F2520.asm
                       AE   0x0000bb       data     extern C:\Flight\Code\UAVX-GKE\control.c
                      AEp   0x0000cd       data     extern C:\Flight\Code\UAVX-GKE\control.c
               AltitudeKd   0x00043c       data     extern C:\Flight\Code\UAVX-GKE\control.c
               AltitudeKp   0x000429       data     extern C:\Flight\Code\UAVX-GKE\control.c
              ArctanTable   0x0003c6       data     extern C:\Flight\Code\UAVX-GKE\utils.c
                       Ax   0x0000a6       data     extern C:\Flight\Code\UAVX-GKE\control.c
                       Ay   0x0000a8       data     extern C:\Flight\Code\UAVX-GKE\control.c
                       Az   0x0000aa       data     extern C:\Flight\Code\UAVX-GKE\control.c
                  BAUDCON   0x000fb8       data     extern C:\MCC18\src\traditional\proc\p18F2520.asm
              BAUDCONbits   0x000fb8       data     extern C:\MCC18\src\traditional\proc\p18F2520.asm
                  BAUDCTL   0x000fb8       data     extern C:\MCC18\src\traditional\proc\p18F2520.asm
              BAUDCTLbits   0x000fb8       data     extern C:\MCC18\src\traditional\proc\p18F2520.asm
                      BSR   0x000fe0       data     extern C:\MCC18\src\traditional\proc\p18F2520.asm
                 BaroTemp   0x000464       data     extern C:\Flight\Code\UAVX-GKE\compass_altimeter.c
            BaroTempCoeff   0x000424       data     extern C:\Flight\Code\UAVX-GKE\control.c
             BatteryVolts   0x0002fe       data     extern C:\Flight\Code\UAVX-GKE\utils.c
                  CCP1CON   0x000fbd       data     extern C:\MCC18\src\traditional\proc\p18F2520.asm
              CCP1CONbits   0x000fbd       data     extern C:\MCC18\src\traditional\proc\p18F2520.asm
                  CCP2CON   0x000fba       data     extern C:\MCC18\src\traditional\proc\p18F2520.asm
              CCP2CONbits   0x000fba       data     extern C:\MCC18\src\traditional\proc\p18F2520.asm
                    CCPR1   0x000fbe       data     extern C:\MCC18\src\traditional\proc\p18F2520.asm
                   CCPR1H   0x000fbf       data     extern C:\MCC18\src\traditional\proc\p18F2520.asm
                   CCPR1L   0x000fbe       data     extern C:\MCC18\src\traditional\proc\p18F2520.asm
                    CCPR2   0x000fbb       data     extern C:\MCC18\src\traditional\proc\p18F2520.asm
                   CCPR2H   0x000fbc       data     extern C:\MCC18\src\traditional\proc\p18F2520.asm
                   CCPR2L   0x000fbb       data     extern C:\MCC18\src\traditional\proc\p18F2520.asm
                    CMCON   0x000fb4       data     extern C:\MCC18\src\traditional\proc\p18F2520.asm
                CMCONbits   0x000fb4       data     extern C:\MCC18\src\traditional\proc\p18F2520.asm
                   CVRCON   0x000fb5       data     extern C:\MCC18\src\traditional\proc\p18F2520.asm
               CVRCONbits   0x000fb5       data     extern C:\MCC18\src\traditional\proc\p18F2520.asm
                    CamKi   0x00043a       data     extern C:\Flight\Code\UAVX-GKE\control.c
           CompassHeading   0x0003f8       data     extern C:\Flight\Code\UAVX-GKE\compass_altimeter.c
                CompassKp   0x00043b       data     extern C:\Flight\Code\UAVX-GKE\control.c
              ConfigParam   0x000430       data     extern C:\Flight\Code\UAVX-GKE\control.c
             CurrAltitude   0x0000eb       data     extern C:\Flight\Code\UAVX-GKE\control.c
         CurrBaroAltitude   0x000469       data     extern C:\Flight\Code\UAVX-GKE\compass_altimeter.c
             CurrBaroTemp   0x00046b       data     extern C:\Flight\Code\UAVX-GKE\compass_altimeter.c
                     DDRA   0x000f92       data     extern C:\MCC18\src\traditional\proc\p18F2520.asm
                 DDRAbits   0x000f92       data     extern C:\MCC18\src\traditional\proc\p18F2520.asm
                     DDRB   0x000f93       data     extern C:\MCC18\src\traditional\proc\p18F2520.asm
                 DDRBbits   0x000f93       data     extern C:\MCC18\src\traditional\proc\p18F2520.asm
                     DDRC   0x000f94       data     extern C:\MCC18\src\traditional\proc\p18F2520.asm
                 DDRCbits   0x000f94       data     extern C:\MCC18\src\traditional\proc\p18F2520.asm
          DesiredAltitude   0x0000d9       data     extern C:\Flight\Code\UAVX-GKE\control.c
          DesiredCamPitch   0x0003ec       data     extern C:\Flight\Code\UAVX-GKE\outputs.c
           DesiredCamRoll   0x0003ea       data     extern C:\Flight\Code\UAVX-GKE\outputs.c
           DesiredHeading   0x0003fa       data     extern C:\Flight\Code\UAVX-GKE\compass_altimeter.c
             DesiredPitch   0x0000dd       data     extern C:\Flight\Code\UAVX-GKE\control.c
         DesiredPitchRate   0x0000e1       data     extern C:\Flight\Code\UAVX-GKE\control.c
               DesiredROC   0x0000e3       data     extern C:\Flight\Code\UAVX-GKE\control.c
              DesiredRoll   0x0000db       data     extern C:\Flight\Code\UAVX-GKE\control.c
          DesiredRollRate   0x0000df       data     extern C:\Flight\Code\UAVX-GKE\control.c
          DesiredThrottle   0x0000d5       data     extern C:\Flight\Code\UAVX-GKE\control.c
               DesiredYaw   0x0000e5       data     extern C:\Flight\Code\UAVX-GKE\control.c
           DesiredYawRate   0x0000e7       data     extern C:\Flight\Code\UAVX-GKE\control.c
                  ECCP1AS   0x000fb6       data     extern C:\MCC18\src\traditional\proc\p18F2520.asm
              ECCP1ASbits   0x000fb6       data     extern C:\MCC18\src\traditional\proc\p18F2520.asm
                    EEADR   0x000fa9       data     extern C:\MCC18\src\traditional\proc\p18F2520.asm
                   EECON1   0x000fa6       data     extern C:\MCC18\src\traditional\proc\p18F2520.asm
               EECON1bits   0x000fa6       data     extern C:\MCC18\src\traditional\proc\p18F2520.asm
                   EECON2   0x000fa7       data     extern C:\MCC18\src\traditional\proc\p18F2520.asm
                   EEDATA   0x000fa8       data     extern C:\MCC18\src\traditional\proc\p18F2520.asm
             EmitPWMFrame   0x0003e9       data     extern C:\Flight\Code\UAVX-GKE\outputs.c
                     FSR0   0x000fe9       data     extern C:\MCC18\src\traditional\proc\p18F2520.asm
                    FSR0H   0x000fea       data     extern C:\MCC18\src\traditional\proc\p18F2520.asm
                    FSR0L   0x000fe9       data     extern C:\MCC18\src\traditional\proc\p18F2520.asm
                     FSR1   0x000fe1       data     extern C:\MCC18\src\traditional\proc\p18F2520.asm
                    FSR1H   0x000fe2       data     extern C:\MCC18\src\traditional\proc\p18F2520.asm
                    FSR1L   0x000fe1       data     extern C:\MCC18\src\traditional\proc\p18F2520.asm
                     FSR2   0x000fd9       data     extern C:\MCC18\src\traditional\proc\p18F2520.asm
                    FSR2H   0x000fda       data     extern C:\MCC18\src\traditional\proc\p18F2520.asm
                    FSR2L   0x000fd9       data     extern C:\MCC18\src\traditional\proc\p18F2520.asm
                    Flags   0x0003a4       data     extern C:\Flight\Code\UAVX-GKE\UAVX.c
              GPSAltitude   0x000450       data     extern C:\Flight\Code\UAVX-GKE\gps.c
                  GPSEast   0x000448       data     extern C:\Flight\Code\UAVX-GKE\gps.c
              GPSEastHold   0x00044c       data     extern C:\Flight\Code\UAVX-GKE\gps.c
           GPSGroundSpeed   0x000454       data     extern C:\Flight\Code\UAVX-GKE\gps.c
               GPSHeading   0x00044e       data     extern C:\Flight\Code\UAVX-GKE\gps.c
                 GPSNorth   0x000446       data     extern C:\Flight\Code\UAVX-GKE\gps.c
             GPSNorthHold   0x00044a       data     extern C:\Flight\Code\UAVX-GKE\gps.c
        GPSOriginAltitude   0x000452       data     extern C:\Flight\Code\UAVX-GKE\gps.c
        GPSOriginLatitude   0x00043e       data     extern C:\Flight\Code\UAVX-GKE\gps.c
       GPSOriginLongitude   0x000442       data     extern C:\Flight\Code\UAVX-GKE\gps.c
      GPSSentenceReceived   0x00043d       data     extern C:\Flight\Code\UAVX-GKE\gps.c
                       HE   0x0000c3       data     extern C:\Flight\Code\UAVX-GKE\control.c
                  HLVDCON   0x000fd2       data     extern C:\MCC18\src\traditional\proc\p18F2520.asm
              HLVDCONbits   0x000fd2       data     extern C:\MCC18\src\traditional\proc\p18F2520.asm
            HoverThrottle   0x0000d7       data     extern C:\Flight\Code\UAVX-GKE\control.c
                    INDF0   0x000fef       data     extern C:\MCC18\src\traditional\proc\p18F2520.asm
                    INDF1   0x000fe7       data     extern C:\MCC18\src\traditional\proc\p18F2520.asm
                    INDF2   0x000fdf       data     extern C:\MCC18\src\traditional\proc\p18F2520.asm
                   INTCON   0x000ff2       data     extern C:\MCC18\src\traditional\proc\p18F2520.asm
                  INTCON2   0x000ff1       data     extern C:\MCC18\src\traditional\proc\p18F2520.asm
              INTCON2bits   0x000ff1       data     extern C:\MCC18\src\traditional\proc\p18F2520.asm
                  INTCON3   0x000ff0       data     extern C:\MCC18\src\traditional\proc\p18F2520.asm
              INTCON3bits   0x000ff0       data     extern C:\MCC18\src\traditional\proc\p18F2520.asm
               INTCONbits   0x000ff2       data     extern C:\MCC18\src\traditional\proc\p18F2520.asm
                     IPR1   0x000f9f       data     extern C:\MCC18\src\traditional\proc\p18F2520.asm
                 IPR1bits   0x000f9f       data     extern C:\MCC18\src\traditional\proc\p18F2520.asm
                     IPR2   0x000fa2       data     extern C:\MCC18\src\traditional\proc\p18F2520.asm
                 IPR2bits   0x000fa2       data     extern C:\MCC18\src\traditional\proc\p18F2520.asm
            ImpulsePeriod   0x000431       data     extern C:\Flight\Code\UAVX-GKE\control.c
                     LATA   0x000f89       data     extern C:\MCC18\src\traditional\proc\p18F2520.asm
                 LATAbits   0x000f89       data     extern C:\MCC18\src\traditional\proc\p18F2520.asm
                     LATB   0x000f8a       data     extern C:\MCC18\src\traditional\proc\p18F2520.asm
                 LATBbits   0x000f8a       data     extern C:\MCC18\src\traditional\proc\p18F2520.asm
                     LATC   0x000f8b       data     extern C:\MCC18\src\traditional\proc\p18F2520.asm
                 LATCbits   0x000f8b       data     extern C:\MCC18\src\traditional\proc\p18F2520.asm
                   LVDCON   0x000fd2       data     extern C:\MCC18\src\traditional\proc\p18F2520.asm
               LVDCONbits   0x000fd2       data     extern C:\MCC18\src\traditional\proc\p18F2520.asm
                LedShadow   0x0002fd       data     extern C:\Flight\Code\UAVX-GKE\utils.c
                  LinFBKi   0x000434       data     extern C:\Flight\Code\UAVX-GKE\control.c
                  LinLRKi   0x000433       data     extern C:\Flight\Code\UAVX-GKE\control.c
                  LinUDKi   0x000435       data     extern C:\Flight\Code\UAVX-GKE\control.c
             LowVoltThres   0x000432       data     extern C:\Flight\Code\UAVX-GKE\control.c
                       MB   0x000082       data     extern C:\Flight\Code\UAVX-GKE\outputs.c
                MCamPitch   0x0003f6       data     extern C:\Flight\Code\UAVX-GKE\outputs.c
                 MCamRoll   0x0003f7       data     extern C:\Flight\Code\UAVX-GKE\outputs.c
                       ME   0x000086       data     extern C:\Flight\Code\UAVX-GKE\outputs.c
                       MF   0x000081       data     extern C:\Flight\Code\UAVX-GKE\outputs.c
                       ML   0x000083       data     extern C:\Flight\Code\UAVX-GKE\outputs.c
                       MR   0x000084       data     extern C:\Flight\Code\UAVX-GKE\outputs.c
                       MT   0x000085       data     extern C:\Flight\Code\UAVX-GKE\outputs.c
                      Map   0x000456       data     extern C:\Flight\Code\UAVX-GKE\control.c
                 MidPitch   0x00009e       data     extern C:\Flight\Code\UAVX-GKE\control.c
                  MidRoll   0x00009c       data     extern C:\Flight\Code\UAVX-GKE\control.c
                   MidYaw   0x0000a0       data     extern C:\Flight\Code\UAVX-GKE\control.c
                 MiddleFB   0x000439       data     extern C:\Flight\Code\UAVX-GKE\control.c
                 MiddleLR   0x000438       data     extern C:\Flight\Code\UAVX-GKE\control.c
                 MiddleUD   0x000436       data     extern C:\Flight\Code\UAVX-GKE\control.c
                    Motor   0x0003ee       data     extern C:\Flight\Code\UAVX-GKE\outputs.c
       MotorDemandRescale   0x0000fe       data     extern C:\Flight\Code\UAVX-GKE\outputs.c
              MotorLowRun   0x000437       data     extern C:\Flight\Code\UAVX-GKE\control.c
                NeutralFB   0x0000ae       data     extern C:\Flight\Code\UAVX-GKE\control.c
                NeutralLR   0x0000ac       data     extern C:\Flight\Code\UAVX-GKE\control.c
                NeutralUD   0x0000b0       data     extern C:\Flight\Code\UAVX-GKE\control.c
                   OSCCON   0x000fd3       data     extern C:\MCC18\src\traditional\proc\p18F2520.asm
               OSCCONbits   0x000fd3       data     extern C:\MCC18\src\traditional\proc\p18F2520.asm
                  OSCTUNE   0x000f9b       data     extern C:\MCC18\src\traditional\proc\p18F2520.asm
              OSCTUNEbits   0x000f9b       data     extern C:\MCC18\src\traditional\proc\p18F2520.asm
       OriginBaroAltitude   0x000467       data     extern C:\Flight\Code\UAVX-GKE\compass_altimeter.c
           OriginBaroTemp   0x000465       data     extern C:\Flight\Code\UAVX-GKE\compass_altimeter.c
                       PC   0x000ff9       data     extern C:\MCC18\src\traditional\proc\p18F2520.asm
                      PCL   0x000ff9       data     extern C:\MCC18\src\traditional\proc\p18F2520.asm
                   PCLATH   0x000ffa       data     extern C:\MCC18\src\traditional\proc\p18F2520.asm
                   PCLATU   0x000ffb       data     extern C:\MCC18\src\traditional\proc\p18F2520.asm
                       PE   0x0000bf       data     extern C:\Flight\Code\UAVX-GKE\control.c
                      PEp   0x0000d1       data     extern C:\Flight\Code\UAVX-GKE\control.c
                     PIE1   0x000f9d       data     extern C:\MCC18\src\traditional\proc\p18F2520.asm
                 PIE1bits   0x000f9d       data     extern C:\MCC18\src\traditional\proc\p18F2520.asm
                     PIE2   0x000fa0       data     extern C:\MCC18\src\traditional\proc\p18F2520.asm
                 PIE2bits   0x000fa0       data     extern C:\MCC18\src\traditional\proc\p18F2520.asm
                     PIR1   0x000f9e       data     extern C:\MCC18\src\traditional\proc\p18F2520.asm
                 PIR1bits   0x000f9e       data     extern C:\MCC18\src\traditional\proc\p18F2520.asm
                     PIR2   0x000fa1       data     extern C:\MCC18\src\traditional\proc\p18F2520.asm
                 PIR2bits   0x000fa1       data     extern C:\MCC18\src\traditional\proc\p18F2520.asm
                   PLUSW0   0x000feb       data     extern C:\MCC18\src\traditional\proc\p18F2520.asm
                   PLUSW1   0x000fe3       data     extern C:\MCC18\src\traditional\proc\p18F2520.asm
                   PLUSW2   0x000fdb       data     extern C:\MCC18\src\traditional\proc\p18F2520.asm
                    PORTA   0x000f80       data     extern C:\MCC18\src\traditional\proc\p18F2520.asm
                PORTAbits   0x000f80       data     extern C:\MCC18\src\traditional\proc\p18F2520.asm
                    PORTB   0x000f81       data     extern C:\MCC18\src\traditional\proc\p18F2520.asm
                PORTBbits   0x000f81       data     extern C:\MCC18\src\traditional\proc\p18F2520.asm
                    PORTC   0x000f82       data     extern C:\MCC18\src\traditional\proc\p18F2520.asm
                PORTCbits   0x000f82       data     extern C:\MCC18\src\traditional\proc\p18F2520.asm
                    PORTE   0x000f84       data     extern C:\MCC18\src\traditional\proc\p18F2520.asm
                PORTEbits   0x000f84       data     extern C:\MCC18\src\traditional\proc\p18F2520.asm
                 POSTDEC0   0x000fed       data     extern C:\MCC18\src\traditional\proc\p18F2520.asm
                 POSTDEC1   0x000fe5       data     extern C:\MCC18\src\traditional\proc\p18F2520.asm
                 POSTDEC2   0x000fdd       data     extern C:\MCC18\src\traditional\proc\p18F2520.asm
                 POSTINC0   0x000fee       data     extern C:\MCC18\src\traditional\proc\p18F2520.asm
                 POSTINC1   0x000fe6       data     extern C:\MCC18\src\traditional\proc\p18F2520.asm
                 POSTINC2   0x000fde       data     extern C:\MCC18\src\traditional\proc\p18F2520.asm
                      PPM   0x000300       data     extern C:\Flight\Code\UAVX-GKE\irq.c
                PPM_Index   0x000309       data     extern C:\Flight\Code\UAVX-GKE\irq.c
                      PR2   0x000fcb       data     extern C:\MCC18\src\traditional\proc\p18F2520.asm
                  PREINC0   0x000fec       data     extern C:\MCC18\src\traditional\proc\p18F2520.asm
                  PREINC1   0x000fe4       data     extern C:\MCC18\src\traditional\proc\p18F2520.asm
                  PREINC2   0x000fdc       data     extern C:\MCC18\src\traditional\proc\p18F2520.asm
                     PROD   0x000ff3       data     extern C:\MCC18\src\traditional\proc\p18F2520.asm
                    PRODH   0x000ff4       data     extern C:\MCC18\src\traditional\proc\p18F2520.asm
                    PRODL   0x000ff3       data     extern C:\MCC18\src\traditional\proc\p18F2520.asm
                  PWM1CON   0x000fb7       data     extern C:\MCC18\src\traditional\proc\p18F2520.asm
              PWM1CONbits   0x000fb7       data     extern C:\MCC18\src\traditional\proc\p18F2520.asm
             PWMPostPulse   0x0003e8       data     extern C:\Flight\Code\UAVX-GKE\outputs.c
               PitchAngle   0x00008a       data     extern C:\Flight\Code\UAVX-GKE\control.c
            PitchGyroRate   0x000092       data     extern C:\Flight\Code\UAVX-GKE\control.c
            PitchIntLimit   0x00042a       data     extern C:\Flight\Code\UAVX-GKE\control.c
                  PitchKd   0x000428       data     extern C:\Flight\Code\UAVX-GKE\control.c
                  PitchKi   0x000427       data     extern C:\Flight\Code\UAVX-GKE\control.c
                  PitchKp   0x000426       data     extern C:\Flight\Code\UAVX-GKE\control.c
                PitchRate   0x000098       data     extern C:\Flight\Code\UAVX-GKE\control.c
                       Pl   0x0000b5       data     extern C:\Flight\Code\UAVX-GKE\control.c
                 PrevEdge   0x00030e       data     extern C:\Flight\Code\UAVX-GKE\irq.c
                       RC   0x000312       data     extern C:\Flight\Code\UAVX-GKE\irq.c
                RCFrameOK   0x000311       data     extern C:\Flight\Code\UAVX-GKE\irq.c
               RCGlitches   0x00030b       data     extern C:\Flight\Code\UAVX-GKE\irq.c
                     RCON   0x000fd0       data     extern C:\MCC18\src\traditional\proc\p18F2520.asm
                 RCONbits   0x000fd0       data     extern C:\MCC18\src\traditional\proc\p18F2520.asm
                    RCREG   0x000fae       data     extern C:\MCC18\src\traditional\proc\p18F2520.asm
                    RCSTA   0x000fab       data     extern C:\MCC18\src\traditional\proc\p18F2520.asm
                RCSTAbits   0x000fab       data     extern C:\MCC18\src\traditional\proc\p18F2520.asm
              RC_Channels   0x00030a       data     extern C:\Flight\Code\UAVX-GKE\irq.c
                       RE   0x0000bd       data     extern C:\Flight\Code\UAVX-GKE\control.c
                      REp   0x0000cf       data     extern C:\Flight\Code\UAVX-GKE\control.c
                       Rl   0x0000b2       data     extern C:\Flight\Code\UAVX-GKE\control.c
                RollAngle   0x000087       data     extern C:\Flight\Code\UAVX-GKE\control.c
             RollGyroRate   0x000090       data     extern C:\Flight\Code\UAVX-GKE\control.c
             RollIntLimit   0x000425       data     extern C:\Flight\Code\UAVX-GKE\control.c
                   RollKd   0x000423       data     extern C:\Flight\Code\UAVX-GKE\control.c
                   RollKi   0x000422       data     extern C:\Flight\Code\UAVX-GKE\control.c
                   RollKp   0x000421       data     extern C:\Flight\Code\UAVX-GKE\control.c
                 RollRate   0x000096       data     extern C:\Flight\Code\UAVX-GKE\control.c
                   RxBuff   0x000323       data     extern C:\Flight\Code\UAVX-GKE\irq.c
               RxCheckSum   0x000320       data     extern C:\Flight\Code\UAVX-GKE\irq.c
                   RxHead   0x000321       data     extern C:\Flight\Code\UAVX-GKE\irq.c
                   RxTail   0x000322       data     extern C:\Flight\Code\UAVX-GKE\irq.c
                  SHADOWB   0x000080       data     extern C:\Flight\Code\UAVX-GKE\outputs.c
                     SIGN   0x000015       data     extern C:\MCC18\src\traditional\math\cmath18.asm
                    SPBRG   0x000faf       data     extern C:\MCC18\src\traditional\proc\p18F2520.asm
                   SPBRGH   0x000fb0       data     extern C:\MCC18\src\traditional\proc\p18F2520.asm
                   SSPADD   0x000fc8       data     extern C:\MCC18\src\traditional\proc\p18F2520.asm
                   SSPBUF   0x000fc9       data     extern C:\MCC18\src\traditional\proc\p18F2520.asm
                  SSPCON1   0x000fc6       data     extern C:\MCC18\src\traditional\proc\p18F2520.asm
              SSPCON1bits   0x000fc6       data     extern C:\MCC18\src\traditional\proc\p18F2520.asm
                  SSPCON2   0x000fc5       data     extern C:\MCC18\src\traditional\proc\p18F2520.asm
              SSPCON2bits   0x000fc5       data     extern C:\MCC18\src\traditional\proc\p18F2520.asm
                  SSPSTAT   0x000fc7       data     extern C:\MCC18\src\traditional\proc\p18F2520.asm
              SSPSTATbits   0x000fc7       data     extern C:\MCC18\src\traditional\proc\p18F2520.asm
                   STATUS   0x000fd8       data     extern C:\MCC18\src\traditional\proc\p18F2520.asm
               STATUSbits   0x000fd8       data     extern C:\MCC18\src\traditional\proc\p18F2520.asm
                   STKPTR   0x000ffc       data     extern C:\MCC18\src\traditional\proc\p18F2520.asm
               STKPTRbits   0x000ffc       data     extern C:\MCC18\src\traditional\proc\p18F2520.asm
                  SerBaro   0x0001c3       data     extern C:\Flight\Code\UAVX-GKE\serial.c
               SerChannel   0x0001d0       data     extern C:\Flight\Code\UAVX-GKE\serial.c
               SerCompass   0x0001ee       data     extern C:\Flight\Code\UAVX-GKE\serial.c
                SerFM_Fut   0x0001ea       data     extern C:\Flight\Code\UAVX-GKE\serial.c
                SerFM_Grp   0x0001ec       data     extern C:\Flight\Code\UAVX-GKE\serial.c
                 SerHello   0x000100       data     extern C:\Flight\Code\UAVX-GKE\serial.c
                  SerHelp   0x000200       data     extern C:\Flight\Code\UAVX-GKE\serial.c
               SerLSavail   0x0001aa       data     extern C:\Flight\Code\UAVX-GKE\serial.c
                SerLSnone   0x0001b3       data     extern C:\Flight\Code\UAVX-GKE\serial.c
                  SerList   0x00029b       data     extern C:\Flight\Code\UAVX-GKE\serial.c
              SerNeutralN   0x0002e1       data     extern C:\Flight\Code\UAVX-GKE\serial.c
              SerNeutralR   0x0002d1       data     extern C:\Flight\Code\UAVX-GKE\serial.c
              SerNeutralY   0x0002e8       data     extern C:\Flight\Code\UAVX-GKE\serial.c
                SerPrompt   0x000297       data     extern C:\Flight\Code\UAVX-GKE\serial.c
                SerRecvCh   0x0002ee       data     extern C:\Flight\Code\UAVX-GKE\serial.c
                  SerReg1   0x000287       data     extern C:\Flight\Code\UAVX-GKE\serial.c
                  SerReg2   0x000293       data     extern C:\Flight\Code\UAVX-GKE\serial.c
                SerSelSet   0x0002b6       data     extern C:\Flight\Code\UAVX-GKE\serial.c
                 SerSetup   0x000160       data     extern C:\Flight\Code\UAVX-GKE\serial.c
                SineTable   0x0000ed       data     extern C:\Flight\Code\UAVX-GKE\utils.c
                    State   0x0003a3       data     extern C:\Flight\Code\UAVX-GKE\UAVX.c
                    SumAE   0x0000c5       data     extern C:\Flight\Code\UAVX-GKE\control.c
                    SumPE   0x0000c9       data     extern C:\Flight\Code\UAVX-GKE\control.c
                    SumRE   0x0000c7       data     extern C:\Flight\Code\UAVX-GKE\control.c
                    SumYE   0x0000cb       data     extern C:\Flight\Code\UAVX-GKE\control.c
                    T0CON   0x000fd5       data     extern C:\MCC18\src\traditional\proc\p18F2520.asm
                T0CONbits   0x000fd5       data     extern C:\MCC18\src\traditional\proc\p18F2520.asm
                    T1CON   0x000fcd       data     extern C:\MCC18\src\traditional\proc\p18F2520.asm
                T1CONbits   0x000fcd       data     extern C:\MCC18\src\traditional\proc\p18F2520.asm
                    T2CON   0x000fca       data     extern C:\MCC18\src\traditional\proc\p18F2520.asm
                T2CONbits   0x000fca       data     extern C:\MCC18\src\traditional\proc\p18F2520.asm
                    T3CON   0x000fb1       data     extern C:\MCC18\src\traditional\proc\p18F2520.asm
                T3CONbits   0x000fb1       data     extern C:\MCC18\src\traditional\proc\p18F2520.asm
                   TABLAT   0x000ff5       data     extern C:\MCC18\src\traditional\proc\p18F2520.asm
                   TBLPTR   0x000ff6       data     extern C:\MCC18\src\traditional\proc\p18F2520.asm
                  TBLPTRH   0x000ff7       data     extern C:\MCC18\src\traditional\proc\p18F2520.asm
                  TBLPTRL   0x000ff6       data     extern C:\MCC18\src\traditional\proc\p18F2520.asm
                  TBLPTRU   0x000ff8       data     extern C:\MCC18\src\traditional\proc\p18F2520.asm
                    TMR0H   0x000fd7       data     extern C:\MCC18\src\traditional\proc\p18F2520.asm
                    TMR0L   0x000fd6       data     extern C:\MCC18\src\traditional\proc\p18F2520.asm
                    TMR1H   0x000fcf       data     extern C:\MCC18\src\traditional\proc\p18F2520.asm
                    TMR1L   0x000fce       data     extern C:\MCC18\src\traditional\proc\p18F2520.asm
                     TMR2   0x000fcc       data     extern C:\MCC18\src\traditional\proc\p18F2520.asm
                    TMR3H   0x000fb3       data     extern C:\MCC18\src\traditional\proc\p18F2520.asm
                    TMR3L   0x000fb2       data     extern C:\MCC18\src\traditional\proc\p18F2520.asm
                      TOS   0x000ffd       data     extern C:\MCC18\src\traditional\proc\p18F2520.asm
                     TOSH   0x000ffe       data     extern C:\MCC18\src\traditional\proc\p18F2520.asm
                     TOSL   0x000ffd       data     extern C:\MCC18\src\traditional\proc\p18F2520.asm
                     TOSU   0x000fff       data     extern C:\MCC18\src\traditional\proc\p18F2520.asm
                    TRISA   0x000f92       data     extern C:\MCC18\src\traditional\proc\p18F2520.asm
                TRISAbits   0x000f92       data     extern C:\MCC18\src\traditional\proc\p18F2520.asm
                    TRISB   0x000f93       data     extern C:\MCC18\src\traditional\proc\p18F2520.asm
                TRISBbits   0x000f93       data     extern C:\MCC18\src\traditional\proc\p18F2520.asm
                    TRISC   0x000f94       data     extern C:\MCC18\src\traditional\proc\p18F2520.asm
                TRISCbits   0x000f94       data     extern C:\MCC18\src\traditional\proc\p18F2520.asm
                    TXREG   0x000fad       data     extern C:\MCC18\src\traditional\proc\p18F2520.asm
                    TXSTA   0x000fac       data     extern C:\MCC18\src\traditional\proc\p18F2520.asm
                TXSTAbits   0x000fac       data     extern C:\MCC18\src\traditional\proc\p18F2520.asm
               UDVelocity   0x0000a2       data     extern C:\Flight\Code\UAVX-GKE\control.c
                     Valt   0x0000e9       data     extern C:\Flight\Code\UAVX-GKE\control.c
                      Vud   0x0000a4       data     extern C:\Flight\Code\UAVX-GKE\control.c
                        W   0x000fe8       data     extern C:\MCC18\src\traditional\proc\p18F2520.asm
                   WDTCON   0x000fd1       data     extern C:\MCC18\src\traditional\proc\p18F2520.asm
               WDTCONbits   0x000fd1       data     extern C:\MCC18\src\traditional\proc\p18F2520.asm
                     WREG   0x000fe8       data     extern C:\MCC18\src\traditional\proc\p18F2520.asm
                       YE   0x0000c1       data     extern C:\Flight\Code\UAVX-GKE\control.c
                      YEp   0x0000d3       data     extern C:\Flight\Code\UAVX-GKE\control.c
                 YawAngle   0x00008d       data     extern C:\Flight\Code\UAVX-GKE\control.c
              YawGyroRate   0x000094       data     extern C:\Flight\Code\UAVX-GKE\control.c
              YawIntLimit   0x00042f       data     extern C:\Flight\Code\UAVX-GKE\control.c
                    YawKd   0x00042d       data     extern C:\Flight\Code\UAVX-GKE\control.c
                    YawKi   0x00042c       data     extern C:\Flight\Code\UAVX-GKE\control.c
                    YawKp   0x00042b       data     extern C:\Flight\Code\UAVX-GKE\control.c
                 YawLimit   0x00042e       data     extern C:\Flight\Code\UAVX-GKE\control.c
                  YawRate   0x00009a       data     extern C:\Flight\Code\UAVX-GKE\control.c
                       Yl   0x0000b8       data     extern C:\Flight\Code\UAVX-GKE\control.c
                 __AARGB0   0x00001e       data     extern C:\MCC18\src\traditional\math\aarg.asm
                 __AARGB1   0x00001d       data     extern C:\MCC18\src\traditional\math\aarg.asm
                 __AARGB2   0x00001c       data     extern C:\MCC18\src\traditional\math\aarg.asm
                 __AARGB3   0x00001b       data     extern C:\MCC18\src\traditional\math\aarg.asm
                 __AARGB4   0x00001a       data     extern C:\MCC18\src\traditional\math\aarg.asm
                 __AARGB5   0x000019       data     extern C:\MCC18\src\traditional\math\aarg.asm
                 __AARGB6   0x000018       data     extern C:\MCC18\src\traditional\math\aarg.asm
                 __AARGB7   0x000017       data     extern C:\MCC18\src\traditional\math\aarg.asm
                   __AEXP   0x00001f       data     extern C:\MCC18\src\traditional\math\aarg.asm
                 __BARGB0   0x000023       data     extern C:\MCC18\src\traditional\math\barg.asm
                 __BARGB1   0x000022       data     extern C:\MCC18\src\traditional\math\barg.asm
                 __BARGB2   0x000021       data     extern C:\MCC18\src\traditional\math\barg.asm
                 __BARGB3   0x000020       data     extern C:\MCC18\src\traditional\math\barg.asm
                   __BEXP   0x000024       data     extern C:\MCC18\src\traditional\math\barg.asm
                __FPFLAGS   0x000016       data     extern C:\MCC18\src\traditional\math\cmath18.asm
            __FPFLAGSbits   0x000016       data     extern C:\MCC18\src\traditional\math\cmath18.asm
                  __REMB0   0x00001a       data     extern C:\MCC18\src\traditional\math\aarg.asm
                  __REMB1   0x000019       data     extern C:\MCC18\src\traditional\math\aarg.asm
                  __REMB2   0x000018       data     extern C:\MCC18\src\traditional\math\aarg.asm
                  __REMB3   0x000017       data     extern C:\MCC18\src\traditional\math\aarg.asm
                   __TEMP   0x000028       data     extern C:\MCC18\src\traditional\math\temparg.asm
                 __TEMPB0   0x000028       data     extern C:\MCC18\src\traditional\math\temparg.asm
                 __TEMPB1   0x000027       data     extern C:\MCC18\src\traditional\math\temparg.asm
                 __TEMPB2   0x000026       data     extern C:\MCC18\src\traditional\math\temparg.asm
                 __TEMPB3   0x000025       data     extern C:\MCC18\src\traditional\math\temparg.asm
                  __tmp_0   0x000000       data     static C:\Flight\Code\UAVX-GKE\serial.c
                  __tmp_0   0x000000       data     static C:\Flight\Code\UAVX-GKE\utils.c
                  __tmp_0   0x000000       data     static C:\Flight\Code\UAVX-GKE\spi.c
                  __tmp_0   0x000000       data     static C:\Flight\Code\UAVX-GKE\adc.c
                  __tmp_0   0x000000       data     static C:\Flight\Code\UAVX-GKE\autonomous.c
                  __tmp_0   0x000000       data     static C:\Flight\Code\UAVX-GKE\compass_altimeter.c
                  __tmp_0   0x000000       data     static C:\Flight\Code\UAVX-GKE\control.c
                  __tmp_0   0x000000       data     static C:\Flight\Code\UAVX-GKE\i2c.c
                  __tmp_0   0x000000       data     static C:\Flight\Code\UAVX-GKE\outputs.c
                  __tmp_0   0x000000       data     static C:\Flight\Code\UAVX-GKE\irq.c
                  __tmp_0   0x000000       data     static C:\Flight\Code\UAVX-GKE\UAVX.c
                  __tmp_0   0x000000       data     static C:\MCC18\src\pmc_common\ADC\adcopen.c
                  __tmp_0   0x000000       data     static C:\MCC18\src\pmc_common\USART\uopen.c
                  __tmp_0   0x000000       data     static C:\MCC18\src\pmc_common\ADC\adcsetch.c
                  __tmp_0   0x000000       data     static C:\MCC18\src\pmc_common\ADC\adcread.c
                  __tmp_2   0x000029       data     static C:\Flight\Code\UAVX-GKE\irq.c
                curr_byte   0x0002f6       data     static C:\MCC18\src\traditional\startup\c018i.c
               curr_entry   0x0002f8       data     static C:\MCC18\src\traditional\startup\c018i.c
                 data_ptr   0x0002fa       data     static C:\MCC18\src\traditional\startup\c018i.c
                       mS   0x000400       data     extern C:\Flight\Code\UAVX-GKE\irq.c
                     prom   0x0002f3       data     static C:\MCC18\src\traditional\startup\c018i.c
                      xxx   0x0003c4       data     extern C:\Flight\Code\UAVX-GKE\UAVX.c



                              Symbols - Sorted by Address
                     Name    Address   Location    Storage File                     
                ---------  ---------  ---------  --------- ---------                
                   _entry   0x000000    program     extern C:\MCC18\src\traditional\startup\c018i.c
       ___return_lbl00000   0x000004    program     static                          
                   __init   0x000006    program     extern C:\MCC18\src\traditional\stdclib\__init.c
                 high_isr   0x000008    program     extern C:\Flight\Code\UAVX-GKE\irq.c
       ___return_lbl00034   0x00000c    program     static                          
                  BusyADC   0x00000e    program     extern C:\MCC18\src\pmc_common\ADC\adcbusy.c
                  low_isr   0x000018    program     extern C:\Flight\Code\UAVX-GKE\irq.c
       ___return_lbl00035   0x00001c    program     static                          
            DoIntTestLEDs   0x000068    program     extern C:\Flight\Code\UAVX-GKE\control.c
              GetRollRate   0x000122    program     extern C:\Flight\Code\UAVX-GKE\control.c
             GetPitchRate   0x000136    program     extern C:\Flight\Code\UAVX-GKE\control.c
               GetYawRate   0x000170    program     extern C:\Flight\Code\UAVX-GKE\control.c
                InitGyros   0x000182    program     extern C:\Flight\Code\UAVX-GKE\control.c
       InitAccelerometers   0x00037e    program     extern C:\Flight\Code\UAVX-GKE\control.c
          CompensateGyros   0x00055a    program     extern C:\Flight\Code\UAVX-GKE\control.c
             AltitudeHold   0x0007de    program     extern C:\Flight\Code\UAVX-GKE\control.c
              HeadingHold   0x000b3a    program     extern C:\Flight\Code\UAVX-GKE\control.c
        DetermineAttitude   0x000b6a    program     extern C:\Flight\Code\UAVX-GKE\control.c
             AttitudeHold   0x000ffe    program     extern C:\Flight\Code\UAVX-GKE\control.c
             InitAttitude   0x001440    program     extern C:\Flight\Code\UAVX-GKE\control.c
           UpdateControls   0x0014da    program     extern C:\Flight\Code\UAVX-GKE\control.c
                DoControl   0x0015a0    program     extern C:\Flight\Code\UAVX-GKE\control.c
              InitControl   0x0015ba    program     extern C:\Flight\Code\UAVX-GKE\control.c
                   TxText   0x001606    program     extern C:\Flight\Code\UAVX-GKE\serial.c
               ShowPrompt   0x00164a    program     extern C:\Flight\Code\UAVX-GKE\serial.c
                   TxChar   0x00165a    program     extern C:\Flight\Code\UAVX-GKE\serial.c
                   TxValU   0x001684    program     extern C:\Flight\Code\UAVX-GKE\serial.c
                   TxValS   0x00173c    program     extern C:\Flight\Code\UAVX-GKE\serial.c
                 TxNibble   0x0017a0    program     extern C:\Flight\Code\UAVX-GKE\serial.c
                   TxValH   0x0017f8    program     extern C:\Flight\Code\UAVX-GKE\serial.c
                 TxValH16   0x001834    program     extern C:\Flight\Code\UAVX-GKE\serial.c
               TxNextLine   0x00187c    program     extern C:\Flight\Code\UAVX-GKE\serial.c
                   RxChar   0x00188e    program     extern C:\Flight\Code\UAVX-GKE\serial.c
               PollRxChar   0x0018ca    program     extern C:\Flight\Code\UAVX-GKE\serial.c
                   RxNumU   0x001942    program     extern C:\Flight\Code\UAVX-GKE\serial.c
                   RxNumS   0x001a2a    program     extern C:\Flight\Code\UAVX-GKE\serial.c
                ShowSetup   0x001be4    program     extern C:\Flight\Code\UAVX-GKE\serial.c
           ProcessCommand   0x001d42    program     extern C:\Flight\Code\UAVX-GKE\serial.c
                    SRS24   0x002206    program     extern C:\Flight\Code\UAVX-GKE\utils.c
                    SRS16   0x0022f2    program     extern C:\Flight\Code\UAVX-GKE\utils.c
                  Table16   0x002382    program     extern C:\Flight\Code\UAVX-GKE\utils.c
                 int16sin   0x0024e2    program     extern C:\Flight\Code\UAVX-GKE\utils.c
                 int16cos   0x002658    program     extern C:\Flight\Code\UAVX-GKE\utils.c
               int16atan2   0x00268c    program     extern C:\Flight\Code\UAVX-GKE\utils.c
                InitPorts   0x002962    program     extern C:\Flight\Code\UAVX-GKE\utils.c
          GetBatteryVolts   0x002980    program     extern C:\Flight\Code\UAVX-GKE\utils.c
             SwitchLedsOn   0x002a30    program     extern C:\Flight\Code\UAVX-GKE\utils.c
            SwitchLedsOff   0x002a4c    program     extern C:\Flight\Code\UAVX-GKE\utils.c
              CheckAlarms   0x002a6e    program     extern C:\Flight\Code\UAVX-GKE\utils.c
                   ReadEE   0x002b58    program     extern C:\Flight\Code\UAVX-GKE\utils.c
                  WriteEE   0x002b8a    program     extern C:\Flight\Code\UAVX-GKE\utils.c
         ReadParametersEE   0x002c0a    program     extern C:\Flight\Code\UAVX-GKE\utils.c
        WriteParametersEE   0x002ca2    program     extern C:\Flight\Code\UAVX-GKE\utils.c
            DoDebugTraces   0x002d44    program     extern C:\Flight\Code\UAVX-GKE\utils.c
                    DoMix   0x002d48    program     extern C:\Flight\Code\UAVX-GKE\outputs.c
              CheckDemand   0x002fc2    program     extern C:\Flight\Code\UAVX-GKE\outputs.c
        MixAndLimitMotors   0x003402    program     extern C:\Flight\Code\UAVX-GKE\outputs.c
           MixAndLimitCam   0x0034c6    program     extern C:\Flight\Code\UAVX-GKE\outputs.c
               DoPWMFrame   0x0036f2    program     extern C:\Flight\Code\UAVX-GKE\outputs.c
                    OS005   0x003710    program     static                          
                    OS007   0x003720    program     static                          
                    OS008   0x003728    program     static                          
                    OS009   0x003730    program     static                          
                    OS010   0x003738    program     static                          
                    OS011   0x003740    program     static                          
                    OS006   0x00374c    program     static                          
         ___else_lbl00039   0x003756    program     static                          
           ___if_lbl00036   0x00376a    program     static                          
           ___if_lbl00038   0x003770    program     static                          
           ___if_lbl00040   0x003770    program     static                          
       ___return_lbl00035   0x003770    program     static                          
        CheckFrameOverrun   0x003772    program     extern C:\Flight\Code\UAVX-GKE\outputs.c
               OutSignals   0x003800    program     extern C:\Flight\Code\UAVX-GKE\outputs.c
              InitOutputs   0x003826    program     extern C:\Flight\Code\UAVX-GKE\outputs.c
            InitDirection   0x00388a    program     extern C:\Flight\Code\UAVX-GKE\compass_altimeter.c
             GetDirection   0x0038da    program     extern C:\Flight\Code\UAVX-GKE\compass_altimeter.c
                 ReadBaro   0x003ac0    program     extern C:\Flight\Code\UAVX-GKE\compass_altimeter.c
             StartBaroAcq   0x003be0    program     extern C:\Flight\Code\UAVX-GKE\compass_altimeter.c
     AltitudeCompensation   0x003cb6    program     extern C:\Flight\Code\UAVX-GKE\compass_altimeter.c
            InitBarometer   0x003d9e    program     extern C:\Flight\Code\UAVX-GKE\compass_altimeter.c
          GetBaroAltitude   0x003fba    program     extern C:\Flight\Code\UAVX-GKE\compass_altimeter.c
  InitTimersAndInterrupts   0x004082    program     extern C:\Flight\Code\UAVX-GKE\irq.c
                    MapRC   0x0041a2    program     extern C:\Flight\Code\UAVX-GKE\irq.c
          low_isr_handler   0x004230    program     extern C:\Flight\Code\UAVX-GKE\irq.c
         high_isr_handler   0x004244    program     extern C:\Flight\Code\UAVX-GKE\irq.c
            ResetTimeOuts   0x00458c    program     extern C:\Flight\Code\UAVX-GKE\autonomous.c
           RCLinkRestored   0x0045d8    program     extern C:\Flight\Code\UAVX-GKE\autonomous.c
                  Descend   0x00465c    program     extern C:\Flight\Code\UAVX-GKE\autonomous.c
        AcquireSatellites   0x0046da    program     extern C:\Flight\Code\UAVX-GKE\autonomous.c
                 Navigate   0x0046ea    program     extern C:\Flight\Code\UAVX-GKE\autonomous.c
              HoldStation   0x004998    program     extern C:\Flight\Code\UAVX-GKE\autonomous.c
             DoAutonomous   0x0049f2    program     extern C:\Flight\Code\UAVX-GKE\autonomous.c
                 InitMisc   0x004a58    program     extern C:\Flight\Code\UAVX-GKE\UAVX.c
                     main   0x004aa4    program     extern C:\Flight\Code\UAVX-GKE\UAVX.c
              SendCommand   0x004dde    program     extern C:\Flight\Code\UAVX-GKE\spi.c
                 ReadLISL   0x004e4c    program     extern C:\Flight\Code\UAVX-GKE\spi.c
             ReadLISLNext   0x004e84    program     extern C:\Flight\Code\UAVX-GKE\spi.c
                WriteLISL   0x004f06    program     extern C:\Flight\Code\UAVX-GKE\spi.c
             IsLISLactive   0x004f7a    program     extern C:\Flight\Code\UAVX-GKE\spi.c
        ReadAccelerations   0x005006    program     extern C:\Flight\Code\UAVX-GKE\spi.c
                 SendLeds   0x005086    program     extern C:\Flight\Code\UAVX-GKE\spi.c
                 FXD1616S   0x0050e8    program     extern C:\MCC18\src\traditional\math\fxd1616s.asm
                  DA1616S   0x0050fa    program     static C:\MCC18\src\traditional\math\fxd1616s.asm
[...]
                  LinUDKi   0x000435       data     extern C:\Flight\Code\UAVX-GKE\control.c
                 MiddleUD   0x000436       data     extern C:\Flight\Code\UAVX-GKE\control.c
              MotorLowRun   0x000437       data     extern C:\Flight\Code\UAVX-GKE\control.c
                 MiddleLR   0x000438       data     extern C:\Flight\Code\UAVX-GKE\control.c
                 MiddleFB   0x000439       data     extern C:\Flight\Code\UAVX-GKE\control.c
                    CamKi   0x00043a       data     extern C:\Flight\Code\UAVX-GKE\control.c
                CompassKp   0x00043b       data     extern C:\Flight\Code\UAVX-GKE\control.c
               AltitudeKd   0x00043c       data     extern C:\Flight\Code\UAVX-GKE\control.c
      GPSSentenceReceived   0x00043d       data     extern C:\Flight\Code\UAVX-GKE\gps.c
        GPSOriginLatitude   0x00043e       data     extern C:\Flight\Code\UAVX-GKE\gps.c
       GPSOriginLongitude   0x000442       data     extern C:\Flight\Code\UAVX-GKE\gps.c
                 GPSNorth   0x000446       data     extern C:\Flight\Code\UAVX-GKE\gps.c
                  GPSEast   0x000448       data     extern C:\Flight\Code\UAVX-GKE\gps.c
             GPSNorthHold   0x00044a       data     extern C:\Flight\Code\UAVX-GKE\gps.c
              GPSEastHold   0x00044c       data     extern C:\Flight\Code\UAVX-GKE\gps.c
               GPSHeading   0x00044e       data     extern C:\Flight\Code\UAVX-GKE\gps.c
              GPSAltitude   0x000450       data     extern C:\Flight\Code\UAVX-GKE\gps.c
        GPSOriginAltitude   0x000452       data     extern C:\Flight\Code\UAVX-GKE\gps.c
           GPSGroundSpeed   0x000454       data     extern C:\Flight\Code\UAVX-GKE\gps.c
                      Map   0x000456       data     extern C:\Flight\Code\UAVX-GKE\control.c
                 BaroTemp   0x000464       data     extern C:\Flight\Code\UAVX-GKE\compass_altimeter.c
           OriginBaroTemp   0x000465       data     extern C:\Flight\Code\UAVX-GKE\compass_altimeter.c
       OriginBaroAltitude   0x000467       data     extern C:\Flight\Code\UAVX-GKE\compass_altimeter.c
         CurrBaroAltitude   0x000469       data     extern C:\Flight\Code\UAVX-GKE\compass_altimeter.c
             CurrBaroTemp   0x00046b       data     extern C:\Flight\Code\UAVX-GKE\compass_altimeter.c
                PORTAbits   0x000f80       data     extern C:\MCC18\src\traditional\proc\p18F2520.asm
                    PORTA   0x000f80       data     extern C:\MCC18\src\traditional\proc\p18F2520.asm
                PORTBbits   0x000f81       data     extern C:\MCC18\src\traditional\proc\p18F2520.asm
                    PORTB   0x000f81       data     extern C:\MCC18\src\traditional\proc\p18F2520.asm
                PORTCbits   0x000f82       data     extern C:\MCC18\src\traditional\proc\p18F2520.asm
                    PORTC   0x000f82       data     extern C:\MCC18\src\traditional\proc\p18F2520.asm
                PORTEbits   0x000f84       data     extern C:\MCC18\src\traditional\proc\p18F2520.asm
                    PORTE   0x000f84       data     extern C:\MCC18\src\traditional\proc\p18F2520.asm
                     LATA   0x000f89       data     extern C:\MCC18\src\traditional\proc\p18F2520.asm
                 LATAbits   0x000f89       data     extern C:\MCC18\src\traditional\proc\p18F2520.asm
                     LATB   0x000f8a       data     extern C:\MCC18\src\traditional\proc\p18F2520.asm
                 LATBbits   0x000f8a       data     extern C:\MCC18\src\traditional\proc\p18F2520.asm
                 LATCbits   0x000f8b       data     extern C:\MCC18\src\traditional\proc\p18F2520.asm
                     LATC   0x000f8b       data     extern C:\MCC18\src\traditional\proc\p18F2520.asm
                TRISAbits   0x000f92       data     extern C:\MCC18\src\traditional\proc\p18F2520.asm
                    TRISA   0x000f92       data     extern C:\MCC18\src\traditional\proc\p18F2520.asm
                     DDRA   0x000f92       data     extern C:\MCC18\src\traditional\proc\p18F2520.asm
                 DDRAbits   0x000f92       data     extern C:\MCC18\src\traditional\proc\p18F2520.asm
                     DDRB   0x000f93       data     extern C:\MCC18\src\traditional\proc\p18F2520.asm
                TRISBbits   0x000f93       data     extern C:\MCC18\src\traditional\proc\p18F2520.asm
                    TRISB   0x000f93       data     extern C:\MCC18\src\traditional\proc\p18F2520.asm
                 DDRBbits   0x000f93       data     extern C:\MCC18\src\traditional\proc\p18F2520.asm
                     DDRC   0x000f94       data     extern C:\MCC18\src\traditional\proc\p18F2520.asm
                 DDRCbits   0x000f94       data     extern C:\MCC18\src\traditional\proc\p18F2520.asm
                TRISCbits   0x000f94       data     extern C:\MCC18\src\traditional\proc\p18F2520.asm
                    TRISC   0x000f94       data     extern C:\MCC18\src\traditional\proc\p18F2520.asm
              OSCTUNEbits   0x000f9b       data     extern C:\MCC18\src\traditional\proc\p18F2520.asm
                  OSCTUNE   0x000f9b       data     extern C:\MCC18\src\traditional\proc\p18F2520.asm
                 PIE1bits   0x000f9d       data     extern C:\MCC18\src\traditional\proc\p18F2520.asm
                     PIE1   0x000f9d       data     extern C:\MCC18\src\traditional\proc\p18F2520.asm
                     PIR1   0x000f9e       data     extern C:\MCC18\src\traditional\proc\p18F2520.asm
                 PIR1bits   0x000f9e       data     extern C:\MCC18\src\traditional\proc\p18F2520.asm
                     IPR1   0x000f9f       data     extern C:\MCC18\src\traditional\proc\p18F2520.asm
                 IPR1bits   0x000f9f       data     extern C:\MCC18\src\traditional\proc\p18F2520.asm
                 PIE2bits   0x000fa0       data     extern C:\MCC18\src\traditional\proc\p18F2520.asm
                     PIE2   0x000fa0       data     extern C:\MCC18\src\traditional\proc\p18F2520.asm
                 PIR2bits   0x000fa1       data     extern C:\MCC18\src\traditional\proc\p18F2520.asm
                     PIR2   0x000fa1       data     extern C:\MCC18\src\traditional\proc\p18F2520.asm
                     IPR2   0x000fa2       data     extern C:\MCC18\src\traditional\proc\p18F2520.asm
                 IPR2bits   0x000fa2       data     extern C:\MCC18\src\traditional\proc\p18F2520.asm
                   EECON1   0x000fa6       data     extern C:\MCC18\src\traditional\proc\p18F2520.asm
               EECON1bits   0x000fa6       data     extern C:\MCC18\src\traditional\proc\p18F2520.asm
                   EECON2   0x000fa7       data     extern C:\MCC18\src\traditional\proc\p18F2520.asm
                   EEDATA   0x000fa8       data     extern C:\MCC18\src\traditional\proc\p18F2520.asm
                    EEADR   0x000fa9       data     extern C:\MCC18\src\traditional\proc\p18F2520.asm
                    RCSTA   0x000fab       data     extern C:\MCC18\src\traditional\proc\p18F2520.asm
                RCSTAbits   0x000fab       data     extern C:\MCC18\src\traditional\proc\p18F2520.asm
                TXSTAbits   0x000fac       data     extern C:\MCC18\src\traditional\proc\p18F2520.asm
                    TXSTA   0x000fac       data     extern C:\MCC18\src\traditional\proc\p18F2520.asm
                    TXREG   0x000fad       data     extern C:\MCC18\src\traditional\proc\p18F2520.asm
                    RCREG   0x000fae       data     extern C:\MCC18\src\traditional\proc\p18F2520.asm
                    SPBRG   0x000faf       data     extern C:\MCC18\src\traditional\proc\p18F2520.asm
                   SPBRGH   0x000fb0       data     extern C:\MCC18\src\traditional\proc\p18F2520.asm
                    T3CON   0x000fb1       data     extern C:\MCC18\src\traditional\proc\p18F2520.asm
                T3CONbits   0x000fb1       data     extern C:\MCC18\src\traditional\proc\p18F2520.asm
                    TMR3L   0x000fb2       data     extern C:\MCC18\src\traditional\proc\p18F2520.asm
                    TMR3H   0x000fb3       data     extern C:\MCC18\src\traditional\proc\p18F2520.asm
                CMCONbits   0x000fb4       data     extern C:\MCC18\src\traditional\proc\p18F2520.asm
                    CMCON   0x000fb4       data     extern C:\MCC18\src\traditional\proc\p18F2520.asm
               CVRCONbits   0x000fb5       data     extern C:\MCC18\src\traditional\proc\p18F2520.asm
                   CVRCON   0x000fb5       data     extern C:\MCC18\src\traditional\proc\p18F2520.asm
              ECCP1ASbits   0x000fb6       data     extern C:\MCC18\src\traditional\proc\p18F2520.asm
                  ECCP1AS   0x000fb6       data     extern C:\MCC18\src\traditional\proc\p18F2520.asm
                  PWM1CON   0x000fb7       data     extern C:\MCC18\src\traditional\proc\p18F2520.asm
              PWM1CONbits   0x000fb7       data     extern C:\MCC18\src\traditional\proc\p18F2520.asm
                  BAUDCON   0x000fb8       data     extern C:\MCC18\src\traditional\proc\p18F2520.asm
              BAUDCONbits   0x000fb8       data     extern C:\MCC18\src\traditional\proc\p18F2520.asm
                  BAUDCTL   0x000fb8       data     extern C:\MCC18\src\traditional\proc\p18F2520.asm
              BAUDCTLbits   0x000fb8       data     extern C:\MCC18\src\traditional\proc\p18F2520.asm
              CCP2CONbits   0x000fba       data     extern C:\MCC18\src\traditional\proc\p18F2520.asm
                  CCP2CON   0x000fba       data     extern C:\MCC18\src\traditional\proc\p18F2520.asm
                    CCPR2   0x000fbb       data     extern C:\MCC18\src\traditional\proc\p18F2520.asm
                   CCPR2L   0x000fbb       data     extern C:\MCC18\src\traditional\proc\p18F2520.asm
                   CCPR2H   0x000fbc       data     extern C:\MCC18\src\traditional\proc\p18F2520.asm
                  CCP1CON   0x000fbd       data     extern C:\MCC18\src\traditional\proc\p18F2520.asm
              CCP1CONbits   0x000fbd       data     extern C:\MCC18\src\traditional\proc\p18F2520.asm
                    CCPR1   0x000fbe       data     extern C:\MCC18\src\traditional\proc\p18F2520.asm
                   CCPR1L   0x000fbe       data     extern C:\MCC18\src\traditional\proc\p18F2520.asm
                   CCPR1H   0x000fbf       data     extern C:\MCC18\src\traditional\proc\p18F2520.asm
               ADCON2bits   0x000fc0       data     extern C:\MCC18\src\traditional\proc\p18F2520.asm
                   ADCON2   0x000fc0       data     extern C:\MCC18\src\traditional\proc\p18F2520.asm
               ADCON1bits   0x000fc1       data     extern C:\MCC18\src\traditional\proc\p18F2520.asm
                   ADCON1   0x000fc1       data     extern C:\MCC18\src\traditional\proc\p18F2520.asm
               ADCON0bits   0x000fc2       data     extern C:\MCC18\src\traditional\proc\p18F2520.asm
                   ADCON0   0x000fc2       data     extern C:\MCC18\src\traditional\proc\p18F2520.asm
                    ADRES   0x000fc3       data     extern C:\MCC18\src\traditional\proc\p18F2520.asm
                   ADRESL   0x000fc3       data     extern C:\MCC18\src\traditional\proc\p18F2520.asm
                   ADRESH   0x000fc4       data     extern C:\MCC18\src\traditional\proc\p18F2520.asm
              SSPCON2bits   0x000fc5       data     extern C:\MCC18\src\traditional\proc\p18F2520.asm
                  SSPCON2   0x000fc5       data     extern C:\MCC18\src\traditional\proc\p18F2520.asm
              SSPCON1bits   0x000fc6       data     extern C:\MCC18\src\traditional\proc\p18F2520.asm
                  SSPCON1   0x000fc6       data     extern C:\MCC18\src\traditional\proc\p18F2520.asm
              SSPSTATbits   0x000fc7       data     extern C:\MCC18\src\traditional\proc\p18F2520.asm
                  SSPSTAT   0x000fc7       data     extern C:\MCC18\src\traditional\proc\p18F2520.asm
                   SSPADD   0x000fc8       data     extern C:\MCC18\src\traditional\proc\p18F2520.asm
                   SSPBUF   0x000fc9       data     extern C:\MCC18\src\traditional\proc\p18F2520.asm
                T2CONbits   0x000fca       data     extern C:\MCC18\src\traditional\proc\p18F2520.asm
                    T2CON   0x000fca       data     extern C:\MCC18\src\traditional\proc\p18F2520.asm
                      PR2   0x000fcb       data     extern C:\MCC18\src\traditional\proc\p18F2520.asm
                     TMR2   0x000fcc       data     extern C:\MCC18\src\traditional\proc\p18F2520.asm
                T1CONbits   0x000fcd       data     extern C:\MCC18\src\traditional\proc\p18F2520.asm
                    T1CON   0x000fcd       data     extern C:\MCC18\src\traditional\proc\p18F2520.asm
                    TMR1L   0x000fce       data     extern C:\MCC18\src\traditional\proc\p18F2520.asm
                    TMR1H   0x000fcf       data     extern C:\MCC18\src\traditional\proc\p18F2520.asm
                     RCON   0x000fd0       data     extern C:\MCC18\src\traditional\proc\p18F2520.asm
                 RCONbits   0x000fd0       data     extern C:\MCC18\src\traditional\proc\p18F2520.asm
                   WDTCON   0x000fd1       data     extern C:\MCC18\src\traditional\proc\p18F2520.asm
               WDTCONbits   0x000fd1       data     extern C:\MCC18\src\traditional\proc\p18F2520.asm
              HLVDCONbits   0x000fd2       data     extern C:\MCC18\src\traditional\proc\p18F2520.asm
                  HLVDCON   0x000fd2       data     extern C:\MCC18\src\traditional\proc\p18F2520.asm
                   LVDCON   0x000fd2       data     extern C:\MCC18\src\traditional\proc\p18F2520.asm
               LVDCONbits   0x000fd2       data     extern C:\MCC18\src\traditional\proc\p18F2520.asm
                   OSCCON   0x000fd3       data     extern C:\MCC18\src\traditional\proc\p18F2520.asm
               OSCCONbits   0x000fd3       data     extern C:\MCC18\src\traditional\proc\p18F2520.asm
                T0CONbits   0x000fd5       data     extern C:\MCC18\src\traditional\proc\p18F2520.asm
                    T0CON   0x000fd5       data     extern C:\MCC18\src\traditional\proc\p18F2520.asm
                    TMR0L   0x000fd6       data     extern C:\MCC18\src\traditional\proc\p18F2520.asm
                    TMR0H   0x000fd7       data     extern C:\MCC18\src\traditional\proc\p18F2520.asm
                   STATUS   0x000fd8       data     extern C:\MCC18\src\traditional\proc\p18F2520.asm
               STATUSbits   0x000fd8       data     extern C:\MCC18\src\traditional\proc\p18F2520.asm
                     FSR2   0x000fd9       data     extern C:\MCC18\src\traditional\proc\p18F2520.asm
                    FSR2L   0x000fd9       data     extern C:\MCC18\src\traditional\proc\p18F2520.asm
                    FSR2H   0x000fda       data     extern C:\MCC18\src\traditional\proc\p18F2520.asm
                   PLUSW2   0x000fdb       data     extern C:\MCC18\src\traditional\proc\p18F2520.asm
                  PREINC2   0x000fdc       data     extern C:\MCC18\src\traditional\proc\p18F2520.asm
                 POSTDEC2   0x000fdd       data     extern C:\MCC18\src\traditional\proc\p18F2520.asm
                 POSTINC2   0x000fde       data     extern C:\MCC18\src\traditional\proc\p18F2520.asm
                    INDF2   0x000fdf       data     extern C:\MCC18\src\traditional\proc\p18F2520.asm
                      BSR   0x000fe0       data     extern C:\MCC18\src\traditional\proc\p18F2520.asm
                    FSR1L   0x000fe1       data     extern C:\MCC18\src\traditional\proc\p18F2520.asm
                     FSR1   0x000fe1       data     extern C:\MCC18\src\traditional\proc\p18F2520.asm
                    FSR1H   0x000fe2       data     extern C:\MCC18\src\traditional\proc\p18F2520.asm
                   PLUSW1   0x000fe3       data     extern C:\MCC18\src\traditional\proc\p18F2520.asm
                  PREINC1   0x000fe4       data     extern C:\MCC18\src\traditional\proc\p18F2520.asm
                 POSTDEC1   0x000fe5       data     extern C:\MCC18\src\traditional\proc\p18F2520.asm
                 POSTINC1   0x000fe6       data     extern C:\MCC18\src\traditional\proc\p18F2520.asm
                    INDF1   0x000fe7       data     extern C:\MCC18\src\traditional\proc\p18F2520.asm
                     WREG   0x000fe8       data     extern C:\MCC18\src\traditional\proc\p18F2520.asm
                        W   0x000fe8       data     extern C:\MCC18\src\traditional\proc\p18F2520.asm
                    FSR0L   0x000fe9       data     extern C:\MCC18\src\traditional\proc\p18F2520.asm
                     FSR0   0x000fe9       data     extern C:\MCC18\src\traditional\proc\p18F2520.asm
                    FSR0H   0x000fea       data     extern C:\MCC18\src\traditional\proc\p18F2520.asm
                   PLUSW0   0x000feb       data     extern C:\MCC18\src\traditional\proc\p18F2520.asm
                  PREINC0   0x000fec       data     extern C:\MCC18\src\traditional\proc\p18F2520.asm
                 POSTDEC0   0x000fed       data     extern C:\MCC18\src\traditional\proc\p18F2520.asm
                 POSTINC0   0x000fee       data     extern C:\MCC18\src\traditional\proc\p18F2520.asm
                    INDF0   0x000fef       data     extern C:\MCC18\src\traditional\proc\p18F2520.asm
                  INTCON3   0x000ff0       data     extern C:\MCC18\src\traditional\proc\p18F2520.asm
              INTCON3bits   0x000ff0       data     extern C:\MCC18\src\traditional\proc\p18F2520.asm
              INTCON2bits   0x000ff1       data     extern C:\MCC18\src\traditional\proc\p18F2520.asm
                  INTCON2   0x000ff1       data     extern C:\MCC18\src\traditional\proc\p18F2520.asm
               INTCONbits   0x000ff2       data     extern C:\MCC18\src\traditional\proc\p18F2520.asm
                   INTCON   0x000ff2       data     extern C:\MCC18\src\traditional\proc\p18F2520.asm
                    PRODL   0x000ff3       data     extern C:\MCC18\src\traditional\proc\p18F2520.asm
                     PROD   0x000ff3       data     extern C:\MCC18\src\traditional\proc\p18F2520.asm
                    PRODH   0x000ff4       data     extern C:\MCC18\src\traditional\proc\p18F2520.asm
                   TABLAT   0x000ff5       data     extern C:\MCC18\src\traditional\proc\p18F2520.asm
                  TBLPTRL   0x000ff6       data     extern C:\MCC18\src\traditional\proc\p18F2520.asm
                   TBLPTR   0x000ff6       data     extern C:\MCC18\src\traditional\proc\p18F2520.asm
                  TBLPTRH   0x000ff7       data     extern C:\MCC18\src\traditional\proc\p18F2520.asm
                  TBLPTRU   0x000ff8       data     extern C:\MCC18\src\traditional\proc\p18F2520.asm
                       PC   0x000ff9       data     extern C:\MCC18\src\traditional\proc\p18F2520.asm
                      PCL   0x000ff9       data     extern C:\MCC18\src\traditional\proc\p18F2520.asm
                   PCLATH   0x000ffa       data     extern C:\MCC18\src\traditional\proc\p18F2520.asm
                   PCLATU   0x000ffb       data     extern C:\MCC18\src\traditional\proc\p18F2520.asm
                   STKPTR   0x000ffc       data     extern C:\MCC18\src\traditional\proc\p18F2520.asm
               STKPTRbits   0x000ffc       data     extern C:\MCC18\src\traditional\proc\p18F2520.asm
                     TOSL   0x000ffd       data     extern C:\MCC18\src\traditional\proc\p18F2520.asm
                      TOS   0x000ffd       data     extern C:\MCC18\src\traditional\proc\p18F2520.asm
                     TOSH   0x000ffe       data     extern C:\MCC18\src\traditional\proc\p18F2520.asm
                     TOSU   0x000fff       data     extern C:\MCC18\src\traditional\proc\p18F2520.asm


