Starting makeall uavp 
C:\Users\gke\Desktop\UAVX-GKE Google\stats.c:76:Message [3004] comparison of a signed integer to an unsigned integer detected
C:\Users\gke\Desktop\UAVX-GKE Google\stats.c:89:Warning [2054] suspicious pointer conversion
C:\Users\gke\Desktop\UAVX-GKE Google\stats.c:92:Warning [2054] suspicious pointer conversion
C:\Users\gke\Desktop\UAVX-GKE Google\stats.c:95:Warning [2054] suspicious pointer conversion
C:\Users\gke\Desktop\UAVX-GKE Google\stats.c:96:Warning [2054] suspicious pointer conversion
C:\Users\gke\Desktop\UAVX-GKE Google\stats.c:100:Warning [2054] suspicious pointer conversion
C:\Users\gke\Desktop\UAVX-GKE Google\stats.c:105:Warning [2054] suspicious pointer conversion
C:\Users\gke\Desktop\UAVX-GKE Google\stats.c:106:Warning [2054] suspicious pointer conversion
C:\Users\gke\Desktop\UAVX-GKE Google\stats.c:107:Warning [2054] suspicious pointer conversion
C:\Users\gke\Desktop\UAVX-GKE Google\stats.c:108:Warning [2054] suspicious pointer conversion
C:\Users\gke\Desktop\UAVX-GKE Google\stats.c:109:Warning [2054] suspicious pointer conversion
C:\Users\gke\Desktop\UAVX-GKE Google\stats.c:110:Warning [2054] suspicious pointer conversion
C:\Users\gke\Desktop\UAVX-GKE Google\stats.c:111:Warning [2054] suspicious pointer conversion
C:\Users\gke\Desktop\UAVX-GKE Google\stats.c:113:Warning [2054] suspicious pointer conversion
C:\Users\gke\Desktop\UAVX-GKE Google\stats.c:115:Warning [2054] suspicious pointer conversion
C:\Users\gke\Desktop\UAVX-GKE Google\stats.c:116:Warning [2054] suspicious pointer conversion
C:\Users\gke\Desktop\UAVX-GKE Google\stats.c:118:Warning [2054] suspicious pointer conversion
C:\Users\gke\Desktop\UAVX-GKE Google\stats.c:119:Warning [2054] suspicious pointer conversion
C:\Users\gke\Desktop\UAVX-GKE Google\stats.c:119:Warning [2054] suspicious pointer conversion
C:\Users\gke\Desktop\UAVX-GKE Google\stats.c:121:Warning [2054] suspicious pointer conversion
C:\Users\gke\Desktop\UAVX-GKE Google\stats.c:122:Warning [2054] suspicious pointer conversion
C:\Users\gke\Desktop\UAVX-GKE Google\stats.c:125:Warning [2054] suspicious pointer conversion
C:\Users\gke\Desktop\UAVX-GKE Google\stats.c:126:Warning [2054] suspicious pointer conversion
C:\Users\gke\Desktop\UAVX-GKE Google\stats.c:126:Warning [2054] suspicious pointer conversion
C:\Users\gke\Desktop\UAVX-GKE Google\stats.c:132:Warning [2054] suspicious pointer conversion
C:\Users\gke\Desktop\UAVX-GKE Google\stats.c:137:Warning [2054] suspicious pointer conversion
C:\Users\gke\Desktop\UAVX-GKE Google\stats.c:142:Warning [2054] suspicious pointer conversion
C:\Users\gke\Desktop\UAVX-GKE Google\stats.c:144:Warning [2054] suspicious pointer conversion
C:\Users\gke\Desktop\UAVX-GKE Google\params.c:176:Message [3004] comparison of a signed integer to an unsigned integer detected
C:\Users\gke\Desktop\UAVX-GKE Google\params.c:244:Warning [2054] suspicious pointer conversion
C:\Users\gke\Desktop\UAVX-GKE Google\params.c:271:Message [3004] comparison of a signed integer to an unsigned integer detected
C:\Users\gke\Desktop\UAVX-GKE Google\params.c:308:Message [3004] comparison of a signed integer to an unsigned integer detected
C:\Users\gke\Desktop\UAVX-GKE Google\params.c:315:Warning [2060] shift expression has no effect
C:\Users\gke\Desktop\UAVX-GKE Google\params.c:319:Warning [2060] shift expression has no effect
C:\Users\gke\Desktop\UAVX-GKE Google\params.c:324:Warning [2060] shift expression has no effect
C:\Users\gke\Desktop\UAVX-GKE Google\params.c:329:Warning [2060] shift expression has no effect
C:\Users\gke\Desktop\UAVX-GKE Google\params.c:334:Warning [2060] shift expression has no effect
C:\Users\gke\Desktop\UAVX-GKE Google\params.c:339:Warning [2060] shift expression has no effect
C:\Users\gke\Desktop\UAVX-GKE Google\params.c:371:Message [3004] comparison of a signed integer to an unsigned integer detected
C:\Users\gke\Desktop\UAVX-GKE Google\params.c:375:Warning [2060] shift expression has no effect
C:\Users\gke\Desktop\UAVX-GKE Google\params.c:378:Warning [2060] shift expression has no effect
C:\Users\gke\Desktop\UAVX-GKE Google\params.c:381:Warning [2060] shift expression has no effect
C:\Users\gke\Desktop\UAVX-GKE Google\params.c:384:Warning [2060] shift expression has no effect
C:\Users\gke\Desktop\UAVX-GKE Google\menu.c:79:Warning [2054] suspicious pointer conversion
C:\Users\gke\Desktop\UAVX-GKE Google\menu.c:84:Warning [2054] suspicious pointer conversion
C:\Users\gke\Desktop\UAVX-GKE Google\menu.c:86:Warning [2054] suspicious pointer conversion
C:\Users\gke\Desktop\UAVX-GKE Google\menu.c:104:Warning [2054] suspicious pointer conversion
C:\Users\gke\Desktop\UAVX-GKE Google\menu.c:106:Warning [2054] suspicious pointer conversion
C:\Users\gke\Desktop\UAVX-GKE Google\menu.c:108:Warning [2054] suspicious pointer conversion
C:\Users\gke\Desktop\UAVX-GKE Google\menu.c:123:Warning [2054] suspicious pointer conversion
C:\Users\gke\Desktop\UAVX-GKE Google\menu.c:125:Warning [2054] suspicious pointer conversion
C:\Users\gke\Desktop\UAVX-GKE Google\menu.c:128:Warning [2054] suspicious pointer conversion
C:\Users\gke\Desktop\UAVX-GKE Google\menu.c:131:Warning [2054] suspicious pointer conversion
C:\Users\gke\Desktop\UAVX-GKE Google\menu.c:134:Warning [2054] suspicious pointer conversion
C:\Users\gke\Desktop\UAVX-GKE Google\menu.c:136:Warning [2054] suspicious pointer conversion
C:\Users\gke\Desktop\UAVX-GKE Google\menu.c:138:Message [3004] comparison of a signed integer to an unsigned integer detected
C:\Users\gke\Desktop\UAVX-GKE Google\menu.c:139:Warning [2054] suspicious pointer conversion
C:\Users\gke\Desktop\UAVX-GKE Google\menu.c:141:Warning [2054] suspicious pointer conversion
C:\Users\gke\Desktop\UAVX-GKE Google\menu.c:144:Warning [2054] suspicious pointer conversion
C:\Users\gke\Desktop\UAVX-GKE Google\menu.c:147:Warning [2054] suspicious pointer conversion
C:\Users\gke\Desktop\UAVX-GKE Google\menu.c:150:Warning [2054] suspicious pointer conversion
C:\Users\gke\Desktop\UAVX-GKE Google\menu.c:152:Warning [2054] suspicious pointer conversion
C:\Users\gke\Desktop\UAVX-GKE Google\menu.c:153:Warning [2054] suspicious pointer conversion
C:\Users\gke\Desktop\UAVX-GKE Google\menu.c:156:Warning [2054] suspicious pointer conversion
C:\Users\gke\Desktop\UAVX-GKE Google\menu.c:158:Warning [2054] suspicious pointer conversion
C:\Users\gke\Desktop\UAVX-GKE Google\menu.c:167:Warning [2054] suspicious pointer conversion
C:\Users\gke\Desktop\UAVX-GKE Google\menu.c:171:Warning [2054] suspicious pointer conversion
C:\Users\gke\Desktop\UAVX-GKE Google\menu.c:174:Warning [2054] suspicious pointer conversion
C:\Users\gke\Desktop\UAVX-GKE Google\menu.c:176:Warning [2054] suspicious pointer conversion
C:\Users\gke\Desktop\UAVX-GKE Google\menu.c:178:Warning [2054] suspicious pointer conversion
C:\Users\gke\Desktop\UAVX-GKE Google\menu.c:181:Warning [2054] suspicious pointer conversion
C:\Users\gke\Desktop\UAVX-GKE Google\menu.c:183:Warning [2054] suspicious pointer conversion
C:\Users\gke\Desktop\UAVX-GKE Google\menu.c:186:Warning [2054] suspicious pointer conversion
C:\Users\gke\Desktop\UAVX-GKE Google\menu.c:188:Warning [2054] suspicious pointer conversion
C:\Users\gke\Desktop\UAVX-GKE Google\menu.c:190:Warning [2054] suspicious pointer conversion
C:\Users\gke\Desktop\UAVX-GKE Google\menu.c:195:Warning [2054] suspicious pointer conversion
C:\Users\gke\Desktop\UAVX-GKE Google\menu.c:202:Warning [2054] suspicious pointer conversion
C:\Users\gke\Desktop\UAVX-GKE Google\menu.c:205:Warning [2054] suspicious pointer conversion
C:\Users\gke\Desktop\UAVX-GKE Google\menu.c:208:Warning [2054] suspicious pointer conversion
C:\Users\gke\Desktop\UAVX-GKE Google\menu.c:211:Warning [2054] suspicious pointer conversion
C:\Users\gke\Desktop\UAVX-GKE Google\menu.c:213:Message [3004] comparison of a signed integer to an unsigned integer detected
C:\Users\gke\Desktop\UAVX-GKE Google\menu.c:214:Warning [2054] suspicious pointer conversion
C:\Users\gke\Desktop\UAVX-GKE Google\menu.c:216:Message [3004] comparison of a signed integer to an unsigned integer detected
C:\Users\gke\Desktop\UAVX-GKE Google\menu.c:217:Warning [2054] suspicious pointer conversion
C:\Users\gke\Desktop\UAVX-GKE Google\menu.c:220:Warning [2054] suspicious pointer conversion
C:\Users\gke\Desktop\UAVX-GKE Google\menu.c:223:Warning [2054] suspicious pointer conversion
C:\Users\gke\Desktop\UAVX-GKE Google\menu.c:225:Warning [2054] suspicious pointer conversion
C:\Users\gke\Desktop\UAVX-GKE Google\menu.c:228:Warning [2054] suspicious pointer conversion
C:\Users\gke\Desktop\UAVX-GKE Google\menu.c:231:Warning [2054] suspicious pointer conversion
C:\Users\gke\Desktop\UAVX-GKE Google\menu.c:245:Warning [2058] call of function without prototype
C:\Users\gke\Desktop\UAVX-GKE Google\menu.c:246:Warning [2058] call of function without prototype
C:\Users\gke\Desktop\UAVX-GKE Google\menu.c:255:Warning [2054] suspicious pointer conversion
C:\Users\gke\Desktop\UAVX-GKE Google\menu.c:256:Warning [2054] suspicious pointer conversion
C:\Users\gke\Desktop\UAVX-GKE Google\menu.c:264:Warning [2054] suspicious pointer conversion
C:\Users\gke\Desktop\UAVX-GKE Google\menu.c:268:Warning [2054] suspicious pointer conversion
C:\Users\gke\Desktop\UAVX-GKE Google\menu.c:271:Message [3004] comparison of a signed integer to an unsigned integer detected
C:\Users\gke\Desktop\UAVX-GKE Google\menu.c:272:Warning [2054] suspicious pointer conversion
C:\Users\gke\Desktop\UAVX-GKE Google\menu.c:274:Warning [2054] suspicious pointer conversion
C:\Users\gke\Desktop\UAVX-GKE Google\menu.c:282:Warning [2054] suspicious pointer conversion
C:\Users\gke\Desktop\UAVX-GKE Google\menu.c:284:Warning [2054] suspicious pointer conversion
C:\Users\gke\Desktop\UAVX-GKE Google\menu.c:287:Message [3004] comparison of a signed integer to an unsigned integer detected
C:\Users\gke\Desktop\UAVX-GKE Google\menu.c:292:Message [3004] comparison of a signed integer to an unsigned integer detected
C:\Users\gke\Desktop\UAVX-GKE Google\menu.c:298:Message [3004] comparison of a signed integer to an unsigned integer detected
C:\Users\gke\Desktop\UAVX-GKE Google\menu.c:316:Message [3004] comparison of a signed integer to an unsigned integer detected
C:\Users\gke\Desktop\UAVX-GKE Google\menu.c:327:Warning [2054] suspicious pointer conversion
C:\Users\gke\Desktop\UAVX-GKE Google\menu.c:329:Warning [2054] suspicious pointer conversion
C:\Users\gke\Desktop\UAVX-GKE Google\menu.c:331:Warning [2054] suspicious pointer conversion
C:\Users\gke\Desktop\UAVX-GKE Google\menu.c:333:Warning [2054] suspicious pointer conversion
C:\Users\gke\Desktop\UAVX-GKE Google\menu.c:335:Warning [2054] suspicious pointer conversion
C:\Users\gke\Desktop\UAVX-GKE Google\menu.c:337:Warning [2054] suspicious pointer conversion
C:\Users\gke\Desktop\UAVX-GKE Google\menu.c:339:Warning [2054] suspicious pointer conversion
C:\Users\gke\Desktop\UAVX-GKE Google\menu.c:341:Warning [2054] suspicious pointer conversion
C:\Users\gke\Desktop\UAVX-GKE Google\menu.c:343:Warning [2054] suspicious pointer conversion
C:\Users\gke\Desktop\UAVX-GKE Google\menu.c:345:Warning [2054] suspicious pointer conversion
C:\Users\gke\Desktop\UAVX-GKE Google\control.c:157:Message [3004] comparison of a signed integer to an unsigned integer detected
C:\Users\gke\Desktop\UAVX-GKE Google\compass.c:69:Message [3004] comparison of a signed integer to an unsigned integer detected
